2025-11-01T01:28:35.4546692Z Current runner version: '2.329.0'
2025-11-01T01:28:35.4571870Z ##[group]Runner Image Provisioner
2025-11-01T01:28:35.4572617Z Hosted Compute Agent
2025-11-01T01:28:35.4573070Z Version: 20251016.436
2025-11-01T01:28:35.4573685Z Commit: 8ab8ac8bfd662a3739dab9fe09456aba92132568
2025-11-01T01:28:35.4574301Z Build Date: 2025-10-15T20:44:12Z
2025-11-01T01:28:35.4574820Z ##[endgroup]
2025-11-01T01:28:35.4575273Z ##[group]Operating System
2025-11-01T01:28:35.4575812Z Microsoft Windows Server 2025
2025-11-01T01:28:35.4576298Z 10.0.26100
2025-11-01T01:28:35.4576732Z Datacenter
2025-11-01T01:28:35.4577133Z ##[endgroup]
2025-11-01T01:28:35.4577520Z ##[group]Runner Image
2025-11-01T01:28:35.4578019Z Image: windows-2025
2025-11-01T01:28:35.4578429Z Version: 20251021.67.1
2025-11-01T01:28:35.4579379Z Included Software: https://github.com/actions/runner-images/blob/win25/20251021.67/images/windows/Windows2025-Readme.md
2025-11-01T01:28:35.4581086Z Image Release: https://github.com/actions/runner-images/releases/tag/win25%2F20251021.67
2025-11-01T01:28:35.4582051Z ##[endgroup]
2025-11-01T01:28:35.4582964Z ##[group]GITHUB_TOKEN Permissions
2025-11-01T01:28:35.4584628Z Contents: write
2025-11-01T01:28:35.4585165Z Metadata: read
2025-11-01T01:28:35.4585577Z ##[endgroup]
2025-11-01T01:28:35.4587527Z Secret source: Actions
2025-11-01T01:28:35.4588161Z Prepare workflow directory
2025-11-01T01:28:35.4971513Z Prepare all required actions
2025-11-01T01:28:35.5008858Z Getting action download info
2025-11-01T01:28:35.8894727Z Download action repository 'actions/checkout@v4' (SHA:08eba0b27e820071cde6df949e0beb9ba4906955)
2025-11-01T01:28:36.0315805Z Download action repository 'ilammy/msvc-dev-cmd@v1' (SHA:0b201ec74fa43914dc39ae48a89fd1d8cb592756)
2025-11-01T01:28:36.5431937Z Download action repository 'softprops/action-gh-release@v1' (SHA:de2c0eb89ae2a093876385947365aca7b0e5f844)
2025-11-01T01:28:37.1950548Z Complete job name: release
2025-11-01T01:28:37.5350802Z ##[group]Run actions/checkout@v4
2025-11-01T01:28:37.5352611Z with:
2025-11-01T01:28:37.5353667Z   fetch-depth: 0
2025-11-01T01:28:37.5354996Z   repository: fontlaborg/fontlift-win-cli
2025-11-01T01:28:37.5356922Z   token: ***
2025-11-01T01:28:37.5358010Z   ssh-strict: true
2025-11-01T01:28:37.5359128Z   ssh-user: git
2025-11-01T01:28:37.5360352Z   persist-credentials: true
2025-11-01T01:28:37.5361646Z   clean: true
2025-11-01T01:28:37.5362844Z   sparse-checkout-cone-mode: true
2025-11-01T01:28:37.5364383Z   fetch-tags: false
2025-11-01T01:28:37.5365750Z   show-progress: true
2025-11-01T01:28:37.5366522Z   lfs: false
2025-11-01T01:28:37.5367222Z   submodules: false
2025-11-01T01:28:37.5368015Z   set-safe-directory: true
2025-11-01T01:28:37.5369189Z ##[endgroup]
2025-11-01T01:28:37.7559722Z Syncing repository: fontlaborg/fontlift-win-cli
2025-11-01T01:28:37.7562120Z ##[group]Getting Git version info
2025-11-01T01:28:37.7563371Z Working directory is 'D:\a\fontlift-win-cli\fontlift-win-cli'
2025-11-01T01:28:37.8581985Z [command]"C:\Program Files\Git\bin\git.exe" version
2025-11-01T01:28:38.3869859Z git version 2.51.1.windows.1
2025-11-01T01:28:38.3922902Z ##[endgroup]
2025-11-01T01:28:38.3943216Z Temporarily overriding HOME='D:\a\_temp\3d634c27-5028-4984-ad8a-691f2c12be93' before making global git config changes
2025-11-01T01:28:38.3944346Z Adding repository directory to the temporary git global config as a safe directory
2025-11-01T01:28:38.3955050Z [command]"C:\Program Files\Git\bin\git.exe" config --global --add safe.directory D:\a\fontlift-win-cli\fontlift-win-cli
2025-11-01T01:28:38.4249823Z Deleting the contents of 'D:\a\fontlift-win-cli\fontlift-win-cli'
2025-11-01T01:28:38.4256140Z ##[group]Initializing the repository
2025-11-01T01:28:38.4265753Z [command]"C:\Program Files\Git\bin\git.exe" init D:\a\fontlift-win-cli\fontlift-win-cli
2025-11-01T01:28:38.5698429Z Initialized empty Git repository in D:/a/fontlift-win-cli/fontlift-win-cli/.git/
2025-11-01T01:28:38.5742916Z [command]"C:\Program Files\Git\bin\git.exe" remote add origin https://github.com/fontlaborg/fontlift-win-cli
2025-11-01T01:28:38.6045588Z ##[endgroup]
2025-11-01T01:28:38.6046048Z ##[group]Disabling automatic garbage collection
2025-11-01T01:28:38.6055209Z [command]"C:\Program Files\Git\bin\git.exe" config --local gc.auto 0
2025-11-01T01:28:38.6334623Z ##[endgroup]
2025-11-01T01:28:38.6335038Z ##[group]Setting up auth
2025-11-01T01:28:38.6348077Z [command]"C:\Program Files\Git\bin\git.exe" config --local --name-only --get-regexp core\.sshCommand
2025-11-01T01:28:38.6632800Z [command]"C:\Program Files\Git\bin\git.exe" submodule foreach --recursive "sh -c \"git config --local --name-only --get-regexp 'core\.sshCommand' && git config --local --unset-all 'core.sshCommand' || :\""
2025-11-01T01:28:40.6685075Z [command]"C:\Program Files\Git\bin\git.exe" config --local --name-only --get-regexp http\.https\:\/\/github\.com\/\.extraheader
2025-11-01T01:28:40.6970332Z [command]"C:\Program Files\Git\bin\git.exe" submodule foreach --recursive "sh -c \"git config --local --name-only --get-regexp 'http\.https\:\/\/github\.com\/\.extraheader' && git config --local --unset-all 'http.https://github.com/.extraheader' || :\""
2025-11-01T01:28:41.2250516Z [command]"C:\Program Files\Git\bin\git.exe" config --local http.https://github.com/.extraheader "AUTHORIZATION: basic ***"
2025-11-01T01:28:41.2573458Z ##[endgroup]
2025-11-01T01:28:41.2574652Z ##[group]Fetching the repository
2025-11-01T01:28:41.2593451Z [command]"C:\Program Files\Git\bin\git.exe" -c protocol.version=2 fetch --prune --no-recurse-submodules origin +refs/heads/*:refs/remotes/origin/* +refs/tags/*:refs/tags/*
2025-11-01T01:28:42.9088115Z From https://github.com/fontlaborg/fontlift-win-cli
2025-11-01T01:28:42.9088553Z  * [new branch]      main       -> origin/main
2025-11-01T01:28:42.9088813Z  * [new tag]         v0.1.0     -> v0.1.0
2025-11-01T01:28:42.9089069Z  * [new tag]         v1.0.0     -> v1.0.0
2025-11-01T01:28:42.9091815Z  * [new tag]         v1.1.0     -> v1.1.0
2025-11-01T01:28:42.9092188Z  * [new tag]         v1.1.1     -> v1.1.1
2025-11-01T01:28:42.9092473Z  * [new tag]         v1.1.10    -> v1.1.10
2025-11-01T01:28:42.9092708Z  * [new tag]         v1.1.11    -> v1.1.11
2025-11-01T01:28:42.9092948Z  * [new tag]         v1.1.12    -> v1.1.12
2025-11-01T01:28:42.9093199Z  * [new tag]         v1.1.13    -> v1.1.13
2025-11-01T01:28:42.9093437Z  * [new tag]         v1.1.14    -> v1.1.14
2025-11-01T01:28:42.9093675Z  * [new tag]         v1.1.15    -> v1.1.15
2025-11-01T01:28:42.9093911Z  * [new tag]         v1.1.16    -> v1.1.16
2025-11-01T01:28:42.9094132Z  * [new tag]         v1.1.17    -> v1.1.17
2025-11-01T01:28:42.9094386Z  * [new tag]         v1.1.18    -> v1.1.18
2025-11-01T01:28:42.9094650Z  * [new tag]         v1.1.19    -> v1.1.19
2025-11-01T01:28:42.9094882Z  * [new tag]         v1.1.2     -> v1.1.2
2025-11-01T01:28:42.9095109Z  * [new tag]         v1.1.3     -> v1.1.3
2025-11-01T01:28:42.9095353Z  * [new tag]         v1.1.4     -> v1.1.4
2025-11-01T01:28:42.9095585Z  * [new tag]         v1.1.5     -> v1.1.5
2025-11-01T01:28:42.9095816Z  * [new tag]         v1.1.6     -> v1.1.6
2025-11-01T01:28:42.9096041Z  * [new tag]         v1.1.7     -> v1.1.7
2025-11-01T01:28:42.9096255Z  * [new tag]         v1.1.8     -> v1.1.8
2025-11-01T01:28:42.9096523Z  * [new tag]         v1.1.9     -> v1.1.9
2025-11-01T01:28:42.9295143Z [command]"C:\Program Files\Git\bin\git.exe" tag --list v1.1.19
2025-11-01T01:28:42.9560353Z v1.1.19
2025-11-01T01:28:42.9600563Z [command]"C:\Program Files\Git\bin\git.exe" rev-parse refs/tags/v1.1.19
2025-11-01T01:28:42.9842055Z 9b1794c04c83b9a1d7b6d2ec04669e6d4d9f2beb
2025-11-01T01:28:42.9872379Z ##[endgroup]
2025-11-01T01:28:42.9872957Z ##[group]Determining the checkout info
2025-11-01T01:28:42.9873730Z ##[endgroup]
2025-11-01T01:28:42.9883121Z [command]"C:\Program Files\Git\bin\git.exe" sparse-checkout disable
2025-11-01T01:28:43.0192749Z [command]"C:\Program Files\Git\bin\git.exe" config --local --unset-all extensions.worktreeConfig
2025-11-01T01:28:43.0478247Z ##[group]Checking out the ref
2025-11-01T01:28:43.0478651Z [command]"C:\Program Files\Git\bin\git.exe" checkout --progress --force refs/tags/v1.1.19
2025-11-01T01:28:43.0997686Z Note: switching to 'refs/tags/v1.1.19'.
2025-11-01T01:28:43.0998008Z 
2025-11-01T01:28:43.0998271Z You are in 'detached HEAD' state. You can look around, make experimental
2025-11-01T01:28:43.0998968Z changes and commit them, and you can discard any commits you make in this
2025-11-01T01:28:43.0999780Z state without impacting any branches by switching back to a branch.
2025-11-01T01:28:43.1000046Z 
2025-11-01T01:28:43.1000211Z If you want to create a new branch to retain commits you create, you may
2025-11-01T01:28:43.1000587Z do so (now or later) by using -c with the switch command. Example:
2025-11-01T01:28:43.1000805Z 
2025-11-01T01:28:43.1000914Z   git switch -c <new-branch-name>
2025-11-01T01:28:43.1001073Z 
2025-11-01T01:28:43.1001218Z Or undo this operation with:
2025-11-01T01:28:43.1001361Z 
2025-11-01T01:28:43.1001439Z   git switch -
2025-11-01T01:28:43.1001543Z 
2025-11-01T01:28:43.1001731Z Turn off this advice by setting config variable advice.detachedHead to false
2025-11-01T01:28:43.1001998Z 
2025-11-01T01:28:43.1002079Z HEAD is now at 9b1794c v1.1.19
2025-11-01T01:28:43.1033466Z ##[endgroup]
2025-11-01T01:28:43.1347147Z [command]"C:\Program Files\Git\bin\git.exe" log -1 --format=%H
2025-11-01T01:28:43.1669116Z 9b1794c04c83b9a1d7b6d2ec04669e6d4d9f2beb
2025-11-01T01:28:43.2041164Z ##[group]Run ilammy/msvc-dev-cmd@v1
2025-11-01T01:28:43.2041459Z with:
2025-11-01T01:28:43.2041609Z   arch: x64
2025-11-01T01:28:43.2041785Z ##[endgroup]
2025-11-01T01:28:44.4158509Z Found with vswhere: C:\Program Files\Microsoft Visual Studio\2022\Enterprise\VC\Auxiliary\Build\vcvarsall.bat
2025-11-01T01:28:58.9004792Z ##[group]Environment variables
2025-11-01T01:28:58.9005459Z Setting CommandPromptType
2025-11-01T01:28:58.9018012Z Setting DevEnvDir
2025-11-01T01:28:58.9022150Z Setting ExtensionSdkDir
2025-11-01T01:28:58.9025686Z Setting EXTERNAL_INCLUDE
2025-11-01T01:28:58.9031636Z Setting Framework40Version
2025-11-01T01:28:58.9035185Z Setting FrameworkDir
2025-11-01T01:28:58.9037967Z Setting FrameworkDir64
2025-11-01T01:28:58.9041622Z Setting FrameworkVersion
2025-11-01T01:28:58.9044941Z Setting FrameworkVersion64
2025-11-01T01:28:58.9048558Z Setting FSHARPINSTALLDIR
2025-11-01T01:28:58.9052047Z Setting HTMLHelpDir
2025-11-01T01:28:58.9054978Z Setting IFCPATH
2025-11-01T01:28:58.9058728Z Setting INCLUDE
2025-11-01T01:28:58.9064113Z Setting is_x64_arch
2025-11-01T01:28:58.9066866Z Setting LIB
2025-11-01T01:28:58.9069780Z Setting LIBPATH
2025-11-01T01:28:58.9072617Z Setting NETFXSDKDir
2025-11-01T01:28:58.9076280Z Setting Path
2025-11-01T01:28:58.9085866Z Setting Platform
2025-11-01T01:28:58.9088533Z Setting UCRTVersion
2025-11-01T01:28:58.9091096Z Setting UniversalCRTSdkDir
2025-11-01T01:28:58.9093506Z Setting VCIDEInstallDir
2025-11-01T01:28:58.9096665Z Setting VCINSTALLDIR
2025-11-01T01:28:58.9098914Z Setting VCPKG_ROOT
2025-11-01T01:28:58.9101041Z Setting VCToolsInstallDir
2025-11-01T01:28:58.9103250Z Setting VCToolsRedistDir
2025-11-01T01:28:58.9105329Z Setting VCToolsVersion
2025-11-01T01:28:58.9107639Z Setting VisualStudioVersion
2025-11-01T01:28:58.9109603Z Setting VS170COMNTOOLS
2025-11-01T01:28:58.9112184Z Setting VSCMD_ARG_app_plat
2025-11-01T01:28:58.9114261Z Setting VSCMD_ARG_HOST_ARCH
2025-11-01T01:28:58.9116323Z Setting VSCMD_ARG_TGT_ARCH
2025-11-01T01:28:58.9118368Z Setting VSCMD_VER
2025-11-01T01:28:58.9120720Z Setting VSINSTALLDIR
2025-11-01T01:28:58.9122817Z Setting VSSDK150INSTALL
2025-11-01T01:28:58.9124921Z Setting VSSDKINSTALL
2025-11-01T01:28:58.9127024Z Setting WindowsLibPath
2025-11-01T01:28:58.9129344Z Setting WindowsSdkBinPath
2025-11-01T01:28:58.9131849Z Setting WindowsSdkDir
2025-11-01T01:28:58.9134003Z Setting WindowsSDKLibVersion
2025-11-01T01:28:58.9136177Z Setting WindowsSdkVerBinPath
2025-11-01T01:28:58.9138273Z Setting WindowsSDKVersion
2025-11-01T01:28:58.9140465Z Setting WindowsSDK_ExecutablePath_x64
2025-11-01T01:28:58.9142500Z Setting WindowsSDK_ExecutablePath_x86
2025-11-01T01:28:58.9144561Z Setting __DOTNET_ADD_64BIT
2025-11-01T01:28:58.9146739Z Setting __DOTNET_PREFERRED_BITNESS
2025-11-01T01:28:58.9148844Z Setting __VSCMD_PREINIT_PATH
2025-11-01T01:28:58.9152305Z ##[endgroup]
2025-11-01T01:28:58.9152945Z Configured Developer Command Prompt
2025-11-01T01:28:58.9366492Z ##[group]Run $ref = $env:GITHUB_REF
2025-11-01T01:28:58.9366857Z [36;1m$ref = $env:GITHUB_REF[0m
2025-11-01T01:28:58.9367105Z [36;1mWrite-Host "GITHUB_REF = $ref"[0m
2025-11-01T01:28:58.9367709Z [36;1m[0m
2025-11-01T01:28:58.9367951Z [36;1m# Multi-level fallback strategy for version resolution[0m
2025-11-01T01:28:58.9368293Z [36;1m$base = $null[0m
2025-11-01T01:28:58.9368481Z [36;1m$semver = $null[0m
2025-11-01T01:28:58.9368661Z [36;1m$tag = $null[0m
2025-11-01T01:28:58.9368832Z [36;1m[0m
2025-11-01T01:28:58.9369112Z [36;1m# Level 1: Try to extract version from tag and validate with get-version.ps1[0m
2025-11-01T01:28:58.9369465Z [36;1mtry {[0m
2025-11-01T01:28:58.9369661Z [36;1m  # Extract tag name from refs/tags/vX.Y.Z[0m
2025-11-01T01:28:58.9369930Z [36;1m  if ($ref -match '^refs/tags/v?(.+)$') {[0m
2025-11-01T01:28:58.9370184Z [36;1m    $version = $matches[1][0m
2025-11-01T01:28:58.9370492Z [36;1m    Write-Host "Extracted version from tag: $version"[0m
2025-11-01T01:28:58.9370758Z [36;1m[0m
2025-11-01T01:28:58.9370957Z [36;1m    # Validate and format with get-version.ps1[0m
2025-11-01T01:28:58.9371377Z [36;1m    $json = & scripts/get-version.ps1 -TargetVersion "$version" -Format Json -ErrorAction Stop[0m
2025-11-01T01:28:58.9371783Z [36;1m    $info = $json | ConvertFrom-Json[0m
2025-11-01T01:28:58.9372024Z [36;1m    $base = $info.base[0m
2025-11-01T01:28:58.9372226Z [36;1m    $semver = $info.semver[0m
2025-11-01T01:28:58.9372443Z [36;1m    $tag = $info.tag[0m
2025-11-01T01:28:58.9372662Z [36;1m    Write-Host "Validated version: $semver"[0m
2025-11-01T01:28:58.9372906Z [36;1m  } else {[0m
2025-11-01T01:28:58.9373130Z [36;1m    throw "Unable to match version pattern in ref: $ref"[0m
2025-11-01T01:28:58.9373397Z [36;1m  }[0m
2025-11-01T01:28:58.9373546Z [36;1m} catch {[0m
2025-11-01T01:28:58.9373728Z [36;1m  Write-Warning "Level 1 failed: $_"[0m
2025-11-01T01:28:58.9373952Z [36;1m[0m
2025-11-01T01:28:58.9374130Z [36;1m  # Level 2: Try to use raw tag name directly[0m
2025-11-01T01:28:58.9374364Z [36;1m  try {[0m
2025-11-01T01:28:58.9374543Z [36;1m    if ($ref -match '^refs/tags/v?(.+)$') {[0m
2025-11-01T01:28:58.9374787Z [36;1m      $version = $matches[1][0m
2025-11-01T01:28:58.9375024Z [36;1m      # Basic version validation: X.Y.Z format[0m
2025-11-01T01:28:58.9375286Z [36;1m      if ($version -match '^\d+\.\d+\.\d+') {[0m
2025-11-01T01:28:58.9375545Z [36;1m        $base = $version -replace '[-+].*$', ''[0m
2025-11-01T01:28:58.9375782Z [36;1m        $semver = $version[0m
2025-11-01T01:28:58.9375995Z [36;1m        $tag = "v$version"[0m
2025-11-01T01:28:58.9376264Z [36;1m        Write-Warning "Level 2: Using raw tag version: $semver"[0m
2025-11-01T01:28:58.9376546Z [36;1m      } else {[0m
2025-11-01T01:28:58.9376746Z [36;1m        throw "Invalid version format: $version"[0m
2025-11-01T01:28:58.9376982Z [36;1m      }[0m
2025-11-01T01:28:58.9377139Z [36;1m    } else {[0m
2025-11-01T01:28:58.9377330Z [36;1m      throw "Cannot extract version from ref"[0m
2025-11-01T01:28:58.9377561Z [36;1m    }[0m
2025-11-01T01:28:58.9377708Z [36;1m  } catch {[0m
2025-11-01T01:28:58.9377897Z [36;1m    Write-Warning "Level 2 failed: $_"[0m
2025-11-01T01:28:58.9378137Z [36;1m[0m
2025-11-01T01:28:58.9378335Z [36;1m    # Level 3: Last resort - use timestamp-based version[0m
2025-11-01T01:28:58.9378654Z [36;1m    $timestamp = Get-Date -Format "yyyyMMdd.HHmmss"[0m
2025-11-01T01:28:58.9378912Z [36;1m    $base = "0.0.0"[0m
2025-11-01T01:28:58.9379119Z [36;1m    $semver = "0.0.0-unknown.$timestamp"[0m
2025-11-01T01:28:58.9379543Z [36;1m    $tag = "v$semver"[0m
2025-11-01T01:28:58.9379811Z [36;1m    Write-Warning "Level 3: Using fallback version: $semver"[0m
2025-11-01T01:28:58.9380089Z [36;1m  }[0m
2025-11-01T01:28:58.9380228Z [36;1m}[0m
2025-11-01T01:28:58.9380369Z [36;1m[0m
2025-11-01T01:28:58.9380514Z [36;1m# Export to GITHUB_ENV[0m
2025-11-01T01:28:58.9382273Z [36;1m"VERSION_BASE=$base" | Out-File -FilePath $env:GITHUB_ENV -Append -Encoding utf8[0m
2025-11-01T01:28:58.9382848Z [36;1m"VERSION_SEMVER=$semver" | Out-File -FilePath $env:GITHUB_ENV -Append -Encoding utf8[0m
2025-11-01T01:28:58.9383338Z [36;1m"VERSION_TAG=$tag" | Out-File -FilePath $env:GITHUB_ENV -Append -Encoding utf8[0m
2025-11-01T01:28:58.9383748Z [36;1mWrite-Host "Final resolved version: $semver (tag: $tag)"[0m
2025-11-01T01:28:58.9447542Z shell: C:\Program Files\PowerShell\7\pwsh.EXE -command ". '{0}'"
2025-11-01T01:28:58.9447868Z env:
2025-11-01T01:28:58.9448046Z   CommandPromptType: Native
2025-11-01T01:28:58.9448388Z   DevEnvDir: C:\Program Files\Microsoft Visual Studio\2022\Enterprise\Common7\IDE\
2025-11-01T01:28:58.9448857Z   ExtensionSdkDir: C:\Program Files (x86)\Microsoft SDKs\Windows Kits\10\ExtensionSDKs
2025-11-01T01:28:58.9450878Z   EXTERNAL_INCLUDE: C:\Program Files\Microsoft Visual Studio\2022\Enterprise\VC\Tools\MSVC\14.44.35207\include;C:\Program Files\Microsoft Visual Studio\2022\Enterprise\VC\Tools\MSVC\14.44.35207\ATLMFC\include;C:\Program Files\Microsoft Visual Studio\2022\Enterprise\VC\Auxiliary\VS\include;C:\Program Files (x86)\Windows Kits\10\include\10.0.26100.0\ucrt;C:\Program Files (x86)\Windows Kits\10\\include\10.0.26100.0\\um;C:\Program Files (x86)\Windows Kits\10\\include\10.0.26100.0\\shared;C:\Program Files (x86)\Windows Kits\10\\include\10.0.26100.0\\winrt;C:\Program Files (x86)\Windows Kits\10\\include\10.0.26100.0\\cppwinrt;C:\Program Files (x86)\Windows Kits\NETFXSDK\4.8\include\um
2025-11-01T01:28:58.9452845Z   Framework40Version: v4.0
2025-11-01T01:28:58.9453127Z   FrameworkDir: C:\Windows\Microsoft.NET\Framework64\
2025-11-01T01:28:58.9453439Z   FrameworkDir64: C:\Windows\Microsoft.NET\Framework64\
2025-11-01T01:28:58.9453705Z   FrameworkVersion: v4.0.30319
2025-11-01T01:28:58.9453916Z   FrameworkVersion64: v4.0.30319
2025-11-01T01:28:58.9454393Z   FSHARPINSTALLDIR: C:\Program Files\Microsoft Visual Studio\2022\Enterprise\Common7\IDE\CommonExtensions\Microsoft\FSharp\Tools
2025-11-01T01:28:58.9454933Z   HTMLHelpDir: C:\Program Files (x86)\HTML Help Workshop
2025-11-01T01:28:58.9455361Z   IFCPATH: C:\Program Files\Microsoft Visual Studio\2022\Enterprise\VC\Tools\MSVC\14.44.35207\ifc\x64
2025-11-01T01:28:58.9457361Z   INCLUDE: C:\Program Files\Microsoft Visual Studio\2022\Enterprise\VC\Tools\MSVC\14.44.35207\include;C:\Program Files\Microsoft Visual Studio\2022\Enterprise\VC\Tools\MSVC\14.44.35207\ATLMFC\include;C:\Program Files\Microsoft Visual Studio\2022\Enterprise\VC\Auxiliary\VS\include;C:\Program Files (x86)\Windows Kits\10\include\10.0.26100.0\ucrt;C:\Program Files (x86)\Windows Kits\10\\include\10.0.26100.0\\um;C:\Program Files (x86)\Windows Kits\10\\include\10.0.26100.0\\shared;C:\Program Files (x86)\Windows Kits\10\\include\10.0.26100.0\\winrt;C:\Program Files (x86)\Windows Kits\10\\include\10.0.26100.0\\cppwinrt;C:\Program Files (x86)\Windows Kits\NETFXSDK\4.8\include\um
2025-11-01T01:28:58.9459195Z   is_x64_arch: true
2025-11-01T01:28:58.9460219Z   LIB: C:\Program Files\Microsoft Visual Studio\2022\Enterprise\VC\Tools\MSVC\14.44.35207\ATLMFC\lib\x64;C:\Program Files\Microsoft Visual Studio\2022\Enterprise\VC\Tools\MSVC\14.44.35207\lib\x64;C:\Program Files (x86)\Windows Kits\NETFXSDK\4.8\lib\um\x64;C:\Program Files (x86)\Windows Kits\10\lib\10.0.26100.0\ucrt\x64;C:\Program Files (x86)\Windows Kits\10\\lib\10.0.26100.0\\um\x64
2025-11-01T01:28:58.9462450Z   LIBPATH: C:\Program Files\Microsoft Visual Studio\2022\Enterprise\VC\Tools\MSVC\14.44.35207\ATLMFC\lib\x64;C:\Program Files\Microsoft Visual Studio\2022\Enterprise\VC\Tools\MSVC\14.44.35207\lib\x64;C:\Program Files\Microsoft Visual Studio\2022\Enterprise\VC\Tools\MSVC\14.44.35207\lib\x86\store\references;C:\Program Files (x86)\Windows Kits\10\UnionMetadata\10.0.26100.0;C:\Program Files (x86)\Windows Kits\10\References\10.0.26100.0;C:\Windows\Microsoft.NET\Framework64\v4.0.30319
2025-11-01T01:28:58.9465106Z   NETFXSDKDir: C:\Program Files (x86)\Windows Kits\NETFXSDK\4.8\
2025-11-01T01:28:58.9478220Z   Path: C:\Program Files\Microsoft Visual Studio\2022\Enterprise\VC\Tools\MSVC\14.44.35207\bin\HostX64\x64;C:\Program Files\Microsoft Visual Studio\2022\Enterprise\Common7\IDE\VC\VCPackages;C:\Program Files\Microsoft Visual Studio\2022\Enterprise\Common7\IDE\CommonExtensions\Microsoft\TestWindow;C:\Program Files\Microsoft Visual Studio\2022\Enterprise\Common7\IDE\CommonExtensions\Microsoft\TeamFoundation\Team Explorer;C:\Program Files\Microsoft Visual Studio\2022\Enterprise\MSBuild\Current\bin\Roslyn;C:\Program Files (x86)\Microsoft SDKs\Windows\v10.0A\bin\NETFX 4.8 Tools\x64\;C:\Program Files (x86)\HTML Help Workshop;C:\Program Files\Microsoft Visual Studio\2022\Enterprise\Common7\IDE\CommonExtensions\Microsoft\FSharp\Tools;C:\Program Files\Microsoft Visual Studio\2022\Enterprise\Team Tools\DiagnosticsHub\Collector;C:\Program Files\Microsoft Visual Studio\2022\Enterprise\Common7\IDE\Extensions\Microsoft\CodeCoverage.Console;C:\Program Files\Microsoft Visual Studio\2022\Enterprise\VC\Tools\Llvm\x64\bin;C:\Program Files (x86)\Windows Kits\10\bin\10.0.26100.0\\x64;C:\Program Files (x86)\Windows Kits\10\bin\\x64;C:\Program Files\Microsoft Visual Studio\2022\Enterprise\\MSBuild\Current\Bin\amd64;C:\Windows\Microsoft.NET\Framework64\v4.0.30319;C:\Program Files\Microsoft Visual Studio\2022\Enterprise\Common7\IDE\;C:\Program Files\Microsoft Visual Studio\2022\Enterprise\Common7\Tools\;C:\Program Files\MongoDB\Server\7.0\bin;C:\vcpkg;C:\tools\zstd;C:\hostedtoolcache\windows\stack\3.7.1\x64;C:\cabal\bin;C:\\ghcup\bin;C:\mingw64\bin;C:\Program Files\dotnet;C:\Program Files\MySQL\MySQL Server 8.0\bin;C:\Program Files\R\R-4.5.1\bin\x64;C:\SeleniumWebDrivers\GeckoDriver;C:\SeleniumWebDrivers\EdgeDriver\;C:\SeleniumWebDrivers\ChromeDriver;C:\Program Files (x86)\sbt\bin;C:\Program Files (x86)\GitHub CLI;C:\Program Files\Git\bin;C:\Program Files (x86)\pipx_bin;C:\npm\prefix;C:\hostedtoolcache\windows\go\1.24.9\x64\bin;C:\hostedtoolcache\windows\Python\3.9.13\x64\Scripts;C:\hostedtoolcache\windows\Python\3.9.13\x64;C:\hostedtoolcache\windows\Ruby\3.3.9\x64\bin;C:\Program Files\OpenSSL\bin;C:\tools\kotlinc\bin;C:\hostedtoolcache\windows\Java_Temurin-Hotspot_jdk\17.0.16-8\x64\bin;C:\Program Files\ImageMagick-7.1.2-Q16-HDRI;C:\Program Files\Microsoft SDKs\Azure\CLI2\wbin;C:\ProgramData\kind;C:\ProgramData\Chocolatey\bin;C:\Windows\system32;C:\Windows;C:\Windows\System32\Wbem;C:\Windows\System32\WindowsPowerShell\v1.0\;C:\Windows\System32\OpenSSH\;C:\Program Files\PowerShell\7\;C:\Program Files\Microsoft\Web Platform Installer\;C:\Program Files\Microsoft SQL Server\Client SDK\ODBC\170\Tools\Binn\;C:\Program Files\Microsoft SQL Server\150\Tools\Binn\;C:\Program Files\dotnet\;C:\Program Files (x86)\Windows Kits\10\Windows Performance Toolkit\;C:\Program Files (x86)\WiX Toolset v3.14\bin;C:\Program Files\Microsoft SQL Server\130\DTS\Binn\;C:\Program Files\Microsoft SQL Server\140\DTS\Binn\;C:\Program Files\Microsoft SQL Server\150\DTS\Binn\;C:\Program Files\Microsoft SQL Server\160\DTS\Binn\;C:\Program Files\Microsoft SQL Server\170\DTS\Binn\;C:\ProgramData\chocolatey\lib\pulumi\tools\Pulumi\bin;C:\Program Files\CMake\bin;C:\Strawberry\c\bin;C:\Strawberry\perl\site\bin;C:\Strawberry\perl\bin;C:\ProgramData\chocolatey\lib\maven\apache-maven-3.9.11\bin;C:\Program Files\Microsoft Service Fabric\bin\Fabric\Fabric.Code;C:\Program Files\Microsoft SDKs\Service Fabric\Tools\ServiceFabricLocalClusterManager;C:\Program Files\nodejs\;C:\Program Files\Git\cmd;C:\Program Files\Git\mingw64\bin;C:\Program Files\Git\usr\bin;C:\Program Files\GitHub CLI\;c:\tools\php;C:\Program Files\Amazon\AWSCLIV2\;C:\Program Files\Amazon\SessionManagerPlugin\bin\;C:\Program Files\Amazon\AWSSAMCLI\bin\;C:\Program Files\Microsoft SQL Server\130\Tools\Binn\;C:\Program Files\mongosh\;C:\Program Files\LLVM\bin;C:\Program Files (x86)\LLVM\bin;C:\Users\runneradmin\.dotnet\tools;C:\Users\runneradmin\.cargo\bin;C:\Users\runneradmin\AppData\Local\Microsoft\WindowsApps;C:\Program Files (x86)\Microsoft Visual Studio\Installer;C:\Program Files\Microsoft Visual Studio\2022\Enterprise\Common7\IDE\CommonExtensions\Microsoft\CMake\CMake\bin;C:\Program Files\Microsoft Visual Studio\2022\Enterprise\Common7\IDE\CommonExtensions\Microsoft\CMake\Ninja;C:\Program Files\Microsoft Visual Studio\2022\Enterprise\Common7\IDE\VC\Linux\bin\ConnectionManagerExe;C:\Program Files\Microsoft Visual Studio\2022\Enterprise\VC\vcpkg
2025-11-01T01:28:58.9491223Z   Platform: x64
2025-11-01T01:28:58.9491392Z   UCRTVersion: 10.0.26100.0
2025-11-01T01:28:58.9491660Z   UniversalCRTSdkDir: C:\Program Files (x86)\Windows Kits\10\
2025-11-01T01:28:58.9492092Z   VCIDEInstallDir: C:\Program Files\Microsoft Visual Studio\2022\Enterprise\Common7\IDE\VC\
2025-11-01T01:28:58.9492566Z   VCINSTALLDIR: C:\Program Files\Microsoft Visual Studio\2022\Enterprise\VC\
2025-11-01T01:28:58.9492993Z   VCPKG_ROOT: C:\Program Files\Microsoft Visual Studio\2022\Enterprise\VC\vcpkg
2025-11-01T01:28:58.9493497Z   VCToolsInstallDir: C:\Program Files\Microsoft Visual Studio\2022\Enterprise\VC\Tools\MSVC\14.44.35207\
2025-11-01T01:28:58.9494088Z   VCToolsRedistDir: C:\Program Files\Microsoft Visual Studio\2022\Enterprise\VC\Redist\MSVC\14.44.35112\
2025-11-01T01:28:58.9494494Z   VCToolsVersion: 14.44.35207
2025-11-01T01:28:58.9494704Z   VisualStudioVersion: 17.0
2025-11-01T01:28:58.9495037Z   VS170COMNTOOLS: C:\Program Files\Microsoft Visual Studio\2022\Enterprise\Common7\Tools\
2025-11-01T01:28:58.9495395Z   VSCMD_ARG_app_plat: Desktop
2025-11-01T01:28:58.9495596Z   VSCMD_ARG_HOST_ARCH: x64
2025-11-01T01:28:58.9495774Z   VSCMD_ARG_TGT_ARCH: x64
2025-11-01T01:28:58.9495948Z   VSCMD_VER: 17.14.18
2025-11-01T01:28:58.9496215Z   VSINSTALLDIR: C:\Program Files\Microsoft Visual Studio\2022\Enterprise\
2025-11-01T01:28:58.9496643Z   VSSDK150INSTALL: C:\Program Files\Microsoft Visual Studio\2022\Enterprise\VSSDK
2025-11-01T01:28:58.9497076Z   VSSDKINSTALL: C:\Program Files\Microsoft Visual Studio\2022\Enterprise\VSSDK
2025-11-01T01:28:58.9497671Z   WindowsLibPath: C:\Program Files (x86)\Windows Kits\10\UnionMetadata\10.0.26100.0;C:\Program Files (x86)\Windows Kits\10\References\10.0.26100.0
2025-11-01T01:28:58.9498237Z   WindowsSdkBinPath: C:\Program Files (x86)\Windows Kits\10\bin\
2025-11-01T01:28:58.9498572Z   WindowsSdkDir: C:\Program Files (x86)\Windows Kits\10\
2025-11-01T01:28:58.9498843Z   WindowsSDKLibVersion: 10.0.26100.0\
2025-11-01T01:28:58.9499170Z   WindowsSdkVerBinPath: C:\Program Files (x86)\Windows Kits\10\bin\10.0.26100.0\
2025-11-01T01:28:58.9499504Z   WindowsSDKVersion: 10.0.26100.0\
2025-11-01T01:28:58.9499899Z   WindowsSDK_ExecutablePath_x64: C:\Program Files (x86)\Microsoft SDKs\Windows\v10.0A\bin\NETFX 4.8 Tools\x64\
2025-11-01T01:28:58.9500486Z   WindowsSDK_ExecutablePath_x86: C:\Program Files (x86)\Microsoft SDKs\Windows\v10.0A\bin\NETFX 4.8 Tools\
2025-11-01T01:28:58.9500879Z   __DOTNET_ADD_64BIT: 1
2025-11-01T01:28:58.9501064Z   __DOTNET_PREFERRED_BITNESS: 64
2025-11-01T01:28:58.9508858Z   __VSCMD_PREINIT_PATH: C:\Program Files\MongoDB\Server\7.0\bin;C:\vcpkg;C:\tools\zstd;C:\hostedtoolcache\windows\stack\3.7.1\x64;C:\cabal\bin;C:\\ghcup\bin;C:\mingw64\bin;C:\Program Files\dotnet;C:\Program Files\MySQL\MySQL Server 8.0\bin;C:\Program Files\R\R-4.5.1\bin\x64;C:\SeleniumWebDrivers\GeckoDriver;C:\SeleniumWebDrivers\EdgeDriver\;C:\SeleniumWebDrivers\ChromeDriver;C:\Program Files (x86)\sbt\bin;C:\Program Files (x86)\GitHub CLI;C:\Program Files\Git\bin;C:\Program Files (x86)\pipx_bin;C:\npm\prefix;C:\hostedtoolcache\windows\go\1.24.9\x64\bin;C:\hostedtoolcache\windows\Python\3.9.13\x64\Scripts;C:\hostedtoolcache\windows\Python\3.9.13\x64;C:\hostedtoolcache\windows\Ruby\3.3.9\x64\bin;C:\Program Files\OpenSSL\bin;C:\tools\kotlinc\bin;C:\hostedtoolcache\windows\Java_Temurin-Hotspot_jdk\17.0.16-8\x64\bin;C:\Program Files\ImageMagick-7.1.2-Q16-HDRI;C:\Program Files\Microsoft SDKs\Azure\CLI2\wbin;C:\ProgramData\kind;C:\ProgramData\Chocolatey\bin;C:\Windows\system32;C:\Windows;C:\Windows\System32\Wbem;C:\Windows\System32\WindowsPowerShell\v1.0\;C:\Windows\System32\OpenSSH\;C:\Program Files\PowerShell\7\;C:\Program Files\Microsoft\Web Platform Installer\;C:\Program Files\Microsoft SQL Server\Client SDK\ODBC\170\Tools\Binn\;C:\Program Files\Microsoft SQL Server\150\Tools\Binn\;C:\Program Files\dotnet\;C:\Program Files (x86)\Windows Kits\10\Windows Performance Toolkit\;C:\Program Files (x86)\WiX Toolset v3.14\bin;C:\Program Files\Microsoft SQL Server\130\DTS\Binn\;C:\Program Files\Microsoft SQL Server\140\DTS\Binn\;C:\Program Files\Microsoft SQL Server\150\DTS\Binn\;C:\Program Files\Microsoft SQL Server\160\DTS\Binn\;C:\Program Files\Microsoft SQL Server\170\DTS\Binn\;C:\ProgramData\chocolatey\lib\pulumi\tools\Pulumi\bin;C:\Program Files\CMake\bin;C:\Strawberry\c\bin;C:\Strawberry\perl\site\bin;C:\Strawberry\perl\bin;C:\ProgramData\chocolatey\lib\maven\apache-maven-3.9.11\bin;C:\Program Files\Microsoft Service Fabric\bin\Fabric\Fabric.Code;C:\Program Files\Microsoft SDKs\Service Fabric\Tools\ServiceFabricLocalClusterManager;C:\Program Files\nodejs\;C:\Program Files\Git\cmd;C:\Program Files\Git\mingw64\bin;C:\Program Files\Git\usr\bin;C:\Program Files\GitHub CLI\;c:\tools\php;C:\Program Files (x86)\sbt\bin;C:\Program Files\Amazon\AWSCLIV2\;C:\Program Files\Amazon\SessionManagerPlugin\bin\;C:\Program Files\Amazon\AWSSAMCLI\bin\;C:\Program Files\Microsoft SQL Server\130\Tools\Binn\;C:\Program Files\mongosh\;C:\Program Files\LLVM\bin;C:\Program Files (x86)\LLVM\bin;C:\Users\runneradmin\.dotnet\tools;C:\Users\runneradmin\.cargo\bin;C:\Users\runneradmin\AppData\Local\Microsoft\WindowsApps;C:\Program Files (x86)\Microsoft Visual Studio\Installer
2025-11-01T01:28:58.9516542Z ##[endgroup]
2025-11-01T01:28:59.4647594Z GITHUB_REF = refs/tags/v1.1.19
2025-11-01T01:28:59.5630053Z Extracted version from tag: 1.1.19
2025-11-01T01:28:59.7012256Z [33;1mWARNING: Failed to parse provided version '1.1.19': Version string cannot be empty.[0m
2025-11-01T01:28:59.7012994Z [33;1mWARNING: Falling back to git resolution[0m
2025-11-01T01:28:59.9261573Z Validated version: 1.1.19
2025-11-01T01:28:59.9450732Z Final resolved version: 1.1.19 (tag: v1.1.19)
2025-11-01T01:29:00.0428685Z ##[group]Run build.cmd %VERSION_SEMVER%
2025-11-01T01:29:00.0429019Z [36;1mbuild.cmd %VERSION_SEMVER%[0m
2025-11-01T01:29:00.0454073Z shell: C:\Windows\system32\cmd.EXE /D /E:ON /V:OFF /S /C "CALL "{0}""
2025-11-01T01:29:00.0454387Z env:
2025-11-01T01:29:00.0454553Z   CommandPromptType: Native
2025-11-01T01:29:00.0454905Z   DevEnvDir: C:\Program Files\Microsoft Visual Studio\2022\Enterprise\Common7\IDE\
2025-11-01T01:29:00.0455401Z   ExtensionSdkDir: C:\Program Files (x86)\Microsoft SDKs\Windows Kits\10\ExtensionSDKs
2025-11-01T01:29:00.0457454Z   EXTERNAL_INCLUDE: C:\Program Files\Microsoft Visual Studio\2022\Enterprise\VC\Tools\MSVC\14.44.35207\include;C:\Program Files\Microsoft Visual Studio\2022\Enterprise\VC\Tools\MSVC\14.44.35207\ATLMFC\include;C:\Program Files\Microsoft Visual Studio\2022\Enterprise\VC\Auxiliary\VS\include;C:\Program Files (x86)\Windows Kits\10\include\10.0.26100.0\ucrt;C:\Program Files (x86)\Windows Kits\10\\include\10.0.26100.0\\um;C:\Program Files (x86)\Windows Kits\10\\include\10.0.26100.0\\shared;C:\Program Files (x86)\Windows Kits\10\\include\10.0.26100.0\\winrt;C:\Program Files (x86)\Windows Kits\10\\include\10.0.26100.0\\cppwinrt;C:\Program Files (x86)\Windows Kits\NETFXSDK\4.8\include\um
2025-11-01T01:29:00.0459723Z   Framework40Version: v4.0
2025-11-01T01:29:00.0459965Z   FrameworkDir: C:\Windows\Microsoft.NET\Framework64\
2025-11-01T01:29:00.0460276Z   FrameworkDir64: C:\Windows\Microsoft.NET\Framework64\
2025-11-01T01:29:00.0460541Z   FrameworkVersion: v4.0.30319
2025-11-01T01:29:00.0460926Z   FrameworkVersion64: v4.0.30319
2025-11-01T01:29:00.0461395Z   FSHARPINSTALLDIR: C:\Program Files\Microsoft Visual Studio\2022\Enterprise\Common7\IDE\CommonExtensions\Microsoft\FSharp\Tools
2025-11-01T01:29:00.0461927Z   HTMLHelpDir: C:\Program Files (x86)\HTML Help Workshop
2025-11-01T01:29:00.0462354Z   IFCPATH: C:\Program Files\Microsoft Visual Studio\2022\Enterprise\VC\Tools\MSVC\14.44.35207\ifc\x64
2025-11-01T01:29:00.0464340Z   INCLUDE: C:\Program Files\Microsoft Visual Studio\2022\Enterprise\VC\Tools\MSVC\14.44.35207\include;C:\Program Files\Microsoft Visual Studio\2022\Enterprise\VC\Tools\MSVC\14.44.35207\ATLMFC\include;C:\Program Files\Microsoft Visual Studio\2022\Enterprise\VC\Auxiliary\VS\include;C:\Program Files (x86)\Windows Kits\10\include\10.0.26100.0\ucrt;C:\Program Files (x86)\Windows Kits\10\\include\10.0.26100.0\\um;C:\Program Files (x86)\Windows Kits\10\\include\10.0.26100.0\\shared;C:\Program Files (x86)\Windows Kits\10\\include\10.0.26100.0\\winrt;C:\Program Files (x86)\Windows Kits\10\\include\10.0.26100.0\\cppwinrt;C:\Program Files (x86)\Windows Kits\NETFXSDK\4.8\include\um
2025-11-01T01:29:00.0466194Z   is_x64_arch: true
2025-11-01T01:29:00.0467207Z   LIB: C:\Program Files\Microsoft Visual Studio\2022\Enterprise\VC\Tools\MSVC\14.44.35207\ATLMFC\lib\x64;C:\Program Files\Microsoft Visual Studio\2022\Enterprise\VC\Tools\MSVC\14.44.35207\lib\x64;C:\Program Files (x86)\Windows Kits\NETFXSDK\4.8\lib\um\x64;C:\Program Files (x86)\Windows Kits\10\lib\10.0.26100.0\ucrt\x64;C:\Program Files (x86)\Windows Kits\10\\lib\10.0.26100.0\\um\x64
2025-11-01T01:29:00.0469428Z   LIBPATH: C:\Program Files\Microsoft Visual Studio\2022\Enterprise\VC\Tools\MSVC\14.44.35207\ATLMFC\lib\x64;C:\Program Files\Microsoft Visual Studio\2022\Enterprise\VC\Tools\MSVC\14.44.35207\lib\x64;C:\Program Files\Microsoft Visual Studio\2022\Enterprise\VC\Tools\MSVC\14.44.35207\lib\x86\store\references;C:\Program Files (x86)\Windows Kits\10\UnionMetadata\10.0.26100.0;C:\Program Files (x86)\Windows Kits\10\References\10.0.26100.0;C:\Windows\Microsoft.NET\Framework64\v4.0.30319
2025-11-01T01:29:00.0470909Z   NETFXSDKDir: C:\Program Files (x86)\Windows Kits\NETFXSDK\4.8\
2025-11-01T01:29:00.0485600Z   Path: C:\Program Files\Microsoft Visual Studio\2022\Enterprise\VC\Tools\MSVC\14.44.35207\bin\HostX64\x64;C:\Program Files\Microsoft Visual Studio\2022\Enterprise\Common7\IDE\VC\VCPackages;C:\Program Files\Microsoft Visual Studio\2022\Enterprise\Common7\IDE\CommonExtensions\Microsoft\TestWindow;C:\Program Files\Microsoft Visual Studio\2022\Enterprise\Common7\IDE\CommonExtensions\Microsoft\TeamFoundation\Team Explorer;C:\Program Files\Microsoft Visual Studio\2022\Enterprise\MSBuild\Current\bin\Roslyn;C:\Program Files (x86)\Microsoft SDKs\Windows\v10.0A\bin\NETFX 4.8 Tools\x64\;C:\Program Files (x86)\HTML Help Workshop;C:\Program Files\Microsoft Visual Studio\2022\Enterprise\Common7\IDE\CommonExtensions\Microsoft\FSharp\Tools;C:\Program Files\Microsoft Visual Studio\2022\Enterprise\Team Tools\DiagnosticsHub\Collector;C:\Program Files\Microsoft Visual Studio\2022\Enterprise\Common7\IDE\Extensions\Microsoft\CodeCoverage.Console;C:\Program Files\Microsoft Visual Studio\2022\Enterprise\VC\Tools\Llvm\x64\bin;C:\Program Files (x86)\Windows Kits\10\bin\10.0.26100.0\\x64;C:\Program Files (x86)\Windows Kits\10\bin\\x64;C:\Program Files\Microsoft Visual Studio\2022\Enterprise\\MSBuild\Current\Bin\amd64;C:\Windows\Microsoft.NET\Framework64\v4.0.30319;C:\Program Files\Microsoft Visual Studio\2022\Enterprise\Common7\IDE\;C:\Program Files\Microsoft Visual Studio\2022\Enterprise\Common7\Tools\;C:\Program Files\MongoDB\Server\7.0\bin;C:\vcpkg;C:\tools\zstd;C:\hostedtoolcache\windows\stack\3.7.1\x64;C:\cabal\bin;C:\\ghcup\bin;C:\mingw64\bin;C:\Program Files\dotnet;C:\Program Files\MySQL\MySQL Server 8.0\bin;C:\Program Files\R\R-4.5.1\bin\x64;C:\SeleniumWebDrivers\GeckoDriver;C:\SeleniumWebDrivers\EdgeDriver\;C:\SeleniumWebDrivers\ChromeDriver;C:\Program Files (x86)\sbt\bin;C:\Program Files (x86)\GitHub CLI;C:\Program Files\Git\bin;C:\Program Files (x86)\pipx_bin;C:\npm\prefix;C:\hostedtoolcache\windows\go\1.24.9\x64\bin;C:\hostedtoolcache\windows\Python\3.9.13\x64\Scripts;C:\hostedtoolcache\windows\Python\3.9.13\x64;C:\hostedtoolcache\windows\Ruby\3.3.9\x64\bin;C:\Program Files\OpenSSL\bin;C:\tools\kotlinc\bin;C:\hostedtoolcache\windows\Java_Temurin-Hotspot_jdk\17.0.16-8\x64\bin;C:\Program Files\ImageMagick-7.1.2-Q16-HDRI;C:\Program Files\Microsoft SDKs\Azure\CLI2\wbin;C:\ProgramData\kind;C:\ProgramData\Chocolatey\bin;C:\Windows\system32;C:\Windows;C:\Windows\System32\Wbem;C:\Windows\System32\WindowsPowerShell\v1.0\;C:\Windows\System32\OpenSSH\;C:\Program Files\PowerShell\7\;C:\Program Files\Microsoft\Web Platform Installer\;C:\Program Files\Microsoft SQL Server\Client SDK\ODBC\170\Tools\Binn\;C:\Program Files\Microsoft SQL Server\150\Tools\Binn\;C:\Program Files\dotnet\;C:\Program Files (x86)\Windows Kits\10\Windows Performance Toolkit\;C:\Program Files (x86)\WiX Toolset v3.14\bin;C:\Program Files\Microsoft SQL Server\130\DTS\Binn\;C:\Program Files\Microsoft SQL Server\140\DTS\Binn\;C:\Program Files\Microsoft SQL Server\150\DTS\Binn\;C:\Program Files\Microsoft SQL Server\160\DTS\Binn\;C:\Program Files\Microsoft SQL Server\170\DTS\Binn\;C:\ProgramData\chocolatey\lib\pulumi\tools\Pulumi\bin;C:\Program Files\CMake\bin;C:\Strawberry\c\bin;C:\Strawberry\perl\site\bin;C:\Strawberry\perl\bin;C:\ProgramData\chocolatey\lib\maven\apache-maven-3.9.11\bin;C:\Program Files\Microsoft Service Fabric\bin\Fabric\Fabric.Code;C:\Program Files\Microsoft SDKs\Service Fabric\Tools\ServiceFabricLocalClusterManager;C:\Program Files\nodejs\;C:\Program Files\Git\cmd;C:\Program Files\Git\mingw64\bin;C:\Program Files\Git\usr\bin;C:\Program Files\GitHub CLI\;c:\tools\php;C:\Program Files\Amazon\AWSCLIV2\;C:\Program Files\Amazon\SessionManagerPlugin\bin\;C:\Program Files\Amazon\AWSSAMCLI\bin\;C:\Program Files\Microsoft SQL Server\130\Tools\Binn\;C:\Program Files\mongosh\;C:\Program Files\LLVM\bin;C:\Program Files (x86)\LLVM\bin;C:\Users\runneradmin\.dotnet\tools;C:\Users\runneradmin\.cargo\bin;C:\Users\runneradmin\AppData\Local\Microsoft\WindowsApps;C:\Program Files (x86)\Microsoft Visual Studio\Installer;C:\Program Files\Microsoft Visual Studio\2022\Enterprise\Common7\IDE\CommonExtensions\Microsoft\CMake\CMake\bin;C:\Program Files\Microsoft Visual Studio\2022\Enterprise\Common7\IDE\CommonExtensions\Microsoft\CMake\Ninja;C:\Program Files\Microsoft Visual Studio\2022\Enterprise\Common7\IDE\VC\Linux\bin\ConnectionManagerExe;C:\Program Files\Microsoft Visual Studio\2022\Enterprise\VC\vcpkg
2025-11-01T01:29:00.0498586Z   Platform: x64
2025-11-01T01:29:00.0498755Z   UCRTVersion: 10.0.26100.0
2025-11-01T01:29:00.0499377Z   UniversalCRTSdkDir: C:\Program Files (x86)\Windows Kits\10\
2025-11-01T01:29:00.0499873Z   VCIDEInstallDir: C:\Program Files\Microsoft Visual Studio\2022\Enterprise\Common7\IDE\VC\
2025-11-01T01:29:00.0500343Z   VCINSTALLDIR: C:\Program Files\Microsoft Visual Studio\2022\Enterprise\VC\
2025-11-01T01:29:00.0500759Z   VCPKG_ROOT: C:\Program Files\Microsoft Visual Studio\2022\Enterprise\VC\vcpkg
2025-11-01T01:29:00.0501280Z   VCToolsInstallDir: C:\Program Files\Microsoft Visual Studio\2022\Enterprise\VC\Tools\MSVC\14.44.35207\
2025-11-01T01:29:00.0501869Z   VCToolsRedistDir: C:\Program Files\Microsoft Visual Studio\2022\Enterprise\VC\Redist\MSVC\14.44.35112\
2025-11-01T01:29:00.0502271Z   VCToolsVersion: 14.44.35207
2025-11-01T01:29:00.0502480Z   VisualStudioVersion: 17.0
2025-11-01T01:29:00.0502817Z   VS170COMNTOOLS: C:\Program Files\Microsoft Visual Studio\2022\Enterprise\Common7\Tools\
2025-11-01T01:29:00.0503178Z   VSCMD_ARG_app_plat: Desktop
2025-11-01T01:29:00.0503381Z   VSCMD_ARG_HOST_ARCH: x64
2025-11-01T01:29:00.0503565Z   VSCMD_ARG_TGT_ARCH: x64
2025-11-01T01:29:00.0503744Z   VSCMD_VER: 17.14.18
2025-11-01T01:29:00.0504005Z   VSINSTALLDIR: C:\Program Files\Microsoft Visual Studio\2022\Enterprise\
2025-11-01T01:29:00.0504433Z   VSSDK150INSTALL: C:\Program Files\Microsoft Visual Studio\2022\Enterprise\VSSDK
2025-11-01T01:29:00.0504870Z   VSSDKINSTALL: C:\Program Files\Microsoft Visual Studio\2022\Enterprise\VSSDK
2025-11-01T01:29:00.0505583Z   WindowsLibPath: C:\Program Files (x86)\Windows Kits\10\UnionMetadata\10.0.26100.0;C:\Program Files (x86)\Windows Kits\10\References\10.0.26100.0
2025-11-01T01:29:00.0506395Z   WindowsSdkBinPath: C:\Program Files (x86)\Windows Kits\10\bin\
2025-11-01T01:29:00.0506809Z   WindowsSdkDir: C:\Program Files (x86)\Windows Kits\10\
2025-11-01T01:29:00.0507092Z   WindowsSDKLibVersion: 10.0.26100.0\
2025-11-01T01:29:00.0507427Z   WindowsSdkVerBinPath: C:\Program Files (x86)\Windows Kits\10\bin\10.0.26100.0\
2025-11-01T01:29:00.0507766Z   WindowsSDKVersion: 10.0.26100.0\
2025-11-01T01:29:00.0508165Z   WindowsSDK_ExecutablePath_x64: C:\Program Files (x86)\Microsoft SDKs\Windows\v10.0A\bin\NETFX 4.8 Tools\x64\
2025-11-01T01:29:00.0508744Z   WindowsSDK_ExecutablePath_x86: C:\Program Files (x86)\Microsoft SDKs\Windows\v10.0A\bin\NETFX 4.8 Tools\
2025-11-01T01:29:00.0509142Z   __DOTNET_ADD_64BIT: 1
2025-11-01T01:29:00.0509323Z   __DOTNET_PREFERRED_BITNESS: 64
2025-11-01T01:29:00.0517108Z   __VSCMD_PREINIT_PATH: C:\Program Files\MongoDB\Server\7.0\bin;C:\vcpkg;C:\tools\zstd;C:\hostedtoolcache\windows\stack\3.7.1\x64;C:\cabal\bin;C:\\ghcup\bin;C:\mingw64\bin;C:\Program Files\dotnet;C:\Program Files\MySQL\MySQL Server 8.0\bin;C:\Program Files\R\R-4.5.1\bin\x64;C:\SeleniumWebDrivers\GeckoDriver;C:\SeleniumWebDrivers\EdgeDriver\;C:\SeleniumWebDrivers\ChromeDriver;C:\Program Files (x86)\sbt\bin;C:\Program Files (x86)\GitHub CLI;C:\Program Files\Git\bin;C:\Program Files (x86)\pipx_bin;C:\npm\prefix;C:\hostedtoolcache\windows\go\1.24.9\x64\bin;C:\hostedtoolcache\windows\Python\3.9.13\x64\Scripts;C:\hostedtoolcache\windows\Python\3.9.13\x64;C:\hostedtoolcache\windows\Ruby\3.3.9\x64\bin;C:\Program Files\OpenSSL\bin;C:\tools\kotlinc\bin;C:\hostedtoolcache\windows\Java_Temurin-Hotspot_jdk\17.0.16-8\x64\bin;C:\Program Files\ImageMagick-7.1.2-Q16-HDRI;C:\Program Files\Microsoft SDKs\Azure\CLI2\wbin;C:\ProgramData\kind;C:\ProgramData\Chocolatey\bin;C:\Windows\system32;C:\Windows;C:\Windows\System32\Wbem;C:\Windows\System32\WindowsPowerShell\v1.0\;C:\Windows\System32\OpenSSH\;C:\Program Files\PowerShell\7\;C:\Program Files\Microsoft\Web Platform Installer\;C:\Program Files\Microsoft SQL Server\Client SDK\ODBC\170\Tools\Binn\;C:\Program Files\Microsoft SQL Server\150\Tools\Binn\;C:\Program Files\dotnet\;C:\Program Files (x86)\Windows Kits\10\Windows Performance Toolkit\;C:\Program Files (x86)\WiX Toolset v3.14\bin;C:\Program Files\Microsoft SQL Server\130\DTS\Binn\;C:\Program Files\Microsoft SQL Server\140\DTS\Binn\;C:\Program Files\Microsoft SQL Server\150\DTS\Binn\;C:\Program Files\Microsoft SQL Server\160\DTS\Binn\;C:\Program Files\Microsoft SQL Server\170\DTS\Binn\;C:\ProgramData\chocolatey\lib\pulumi\tools\Pulumi\bin;C:\Program Files\CMake\bin;C:\Strawberry\c\bin;C:\Strawberry\perl\site\bin;C:\Strawberry\perl\bin;C:\ProgramData\chocolatey\lib\maven\apache-maven-3.9.11\bin;C:\Program Files\Microsoft Service Fabric\bin\Fabric\Fabric.Code;C:\Program Files\Microsoft SDKs\Service Fabric\Tools\ServiceFabricLocalClusterManager;C:\Program Files\nodejs\;C:\Program Files\Git\cmd;C:\Program Files\Git\mingw64\bin;C:\Program Files\Git\usr\bin;C:\Program Files\GitHub CLI\;c:\tools\php;C:\Program Files (x86)\sbt\bin;C:\Program Files\Amazon\AWSCLIV2\;C:\Program Files\Amazon\SessionManagerPlugin\bin\;C:\Program Files\Amazon\AWSSAMCLI\bin\;C:\Program Files\Microsoft SQL Server\130\Tools\Binn\;C:\Program Files\mongosh\;C:\Program Files\LLVM\bin;C:\Program Files (x86)\LLVM\bin;C:\Users\runneradmin\.dotnet\tools;C:\Users\runneradmin\.cargo\bin;C:\Users\runneradmin\AppData\Local\Microsoft\WindowsApps;C:\Program Files (x86)\Microsoft Visual Studio\Installer
2025-11-01T01:29:00.0524676Z   VERSION_BASE: 1.1.19
2025-11-01T01:29:00.0524851Z   VERSION_SEMVER: 1.1.19
2025-11-01T01:29:00.0525028Z   VERSION_TAG: v1.1.19
2025-11-01T01:29:00.0525201Z ##[endgroup]
2025-11-01T01:29:00.0731988Z Using provided version: 
2025-11-01T01:29:00.0745029Z Building fontlift 1.1.19...
2025-11-01T01:29:00.1783375Z not was unexpected at this time.
2025-11-01T01:29:00.1813220Z ##[error]Process completed with exit code 255.
2025-11-01T01:29:00.2018907Z Post job cleanup.
2025-11-01T01:29:00.4611610Z [command]"C:\Program Files\Git\bin\git.exe" version
2025-11-01T01:29:00.4886222Z git version 2.51.1.windows.1
2025-11-01T01:29:00.4964507Z Temporarily overriding HOME='D:\a\_temp\fbe4c5ac-106c-4b07-82c9-93eaaaedeb1b' before making global git config changes
2025-11-01T01:29:00.4965497Z Adding repository directory to the temporary git global config as a safe directory
2025-11-01T01:29:00.4977339Z [command]"C:\Program Files\Git\bin\git.exe" config --global --add safe.directory D:\a\fontlift-win-cli\fontlift-win-cli
2025-11-01T01:29:00.5280100Z [command]"C:\Program Files\Git\bin\git.exe" config --local --name-only --get-regexp core\.sshCommand
2025-11-01T01:29:00.5571805Z [command]"C:\Program Files\Git\bin\git.exe" submodule foreach --recursive "sh -c \"git config --local --name-only --get-regexp 'core\.sshCommand' && git config --local --unset-all 'core.sshCommand' || :\""
2025-11-01T01:29:01.0710908Z [command]"C:\Program Files\Git\bin\git.exe" config --local --name-only --get-regexp http\.https\:\/\/github\.com\/\.extraheader
2025-11-01T01:29:01.1002911Z http.https://github.com/.extraheader
2025-11-01T01:29:01.1052789Z [command]"C:\Program Files\Git\bin\git.exe" config --local --unset-all http.https://github.com/.extraheader
2025-11-01T01:29:01.1398374Z [command]"C:\Program Files\Git\bin\git.exe" submodule foreach --recursive "sh -c \"git config --local --name-only --get-regexp 'http\.https\:\/\/github\.com\/\.extraheader' && git config --local --unset-all 'http.https://github.com/.extraheader' || :\""
2025-11-01T01:29:01.7163380Z Cleaning up orphan processes
