2025-11-01T01:28:33.8061273Z Current runner version: '2.329.0'
2025-11-01T01:28:33.8086006Z ##[group]Runner Image Provisioner
2025-11-01T01:28:33.8086789Z Hosted Compute Agent
2025-11-01T01:28:33.8087508Z Version: 20251016.436
2025-11-01T01:28:33.8088130Z Commit: 8ab8ac8bfd662a3739dab9fe09456aba92132568
2025-11-01T01:28:33.8089090Z Build Date: 2025-10-15T20:44:12Z
2025-11-01T01:28:33.8089624Z ##[endgroup]
2025-11-01T01:28:33.8090127Z ##[group]Operating System
2025-11-01T01:28:33.8090628Z Microsoft Windows Server 2025
2025-11-01T01:28:33.8091135Z 10.0.26100
2025-11-01T01:28:33.8091551Z Datacenter
2025-11-01T01:28:33.8091970Z ##[endgroup]
2025-11-01T01:28:33.8092373Z ##[group]Runner Image
2025-11-01T01:28:33.8093026Z Image: windows-2025
2025-11-01T01:28:33.8093523Z Version: 20251021.67.1
2025-11-01T01:28:33.8094448Z Included Software: https://github.com/actions/runner-images/blob/win25/20251021.67/images/windows/Windows2025-Readme.md
2025-11-01T01:28:33.8096084Z Image Release: https://github.com/actions/runner-images/releases/tag/win25%2F20251021.67
2025-11-01T01:28:33.8096965Z ##[endgroup]
2025-11-01T01:28:33.8099681Z ##[group]GITHUB_TOKEN Permissions
2025-11-01T01:28:33.8101559Z Actions: write
2025-11-01T01:28:33.8102051Z Attestations: write
2025-11-01T01:28:33.8102631Z Checks: write
2025-11-01T01:28:33.8103049Z Contents: write
2025-11-01T01:28:33.8103516Z Deployments: write
2025-11-01T01:28:33.8104007Z Discussions: write
2025-11-01T01:28:33.8104573Z Issues: write
2025-11-01T01:28:33.8105151Z Metadata: read
2025-11-01T01:28:33.8105603Z Models: read
2025-11-01T01:28:33.8106042Z Packages: write
2025-11-01T01:28:33.8106719Z Pages: write
2025-11-01T01:28:33.8107208Z PullRequests: write
2025-11-01T01:28:33.8107756Z RepositoryProjects: write
2025-11-01T01:28:33.8108709Z SecurityEvents: write
2025-11-01T01:28:33.8109986Z Statuses: write
2025-11-01T01:28:33.8110673Z ##[endgroup]
2025-11-01T01:28:33.8113336Z Secret source: Actions
2025-11-01T01:28:33.8115044Z Prepare workflow directory
2025-11-01T01:28:33.8548717Z Prepare all required actions
2025-11-01T01:28:33.8595664Z Getting action download info
2025-11-01T01:28:34.1101139Z Download action repository 'actions/checkout@v4' (SHA:08eba0b27e820071cde6df949e0beb9ba4906955)
2025-11-01T01:28:34.2418818Z Download action repository 'ilammy/msvc-dev-cmd@v1' (SHA:0b201ec74fa43914dc39ae48a89fd1d8cb592756)
2025-11-01T01:28:34.5961665Z Download action repository 'actions/upload-artifact@v4' (SHA:ea165f8d65b6e75b540449e92b4886f43607fa02)
2025-11-01T01:28:34.9247900Z Complete job name: build
2025-11-01T01:28:35.0912822Z ##[group]Run actions/checkout@v4
2025-11-01T01:28:35.0914050Z with:
2025-11-01T01:28:35.0914447Z   fetch-depth: 0
2025-11-01T01:28:35.0914893Z   repository: fontlaborg/fontlift-win-cli
2025-11-01T01:28:35.0915735Z   token: ***
2025-11-01T01:28:35.0916116Z   ssh-strict: true
2025-11-01T01:28:35.0916497Z   ssh-user: git
2025-11-01T01:28:35.0916896Z   persist-credentials: true
2025-11-01T01:28:35.0917342Z   clean: true
2025-11-01T01:28:35.0917741Z   sparse-checkout-cone-mode: true
2025-11-01T01:28:35.0918249Z   fetch-tags: false
2025-11-01T01:28:35.0918657Z   show-progress: true
2025-11-01T01:28:35.0919058Z   lfs: false
2025-11-01T01:28:35.0919420Z   submodules: false
2025-11-01T01:28:35.0919832Z   set-safe-directory: true
2025-11-01T01:28:35.0920496Z ##[endgroup]
2025-11-01T01:28:35.2712217Z Syncing repository: fontlaborg/fontlift-win-cli
2025-11-01T01:28:35.2714380Z ##[group]Getting Git version info
2025-11-01T01:28:35.2716503Z Working directory is 'D:\a\fontlift-win-cli\fontlift-win-cli'
2025-11-01T01:28:35.3871331Z [command]"C:\Program Files\Git\bin\git.exe" version
2025-11-01T01:28:35.9436008Z git version 2.51.1.windows.1
2025-11-01T01:28:35.9489905Z ##[endgroup]
2025-11-01T01:28:35.9511312Z Temporarily overriding HOME='D:\a\_temp\a6edc7f0-4a66-4e89-8b55-75df90dc535e' before making global git config changes
2025-11-01T01:28:35.9513633Z Adding repository directory to the temporary git global config as a safe directory
2025-11-01T01:28:35.9522937Z [command]"C:\Program Files\Git\bin\git.exe" config --global --add safe.directory D:\a\fontlift-win-cli\fontlift-win-cli
2025-11-01T01:28:36.0283971Z Deleting the contents of 'D:\a\fontlift-win-cli\fontlift-win-cli'
2025-11-01T01:28:36.0291745Z ##[group]Initializing the repository
2025-11-01T01:28:36.0300959Z [command]"C:\Program Files\Git\bin\git.exe" init D:\a\fontlift-win-cli\fontlift-win-cli
2025-11-01T01:28:36.1982554Z Initialized empty Git repository in D:/a/fontlift-win-cli/fontlift-win-cli/.git/
2025-11-01T01:28:36.2036555Z [command]"C:\Program Files\Git\bin\git.exe" remote add origin https://github.com/fontlaborg/fontlift-win-cli
2025-11-01T01:28:36.2708210Z ##[endgroup]
2025-11-01T01:28:36.2709452Z ##[group]Disabling automatic garbage collection
2025-11-01T01:28:36.2717730Z [command]"C:\Program Files\Git\bin\git.exe" config --local gc.auto 0
2025-11-01T01:28:36.2997580Z ##[endgroup]
2025-11-01T01:28:36.3010778Z ##[group]Setting up auth
2025-11-01T01:28:36.3012612Z [command]"C:\Program Files\Git\bin\git.exe" config --local --name-only --get-regexp core\.sshCommand
2025-11-01T01:28:36.3296051Z [command]"C:\Program Files\Git\bin\git.exe" submodule foreach --recursive "sh -c \"git config --local --name-only --get-regexp 'core\.sshCommand' && git config --local --unset-all 'core.sshCommand' || :\""
2025-11-01T01:28:38.1445422Z [command]"C:\Program Files\Git\bin\git.exe" config --local --name-only --get-regexp http\.https\:\/\/github\.com\/\.extraheader
2025-11-01T01:28:38.1752706Z [command]"C:\Program Files\Git\bin\git.exe" submodule foreach --recursive "sh -c \"git config --local --name-only --get-regexp 'http\.https\:\/\/github\.com\/\.extraheader' && git config --local --unset-all 'http.https://github.com/.extraheader' || :\""
2025-11-01T01:28:38.6810789Z [command]"C:\Program Files\Git\bin\git.exe" config --local http.https://github.com/.extraheader "AUTHORIZATION: basic ***"
2025-11-01T01:28:38.7106808Z ##[endgroup]
2025-11-01T01:28:38.7107530Z ##[group]Fetching the repository
2025-11-01T01:28:38.7121966Z [command]"C:\Program Files\Git\bin\git.exe" -c protocol.version=2 fetch --prune --no-recurse-submodules origin +refs/heads/*:refs/remotes/origin/* +refs/tags/*:refs/tags/*
2025-11-01T01:28:40.0511669Z From https://github.com/fontlaborg/fontlift-win-cli
2025-11-01T01:28:40.0512277Z  * [new branch]      main       -> origin/main
2025-11-01T01:28:40.0512667Z  * [new tag]         v0.1.0     -> v0.1.0
2025-11-01T01:28:40.0513044Z  * [new tag]         v1.0.0     -> v1.0.0
2025-11-01T01:28:40.0516007Z  * [new tag]         v1.1.0     -> v1.1.0
2025-11-01T01:28:40.0516540Z  * [new tag]         v1.1.1     -> v1.1.1
2025-11-01T01:28:40.0517295Z  * [new tag]         v1.1.10    -> v1.1.10
2025-11-01T01:28:40.0517748Z  * [new tag]         v1.1.11    -> v1.1.11
2025-11-01T01:28:40.0518142Z  * [new tag]         v1.1.12    -> v1.1.12
2025-11-01T01:28:40.0518567Z  * [new tag]         v1.1.13    -> v1.1.13
2025-11-01T01:28:40.0518912Z  * [new tag]         v1.1.14    -> v1.1.14
2025-11-01T01:28:40.0519330Z  * [new tag]         v1.1.15    -> v1.1.15
2025-11-01T01:28:40.0519727Z  * [new tag]         v1.1.16    -> v1.1.16
2025-11-01T01:28:40.0520152Z  * [new tag]         v1.1.17    -> v1.1.17
2025-11-01T01:28:40.0520593Z  * [new tag]         v1.1.18    -> v1.1.18
2025-11-01T01:28:40.0521080Z  * [new tag]         v1.1.19    -> v1.1.19
2025-11-01T01:28:40.0521482Z  * [new tag]         v1.1.2     -> v1.1.2
2025-11-01T01:28:40.0521873Z  * [new tag]         v1.1.3     -> v1.1.3
2025-11-01T01:28:40.0522251Z  * [new tag]         v1.1.4     -> v1.1.4
2025-11-01T01:28:40.0522631Z  * [new tag]         v1.1.5     -> v1.1.5
2025-11-01T01:28:40.0523015Z  * [new tag]         v1.1.6     -> v1.1.6
2025-11-01T01:28:40.0523397Z  * [new tag]         v1.1.7     -> v1.1.7
2025-11-01T01:28:40.0523759Z  * [new tag]         v1.1.8     -> v1.1.8
2025-11-01T01:28:40.0524185Z  * [new tag]         v1.1.9     -> v1.1.9
2025-11-01T01:28:40.0861623Z [command]"C:\Program Files\Git\bin\git.exe" branch --list --remote origin/main
2025-11-01T01:28:40.1192257Z   origin/main
2025-11-01T01:28:40.1239113Z [command]"C:\Program Files\Git\bin\git.exe" rev-parse refs/remotes/origin/main
2025-11-01T01:28:40.1568294Z 9b1794c04c83b9a1d7b6d2ec04669e6d4d9f2beb
2025-11-01T01:28:40.1603693Z ##[endgroup]
2025-11-01T01:28:40.1604132Z ##[group]Determining the checkout info
2025-11-01T01:28:40.1605776Z ##[endgroup]
2025-11-01T01:28:40.1615801Z [command]"C:\Program Files\Git\bin\git.exe" sparse-checkout disable
2025-11-01T01:28:40.2176969Z [command]"C:\Program Files\Git\bin\git.exe" config --local --unset-all extensions.worktreeConfig
2025-11-01T01:28:40.2465071Z ##[group]Checking out the ref
2025-11-01T01:28:40.2475581Z [command]"C:\Program Files\Git\bin\git.exe" checkout --progress --force -B main refs/remotes/origin/main
2025-11-01T01:28:40.3433920Z branch 'main' set up to track 'origin/main'.
2025-11-01T01:28:40.3441449Z Switched to a new branch 'main'
2025-11-01T01:28:40.3476543Z ##[endgroup]
2025-11-01T01:28:40.3896221Z [command]"C:\Program Files\Git\bin\git.exe" log -1 --format=%H
2025-11-01T01:28:40.4158827Z 9b1794c04c83b9a1d7b6d2ec04669e6d4d9f2beb
2025-11-01T01:28:40.4556083Z ##[group]Run ilammy/msvc-dev-cmd@v1
2025-11-01T01:28:40.4556379Z with:
2025-11-01T01:28:40.4556564Z   arch: x64
2025-11-01T01:28:40.4556717Z ##[endgroup]
2025-11-01T01:28:41.1603526Z Found with vswhere: C:\Program Files\Microsoft Visual Studio\2022\Enterprise\VC\Auxiliary\Build\vcvarsall.bat
2025-11-01T01:28:53.6823040Z ##[group]Environment variables
2025-11-01T01:28:53.6823682Z Setting CommandPromptType
2025-11-01T01:28:53.6837542Z Setting DevEnvDir
2025-11-01T01:28:53.6841773Z Setting ExtensionSdkDir
2025-11-01T01:28:53.6844956Z Setting EXTERNAL_INCLUDE
2025-11-01T01:28:53.6850482Z Setting Framework40Version
2025-11-01T01:28:53.6853304Z Setting FrameworkDir
2025-11-01T01:28:53.6856537Z Setting FrameworkDir64
2025-11-01T01:28:53.6861334Z Setting FrameworkVersion
2025-11-01T01:28:53.6864220Z Setting FrameworkVersion64
2025-11-01T01:28:53.6868764Z Setting FSHARPINSTALLDIR
2025-11-01T01:28:53.6872481Z Setting HTMLHelpDir
2025-11-01T01:28:53.6875470Z Setting IFCPATH
2025-11-01T01:28:53.6879119Z Setting INCLUDE
2025-11-01T01:28:53.6883881Z Setting is_x64_arch
2025-11-01T01:28:53.6888198Z Setting LIB
2025-11-01T01:28:53.6891453Z Setting LIBPATH
2025-11-01T01:28:53.6895426Z Setting NETFXSDKDir
2025-11-01T01:28:53.6900193Z Setting Path
2025-11-01T01:28:53.6912261Z Setting Platform
2025-11-01T01:28:53.6916384Z Setting UCRTVersion
2025-11-01T01:28:53.6919738Z Setting UniversalCRTSdkDir
2025-11-01T01:28:53.6922311Z Setting VCIDEInstallDir
2025-11-01T01:28:53.6925667Z Setting VCINSTALLDIR
2025-11-01T01:28:53.6928478Z Setting VCPKG_ROOT
2025-11-01T01:28:53.6930798Z Setting VCToolsInstallDir
2025-11-01T01:28:53.6933035Z Setting VCToolsRedistDir
2025-11-01T01:28:53.6935219Z Setting VCToolsVersion
2025-11-01T01:28:53.6937465Z Setting VisualStudioVersion
2025-11-01T01:28:53.6939607Z Setting VS170COMNTOOLS
2025-11-01T01:28:53.6941789Z Setting VSCMD_ARG_app_plat
2025-11-01T01:28:53.6943926Z Setting VSCMD_ARG_HOST_ARCH
2025-11-01T01:28:53.6946317Z Setting VSCMD_ARG_TGT_ARCH
2025-11-01T01:28:53.6948943Z Setting VSCMD_VER
2025-11-01T01:28:53.6951431Z Setting VSINSTALLDIR
2025-11-01T01:28:53.6953600Z Setting VSSDK150INSTALL
2025-11-01T01:28:53.6955742Z Setting VSSDKINSTALL
2025-11-01T01:28:53.6957918Z Setting WindowsLibPath
2025-11-01T01:28:53.6960313Z Setting WindowsSdkBinPath
2025-11-01T01:28:53.6962490Z Setting WindowsSdkDir
2025-11-01T01:28:53.6964701Z Setting WindowsSDKLibVersion
2025-11-01T01:28:53.6966848Z Setting WindowsSdkVerBinPath
2025-11-01T01:28:53.6969561Z Setting WindowsSDKVersion
2025-11-01T01:28:53.6971751Z Setting WindowsSDK_ExecutablePath_x64
2025-11-01T01:28:53.6973910Z Setting WindowsSDK_ExecutablePath_x86
2025-11-01T01:28:53.6976072Z Setting __DOTNET_ADD_64BIT
2025-11-01T01:28:53.6978342Z Setting __DOTNET_PREFERRED_BITNESS
2025-11-01T01:28:53.6980585Z Setting __VSCMD_PREINIT_PATH
2025-11-01T01:28:53.6984094Z ##[endgroup]
2025-11-01T01:28:53.6984676Z Configured Developer Command Prompt
2025-11-01T01:28:53.7241334Z ##[group]Run # Call get-version.ps1 to derive version from git tags
2025-11-01T01:28:53.7241877Z [36;1m# Call get-version.ps1 to derive version from git tags[0m
2025-11-01T01:28:53.7242292Z [36;1m# Returns JSON with: base (X.Y.Z), semver (X.Y.Z-pre+build), tag (vX.Y.Z...)[0m
2025-11-01T01:28:53.7242725Z [36;1m# Handles repos without tags by falling back to 0.0.0-dev.{count}+g{sha}[0m
2025-11-01T01:28:53.7243119Z [36;1m# FALLBACK: If version resolution fails, use safe defaults[0m
2025-11-01T01:28:53.7243392Z [36;1mtry {[0m
2025-11-01T01:28:53.7243640Z [36;1m  $json = & scripts/get-version.ps1 -Format Json -ErrorAction Stop[0m
2025-11-01T01:28:53.7243973Z [36;1m  $info = $json | ConvertFrom-Json[0m
2025-11-01T01:28:53.7244189Z [36;1m  $base = $info.base[0m
2025-11-01T01:28:53.7244381Z [36;1m  $semver = $info.semver[0m
2025-11-01T01:28:53.7244578Z [36;1m  $tag = $info.tag[0m
2025-11-01T01:28:53.7244774Z [36;1m} catch {[0m
2025-11-01T01:28:53.7245010Z [36;1m  Write-Warning "Version resolution failed: $_"[0m
2025-11-01T01:28:53.7245320Z [36;1m  Write-Warning "Using fallback version 0.0.0-unknown"[0m
2025-11-01T01:28:53.7245970Z [36;1m  $base = "0.0.0"[0m
2025-11-01T01:28:53.7246164Z [36;1m  $semver = "0.0.0-unknown"[0m
2025-11-01T01:28:53.7246365Z [36;1m  $tag = "v0.0.0-unknown"[0m
2025-11-01T01:28:53.7246554Z [36;1m}[0m
2025-11-01T01:28:53.7246681Z [36;1m[0m
2025-11-01T01:28:53.7246872Z [36;1m# Export to GITHUB_ENV for use in subsequent steps[0m
2025-11-01T01:28:53.7247260Z [36;1m"VERSION_BASE=$base" | Out-File -FilePath $env:GITHUB_ENV -Append -Encoding utf8[0m
2025-11-01T01:28:53.7247747Z [36;1m"VERSION_SEMVER=$semver" | Out-File -FilePath $env:GITHUB_ENV -Append -Encoding utf8[0m
2025-11-01T01:28:53.7248222Z [36;1m"VERSION_TAG=$tag" | Out-File -FilePath $env:GITHUB_ENV -Append -Encoding utf8[0m
2025-11-01T01:28:53.7248600Z [36;1mWrite-Host "Resolved version: $semver (tag: $tag)"[0m
2025-11-01T01:28:53.7313443Z shell: C:\Program Files\PowerShell\7\pwsh.EXE -command ". '{0}'"
2025-11-01T01:28:53.7313756Z env:
2025-11-01T01:28:53.7313907Z   CommandPromptType: Native
2025-11-01T01:28:53.7314246Z   DevEnvDir: C:\Program Files\Microsoft Visual Studio\2022\Enterprise\Common7\IDE\
2025-11-01T01:28:53.7314727Z   ExtensionSdkDir: C:\Program Files (x86)\Microsoft SDKs\Windows Kits\10\ExtensionSDKs
2025-11-01T01:28:53.7316759Z   EXTERNAL_INCLUDE: C:\Program Files\Microsoft Visual Studio\2022\Enterprise\VC\Tools\MSVC\14.44.35207\include;C:\Program Files\Microsoft Visual Studio\2022\Enterprise\VC\Tools\MSVC\14.44.35207\ATLMFC\include;C:\Program Files\Microsoft Visual Studio\2022\Enterprise\VC\Auxiliary\VS\include;C:\Program Files (x86)\Windows Kits\10\include\10.0.26100.0\ucrt;C:\Program Files (x86)\Windows Kits\10\\include\10.0.26100.0\\um;C:\Program Files (x86)\Windows Kits\10\\include\10.0.26100.0\\shared;C:\Program Files (x86)\Windows Kits\10\\include\10.0.26100.0\\winrt;C:\Program Files (x86)\Windows Kits\10\\include\10.0.26100.0\\cppwinrt;C:\Program Files (x86)\Windows Kits\NETFXSDK\4.8\include\um
2025-11-01T01:28:53.7318661Z   Framework40Version: v4.0
2025-11-01T01:28:53.7318903Z   FrameworkDir: C:\Windows\Microsoft.NET\Framework64\
2025-11-01T01:28:53.7319207Z   FrameworkDir64: C:\Windows\Microsoft.NET\Framework64\
2025-11-01T01:28:53.7319467Z   FrameworkVersion: v4.0.30319
2025-11-01T01:28:53.7319669Z   FrameworkVersion64: v4.0.30319
2025-11-01T01:28:53.7320125Z   FSHARPINSTALLDIR: C:\Program Files\Microsoft Visual Studio\2022\Enterprise\Common7\IDE\CommonExtensions\Microsoft\FSharp\Tools
2025-11-01T01:28:53.7320657Z   HTMLHelpDir: C:\Program Files (x86)\HTML Help Workshop
2025-11-01T01:28:53.7321084Z   IFCPATH: C:\Program Files\Microsoft Visual Studio\2022\Enterprise\VC\Tools\MSVC\14.44.35207\ifc\x64
2025-11-01T01:28:53.7324625Z   INCLUDE: C:\Program Files\Microsoft Visual Studio\2022\Enterprise\VC\Tools\MSVC\14.44.35207\include;C:\Program Files\Microsoft Visual Studio\2022\Enterprise\VC\Tools\MSVC\14.44.35207\ATLMFC\include;C:\Program Files\Microsoft Visual Studio\2022\Enterprise\VC\Auxiliary\VS\include;C:\Program Files (x86)\Windows Kits\10\include\10.0.26100.0\ucrt;C:\Program Files (x86)\Windows Kits\10\\include\10.0.26100.0\\um;C:\Program Files (x86)\Windows Kits\10\\include\10.0.26100.0\\shared;C:\Program Files (x86)\Windows Kits\10\\include\10.0.26100.0\\winrt;C:\Program Files (x86)\Windows Kits\10\\include\10.0.26100.0\\cppwinrt;C:\Program Files (x86)\Windows Kits\NETFXSDK\4.8\include\um
2025-11-01T01:28:53.7327142Z   is_x64_arch: true
2025-11-01T01:28:53.7328186Z   LIB: C:\Program Files\Microsoft Visual Studio\2022\Enterprise\VC\Tools\MSVC\14.44.35207\ATLMFC\lib\x64;C:\Program Files\Microsoft Visual Studio\2022\Enterprise\VC\Tools\MSVC\14.44.35207\lib\x64;C:\Program Files (x86)\Windows Kits\NETFXSDK\4.8\lib\um\x64;C:\Program Files (x86)\Windows Kits\10\lib\10.0.26100.0\ucrt\x64;C:\Program Files (x86)\Windows Kits\10\\lib\10.0.26100.0\\um\x64
2025-11-01T01:28:53.7384016Z   LIBPATH: C:\Program Files\Microsoft Visual Studio\2022\Enterprise\VC\Tools\MSVC\14.44.35207\ATLMFC\lib\x64;C:\Program Files\Microsoft Visual Studio\2022\Enterprise\VC\Tools\MSVC\14.44.35207\lib\x64;C:\Program Files\Microsoft Visual Studio\2022\Enterprise\VC\Tools\MSVC\14.44.35207\lib\x86\store\references;C:\Program Files (x86)\Windows Kits\10\UnionMetadata\10.0.26100.0;C:\Program Files (x86)\Windows Kits\10\References\10.0.26100.0;C:\Windows\Microsoft.NET\Framework64\v4.0.30319
2025-11-01T01:28:53.7385860Z   NETFXSDKDir: C:\Program Files (x86)\Windows Kits\NETFXSDK\4.8\
2025-11-01T01:28:53.7399149Z   Path: C:\Program Files\Microsoft Visual Studio\2022\Enterprise\VC\Tools\MSVC\14.44.35207\bin\HostX64\x64;C:\Program Files\Microsoft Visual Studio\2022\Enterprise\Common7\IDE\VC\VCPackages;C:\Program Files\Microsoft Visual Studio\2022\Enterprise\Common7\IDE\CommonExtensions\Microsoft\TestWindow;C:\Program Files\Microsoft Visual Studio\2022\Enterprise\Common7\IDE\CommonExtensions\Microsoft\TeamFoundation\Team Explorer;C:\Program Files\Microsoft Visual Studio\2022\Enterprise\MSBuild\Current\bin\Roslyn;C:\Program Files (x86)\Microsoft SDKs\Windows\v10.0A\bin\NETFX 4.8 Tools\x64\;C:\Program Files (x86)\HTML Help Workshop;C:\Program Files\Microsoft Visual Studio\2022\Enterprise\Common7\IDE\CommonExtensions\Microsoft\FSharp\Tools;C:\Program Files\Microsoft Visual Studio\2022\Enterprise\Team Tools\DiagnosticsHub\Collector;C:\Program Files\Microsoft Visual Studio\2022\Enterprise\Common7\IDE\Extensions\Microsoft\CodeCoverage.Console;C:\Program Files\Microsoft Visual Studio\2022\Enterprise\VC\Tools\Llvm\x64\bin;C:\Program Files (x86)\Windows Kits\10\bin\10.0.26100.0\\x64;C:\Program Files (x86)\Windows Kits\10\bin\\x64;C:\Program Files\Microsoft Visual Studio\2022\Enterprise\\MSBuild\Current\Bin\amd64;C:\Windows\Microsoft.NET\Framework64\v4.0.30319;C:\Program Files\Microsoft Visual Studio\2022\Enterprise\Common7\IDE\;C:\Program Files\Microsoft Visual Studio\2022\Enterprise\Common7\Tools\;C:\Program Files\MongoDB\Server\7.0\bin;C:\vcpkg;C:\tools\zstd;C:\hostedtoolcache\windows\stack\3.7.1\x64;C:\cabal\bin;C:\\ghcup\bin;C:\mingw64\bin;C:\Program Files\dotnet;C:\Program Files\MySQL\MySQL Server 8.0\bin;C:\Program Files\R\R-4.5.1\bin\x64;C:\SeleniumWebDrivers\GeckoDriver;C:\SeleniumWebDrivers\EdgeDriver\;C:\SeleniumWebDrivers\ChromeDriver;C:\Program Files (x86)\sbt\bin;C:\Program Files (x86)\GitHub CLI;C:\Program Files\Git\bin;C:\Program Files (x86)\pipx_bin;C:\npm\prefix;C:\hostedtoolcache\windows\go\1.24.9\x64\bin;C:\hostedtoolcache\windows\Python\3.9.13\x64\Scripts;C:\hostedtoolcache\windows\Python\3.9.13\x64;C:\hostedtoolcache\windows\Ruby\3.3.9\x64\bin;C:\Program Files\OpenSSL\bin;C:\tools\kotlinc\bin;C:\hostedtoolcache\windows\Java_Temurin-Hotspot_jdk\17.0.16-8\x64\bin;C:\Program Files\ImageMagick-7.1.2-Q16-HDRI;C:\Program Files\Microsoft SDKs\Azure\CLI2\wbin;C:\ProgramData\kind;C:\ProgramData\Chocolatey\bin;C:\Windows\system32;C:\Windows;C:\Windows\System32\Wbem;C:\Windows\System32\WindowsPowerShell\v1.0\;C:\Windows\System32\OpenSSH\;C:\Program Files\PowerShell\7\;C:\Program Files\Microsoft\Web Platform Installer\;C:\Program Files\Microsoft SQL Server\Client SDK\ODBC\170\Tools\Binn\;C:\Program Files\Microsoft SQL Server\150\Tools\Binn\;C:\Program Files\dotnet\;C:\Program Files (x86)\Windows Kits\10\Windows Performance Toolkit\;C:\Program Files (x86)\WiX Toolset v3.14\bin;C:\Program Files\Microsoft SQL Server\130\DTS\Binn\;C:\Program Files\Microsoft SQL Server\140\DTS\Binn\;C:\Program Files\Microsoft SQL Server\150\DTS\Binn\;C:\Program Files\Microsoft SQL Server\160\DTS\Binn\;C:\Program Files\Microsoft SQL Server\170\DTS\Binn\;C:\ProgramData\chocolatey\lib\pulumi\tools\Pulumi\bin;C:\Program Files\CMake\bin;C:\Strawberry\c\bin;C:\Strawberry\perl\site\bin;C:\Strawberry\perl\bin;C:\ProgramData\chocolatey\lib\maven\apache-maven-3.9.11\bin;C:\Program Files\Microsoft Service Fabric\bin\Fabric\Fabric.Code;C:\Program Files\Microsoft SDKs\Service Fabric\Tools\ServiceFabricLocalClusterManager;C:\Program Files\nodejs\;C:\Program Files\Git\cmd;C:\Program Files\Git\mingw64\bin;C:\Program Files\Git\usr\bin;C:\Program Files\GitHub CLI\;c:\tools\php;C:\Program Files\Amazon\AWSCLIV2\;C:\Program Files\Amazon\SessionManagerPlugin\bin\;C:\Program Files\Amazon\AWSSAMCLI\bin\;C:\Program Files\Microsoft SQL Server\130\Tools\Binn\;C:\Program Files\mongosh\;C:\Program Files\LLVM\bin;C:\Program Files (x86)\LLVM\bin;C:\Users\runneradmin\.dotnet\tools;C:\Users\runneradmin\.cargo\bin;C:\Users\runneradmin\AppData\Local\Microsoft\WindowsApps;C:\Program Files (x86)\Microsoft Visual Studio\Installer;C:\Program Files\Microsoft Visual Studio\2022\Enterprise\Common7\IDE\CommonExtensions\Microsoft\CMake\CMake\bin;C:\Program Files\Microsoft Visual Studio\2022\Enterprise\Common7\IDE\CommonExtensions\Microsoft\CMake\Ninja;C:\Program Files\Microsoft Visual Studio\2022\Enterprise\Common7\IDE\VC\Linux\bin\ConnectionManagerExe;C:\Program Files\Microsoft Visual Studio\2022\Enterprise\VC\vcpkg
2025-11-01T01:28:53.7412599Z   Platform: x64
2025-11-01T01:28:53.7412770Z   UCRTVersion: 10.0.26100.0
2025-11-01T01:28:53.7413034Z   UniversalCRTSdkDir: C:\Program Files (x86)\Windows Kits\10\
2025-11-01T01:28:53.7413470Z   VCIDEInstallDir: C:\Program Files\Microsoft Visual Studio\2022\Enterprise\Common7\IDE\VC\
2025-11-01T01:28:53.7413929Z   VCINSTALLDIR: C:\Program Files\Microsoft Visual Studio\2022\Enterprise\VC\
2025-11-01T01:28:53.7414347Z   VCPKG_ROOT: C:\Program Files\Microsoft Visual Studio\2022\Enterprise\VC\vcpkg
2025-11-01T01:28:53.7414846Z   VCToolsInstallDir: C:\Program Files\Microsoft Visual Studio\2022\Enterprise\VC\Tools\MSVC\14.44.35207\
2025-11-01T01:28:53.7415430Z   VCToolsRedistDir: C:\Program Files\Microsoft Visual Studio\2022\Enterprise\VC\Redist\MSVC\14.44.35112\
2025-11-01T01:28:53.7415833Z   VCToolsVersion: 14.44.35207
2025-11-01T01:28:53.7416025Z   VisualStudioVersion: 17.0
2025-11-01T01:28:53.7416355Z   VS170COMNTOOLS: C:\Program Files\Microsoft Visual Studio\2022\Enterprise\Common7\Tools\
2025-11-01T01:28:53.7416717Z   VSCMD_ARG_app_plat: Desktop
2025-11-01T01:28:53.7416918Z   VSCMD_ARG_HOST_ARCH: x64
2025-11-01T01:28:53.7417095Z   VSCMD_ARG_TGT_ARCH: x64
2025-11-01T01:28:53.7417266Z   VSCMD_VER: 17.14.18
2025-11-01T01:28:53.7417530Z   VSINSTALLDIR: C:\Program Files\Microsoft Visual Studio\2022\Enterprise\
2025-11-01T01:28:53.7417949Z   VSSDK150INSTALL: C:\Program Files\Microsoft Visual Studio\2022\Enterprise\VSSDK
2025-11-01T01:28:53.7418379Z   VSSDKINSTALL: C:\Program Files\Microsoft Visual Studio\2022\Enterprise\VSSDK
2025-11-01T01:28:53.7418973Z   WindowsLibPath: C:\Program Files (x86)\Windows Kits\10\UnionMetadata\10.0.26100.0;C:\Program Files (x86)\Windows Kits\10\References\10.0.26100.0
2025-11-01T01:28:53.7419538Z   WindowsSdkBinPath: C:\Program Files (x86)\Windows Kits\10\bin\
2025-11-01T01:28:53.7419876Z   WindowsSdkDir: C:\Program Files (x86)\Windows Kits\10\
2025-11-01T01:28:53.7420157Z   WindowsSDKLibVersion: 10.0.26100.0\
2025-11-01T01:28:53.7420511Z   WindowsSdkVerBinPath: C:\Program Files (x86)\Windows Kits\10\bin\10.0.26100.0\
2025-11-01T01:28:53.7421074Z   WindowsSDKVersion: 10.0.26100.0\
2025-11-01T01:28:53.7421483Z   WindowsSDK_ExecutablePath_x64: C:\Program Files (x86)\Microsoft SDKs\Windows\v10.0A\bin\NETFX 4.8 Tools\x64\
2025-11-01T01:28:53.7422074Z   WindowsSDK_ExecutablePath_x86: C:\Program Files (x86)\Microsoft SDKs\Windows\v10.0A\bin\NETFX 4.8 Tools\
2025-11-01T01:28:53.7422462Z   __DOTNET_ADD_64BIT: 1
2025-11-01T01:28:53.7422643Z   __DOTNET_PREFERRED_BITNESS: 64
2025-11-01T01:28:53.7430360Z   __VSCMD_PREINIT_PATH: C:\Program Files\MongoDB\Server\7.0\bin;C:\vcpkg;C:\tools\zstd;C:\hostedtoolcache\windows\stack\3.7.1\x64;C:\cabal\bin;C:\\ghcup\bin;C:\mingw64\bin;C:\Program Files\dotnet;C:\Program Files\MySQL\MySQL Server 8.0\bin;C:\Program Files\R\R-4.5.1\bin\x64;C:\SeleniumWebDrivers\GeckoDriver;C:\SeleniumWebDrivers\EdgeDriver\;C:\SeleniumWebDrivers\ChromeDriver;C:\Program Files (x86)\sbt\bin;C:\Program Files (x86)\GitHub CLI;C:\Program Files\Git\bin;C:\Program Files (x86)\pipx_bin;C:\npm\prefix;C:\hostedtoolcache\windows\go\1.24.9\x64\bin;C:\hostedtoolcache\windows\Python\3.9.13\x64\Scripts;C:\hostedtoolcache\windows\Python\3.9.13\x64;C:\hostedtoolcache\windows\Ruby\3.3.9\x64\bin;C:\Program Files\OpenSSL\bin;C:\tools\kotlinc\bin;C:\hostedtoolcache\windows\Java_Temurin-Hotspot_jdk\17.0.16-8\x64\bin;C:\Program Files\ImageMagick-7.1.2-Q16-HDRI;C:\Program Files\Microsoft SDKs\Azure\CLI2\wbin;C:\ProgramData\kind;C:\ProgramData\Chocolatey\bin;C:\Windows\system32;C:\Windows;C:\Windows\System32\Wbem;C:\Windows\System32\WindowsPowerShell\v1.0\;C:\Windows\System32\OpenSSH\;C:\Program Files\PowerShell\7\;C:\Program Files\Microsoft\Web Platform Installer\;C:\Program Files\Microsoft SQL Server\Client SDK\ODBC\170\Tools\Binn\;C:\Program Files\Microsoft SQL Server\150\Tools\Binn\;C:\Program Files\dotnet\;C:\Program Files (x86)\Windows Kits\10\Windows Performance Toolkit\;C:\Program Files (x86)\WiX Toolset v3.14\bin;C:\Program Files\Microsoft SQL Server\130\DTS\Binn\;C:\Program Files\Microsoft SQL Server\140\DTS\Binn\;C:\Program Files\Microsoft SQL Server\150\DTS\Binn\;C:\Program Files\Microsoft SQL Server\160\DTS\Binn\;C:\Program Files\Microsoft SQL Server\170\DTS\Binn\;C:\ProgramData\chocolatey\lib\pulumi\tools\Pulumi\bin;C:\Program Files\CMake\bin;C:\Strawberry\c\bin;C:\Strawberry\perl\site\bin;C:\Strawberry\perl\bin;C:\ProgramData\chocolatey\lib\maven\apache-maven-3.9.11\bin;C:\Program Files\Microsoft Service Fabric\bin\Fabric\Fabric.Code;C:\Program Files\Microsoft SDKs\Service Fabric\Tools\ServiceFabricLocalClusterManager;C:\Program Files\nodejs\;C:\Program Files\Git\cmd;C:\Program Files\Git\mingw64\bin;C:\Program Files\Git\usr\bin;C:\Program Files\GitHub CLI\;c:\tools\php;C:\Program Files (x86)\sbt\bin;C:\Program Files\Amazon\AWSCLIV2\;C:\Program Files\Amazon\SessionManagerPlugin\bin\;C:\Program Files\Amazon\AWSSAMCLI\bin\;C:\Program Files\Microsoft SQL Server\130\Tools\Binn\;C:\Program Files\mongosh\;C:\Program Files\LLVM\bin;C:\Program Files (x86)\LLVM\bin;C:\Users\runneradmin\.dotnet\tools;C:\Users\runneradmin\.cargo\bin;C:\Users\runneradmin\AppData\Local\Microsoft\WindowsApps;C:\Program Files (x86)\Microsoft Visual Studio\Installer
2025-11-01T01:28:53.7437889Z ##[endgroup]
2025-11-01T01:28:54.6167971Z Resolved version: 1.1.19 (tag: v1.1.19)
2025-11-01T01:28:54.7262552Z ##[group]Run echo Building base version %VERSION_BASE%
2025-11-01T01:28:54.7263198Z [36;1mecho Building base version %VERSION_BASE%[0m
2025-11-01T01:28:54.7263507Z [36;1mecho Building semantic version %VERSION_SEMVER%[0m
2025-11-01T01:28:54.7288934Z shell: C:\Windows\system32\cmd.EXE /D /E:ON /V:OFF /S /C "CALL "{0}""
2025-11-01T01:28:54.7289257Z env:
2025-11-01T01:28:54.7289415Z   CommandPromptType: Native
2025-11-01T01:28:54.7289752Z   DevEnvDir: C:\Program Files\Microsoft Visual Studio\2022\Enterprise\Common7\IDE\
2025-11-01T01:28:54.7290226Z   ExtensionSdkDir: C:\Program Files (x86)\Microsoft SDKs\Windows Kits\10\ExtensionSDKs
2025-11-01T01:28:54.7292280Z   EXTERNAL_INCLUDE: C:\Program Files\Microsoft Visual Studio\2022\Enterprise\VC\Tools\MSVC\14.44.35207\include;C:\Program Files\Microsoft Visual Studio\2022\Enterprise\VC\Tools\MSVC\14.44.35207\ATLMFC\include;C:\Program Files\Microsoft Visual Studio\2022\Enterprise\VC\Auxiliary\VS\include;C:\Program Files (x86)\Windows Kits\10\include\10.0.26100.0\ucrt;C:\Program Files (x86)\Windows Kits\10\\include\10.0.26100.0\\um;C:\Program Files (x86)\Windows Kits\10\\include\10.0.26100.0\\shared;C:\Program Files (x86)\Windows Kits\10\\include\10.0.26100.0\\winrt;C:\Program Files (x86)\Windows Kits\10\\include\10.0.26100.0\\cppwinrt;C:\Program Files (x86)\Windows Kits\NETFXSDK\4.8\include\um
2025-11-01T01:28:54.7294324Z   Framework40Version: v4.0
2025-11-01T01:28:54.7294559Z   FrameworkDir: C:\Windows\Microsoft.NET\Framework64\
2025-11-01T01:28:54.7294864Z   FrameworkDir64: C:\Windows\Microsoft.NET\Framework64\
2025-11-01T01:28:54.7295124Z   FrameworkVersion: v4.0.30319
2025-11-01T01:28:54.7295315Z   FrameworkVersion64: v4.0.30319
2025-11-01T01:28:54.7295780Z   FSHARPINSTALLDIR: C:\Program Files\Microsoft Visual Studio\2022\Enterprise\Common7\IDE\CommonExtensions\Microsoft\FSharp\Tools
2025-11-01T01:28:54.7296314Z   HTMLHelpDir: C:\Program Files (x86)\HTML Help Workshop
2025-11-01T01:28:54.7296739Z   IFCPATH: C:\Program Files\Microsoft Visual Studio\2022\Enterprise\VC\Tools\MSVC\14.44.35207\ifc\x64
2025-11-01T01:28:54.7298724Z   INCLUDE: C:\Program Files\Microsoft Visual Studio\2022\Enterprise\VC\Tools\MSVC\14.44.35207\include;C:\Program Files\Microsoft Visual Studio\2022\Enterprise\VC\Tools\MSVC\14.44.35207\ATLMFC\include;C:\Program Files\Microsoft Visual Studio\2022\Enterprise\VC\Auxiliary\VS\include;C:\Program Files (x86)\Windows Kits\10\include\10.0.26100.0\ucrt;C:\Program Files (x86)\Windows Kits\10\\include\10.0.26100.0\\um;C:\Program Files (x86)\Windows Kits\10\\include\10.0.26100.0\\shared;C:\Program Files (x86)\Windows Kits\10\\include\10.0.26100.0\\winrt;C:\Program Files (x86)\Windows Kits\10\\include\10.0.26100.0\\cppwinrt;C:\Program Files (x86)\Windows Kits\NETFXSDK\4.8\include\um
2025-11-01T01:28:54.7300810Z   is_x64_arch: true
2025-11-01T01:28:54.7301825Z   LIB: C:\Program Files\Microsoft Visual Studio\2022\Enterprise\VC\Tools\MSVC\14.44.35207\ATLMFC\lib\x64;C:\Program Files\Microsoft Visual Studio\2022\Enterprise\VC\Tools\MSVC\14.44.35207\lib\x64;C:\Program Files (x86)\Windows Kits\NETFXSDK\4.8\lib\um\x64;C:\Program Files (x86)\Windows Kits\10\lib\10.0.26100.0\ucrt\x64;C:\Program Files (x86)\Windows Kits\10\\lib\10.0.26100.0\\um\x64
2025-11-01T01:28:54.7304541Z   LIBPATH: C:\Program Files\Microsoft Visual Studio\2022\Enterprise\VC\Tools\MSVC\14.44.35207\ATLMFC\lib\x64;C:\Program Files\Microsoft Visual Studio\2022\Enterprise\VC\Tools\MSVC\14.44.35207\lib\x64;C:\Program Files\Microsoft Visual Studio\2022\Enterprise\VC\Tools\MSVC\14.44.35207\lib\x86\store\references;C:\Program Files (x86)\Windows Kits\10\UnionMetadata\10.0.26100.0;C:\Program Files (x86)\Windows Kits\10\References\10.0.26100.0;C:\Windows\Microsoft.NET\Framework64\v4.0.30319
2025-11-01T01:28:54.7306046Z   NETFXSDKDir: C:\Program Files (x86)\Windows Kits\NETFXSDK\4.8\
2025-11-01T01:28:54.7320952Z   Path: C:\Program Files\Microsoft Visual Studio\2022\Enterprise\VC\Tools\MSVC\14.44.35207\bin\HostX64\x64;C:\Program Files\Microsoft Visual Studio\2022\Enterprise\Common7\IDE\VC\VCPackages;C:\Program Files\Microsoft Visual Studio\2022\Enterprise\Common7\IDE\CommonExtensions\Microsoft\TestWindow;C:\Program Files\Microsoft Visual Studio\2022\Enterprise\Common7\IDE\CommonExtensions\Microsoft\TeamFoundation\Team Explorer;C:\Program Files\Microsoft Visual Studio\2022\Enterprise\MSBuild\Current\bin\Roslyn;C:\Program Files (x86)\Microsoft SDKs\Windows\v10.0A\bin\NETFX 4.8 Tools\x64\;C:\Program Files (x86)\HTML Help Workshop;C:\Program Files\Microsoft Visual Studio\2022\Enterprise\Common7\IDE\CommonExtensions\Microsoft\FSharp\Tools;C:\Program Files\Microsoft Visual Studio\2022\Enterprise\Team Tools\DiagnosticsHub\Collector;C:\Program Files\Microsoft Visual Studio\2022\Enterprise\Common7\IDE\Extensions\Microsoft\CodeCoverage.Console;C:\Program Files\Microsoft Visual Studio\2022\Enterprise\VC\Tools\Llvm\x64\bin;C:\Program Files (x86)\Windows Kits\10\bin\10.0.26100.0\\x64;C:\Program Files (x86)\Windows Kits\10\bin\\x64;C:\Program Files\Microsoft Visual Studio\2022\Enterprise\\MSBuild\Current\Bin\amd64;C:\Windows\Microsoft.NET\Framework64\v4.0.30319;C:\Program Files\Microsoft Visual Studio\2022\Enterprise\Common7\IDE\;C:\Program Files\Microsoft Visual Studio\2022\Enterprise\Common7\Tools\;C:\Program Files\MongoDB\Server\7.0\bin;C:\vcpkg;C:\tools\zstd;C:\hostedtoolcache\windows\stack\3.7.1\x64;C:\cabal\bin;C:\\ghcup\bin;C:\mingw64\bin;C:\Program Files\dotnet;C:\Program Files\MySQL\MySQL Server 8.0\bin;C:\Program Files\R\R-4.5.1\bin\x64;C:\SeleniumWebDrivers\GeckoDriver;C:\SeleniumWebDrivers\EdgeDriver\;C:\SeleniumWebDrivers\ChromeDriver;C:\Program Files (x86)\sbt\bin;C:\Program Files (x86)\GitHub CLI;C:\Program Files\Git\bin;C:\Program Files (x86)\pipx_bin;C:\npm\prefix;C:\hostedtoolcache\windows\go\1.24.9\x64\bin;C:\hostedtoolcache\windows\Python\3.9.13\x64\Scripts;C:\hostedtoolcache\windows\Python\3.9.13\x64;C:\hostedtoolcache\windows\Ruby\3.3.9\x64\bin;C:\Program Files\OpenSSL\bin;C:\tools\kotlinc\bin;C:\hostedtoolcache\windows\Java_Temurin-Hotspot_jdk\17.0.16-8\x64\bin;C:\Program Files\ImageMagick-7.1.2-Q16-HDRI;C:\Program Files\Microsoft SDKs\Azure\CLI2\wbin;C:\ProgramData\kind;C:\ProgramData\Chocolatey\bin;C:\Windows\system32;C:\Windows;C:\Windows\System32\Wbem;C:\Windows\System32\WindowsPowerShell\v1.0\;C:\Windows\System32\OpenSSH\;C:\Program Files\PowerShell\7\;C:\Program Files\Microsoft\Web Platform Installer\;C:\Program Files\Microsoft SQL Server\Client SDK\ODBC\170\Tools\Binn\;C:\Program Files\Microsoft SQL Server\150\Tools\Binn\;C:\Program Files\dotnet\;C:\Program Files (x86)\Windows Kits\10\Windows Performance Toolkit\;C:\Program Files (x86)\WiX Toolset v3.14\bin;C:\Program Files\Microsoft SQL Server\130\DTS\Binn\;C:\Program Files\Microsoft SQL Server\140\DTS\Binn\;C:\Program Files\Microsoft SQL Server\150\DTS\Binn\;C:\Program Files\Microsoft SQL Server\160\DTS\Binn\;C:\Program Files\Microsoft SQL Server\170\DTS\Binn\;C:\ProgramData\chocolatey\lib\pulumi\tools\Pulumi\bin;C:\Program Files\CMake\bin;C:\Strawberry\c\bin;C:\Strawberry\perl\site\bin;C:\Strawberry\perl\bin;C:\ProgramData\chocolatey\lib\maven\apache-maven-3.9.11\bin;C:\Program Files\Microsoft Service Fabric\bin\Fabric\Fabric.Code;C:\Program Files\Microsoft SDKs\Service Fabric\Tools\ServiceFabricLocalClusterManager;C:\Program Files\nodejs\;C:\Program Files\Git\cmd;C:\Program Files\Git\mingw64\bin;C:\Program Files\Git\usr\bin;C:\Program Files\GitHub CLI\;c:\tools\php;C:\Program Files\Amazon\AWSCLIV2\;C:\Program Files\Amazon\SessionManagerPlugin\bin\;C:\Program Files\Amazon\AWSSAMCLI\bin\;C:\Program Files\Microsoft SQL Server\130\Tools\Binn\;C:\Program Files\mongosh\;C:\Program Files\LLVM\bin;C:\Program Files (x86)\LLVM\bin;C:\Users\runneradmin\.dotnet\tools;C:\Users\runneradmin\.cargo\bin;C:\Users\runneradmin\AppData\Local\Microsoft\WindowsApps;C:\Program Files (x86)\Microsoft Visual Studio\Installer;C:\Program Files\Microsoft Visual Studio\2022\Enterprise\Common7\IDE\CommonExtensions\Microsoft\CMake\CMake\bin;C:\Program Files\Microsoft Visual Studio\2022\Enterprise\Common7\IDE\CommonExtensions\Microsoft\CMake\Ninja;C:\Program Files\Microsoft Visual Studio\2022\Enterprise\Common7\IDE\VC\Linux\bin\ConnectionManagerExe;C:\Program Files\Microsoft Visual Studio\2022\Enterprise\VC\vcpkg
2025-11-01T01:28:54.7334257Z   Platform: x64
2025-11-01T01:28:54.7334421Z   UCRTVersion: 10.0.26100.0
2025-11-01T01:28:54.7334689Z   UniversalCRTSdkDir: C:\Program Files (x86)\Windows Kits\10\
2025-11-01T01:28:54.7335119Z   VCIDEInstallDir: C:\Program Files\Microsoft Visual Studio\2022\Enterprise\Common7\IDE\VC\
2025-11-01T01:28:54.7335585Z   VCINSTALLDIR: C:\Program Files\Microsoft Visual Studio\2022\Enterprise\VC\
2025-11-01T01:28:54.7336003Z   VCPKG_ROOT: C:\Program Files\Microsoft Visual Studio\2022\Enterprise\VC\vcpkg
2025-11-01T01:28:54.7336509Z   VCToolsInstallDir: C:\Program Files\Microsoft Visual Studio\2022\Enterprise\VC\Tools\MSVC\14.44.35207\
2025-11-01T01:28:54.7337570Z   VCToolsRedistDir: C:\Program Files\Microsoft Visual Studio\2022\Enterprise\VC\Redist\MSVC\14.44.35112\
2025-11-01T01:28:54.7338114Z   VCToolsVersion: 14.44.35207
2025-11-01T01:28:54.7338699Z   VisualStudioVersion: 17.0
2025-11-01T01:28:54.7339487Z   VS170COMNTOOLS: C:\Program Files\Microsoft Visual Studio\2022\Enterprise\Common7\Tools\
2025-11-01T01:28:54.7339952Z   VSCMD_ARG_app_plat: Desktop
2025-11-01T01:28:54.7340147Z   VSCMD_ARG_HOST_ARCH: x64
2025-11-01T01:28:54.7340320Z   VSCMD_ARG_TGT_ARCH: x64
2025-11-01T01:28:54.7340486Z   VSCMD_VER: 17.14.18
2025-11-01T01:28:54.7340744Z   VSINSTALLDIR: C:\Program Files\Microsoft Visual Studio\2022\Enterprise\
2025-11-01T01:28:54.7341175Z   VSSDK150INSTALL: C:\Program Files\Microsoft Visual Studio\2022\Enterprise\VSSDK
2025-11-01T01:28:54.7341603Z   VSSDKINSTALL: C:\Program Files\Microsoft Visual Studio\2022\Enterprise\VSSDK
2025-11-01T01:28:54.7342207Z   WindowsLibPath: C:\Program Files (x86)\Windows Kits\10\UnionMetadata\10.0.26100.0;C:\Program Files (x86)\Windows Kits\10\References\10.0.26100.0
2025-11-01T01:28:54.7342773Z   WindowsSdkBinPath: C:\Program Files (x86)\Windows Kits\10\bin\
2025-11-01T01:28:54.7343107Z   WindowsSdkDir: C:\Program Files (x86)\Windows Kits\10\
2025-11-01T01:28:54.7343374Z   WindowsSDKLibVersion: 10.0.26100.0\
2025-11-01T01:28:54.7343700Z   WindowsSdkVerBinPath: C:\Program Files (x86)\Windows Kits\10\bin\10.0.26100.0\
2025-11-01T01:28:54.7344023Z   WindowsSDKVersion: 10.0.26100.0\
2025-11-01T01:28:54.7344417Z   WindowsSDK_ExecutablePath_x64: C:\Program Files (x86)\Microsoft SDKs\Windows\v10.0A\bin\NETFX 4.8 Tools\x64\
2025-11-01T01:28:54.7344998Z   WindowsSDK_ExecutablePath_x86: C:\Program Files (x86)\Microsoft SDKs\Windows\v10.0A\bin\NETFX 4.8 Tools\
2025-11-01T01:28:54.7345387Z   __DOTNET_ADD_64BIT: 1
2025-11-01T01:28:54.7345565Z   __DOTNET_PREFERRED_BITNESS: 64
2025-11-01T01:28:54.7353146Z   __VSCMD_PREINIT_PATH: C:\Program Files\MongoDB\Server\7.0\bin;C:\vcpkg;C:\tools\zstd;C:\hostedtoolcache\windows\stack\3.7.1\x64;C:\cabal\bin;C:\\ghcup\bin;C:\mingw64\bin;C:\Program Files\dotnet;C:\Program Files\MySQL\MySQL Server 8.0\bin;C:\Program Files\R\R-4.5.1\bin\x64;C:\SeleniumWebDrivers\GeckoDriver;C:\SeleniumWebDrivers\EdgeDriver\;C:\SeleniumWebDrivers\ChromeDriver;C:\Program Files (x86)\sbt\bin;C:\Program Files (x86)\GitHub CLI;C:\Program Files\Git\bin;C:\Program Files (x86)\pipx_bin;C:\npm\prefix;C:\hostedtoolcache\windows\go\1.24.9\x64\bin;C:\hostedtoolcache\windows\Python\3.9.13\x64\Scripts;C:\hostedtoolcache\windows\Python\3.9.13\x64;C:\hostedtoolcache\windows\Ruby\3.3.9\x64\bin;C:\Program Files\OpenSSL\bin;C:\tools\kotlinc\bin;C:\hostedtoolcache\windows\Java_Temurin-Hotspot_jdk\17.0.16-8\x64\bin;C:\Program Files\ImageMagick-7.1.2-Q16-HDRI;C:\Program Files\Microsoft SDKs\Azure\CLI2\wbin;C:\ProgramData\kind;C:\ProgramData\Chocolatey\bin;C:\Windows\system32;C:\Windows;C:\Windows\System32\Wbem;C:\Windows\System32\WindowsPowerShell\v1.0\;C:\Windows\System32\OpenSSH\;C:\Program Files\PowerShell\7\;C:\Program Files\Microsoft\Web Platform Installer\;C:\Program Files\Microsoft SQL Server\Client SDK\ODBC\170\Tools\Binn\;C:\Program Files\Microsoft SQL Server\150\Tools\Binn\;C:\Program Files\dotnet\;C:\Program Files (x86)\Windows Kits\10\Windows Performance Toolkit\;C:\Program Files (x86)\WiX Toolset v3.14\bin;C:\Program Files\Microsoft SQL Server\130\DTS\Binn\;C:\Program Files\Microsoft SQL Server\140\DTS\Binn\;C:\Program Files\Microsoft SQL Server\150\DTS\Binn\;C:\Program Files\Microsoft SQL Server\160\DTS\Binn\;C:\Program Files\Microsoft SQL Server\170\DTS\Binn\;C:\ProgramData\chocolatey\lib\pulumi\tools\Pulumi\bin;C:\Program Files\CMake\bin;C:\Strawberry\c\bin;C:\Strawberry\perl\site\bin;C:\Strawberry\perl\bin;C:\ProgramData\chocolatey\lib\maven\apache-maven-3.9.11\bin;C:\Program Files\Microsoft Service Fabric\bin\Fabric\Fabric.Code;C:\Program Files\Microsoft SDKs\Service Fabric\Tools\ServiceFabricLocalClusterManager;C:\Program Files\nodejs\;C:\Program Files\Git\cmd;C:\Program Files\Git\mingw64\bin;C:\Program Files\Git\usr\bin;C:\Program Files\GitHub CLI\;c:\tools\php;C:\Program Files (x86)\sbt\bin;C:\Program Files\Amazon\AWSCLIV2\;C:\Program Files\Amazon\SessionManagerPlugin\bin\;C:\Program Files\Amazon\AWSSAMCLI\bin\;C:\Program Files\Microsoft SQL Server\130\Tools\Binn\;C:\Program Files\mongosh\;C:\Program Files\LLVM\bin;C:\Program Files (x86)\LLVM\bin;C:\Users\runneradmin\.dotnet\tools;C:\Users\runneradmin\.cargo\bin;C:\Users\runneradmin\AppData\Local\Microsoft\WindowsApps;C:\Program Files (x86)\Microsoft Visual Studio\Installer
2025-11-01T01:28:54.7361097Z   VERSION_BASE: 1.1.19
2025-11-01T01:28:54.7361263Z   VERSION_SEMVER: 1.1.19
2025-11-01T01:28:54.7361436Z   VERSION_TAG: v1.1.19
2025-11-01T01:28:54.7361604Z ##[endgroup]
2025-11-01T01:28:54.7491793Z Building base version 1.1.19
2025-11-01T01:28:54.7495091Z Building semantic version 1.1.19
2025-11-01T01:28:54.7634413Z ##[group]Run build.cmd %VERSION_SEMVER%
2025-11-01T01:28:54.7634756Z [36;1mbuild.cmd %VERSION_SEMVER%[0m
2025-11-01T01:28:54.7659542Z shell: C:\Windows\system32\cmd.EXE /D /E:ON /V:OFF /S /C "CALL "{0}""
2025-11-01T01:28:54.7659848Z env:
2025-11-01T01:28:54.7659998Z   CommandPromptType: Native
2025-11-01T01:28:54.7660327Z   DevEnvDir: C:\Program Files\Microsoft Visual Studio\2022\Enterprise\Common7\IDE\
2025-11-01T01:28:54.7660790Z   ExtensionSdkDir: C:\Program Files (x86)\Microsoft SDKs\Windows Kits\10\ExtensionSDKs
2025-11-01T01:28:54.7662836Z   EXTERNAL_INCLUDE: C:\Program Files\Microsoft Visual Studio\2022\Enterprise\VC\Tools\MSVC\14.44.35207\include;C:\Program Files\Microsoft Visual Studio\2022\Enterprise\VC\Tools\MSVC\14.44.35207\ATLMFC\include;C:\Program Files\Microsoft Visual Studio\2022\Enterprise\VC\Auxiliary\VS\include;C:\Program Files (x86)\Windows Kits\10\include\10.0.26100.0\ucrt;C:\Program Files (x86)\Windows Kits\10\\include\10.0.26100.0\\um;C:\Program Files (x86)\Windows Kits\10\\include\10.0.26100.0\\shared;C:\Program Files (x86)\Windows Kits\10\\include\10.0.26100.0\\winrt;C:\Program Files (x86)\Windows Kits\10\\include\10.0.26100.0\\cppwinrt;C:\Program Files (x86)\Windows Kits\NETFXSDK\4.8\include\um
2025-11-01T01:28:54.7664727Z   Framework40Version: v4.0
2025-11-01T01:28:54.7664958Z   FrameworkDir: C:\Windows\Microsoft.NET\Framework64\
2025-11-01T01:28:54.7665263Z   FrameworkDir64: C:\Windows\Microsoft.NET\Framework64\
2025-11-01T01:28:54.7665522Z   FrameworkVersion: v4.0.30319
2025-11-01T01:28:54.7665727Z   FrameworkVersion64: v4.0.30319
2025-11-01T01:28:54.7666193Z   FSHARPINSTALLDIR: C:\Program Files\Microsoft Visual Studio\2022\Enterprise\Common7\IDE\CommonExtensions\Microsoft\FSharp\Tools
2025-11-01T01:28:54.7666724Z   HTMLHelpDir: C:\Program Files (x86)\HTML Help Workshop
2025-11-01T01:28:54.7667144Z   IFCPATH: C:\Program Files\Microsoft Visual Studio\2022\Enterprise\VC\Tools\MSVC\14.44.35207\ifc\x64
2025-11-01T01:28:54.7669139Z   INCLUDE: C:\Program Files\Microsoft Visual Studio\2022\Enterprise\VC\Tools\MSVC\14.44.35207\include;C:\Program Files\Microsoft Visual Studio\2022\Enterprise\VC\Tools\MSVC\14.44.35207\ATLMFC\include;C:\Program Files\Microsoft Visual Studio\2022\Enterprise\VC\Auxiliary\VS\include;C:\Program Files (x86)\Windows Kits\10\include\10.0.26100.0\ucrt;C:\Program Files (x86)\Windows Kits\10\\include\10.0.26100.0\\um;C:\Program Files (x86)\Windows Kits\10\\include\10.0.26100.0\\shared;C:\Program Files (x86)\Windows Kits\10\\include\10.0.26100.0\\winrt;C:\Program Files (x86)\Windows Kits\10\\include\10.0.26100.0\\cppwinrt;C:\Program Files (x86)\Windows Kits\NETFXSDK\4.8\include\um
2025-11-01T01:28:54.7670968Z   is_x64_arch: true
2025-11-01T01:28:54.7671997Z   LIB: C:\Program Files\Microsoft Visual Studio\2022\Enterprise\VC\Tools\MSVC\14.44.35207\ATLMFC\lib\x64;C:\Program Files\Microsoft Visual Studio\2022\Enterprise\VC\Tools\MSVC\14.44.35207\lib\x64;C:\Program Files (x86)\Windows Kits\NETFXSDK\4.8\lib\um\x64;C:\Program Files (x86)\Windows Kits\10\lib\10.0.26100.0\ucrt\x64;C:\Program Files (x86)\Windows Kits\10\\lib\10.0.26100.0\\um\x64
2025-11-01T01:28:54.7674404Z   LIBPATH: C:\Program Files\Microsoft Visual Studio\2022\Enterprise\VC\Tools\MSVC\14.44.35207\ATLMFC\lib\x64;C:\Program Files\Microsoft Visual Studio\2022\Enterprise\VC\Tools\MSVC\14.44.35207\lib\x64;C:\Program Files\Microsoft Visual Studio\2022\Enterprise\VC\Tools\MSVC\14.44.35207\lib\x86\store\references;C:\Program Files (x86)\Windows Kits\10\UnionMetadata\10.0.26100.0;C:\Program Files (x86)\Windows Kits\10\References\10.0.26100.0;C:\Windows\Microsoft.NET\Framework64\v4.0.30319
2025-11-01T01:28:54.7675855Z   NETFXSDKDir: C:\Program Files (x86)\Windows Kits\NETFXSDK\4.8\
2025-11-01T01:28:54.7690579Z   Path: C:\Program Files\Microsoft Visual Studio\2022\Enterprise\VC\Tools\MSVC\14.44.35207\bin\HostX64\x64;C:\Program Files\Microsoft Visual Studio\2022\Enterprise\Common7\IDE\VC\VCPackages;C:\Program Files\Microsoft Visual Studio\2022\Enterprise\Common7\IDE\CommonExtensions\Microsoft\TestWindow;C:\Program Files\Microsoft Visual Studio\2022\Enterprise\Common7\IDE\CommonExtensions\Microsoft\TeamFoundation\Team Explorer;C:\Program Files\Microsoft Visual Studio\2022\Enterprise\MSBuild\Current\bin\Roslyn;C:\Program Files (x86)\Microsoft SDKs\Windows\v10.0A\bin\NETFX 4.8 Tools\x64\;C:\Program Files (x86)\HTML Help Workshop;C:\Program Files\Microsoft Visual Studio\2022\Enterprise\Common7\IDE\CommonExtensions\Microsoft\FSharp\Tools;C:\Program Files\Microsoft Visual Studio\2022\Enterprise\Team Tools\DiagnosticsHub\Collector;C:\Program Files\Microsoft Visual Studio\2022\Enterprise\Common7\IDE\Extensions\Microsoft\CodeCoverage.Console;C:\Program Files\Microsoft Visual Studio\2022\Enterprise\VC\Tools\Llvm\x64\bin;C:\Program Files (x86)\Windows Kits\10\bin\10.0.26100.0\\x64;C:\Program Files (x86)\Windows Kits\10\bin\\x64;C:\Program Files\Microsoft Visual Studio\2022\Enterprise\\MSBuild\Current\Bin\amd64;C:\Windows\Microsoft.NET\Framework64\v4.0.30319;C:\Program Files\Microsoft Visual Studio\2022\Enterprise\Common7\IDE\;C:\Program Files\Microsoft Visual Studio\2022\Enterprise\Common7\Tools\;C:\Program Files\MongoDB\Server\7.0\bin;C:\vcpkg;C:\tools\zstd;C:\hostedtoolcache\windows\stack\3.7.1\x64;C:\cabal\bin;C:\\ghcup\bin;C:\mingw64\bin;C:\Program Files\dotnet;C:\Program Files\MySQL\MySQL Server 8.0\bin;C:\Program Files\R\R-4.5.1\bin\x64;C:\SeleniumWebDrivers\GeckoDriver;C:\SeleniumWebDrivers\EdgeDriver\;C:\SeleniumWebDrivers\ChromeDriver;C:\Program Files (x86)\sbt\bin;C:\Program Files (x86)\GitHub CLI;C:\Program Files\Git\bin;C:\Program Files (x86)\pipx_bin;C:\npm\prefix;C:\hostedtoolcache\windows\go\1.24.9\x64\bin;C:\hostedtoolcache\windows\Python\3.9.13\x64\Scripts;C:\hostedtoolcache\windows\Python\3.9.13\x64;C:\hostedtoolcache\windows\Ruby\3.3.9\x64\bin;C:\Program Files\OpenSSL\bin;C:\tools\kotlinc\bin;C:\hostedtoolcache\windows\Java_Temurin-Hotspot_jdk\17.0.16-8\x64\bin;C:\Program Files\ImageMagick-7.1.2-Q16-HDRI;C:\Program Files\Microsoft SDKs\Azure\CLI2\wbin;C:\ProgramData\kind;C:\ProgramData\Chocolatey\bin;C:\Windows\system32;C:\Windows;C:\Windows\System32\Wbem;C:\Windows\System32\WindowsPowerShell\v1.0\;C:\Windows\System32\OpenSSH\;C:\Program Files\PowerShell\7\;C:\Program Files\Microsoft\Web Platform Installer\;C:\Program Files\Microsoft SQL Server\Client SDK\ODBC\170\Tools\Binn\;C:\Program Files\Microsoft SQL Server\150\Tools\Binn\;C:\Program Files\dotnet\;C:\Program Files (x86)\Windows Kits\10\Windows Performance Toolkit\;C:\Program Files (x86)\WiX Toolset v3.14\bin;C:\Program Files\Microsoft SQL Server\130\DTS\Binn\;C:\Program Files\Microsoft SQL Server\140\DTS\Binn\;C:\Program Files\Microsoft SQL Server\150\DTS\Binn\;C:\Program Files\Microsoft SQL Server\160\DTS\Binn\;C:\Program Files\Microsoft SQL Server\170\DTS\Binn\;C:\ProgramData\chocolatey\lib\pulumi\tools\Pulumi\bin;C:\Program Files\CMake\bin;C:\Strawberry\c\bin;C:\Strawberry\perl\site\bin;C:\Strawberry\perl\bin;C:\ProgramData\chocolatey\lib\maven\apache-maven-3.9.11\bin;C:\Program Files\Microsoft Service Fabric\bin\Fabric\Fabric.Code;C:\Program Files\Microsoft SDKs\Service Fabric\Tools\ServiceFabricLocalClusterManager;C:\Program Files\nodejs\;C:\Program Files\Git\cmd;C:\Program Files\Git\mingw64\bin;C:\Program Files\Git\usr\bin;C:\Program Files\GitHub CLI\;c:\tools\php;C:\Program Files\Amazon\AWSCLIV2\;C:\Program Files\Amazon\SessionManagerPlugin\bin\;C:\Program Files\Amazon\AWSSAMCLI\bin\;C:\Program Files\Microsoft SQL Server\130\Tools\Binn\;C:\Program Files\mongosh\;C:\Program Files\LLVM\bin;C:\Program Files (x86)\LLVM\bin;C:\Users\runneradmin\.dotnet\tools;C:\Users\runneradmin\.cargo\bin;C:\Users\runneradmin\AppData\Local\Microsoft\WindowsApps;C:\Program Files (x86)\Microsoft Visual Studio\Installer;C:\Program Files\Microsoft Visual Studio\2022\Enterprise\Common7\IDE\CommonExtensions\Microsoft\CMake\CMake\bin;C:\Program Files\Microsoft Visual Studio\2022\Enterprise\Common7\IDE\CommonExtensions\Microsoft\CMake\Ninja;C:\Program Files\Microsoft Visual Studio\2022\Enterprise\Common7\IDE\VC\Linux\bin\ConnectionManagerExe;C:\Program Files\Microsoft Visual Studio\2022\Enterprise\VC\vcpkg
2025-11-01T01:28:54.7703677Z   Platform: x64
2025-11-01T01:28:54.7703849Z   UCRTVersion: 10.0.26100.0
2025-11-01T01:28:54.7704116Z   UniversalCRTSdkDir: C:\Program Files (x86)\Windows Kits\10\
2025-11-01T01:28:54.7704551Z   VCIDEInstallDir: C:\Program Files\Microsoft Visual Studio\2022\Enterprise\Common7\IDE\VC\
2025-11-01T01:28:54.7705019Z   VCINSTALLDIR: C:\Program Files\Microsoft Visual Studio\2022\Enterprise\VC\
2025-11-01T01:28:54.7705439Z   VCPKG_ROOT: C:\Program Files\Microsoft Visual Studio\2022\Enterprise\VC\vcpkg
2025-11-01T01:28:54.7705937Z   VCToolsInstallDir: C:\Program Files\Microsoft Visual Studio\2022\Enterprise\VC\Tools\MSVC\14.44.35207\
2025-11-01T01:28:54.7706525Z   VCToolsRedistDir: C:\Program Files\Microsoft Visual Studio\2022\Enterprise\VC\Redist\MSVC\14.44.35112\
2025-11-01T01:28:54.7706924Z   VCToolsVersion: 14.44.35207
2025-11-01T01:28:54.7707123Z   VisualStudioVersion: 17.0
2025-11-01T01:28:54.7707460Z   VS170COMNTOOLS: C:\Program Files\Microsoft Visual Studio\2022\Enterprise\Common7\Tools\
2025-11-01T01:28:54.7707818Z   VSCMD_ARG_app_plat: Desktop
2025-11-01T01:28:54.7708010Z   VSCMD_ARG_HOST_ARCH: x64
2025-11-01T01:28:54.7708181Z   VSCMD_ARG_TGT_ARCH: x64
2025-11-01T01:28:54.7708348Z   VSCMD_VER: 17.14.18
2025-11-01T01:28:54.7708621Z   VSINSTALLDIR: C:\Program Files\Microsoft Visual Studio\2022\Enterprise\
2025-11-01T01:28:54.7709051Z   VSSDK150INSTALL: C:\Program Files\Microsoft Visual Studio\2022\Enterprise\VSSDK
2025-11-01T01:28:54.7709481Z   VSSDKINSTALL: C:\Program Files\Microsoft Visual Studio\2022\Enterprise\VSSDK
2025-11-01T01:28:54.7710075Z   WindowsLibPath: C:\Program Files (x86)\Windows Kits\10\UnionMetadata\10.0.26100.0;C:\Program Files (x86)\Windows Kits\10\References\10.0.26100.0
2025-11-01T01:28:54.7710641Z   WindowsSdkBinPath: C:\Program Files (x86)\Windows Kits\10\bin\
2025-11-01T01:28:54.7710977Z   WindowsSdkDir: C:\Program Files (x86)\Windows Kits\10\
2025-11-01T01:28:54.7711249Z   WindowsSDKLibVersion: 10.0.26100.0\
2025-11-01T01:28:54.7711576Z   WindowsSdkVerBinPath: C:\Program Files (x86)\Windows Kits\10\bin\10.0.26100.0\
2025-11-01T01:28:54.7711906Z   WindowsSDKVersion: 10.0.26100.0\
2025-11-01T01:28:54.7712300Z   WindowsSDK_ExecutablePath_x64: C:\Program Files (x86)\Microsoft SDKs\Windows\v10.0A\bin\NETFX 4.8 Tools\x64\
2025-11-01T01:28:54.7712881Z   WindowsSDK_ExecutablePath_x86: C:\Program Files (x86)\Microsoft SDKs\Windows\v10.0A\bin\NETFX 4.8 Tools\
2025-11-01T01:28:54.7713268Z   __DOTNET_ADD_64BIT: 1
2025-11-01T01:28:54.7713439Z   __DOTNET_PREFERRED_BITNESS: 64
2025-11-01T01:28:54.7721229Z   __VSCMD_PREINIT_PATH: C:\Program Files\MongoDB\Server\7.0\bin;C:\vcpkg;C:\tools\zstd;C:\hostedtoolcache\windows\stack\3.7.1\x64;C:\cabal\bin;C:\\ghcup\bin;C:\mingw64\bin;C:\Program Files\dotnet;C:\Program Files\MySQL\MySQL Server 8.0\bin;C:\Program Files\R\R-4.5.1\bin\x64;C:\SeleniumWebDrivers\GeckoDriver;C:\SeleniumWebDrivers\EdgeDriver\;C:\SeleniumWebDrivers\ChromeDriver;C:\Program Files (x86)\sbt\bin;C:\Program Files (x86)\GitHub CLI;C:\Program Files\Git\bin;C:\Program Files (x86)\pipx_bin;C:\npm\prefix;C:\hostedtoolcache\windows\go\1.24.9\x64\bin;C:\hostedtoolcache\windows\Python\3.9.13\x64\Scripts;C:\hostedtoolcache\windows\Python\3.9.13\x64;C:\hostedtoolcache\windows\Ruby\3.3.9\x64\bin;C:\Program Files\OpenSSL\bin;C:\tools\kotlinc\bin;C:\hostedtoolcache\windows\Java_Temurin-Hotspot_jdk\17.0.16-8\x64\bin;C:\Program Files\ImageMagick-7.1.2-Q16-HDRI;C:\Program Files\Microsoft SDKs\Azure\CLI2\wbin;C:\ProgramData\kind;C:\ProgramData\Chocolatey\bin;C:\Windows\system32;C:\Windows;C:\Windows\System32\Wbem;C:\Windows\System32\WindowsPowerShell\v1.0\;C:\Windows\System32\OpenSSH\;C:\Program Files\PowerShell\7\;C:\Program Files\Microsoft\Web Platform Installer\;C:\Program Files\Microsoft SQL Server\Client SDK\ODBC\170\Tools\Binn\;C:\Program Files\Microsoft SQL Server\150\Tools\Binn\;C:\Program Files\dotnet\;C:\Program Files (x86)\Windows Kits\10\Windows Performance Toolkit\;C:\Program Files (x86)\WiX Toolset v3.14\bin;C:\Program Files\Microsoft SQL Server\130\DTS\Binn\;C:\Program Files\Microsoft SQL Server\140\DTS\Binn\;C:\Program Files\Microsoft SQL Server\150\DTS\Binn\;C:\Program Files\Microsoft SQL Server\160\DTS\Binn\;C:\Program Files\Microsoft SQL Server\170\DTS\Binn\;C:\ProgramData\chocolatey\lib\pulumi\tools\Pulumi\bin;C:\Program Files\CMake\bin;C:\Strawberry\c\bin;C:\Strawberry\perl\site\bin;C:\Strawberry\perl\bin;C:\ProgramData\chocolatey\lib\maven\apache-maven-3.9.11\bin;C:\Program Files\Microsoft Service Fabric\bin\Fabric\Fabric.Code;C:\Program Files\Microsoft SDKs\Service Fabric\Tools\ServiceFabricLocalClusterManager;C:\Program Files\nodejs\;C:\Program Files\Git\cmd;C:\Program Files\Git\mingw64\bin;C:\Program Files\Git\usr\bin;C:\Program Files\GitHub CLI\;c:\tools\php;C:\Program Files (x86)\sbt\bin;C:\Program Files\Amazon\AWSCLIV2\;C:\Program Files\Amazon\SessionManagerPlugin\bin\;C:\Program Files\Amazon\AWSSAMCLI\bin\;C:\Program Files\Microsoft SQL Server\130\Tools\Binn\;C:\Program Files\mongosh\;C:\Program Files\LLVM\bin;C:\Program Files (x86)\LLVM\bin;C:\Users\runneradmin\.dotnet\tools;C:\Users\runneradmin\.cargo\bin;C:\Users\runneradmin\AppData\Local\Microsoft\WindowsApps;C:\Program Files (x86)\Microsoft Visual Studio\Installer
2025-11-01T01:28:54.7728861Z   VERSION_BASE: 1.1.19
2025-11-01T01:28:54.7729024Z   VERSION_SEMVER: 1.1.19
2025-11-01T01:28:54.7729192Z   VERSION_TAG: v1.1.19
2025-11-01T01:28:54.7729382Z ##[endgroup]
2025-11-01T01:28:54.7928209Z Using provided version: 
2025-11-01T01:28:54.7942387Z Building fontlift 1.1.19...
2025-11-01T01:28:56.2687883Z not was unexpected at this time.
2025-11-01T01:28:56.2717494Z ##[error]Process completed with exit code 255.
2025-11-01T01:28:56.2918710Z Post job cleanup.
2025-11-01T01:28:56.5675743Z [command]"C:\Program Files\Git\bin\git.exe" version
2025-11-01T01:28:56.5977665Z git version 2.51.1.windows.1
2025-11-01T01:28:56.6060919Z Temporarily overriding HOME='D:\a\_temp\33645f6b-2660-4501-886e-7bb2db0d117c' before making global git config changes
2025-11-01T01:28:56.6062014Z Adding repository directory to the temporary git global config as a safe directory
2025-11-01T01:28:56.6075049Z [command]"C:\Program Files\Git\bin\git.exe" config --global --add safe.directory D:\a\fontlift-win-cli\fontlift-win-cli
2025-11-01T01:28:56.6407168Z [command]"C:\Program Files\Git\bin\git.exe" config --local --name-only --get-regexp core\.sshCommand
2025-11-01T01:28:56.6717574Z [command]"C:\Program Files\Git\bin\git.exe" submodule foreach --recursive "sh -c \"git config --local --name-only --get-regexp 'core\.sshCommand' && git config --local --unset-all 'core.sshCommand' || :\""
2025-11-01T01:28:57.2143590Z [command]"C:\Program Files\Git\bin\git.exe" config --local --name-only --get-regexp http\.https\:\/\/github\.com\/\.extraheader
2025-11-01T01:28:57.2412974Z http.https://github.com/.extraheader
2025-11-01T01:28:57.2466884Z [command]"C:\Program Files\Git\bin\git.exe" config --local --unset-all http.https://github.com/.extraheader
2025-11-01T01:28:57.2792459Z [command]"C:\Program Files\Git\bin\git.exe" submodule foreach --recursive "sh -c \"git config --local --name-only --get-regexp 'http\.https\:\/\/github\.com\/\.extraheader' && git config --local --unset-all 'http.https://github.com/.extraheader' || :\""
2025-11-01T01:28:57.8661023Z Cleaning up orphan processes
