2025-11-01T01:07:25.2819516Z Current runner version: '2.329.0'
2025-11-01T01:07:25.2844376Z ##[group]Runner Image Provisioner
2025-11-01T01:07:25.2845094Z Hosted Compute Agent
2025-11-01T01:07:25.2845611Z Version: 20251016.436
2025-11-01T01:07:25.2846139Z Commit: 8ab8ac8bfd662a3739dab9fe09456aba92132568
2025-11-01T01:07:25.2846771Z Build Date: 2025-10-15T20:44:12Z
2025-11-01T01:07:25.2847261Z ##[endgroup]
2025-11-01T01:07:25.2847748Z ##[group]Operating System
2025-11-01T01:07:25.2848244Z Microsoft Windows Server 2025
2025-11-01T01:07:25.2848740Z 10.0.26100
2025-11-01T01:07:25.2849161Z Datacenter
2025-11-01T01:07:25.2849581Z ##[endgroup]
2025-11-01T01:07:25.2849973Z ##[group]Runner Image
2025-11-01T01:07:25.2850484Z Image: windows-2025
2025-11-01T01:07:25.2850964Z Version: 20251021.67.1
2025-11-01T01:07:25.2851878Z Included Software: https://github.com/actions/runner-images/blob/win25/20251021.67/images/windows/Windows2025-Readme.md
2025-11-01T01:07:25.2853614Z Image Release: https://github.com/actions/runner-images/releases/tag/win25%2F20251021.67
2025-11-01T01:07:25.2854858Z ##[endgroup]
2025-11-01T01:07:25.2855815Z ##[group]GITHUB_TOKEN Permissions
2025-11-01T01:07:25.2857550Z Contents: write
2025-11-01T01:07:25.2858031Z Metadata: read
2025-11-01T01:07:25.2858481Z ##[endgroup]
2025-11-01T01:07:25.2860415Z Secret source: Actions
2025-11-01T01:07:25.2861058Z Prepare workflow directory
2025-11-01T01:07:25.3298134Z Prepare all required actions
2025-11-01T01:07:25.3353630Z Getting action download info
2025-11-01T01:07:25.6149702Z Download action repository 'actions/checkout@v4' (SHA:08eba0b27e820071cde6df949e0beb9ba4906955)
2025-11-01T01:07:25.7572854Z Download action repository 'ilammy/msvc-dev-cmd@v1' (SHA:0b201ec74fa43914dc39ae48a89fd1d8cb592756)
2025-11-01T01:07:26.1245217Z Download action repository 'softprops/action-gh-release@v1' (SHA:de2c0eb89ae2a093876385947365aca7b0e5f844)
2025-11-01T01:07:26.5320645Z Complete job name: release
2025-11-01T01:07:26.7068506Z ##[group]Run actions/checkout@v4
2025-11-01T01:07:26.7069730Z with:
2025-11-01T01:07:26.7070129Z   fetch-depth: 0
2025-11-01T01:07:26.7070594Z   repository: fontlaborg/fontlift-win-cli
2025-11-01T01:07:26.7071421Z   token: ***
2025-11-01T01:07:26.7071815Z   ssh-strict: true
2025-11-01T01:07:26.7072225Z   ssh-user: git
2025-11-01T01:07:26.7072638Z   persist-credentials: true
2025-11-01T01:07:26.7073131Z   clean: true
2025-11-01T01:07:26.7073561Z   sparse-checkout-cone-mode: true
2025-11-01T01:07:26.7074096Z   fetch-tags: false
2025-11-01T01:07:26.7074515Z   show-progress: true
2025-11-01T01:07:26.7074942Z   lfs: false
2025-11-01T01:07:26.7075334Z   submodules: false
2025-11-01T01:07:26.7075783Z   set-safe-directory: true
2025-11-01T01:07:26.7076468Z ##[endgroup]
2025-11-01T01:07:26.8944718Z Syncing repository: fontlaborg/fontlift-win-cli
2025-11-01T01:07:26.8947156Z ##[group]Getting Git version info
2025-11-01T01:07:26.8947993Z Working directory is 'D:\a\fontlift-win-cli\fontlift-win-cli'
2025-11-01T01:07:27.0240396Z [command]"C:\Program Files\Git\bin\git.exe" version
2025-11-01T01:07:27.6336277Z git version 2.51.1.windows.1
2025-11-01T01:07:27.6390778Z ##[endgroup]
2025-11-01T01:07:27.6412649Z Temporarily overriding HOME='D:\a\_temp\9609cf5c-96c9-4af0-90a0-f7af22b85493' before making global git config changes
2025-11-01T01:07:27.6415176Z Adding repository directory to the temporary git global config as a safe directory
2025-11-01T01:07:27.6424689Z [command]"C:\Program Files\Git\bin\git.exe" config --global --add safe.directory D:\a\fontlift-win-cli\fontlift-win-cli
2025-11-01T01:07:27.7095112Z Deleting the contents of 'D:\a\fontlift-win-cli\fontlift-win-cli'
2025-11-01T01:07:27.7101736Z ##[group]Initializing the repository
2025-11-01T01:07:27.7111454Z [command]"C:\Program Files\Git\bin\git.exe" init D:\a\fontlift-win-cli\fontlift-win-cli
2025-11-01T01:07:27.8540934Z Initialized empty Git repository in D:/a/fontlift-win-cli/fontlift-win-cli/.git/
2025-11-01T01:07:27.8606921Z [command]"C:\Program Files\Git\bin\git.exe" remote add origin https://github.com/fontlaborg/fontlift-win-cli
2025-11-01T01:07:27.9270578Z ##[endgroup]
2025-11-01T01:07:27.9271873Z ##[group]Disabling automatic garbage collection
2025-11-01T01:07:27.9282036Z [command]"C:\Program Files\Git\bin\git.exe" config --local gc.auto 0
2025-11-01T01:07:27.9586131Z ##[endgroup]
2025-11-01T01:07:27.9587622Z ##[group]Setting up auth
2025-11-01T01:07:27.9600837Z [command]"C:\Program Files\Git\bin\git.exe" config --local --name-only --get-regexp core\.sshCommand
2025-11-01T01:07:27.9935982Z [command]"C:\Program Files\Git\bin\git.exe" submodule foreach --recursive "sh -c \"git config --local --name-only --get-regexp 'core\.sshCommand' && git config --local --unset-all 'core.sshCommand' || :\""
2025-11-01T01:07:29.9774327Z [command]"C:\Program Files\Git\bin\git.exe" config --local --name-only --get-regexp http\.https\:\/\/github\.com\/\.extraheader
2025-11-01T01:07:30.0077790Z [command]"C:\Program Files\Git\bin\git.exe" submodule foreach --recursive "sh -c \"git config --local --name-only --get-regexp 'http\.https\:\/\/github\.com\/\.extraheader' && git config --local --unset-all 'http.https://github.com/.extraheader' || :\""
2025-11-01T01:07:30.5400592Z [command]"C:\Program Files\Git\bin\git.exe" config --local http.https://github.com/.extraheader "AUTHORIZATION: basic ***"
2025-11-01T01:07:30.5728322Z ##[endgroup]
2025-11-01T01:07:30.5729117Z ##[group]Fetching the repository
2025-11-01T01:07:30.5744351Z [command]"C:\Program Files\Git\bin\git.exe" -c protocol.version=2 fetch --prune --no-recurse-submodules origin +refs/heads/*:refs/remotes/origin/* +refs/tags/*:refs/tags/*
2025-11-01T01:07:32.8871471Z From https://github.com/fontlaborg/fontlift-win-cli
2025-11-01T01:07:32.8872244Z  * [new branch]      main       -> origin/main
2025-11-01T01:07:32.8872795Z  * [new tag]         v0.1.0     -> v0.1.0
2025-11-01T01:07:32.8873261Z  * [new tag]         v1.0.0     -> v1.0.0
2025-11-01T01:07:32.8876365Z  * [new tag]         v1.1.0     -> v1.1.0
2025-11-01T01:07:32.8876990Z  * [new tag]         v1.1.1     -> v1.1.1
2025-11-01T01:07:32.8877581Z  * [new tag]         v1.1.10    -> v1.1.10
2025-11-01T01:07:32.8878141Z  * [new tag]         v1.1.11    -> v1.1.11
2025-11-01T01:07:32.8879246Z  * [new tag]         v1.1.12    -> v1.1.12
2025-11-01T01:07:32.8879741Z  * [new tag]         v1.1.13    -> v1.1.13
2025-11-01T01:07:32.8880207Z  * [new tag]         v1.1.14    -> v1.1.14
2025-11-01T01:07:32.8880672Z  * [new tag]         v1.1.2     -> v1.1.2
2025-11-01T01:07:32.8881129Z  * [new tag]         v1.1.3     -> v1.1.3
2025-11-01T01:07:32.8881617Z  * [new tag]         v1.1.4     -> v1.1.4
2025-11-01T01:07:32.8882149Z  * [new tag]         v1.1.5     -> v1.1.5
2025-11-01T01:07:32.8882666Z  * [new tag]         v1.1.6     -> v1.1.6
2025-11-01T01:07:32.8883144Z  * [new tag]         v1.1.7     -> v1.1.7
2025-11-01T01:07:32.8883648Z  * [new tag]         v1.1.8     -> v1.1.8
2025-11-01T01:07:32.8884231Z  * [new tag]         v1.1.9     -> v1.1.9
2025-11-01T01:07:32.9233258Z [command]"C:\Program Files\Git\bin\git.exe" tag --list v1.1.14
2025-11-01T01:07:32.9568836Z v1.1.14
2025-11-01T01:07:32.9615644Z [command]"C:\Program Files\Git\bin\git.exe" rev-parse refs/tags/v1.1.14
2025-11-01T01:07:32.9941769Z 7fe32fdc15d62492240c75b78a93a134fc5ff40f
2025-11-01T01:07:32.9978135Z ##[endgroup]
2025-11-01T01:07:32.9978577Z ##[group]Determining the checkout info
2025-11-01T01:07:32.9980170Z ##[endgroup]
2025-11-01T01:07:32.9990132Z [command]"C:\Program Files\Git\bin\git.exe" sparse-checkout disable
2025-11-01T01:07:33.0477419Z [command]"C:\Program Files\Git\bin\git.exe" config --local --unset-all extensions.worktreeConfig
2025-11-01T01:07:33.0778152Z ##[group]Checking out the ref
2025-11-01T01:07:33.0789113Z [command]"C:\Program Files\Git\bin\git.exe" checkout --progress --force refs/tags/v1.1.14
2025-11-01T01:07:33.1823732Z Note: switching to 'refs/tags/v1.1.14'.
2025-11-01T01:07:33.1824148Z 
2025-11-01T01:07:33.1824540Z You are in 'detached HEAD' state. You can look around, make experimental
2025-11-01T01:07:33.1827790Z changes and commit them, and you can discard any commits you make in this
2025-11-01T01:07:33.1828218Z state without impacting any branches by switching back to a branch.
2025-11-01T01:07:33.1828464Z 
2025-11-01T01:07:33.1828622Z If you want to create a new branch to retain commits you create, you may
2025-11-01T01:07:33.1829006Z do so (now or later) by using -c with the switch command. Example:
2025-11-01T01:07:33.1829219Z 
2025-11-01T01:07:33.1829358Z   git switch -c <new-branch-name>
2025-11-01T01:07:33.1829511Z 
2025-11-01T01:07:33.1829596Z Or undo this operation with:
2025-11-01T01:07:33.1829749Z 
2025-11-01T01:07:33.1829812Z   git switch -
2025-11-01T01:07:33.1829912Z 
2025-11-01T01:07:33.1830097Z Turn off this advice by setting config variable advice.detachedHead to false
2025-11-01T01:07:33.1830369Z 
2025-11-01T01:07:33.1830446Z HEAD is now at 7fe32fd v1.1.14
2025-11-01T01:07:33.1873114Z ##[endgroup]
2025-11-01T01:07:33.2312551Z [command]"C:\Program Files\Git\bin\git.exe" log -1 --format=%H
2025-11-01T01:07:33.2598047Z 7fe32fdc15d62492240c75b78a93a134fc5ff40f
2025-11-01T01:07:33.3028887Z ##[group]Run ilammy/msvc-dev-cmd@v1
2025-11-01T01:07:33.3029182Z with:
2025-11-01T01:07:33.3029331Z   arch: x64
2025-11-01T01:07:33.3029488Z ##[endgroup]
2025-11-01T01:07:33.9825852Z Found with vswhere: C:\Program Files\Microsoft Visual Studio\2022\Enterprise\VC\Auxiliary\Build\vcvarsall.bat
2025-11-01T01:07:48.1492897Z ##[group]Environment variables
2025-11-01T01:07:48.1493363Z Setting CommandPromptType
2025-11-01T01:07:48.1511651Z Setting DevEnvDir
2025-11-01T01:07:48.1517157Z Setting ExtensionSdkDir
2025-11-01T01:07:48.1521362Z Setting EXTERNAL_INCLUDE
2025-11-01T01:07:48.1528439Z Setting Framework40Version
2025-11-01T01:07:48.1532408Z Setting FrameworkDir
2025-11-01T01:07:48.1536259Z Setting FrameworkDir64
2025-11-01T01:07:48.1541702Z Setting FrameworkVersion
2025-11-01T01:07:48.1546349Z Setting FrameworkVersion64
2025-11-01T01:07:48.1552241Z Setting FSHARPINSTALLDIR
2025-11-01T01:07:48.1557524Z Setting HTMLHelpDir
2025-11-01T01:07:48.1561563Z Setting IFCPATH
2025-11-01T01:07:48.1567164Z Setting INCLUDE
2025-11-01T01:07:48.1573155Z Setting is_x64_arch
2025-11-01T01:07:48.1576656Z Setting LIB
2025-11-01T01:07:48.1580174Z Setting LIBPATH
2025-11-01T01:07:48.1583899Z Setting NETFXSDKDir
2025-11-01T01:07:48.1588748Z Setting Path
2025-11-01T01:07:48.1599977Z Setting Platform
2025-11-01T01:07:48.1603429Z Setting UCRTVersion
2025-11-01T01:07:48.1606906Z Setting UniversalCRTSdkDir
2025-11-01T01:07:48.1610376Z Setting VCIDEInstallDir
2025-11-01T01:07:48.1615120Z Setting VCINSTALLDIR
2025-11-01T01:07:48.1618504Z Setting VCPKG_ROOT
2025-11-01T01:07:48.1621784Z Setting VCToolsInstallDir
2025-11-01T01:07:48.1625044Z Setting VCToolsRedistDir
2025-11-01T01:07:48.1627983Z Setting VCToolsVersion
2025-11-01T01:07:48.1631235Z Setting VisualStudioVersion
2025-11-01T01:07:48.1634070Z Setting VS170COMNTOOLS
2025-11-01T01:07:48.1636930Z Setting VSCMD_ARG_app_plat
2025-11-01T01:07:48.1639852Z Setting VSCMD_ARG_HOST_ARCH
2025-11-01T01:07:48.1643109Z Setting VSCMD_ARG_TGT_ARCH
2025-11-01T01:07:48.1645792Z Setting VSCMD_VER
2025-11-01T01:07:48.1649027Z Setting VSINSTALLDIR
2025-11-01T01:07:48.1654981Z Setting VSSDK150INSTALL
2025-11-01T01:07:48.1657763Z Setting VSSDKINSTALL
2025-11-01T01:07:48.1660793Z Setting WindowsLibPath
2025-11-01T01:07:48.1664022Z Setting WindowsSdkBinPath
2025-11-01T01:07:48.1667013Z Setting WindowsSdkDir
2025-11-01T01:07:48.1670252Z Setting WindowsSDKLibVersion
2025-11-01T01:07:48.1673595Z Setting WindowsSdkVerBinPath
2025-11-01T01:07:48.1676980Z Setting WindowsSDKVersion
2025-11-01T01:07:48.1680374Z Setting WindowsSDK_ExecutablePath_x64
2025-11-01T01:07:48.1683872Z Setting WindowsSDK_ExecutablePath_x86
2025-11-01T01:07:48.1686949Z Setting __DOTNET_ADD_64BIT
2025-11-01T01:07:48.1690252Z Setting __DOTNET_PREFERRED_BITNESS
2025-11-01T01:07:48.1693239Z Setting __VSCMD_PREINIT_PATH
2025-11-01T01:07:48.1698054Z ##[endgroup]
2025-11-01T01:07:48.1698622Z Configured Developer Command Prompt
2025-11-01T01:07:48.1925231Z ##[group]Run $ref = $env:GITHUB_REF
2025-11-01T01:07:48.1925812Z [36;1m$ref = $env:GITHUB_REF[0m
2025-11-01T01:07:48.1926049Z [36;1mWrite-Host "GITHUB_REF = $ref"[0m
2025-11-01T01:07:48.1926266Z [36;1m[0m
2025-11-01T01:07:48.1926452Z [36;1m# Extract tag name from refs/tags/vX.Y.Z[0m
2025-11-01T01:07:48.1926739Z [36;1mif ($ref -match '^refs/tags/v?(.+)$') {[0m
2025-11-01T01:07:48.1926989Z [36;1m  $version = $matches[1][0m
2025-11-01T01:07:48.1927239Z [36;1m  Write-Host "Extracted version: $version"[0m
2025-11-01T01:07:48.1927472Z [36;1m} else {[0m
2025-11-01T01:07:48.1927683Z [36;1m  throw "Unable to extract version from ref: $ref"[0m
2025-11-01T01:07:48.1927930Z [36;1m}[0m
2025-11-01T01:07:48.1928066Z [36;1m[0m
2025-11-01T01:07:48.1928319Z [36;1m$json = & scripts/get-version.ps1 -TargetVersion $version -Format Json[0m
2025-11-01T01:07:48.1928709Z [36;1m$info = $json | ConvertFrom-Json[0m
2025-11-01T01:07:48.1929165Z [36;1m"VERSION_BASE=$($info.base)" | Out-File -FilePath $env:GITHUB_ENV -Append -Encoding utf8[0m
2025-11-01T01:07:48.1929689Z [36;1m"VERSION_SEMVER=$($info.semver)" | Out-File -FilePath $env:GITHUB_ENV -Append -Encoding utf8[0m
2025-11-01T01:07:48.1930225Z [36;1m"VERSION_TAG=$($info.tag)" | Out-File -FilePath $env:GITHUB_ENV -Append -Encoding utf8[0m
2025-11-01T01:07:48.1930631Z [36;1mWrite-Host "Building release for $($info.semver)"[0m
2025-11-01T01:07:48.1996851Z shell: C:\Program Files\PowerShell\7\pwsh.EXE -command ". '{0}'"
2025-11-01T01:07:48.1997158Z env:
2025-11-01T01:07:48.1997324Z   CommandPromptType: Native
2025-11-01T01:07:48.1997658Z   DevEnvDir: C:\Program Files\Microsoft Visual Studio\2022\Enterprise\Common7\IDE\
2025-11-01T01:07:48.1998142Z   ExtensionSdkDir: C:\Program Files (x86)\Microsoft SDKs\Windows Kits\10\ExtensionSDKs
2025-11-01T01:07:48.2000192Z   EXTERNAL_INCLUDE: C:\Program Files\Microsoft Visual Studio\2022\Enterprise\VC\Tools\MSVC\14.44.35207\include;C:\Program Files\Microsoft Visual Studio\2022\Enterprise\VC\Tools\MSVC\14.44.35207\ATLMFC\include;C:\Program Files\Microsoft Visual Studio\2022\Enterprise\VC\Auxiliary\VS\include;C:\Program Files (x86)\Windows Kits\10\include\10.0.26100.0\ucrt;C:\Program Files (x86)\Windows Kits\10\\include\10.0.26100.0\\um;C:\Program Files (x86)\Windows Kits\10\\include\10.0.26100.0\\shared;C:\Program Files (x86)\Windows Kits\10\\include\10.0.26100.0\\winrt;C:\Program Files (x86)\Windows Kits\10\\include\10.0.26100.0\\cppwinrt;C:\Program Files (x86)\Windows Kits\NETFXSDK\4.8\include\um
2025-11-01T01:07:48.2002404Z   Framework40Version: v4.0
2025-11-01T01:07:48.2002647Z   FrameworkDir: C:\Windows\Microsoft.NET\Framework64\
2025-11-01T01:07:48.2002951Z   FrameworkDir64: C:\Windows\Microsoft.NET\Framework64\
2025-11-01T01:07:48.2003229Z   FrameworkVersion: v4.0.30319
2025-11-01T01:07:48.2003427Z   FrameworkVersion64: v4.0.30319
2025-11-01T01:07:48.2004134Z   FSHARPINSTALLDIR: C:\Program Files\Microsoft Visual Studio\2022\Enterprise\Common7\IDE\CommonExtensions\Microsoft\FSharp\Tools
2025-11-01T01:07:48.2004693Z   HTMLHelpDir: C:\Program Files (x86)\HTML Help Workshop
2025-11-01T01:07:48.2005115Z   IFCPATH: C:\Program Files\Microsoft Visual Studio\2022\Enterprise\VC\Tools\MSVC\14.44.35207\ifc\x64
2025-11-01T01:07:48.2007130Z   INCLUDE: C:\Program Files\Microsoft Visual Studio\2022\Enterprise\VC\Tools\MSVC\14.44.35207\include;C:\Program Files\Microsoft Visual Studio\2022\Enterprise\VC\Tools\MSVC\14.44.35207\ATLMFC\include;C:\Program Files\Microsoft Visual Studio\2022\Enterprise\VC\Auxiliary\VS\include;C:\Program Files (x86)\Windows Kits\10\include\10.0.26100.0\ucrt;C:\Program Files (x86)\Windows Kits\10\\include\10.0.26100.0\\um;C:\Program Files (x86)\Windows Kits\10\\include\10.0.26100.0\\shared;C:\Program Files (x86)\Windows Kits\10\\include\10.0.26100.0\\winrt;C:\Program Files (x86)\Windows Kits\10\\include\10.0.26100.0\\cppwinrt;C:\Program Files (x86)\Windows Kits\NETFXSDK\4.8\include\um
2025-11-01T01:07:48.2009184Z   is_x64_arch: true
2025-11-01T01:07:48.2011684Z   LIB: C:\Program Files\Microsoft Visual Studio\2022\Enterprise\VC\Tools\MSVC\14.44.35207\ATLMFC\lib\x64;C:\Program Files\Microsoft Visual Studio\2022\Enterprise\VC\Tools\MSVC\14.44.35207\lib\x64;C:\Program Files (x86)\Windows Kits\NETFXSDK\4.8\lib\um\x64;C:\Program Files (x86)\Windows Kits\10\lib\10.0.26100.0\ucrt\x64;C:\Program Files (x86)\Windows Kits\10\\lib\10.0.26100.0\\um\x64
2025-11-01T01:07:48.2014021Z   LIBPATH: C:\Program Files\Microsoft Visual Studio\2022\Enterprise\VC\Tools\MSVC\14.44.35207\ATLMFC\lib\x64;C:\Program Files\Microsoft Visual Studio\2022\Enterprise\VC\Tools\MSVC\14.44.35207\lib\x64;C:\Program Files\Microsoft Visual Studio\2022\Enterprise\VC\Tools\MSVC\14.44.35207\lib\x86\store\references;C:\Program Files (x86)\Windows Kits\10\UnionMetadata\10.0.26100.0;C:\Program Files (x86)\Windows Kits\10\References\10.0.26100.0;C:\Windows\Microsoft.NET\Framework64\v4.0.30319
2025-11-01T01:07:48.2015508Z   NETFXSDKDir: C:\Program Files (x86)\Windows Kits\NETFXSDK\4.8\
2025-11-01T01:07:48.2028797Z   Path: C:\Program Files\Microsoft Visual Studio\2022\Enterprise\VC\Tools\MSVC\14.44.35207\bin\HostX64\x64;C:\Program Files\Microsoft Visual Studio\2022\Enterprise\Common7\IDE\VC\VCPackages;C:\Program Files\Microsoft Visual Studio\2022\Enterprise\Common7\IDE\CommonExtensions\Microsoft\TestWindow;C:\Program Files\Microsoft Visual Studio\2022\Enterprise\Common7\IDE\CommonExtensions\Microsoft\TeamFoundation\Team Explorer;C:\Program Files\Microsoft Visual Studio\2022\Enterprise\MSBuild\Current\bin\Roslyn;C:\Program Files (x86)\Microsoft SDKs\Windows\v10.0A\bin\NETFX 4.8 Tools\x64\;C:\Program Files (x86)\HTML Help Workshop;C:\Program Files\Microsoft Visual Studio\2022\Enterprise\Common7\IDE\CommonExtensions\Microsoft\FSharp\Tools;C:\Program Files\Microsoft Visual Studio\2022\Enterprise\Team Tools\DiagnosticsHub\Collector;C:\Program Files\Microsoft Visual Studio\2022\Enterprise\Common7\IDE\Extensions\Microsoft\CodeCoverage.Console;C:\Program Files\Microsoft Visual Studio\2022\Enterprise\VC\Tools\Llvm\x64\bin;C:\Program Files (x86)\Windows Kits\10\bin\10.0.26100.0\\x64;C:\Program Files (x86)\Windows Kits\10\bin\\x64;C:\Program Files\Microsoft Visual Studio\2022\Enterprise\\MSBuild\Current\Bin\amd64;C:\Windows\Microsoft.NET\Framework64\v4.0.30319;C:\Program Files\Microsoft Visual Studio\2022\Enterprise\Common7\IDE\;C:\Program Files\Microsoft Visual Studio\2022\Enterprise\Common7\Tools\;C:\Program Files\MongoDB\Server\7.0\bin;C:\vcpkg;C:\tools\zstd;C:\hostedtoolcache\windows\stack\3.7.1\x64;C:\cabal\bin;C:\\ghcup\bin;C:\mingw64\bin;C:\Program Files\dotnet;C:\Program Files\MySQL\MySQL Server 8.0\bin;C:\Program Files\R\R-4.5.1\bin\x64;C:\SeleniumWebDrivers\GeckoDriver;C:\SeleniumWebDrivers\EdgeDriver\;C:\SeleniumWebDrivers\ChromeDriver;C:\Program Files (x86)\sbt\bin;C:\Program Files (x86)\GitHub CLI;C:\Program Files\Git\bin;C:\Program Files (x86)\pipx_bin;C:\npm\prefix;C:\hostedtoolcache\windows\go\1.24.9\x64\bin;C:\hostedtoolcache\windows\Python\3.9.13\x64\Scripts;C:\hostedtoolcache\windows\Python\3.9.13\x64;C:\hostedtoolcache\windows\Ruby\3.3.9\x64\bin;C:\Program Files\OpenSSL\bin;C:\tools\kotlinc\bin;C:\hostedtoolcache\windows\Java_Temurin-Hotspot_jdk\17.0.16-8\x64\bin;C:\Program Files\ImageMagick-7.1.2-Q16-HDRI;C:\Program Files\Microsoft SDKs\Azure\CLI2\wbin;C:\ProgramData\kind;C:\ProgramData\Chocolatey\bin;C:\Windows\system32;C:\Windows;C:\Windows\System32\Wbem;C:\Windows\System32\WindowsPowerShell\v1.0\;C:\Windows\System32\OpenSSH\;C:\Program Files\PowerShell\7\;C:\Program Files\Microsoft\Web Platform Installer\;C:\Program Files\Microsoft SQL Server\Client SDK\ODBC\170\Tools\Binn\;C:\Program Files\Microsoft SQL Server\150\Tools\Binn\;C:\Program Files\dotnet\;C:\Program Files (x86)\Windows Kits\10\Windows Performance Toolkit\;C:\Program Files (x86)\WiX Toolset v3.14\bin;C:\Program Files\Microsoft SQL Server\130\DTS\Binn\;C:\Program Files\Microsoft SQL Server\140\DTS\Binn\;C:\Program Files\Microsoft SQL Server\150\DTS\Binn\;C:\Program Files\Microsoft SQL Server\160\DTS\Binn\;C:\Program Files\Microsoft SQL Server\170\DTS\Binn\;C:\ProgramData\chocolatey\lib\pulumi\tools\Pulumi\bin;C:\Program Files\CMake\bin;C:\Strawberry\c\bin;C:\Strawberry\perl\site\bin;C:\Strawberry\perl\bin;C:\ProgramData\chocolatey\lib\maven\apache-maven-3.9.11\bin;C:\Program Files\Microsoft Service Fabric\bin\Fabric\Fabric.Code;C:\Program Files\Microsoft SDKs\Service Fabric\Tools\ServiceFabricLocalClusterManager;C:\Program Files\nodejs\;C:\Program Files\Git\cmd;C:\Program Files\Git\mingw64\bin;C:\Program Files\Git\usr\bin;C:\Program Files\GitHub CLI\;c:\tools\php;C:\Program Files\Amazon\AWSCLIV2\;C:\Program Files\Amazon\SessionManagerPlugin\bin\;C:\Program Files\Amazon\AWSSAMCLI\bin\;C:\Program Files\Microsoft SQL Server\130\Tools\Binn\;C:\Program Files\mongosh\;C:\Program Files\LLVM\bin;C:\Program Files (x86)\LLVM\bin;C:\Users\runneradmin\.dotnet\tools;C:\Users\runneradmin\.cargo\bin;C:\Users\runneradmin\AppData\Local\Microsoft\WindowsApps;C:\Program Files (x86)\Microsoft Visual Studio\Installer;C:\Program Files\Microsoft Visual Studio\2022\Enterprise\Common7\IDE\CommonExtensions\Microsoft\CMake\CMake\bin;C:\Program Files\Microsoft Visual Studio\2022\Enterprise\Common7\IDE\CommonExtensions\Microsoft\CMake\Ninja;C:\Program Files\Microsoft Visual Studio\2022\Enterprise\Common7\IDE\VC\Linux\bin\ConnectionManagerExe;C:\Program Files\Microsoft Visual Studio\2022\Enterprise\VC\vcpkg
2025-11-01T01:07:48.2042346Z   Platform: x64
2025-11-01T01:07:48.2042511Z   UCRTVersion: 10.0.26100.0
2025-11-01T01:07:48.2042771Z   UniversalCRTSdkDir: C:\Program Files (x86)\Windows Kits\10\
2025-11-01T01:07:48.2043203Z   VCIDEInstallDir: C:\Program Files\Microsoft Visual Studio\2022\Enterprise\Common7\IDE\VC\
2025-11-01T01:07:48.2043671Z   VCINSTALLDIR: C:\Program Files\Microsoft Visual Studio\2022\Enterprise\VC\
2025-11-01T01:07:48.2044086Z   VCPKG_ROOT: C:\Program Files\Microsoft Visual Studio\2022\Enterprise\VC\vcpkg
2025-11-01T01:07:48.2044585Z   VCToolsInstallDir: C:\Program Files\Microsoft Visual Studio\2022\Enterprise\VC\Tools\MSVC\14.44.35207\
2025-11-01T01:07:48.2045183Z   VCToolsRedistDir: C:\Program Files\Microsoft Visual Studio\2022\Enterprise\VC\Redist\MSVC\14.44.35112\
2025-11-01T01:07:48.2045580Z   VCToolsVersion: 14.44.35207
2025-11-01T01:07:48.2045805Z   VisualStudioVersion: 17.0
2025-11-01T01:07:48.2046135Z   VS170COMNTOOLS: C:\Program Files\Microsoft Visual Studio\2022\Enterprise\Common7\Tools\
2025-11-01T01:07:48.2046486Z   VSCMD_ARG_app_plat: Desktop
2025-11-01T01:07:48.2046680Z   VSCMD_ARG_HOST_ARCH: x64
2025-11-01T01:07:48.2046864Z   VSCMD_ARG_TGT_ARCH: x64
2025-11-01T01:07:48.2047031Z   VSCMD_VER: 17.14.18
2025-11-01T01:07:48.2047300Z   VSINSTALLDIR: C:\Program Files\Microsoft Visual Studio\2022\Enterprise\
2025-11-01T01:07:48.2047726Z   VSSDK150INSTALL: C:\Program Files\Microsoft Visual Studio\2022\Enterprise\VSSDK
2025-11-01T01:07:48.2048166Z   VSSDKINSTALL: C:\Program Files\Microsoft Visual Studio\2022\Enterprise\VSSDK
2025-11-01T01:07:48.2048765Z   WindowsLibPath: C:\Program Files (x86)\Windows Kits\10\UnionMetadata\10.0.26100.0;C:\Program Files (x86)\Windows Kits\10\References\10.0.26100.0
2025-11-01T01:07:48.2049522Z   WindowsSdkBinPath: C:\Program Files (x86)\Windows Kits\10\bin\
2025-11-01T01:07:48.2049867Z   WindowsSdkDir: C:\Program Files (x86)\Windows Kits\10\
2025-11-01T01:07:48.2050128Z   WindowsSDKLibVersion: 10.0.26100.0\
2025-11-01T01:07:48.2050450Z   WindowsSdkVerBinPath: C:\Program Files (x86)\Windows Kits\10\bin\10.0.26100.0\
2025-11-01T01:07:48.2050781Z   WindowsSDKVersion: 10.0.26100.0\
2025-11-01T01:07:48.2051192Z   WindowsSDK_ExecutablePath_x64: C:\Program Files (x86)\Microsoft SDKs\Windows\v10.0A\bin\NETFX 4.8 Tools\x64\
2025-11-01T01:07:48.2051783Z   WindowsSDK_ExecutablePath_x86: C:\Program Files (x86)\Microsoft SDKs\Windows\v10.0A\bin\NETFX 4.8 Tools\
2025-11-01T01:07:48.2052167Z   __DOTNET_ADD_64BIT: 1
2025-11-01T01:07:48.2052344Z   __DOTNET_PREFERRED_BITNESS: 64
2025-11-01T01:07:48.2060007Z   __VSCMD_PREINIT_PATH: C:\Program Files\MongoDB\Server\7.0\bin;C:\vcpkg;C:\tools\zstd;C:\hostedtoolcache\windows\stack\3.7.1\x64;C:\cabal\bin;C:\\ghcup\bin;C:\mingw64\bin;C:\Program Files\dotnet;C:\Program Files\MySQL\MySQL Server 8.0\bin;C:\Program Files\R\R-4.5.1\bin\x64;C:\SeleniumWebDrivers\GeckoDriver;C:\SeleniumWebDrivers\EdgeDriver\;C:\SeleniumWebDrivers\ChromeDriver;C:\Program Files (x86)\sbt\bin;C:\Program Files (x86)\GitHub CLI;C:\Program Files\Git\bin;C:\Program Files (x86)\pipx_bin;C:\npm\prefix;C:\hostedtoolcache\windows\go\1.24.9\x64\bin;C:\hostedtoolcache\windows\Python\3.9.13\x64\Scripts;C:\hostedtoolcache\windows\Python\3.9.13\x64;C:\hostedtoolcache\windows\Ruby\3.3.9\x64\bin;C:\Program Files\OpenSSL\bin;C:\tools\kotlinc\bin;C:\hostedtoolcache\windows\Java_Temurin-Hotspot_jdk\17.0.16-8\x64\bin;C:\Program Files\ImageMagick-7.1.2-Q16-HDRI;C:\Program Files\Microsoft SDKs\Azure\CLI2\wbin;C:\ProgramData\kind;C:\ProgramData\Chocolatey\bin;C:\Windows\system32;C:\Windows;C:\Windows\System32\Wbem;C:\Windows\System32\WindowsPowerShell\v1.0\;C:\Windows\System32\OpenSSH\;C:\Program Files\PowerShell\7\;C:\Program Files\Microsoft\Web Platform Installer\;C:\Program Files\Microsoft SQL Server\Client SDK\ODBC\170\Tools\Binn\;C:\Program Files\Microsoft SQL Server\150\Tools\Binn\;C:\Program Files\dotnet\;C:\Program Files (x86)\Windows Kits\10\Windows Performance Toolkit\;C:\Program Files (x86)\WiX Toolset v3.14\bin;C:\Program Files\Microsoft SQL Server\130\DTS\Binn\;C:\Program Files\Microsoft SQL Server\140\DTS\Binn\;C:\Program Files\Microsoft SQL Server\150\DTS\Binn\;C:\Program Files\Microsoft SQL Server\160\DTS\Binn\;C:\Program Files\Microsoft SQL Server\170\DTS\Binn\;C:\ProgramData\chocolatey\lib\pulumi\tools\Pulumi\bin;C:\Program Files\CMake\bin;C:\Strawberry\c\bin;C:\Strawberry\perl\site\bin;C:\Strawberry\perl\bin;C:\ProgramData\chocolatey\lib\maven\apache-maven-3.9.11\bin;C:\Program Files\Microsoft Service Fabric\bin\Fabric\Fabric.Code;C:\Program Files\Microsoft SDKs\Service Fabric\Tools\ServiceFabricLocalClusterManager;C:\Program Files\nodejs\;C:\Program Files\Git\cmd;C:\Program Files\Git\mingw64\bin;C:\Program Files\Git\usr\bin;C:\Program Files\GitHub CLI\;c:\tools\php;C:\Program Files (x86)\sbt\bin;C:\Program Files\Amazon\AWSCLIV2\;C:\Program Files\Amazon\SessionManagerPlugin\bin\;C:\Program Files\Amazon\AWSSAMCLI\bin\;C:\Program Files\Microsoft SQL Server\130\Tools\Binn\;C:\Program Files\mongosh\;C:\Program Files\LLVM\bin;C:\Program Files (x86)\LLVM\bin;C:\Users\runneradmin\.dotnet\tools;C:\Users\runneradmin\.cargo\bin;C:\Users\runneradmin\AppData\Local\Microsoft\WindowsApps;C:\Program Files (x86)\Microsoft Visual Studio\Installer
2025-11-01T01:07:48.2067828Z ##[endgroup]
2025-11-01T01:07:48.7180061Z GITHUB_REF = refs/tags/v1.1.14
2025-11-01T01:07:48.7963979Z Extracted version: 1.1.14
2025-11-01T01:07:49.2646442Z [31;1mOperationStopped: [0mD:\a\fontlift-win-cli\fontlift-win-cli\scripts\get-version.ps1:35[0m
2025-11-01T01:07:49.2647332Z [31;1m[0m[36;1mLine |[0m
2025-11-01T01:07:49.2654002Z [31;1m[0m[36;1m[36;1m  35 | [0m         [36;1mthrow [ArgumentException]::new("Version string cannot be empt[0m …[0m
2025-11-01T01:07:49.2654629Z [31;1m[0m[36;1m[36;1m[0m[36;1m[0m[36;1m     | [31;1m         ~~~~~~~~~~~~~~~~~~~~~~~~~~~~~~~~~~~~~~~~~~~~~~~~~~~~~~~~~~~~~[0m
2025-11-01T01:07:49.2655116Z [31;1m[0m[36;1m[36;1m[0m[36;1m[0m[36;1m[31;1m[31;1m[36;1m     | [31;1mVersion string cannot be empty.[0m
2025-11-01T01:07:49.3168638Z ##[error]Process completed with exit code 1.
2025-11-01T01:07:49.3454803Z Post job cleanup.
2025-11-01T01:07:49.6262317Z [command]"C:\Program Files\Git\bin\git.exe" version
2025-11-01T01:07:49.6546740Z git version 2.51.1.windows.1
2025-11-01T01:07:49.6622766Z Temporarily overriding HOME='D:\a\_temp\78c27711-2aaf-4b31-b619-f5a626adcdec' before making global git config changes
2025-11-01T01:07:49.6623729Z Adding repository directory to the temporary git global config as a safe directory
2025-11-01T01:07:49.6636747Z [command]"C:\Program Files\Git\bin\git.exe" config --global --add safe.directory D:\a\fontlift-win-cli\fontlift-win-cli
2025-11-01T01:07:49.6975326Z [command]"C:\Program Files\Git\bin\git.exe" config --local --name-only --get-regexp core\.sshCommand
2025-11-01T01:07:49.7296628Z [command]"C:\Program Files\Git\bin\git.exe" submodule foreach --recursive "sh -c \"git config --local --name-only --get-regexp 'core\.sshCommand' && git config --local --unset-all 'core.sshCommand' || :\""
2025-11-01T01:07:50.3109018Z [command]"C:\Program Files\Git\bin\git.exe" config --local --name-only --get-regexp http\.https\:\/\/github\.com\/\.extraheader
2025-11-01T01:07:50.3375677Z http.https://github.com/.extraheader
2025-11-01T01:07:50.3421722Z [command]"C:\Program Files\Git\bin\git.exe" config --local --unset-all http.https://github.com/.extraheader
2025-11-01T01:07:50.3732908Z [command]"C:\Program Files\Git\bin\git.exe" submodule foreach --recursive "sh -c \"git config --local --name-only --get-regexp 'http\.https\:\/\/github\.com\/\.extraheader' && git config --local --unset-all 'http.https://github.com/.extraheader' || :\""
2025-11-01T01:07:50.9097959Z Cleaning up orphan processes
