2025-11-01T01:14:09.2313344Z Current runner version: '2.329.0'
2025-11-01T01:14:09.2349249Z ##[group]Runner Image Provisioner
2025-11-01T01:14:09.2350408Z Hosted Compute Agent
2025-11-01T01:14:09.2351190Z Version: 20251016.436
2025-11-01T01:14:09.2352248Z Commit: 8ab8ac8bfd662a3739dab9fe09456aba92132568
2025-11-01T01:14:09.2353306Z Build Date: 2025-10-15T20:44:12Z
2025-11-01T01:14:09.2354237Z ##[endgroup]
2025-11-01T01:14:09.2354966Z ##[group]Operating System
2025-11-01T01:14:09.2355970Z Microsoft Windows Server 2025
2025-11-01T01:14:09.2356890Z 10.0.26100
2025-11-01T01:14:09.2357697Z Datacenter
2025-11-01T01:14:09.2358461Z ##[endgroup]
2025-11-01T01:14:09.2359270Z ##[group]Runner Image
2025-11-01T01:14:09.2360114Z Image: windows-2025
2025-11-01T01:14:09.2360920Z Version: 20251021.67.1
2025-11-01T01:14:09.2362860Z Included Software: https://github.com/actions/runner-images/blob/win25/20251021.67/images/windows/Windows2025-Readme.md
2025-11-01T01:14:09.2366151Z Image Release: https://github.com/actions/runner-images/releases/tag/win25%2F20251021.67
2025-11-01T01:14:09.2368320Z ##[endgroup]
2025-11-01T01:14:09.2370177Z ##[group]GITHUB_TOKEN Permissions
2025-11-01T01:14:09.2372653Z Contents: write
2025-11-01T01:14:09.2373603Z Metadata: read
2025-11-01T01:14:09.2374347Z ##[endgroup]
2025-11-01T01:14:09.2377121Z Secret source: Actions
2025-11-01T01:14:09.2378133Z Prepare workflow directory
2025-11-01T01:14:09.2806311Z Prepare all required actions
2025-11-01T01:14:09.2862217Z Getting action download info
2025-11-01T01:14:09.5417619Z Download action repository 'actions/checkout@v4' (SHA:08eba0b27e820071cde6df949e0beb9ba4906955)
2025-11-01T01:14:09.6823520Z Download action repository 'ilammy/msvc-dev-cmd@v1' (SHA:0b201ec74fa43914dc39ae48a89fd1d8cb592756)
2025-11-01T01:14:10.0473991Z Download action repository 'softprops/action-gh-release@v1' (SHA:de2c0eb89ae2a093876385947365aca7b0e5f844)
2025-11-01T01:14:10.4706123Z Complete job name: release
2025-11-01T01:14:10.6269473Z ##[group]Run actions/checkout@v4
2025-11-01T01:14:10.6270456Z with:
2025-11-01T01:14:10.6270809Z   fetch-depth: 0
2025-11-01T01:14:10.6271420Z   repository: fontlaborg/fontlift-win-cli
2025-11-01T01:14:10.6272122Z   token: ***
2025-11-01T01:14:10.6272475Z   ssh-strict: true
2025-11-01T01:14:10.6273095Z   ssh-user: git
2025-11-01T01:14:10.6273478Z   persist-credentials: true
2025-11-01T01:14:10.6273906Z   clean: true
2025-11-01T01:14:10.6274284Z   sparse-checkout-cone-mode: true
2025-11-01T01:14:10.6274735Z   fetch-tags: false
2025-11-01T01:14:10.6275111Z   show-progress: true
2025-11-01T01:14:10.6275481Z   lfs: false
2025-11-01T01:14:10.6275827Z   submodules: false
2025-11-01T01:14:10.6276206Z   set-safe-directory: true
2025-11-01T01:14:10.6276871Z ##[endgroup]
2025-11-01T01:14:10.8072388Z Syncing repository: fontlaborg/fontlift-win-cli
2025-11-01T01:14:10.8075373Z ##[group]Getting Git version info
2025-11-01T01:14:10.8076663Z Working directory is 'D:\a\fontlift-win-cli\fontlift-win-cli'
2025-11-01T01:14:10.9205220Z [command]"C:\Program Files\Git\bin\git.exe" version
2025-11-01T01:14:11.1007502Z git version 2.51.1.windows.1
2025-11-01T01:14:11.1069412Z ##[endgroup]
2025-11-01T01:14:11.1095132Z Temporarily overriding HOME='D:\a\_temp\756257ad-8803-4cac-b78a-f37b1effc53a' before making global git config changes
2025-11-01T01:14:11.1098062Z Adding repository directory to the temporary git global config as a safe directory
2025-11-01T01:14:11.1106542Z [command]"C:\Program Files\Git\bin\git.exe" config --global --add safe.directory D:\a\fontlift-win-cli\fontlift-win-cli
2025-11-01T01:14:11.1408721Z Deleting the contents of 'D:\a\fontlift-win-cli\fontlift-win-cli'
2025-11-01T01:14:11.1415794Z ##[group]Initializing the repository
2025-11-01T01:14:11.1425981Z [command]"C:\Program Files\Git\bin\git.exe" init D:\a\fontlift-win-cli\fontlift-win-cli
2025-11-01T01:14:11.2175514Z Initialized empty Git repository in D:/a/fontlift-win-cli/fontlift-win-cli/.git/
2025-11-01T01:14:11.2237333Z [command]"C:\Program Files\Git\bin\git.exe" remote add origin https://github.com/fontlaborg/fontlift-win-cli
2025-11-01T01:14:11.2721603Z ##[endgroup]
2025-11-01T01:14:11.2723487Z ##[group]Disabling automatic garbage collection
2025-11-01T01:14:11.2735015Z [command]"C:\Program Files\Git\bin\git.exe" config --local gc.auto 0
2025-11-01T01:14:11.3103862Z ##[endgroup]
2025-11-01T01:14:11.3105698Z ##[group]Setting up auth
2025-11-01T01:14:11.3119715Z [command]"C:\Program Files\Git\bin\git.exe" config --local --name-only --get-regexp core\.sshCommand
2025-11-01T01:14:11.3473520Z [command]"C:\Program Files\Git\bin\git.exe" submodule foreach --recursive "sh -c \"git config --local --name-only --get-regexp 'core\.sshCommand' && git config --local --unset-all 'core.sshCommand' || :\""
2025-11-01T01:14:12.3545187Z [command]"C:\Program Files\Git\bin\git.exe" config --local --name-only --get-regexp http\.https\:\/\/github\.com\/\.extraheader
2025-11-01T01:14:12.3865258Z [command]"C:\Program Files\Git\bin\git.exe" submodule foreach --recursive "sh -c \"git config --local --name-only --get-regexp 'http\.https\:\/\/github\.com\/\.extraheader' && git config --local --unset-all 'http.https://github.com/.extraheader' || :\""
2025-11-01T01:14:12.9356537Z [command]"C:\Program Files\Git\bin\git.exe" config --local http.https://github.com/.extraheader "AUTHORIZATION: basic ***"
2025-11-01T01:14:12.9669068Z ##[endgroup]
2025-11-01T01:14:12.9670065Z ##[group]Fetching the repository
2025-11-01T01:14:12.9684501Z [command]"C:\Program Files\Git\bin\git.exe" -c protocol.version=2 fetch --prune --no-recurse-submodules origin +refs/heads/*:refs/remotes/origin/* +refs/tags/*:refs/tags/*
2025-11-01T01:14:13.6983630Z From https://github.com/fontlaborg/fontlift-win-cli
2025-11-01T01:14:13.6984401Z  * [new branch]      main       -> origin/main
2025-11-01T01:14:13.6985129Z  * [new tag]         v0.1.0     -> v0.1.0
2025-11-01T01:14:13.6985817Z  * [new tag]         v1.0.0     -> v1.0.0
2025-11-01T01:14:13.6989058Z  * [new tag]         v1.1.0     -> v1.1.0
2025-11-01T01:14:13.6990162Z  * [new tag]         v1.1.1     -> v1.1.1
2025-11-01T01:14:13.6992217Z  * [new tag]         v1.1.10    -> v1.1.10
2025-11-01T01:14:13.6992824Z  * [new tag]         v1.1.11    -> v1.1.11
2025-11-01T01:14:13.6993293Z  * [new tag]         v1.1.12    -> v1.1.12
2025-11-01T01:14:13.6993756Z  * [new tag]         v1.1.13    -> v1.1.13
2025-11-01T01:14:13.6994194Z  * [new tag]         v1.1.14    -> v1.1.14
2025-11-01T01:14:13.6994623Z  * [new tag]         v1.1.15    -> v1.1.15
2025-11-01T01:14:13.6995072Z  * [new tag]         v1.1.16    -> v1.1.16
2025-11-01T01:14:13.6995516Z  * [new tag]         v1.1.2     -> v1.1.2
2025-11-01T01:14:13.6995972Z  * [new tag]         v1.1.3     -> v1.1.3
2025-11-01T01:14:13.6996431Z  * [new tag]         v1.1.4     -> v1.1.4
2025-11-01T01:14:13.6996842Z  * [new tag]         v1.1.5     -> v1.1.5
2025-11-01T01:14:13.6997268Z  * [new tag]         v1.1.6     -> v1.1.6
2025-11-01T01:14:13.6997703Z  * [new tag]         v1.1.7     -> v1.1.7
2025-11-01T01:14:13.6998124Z  * [new tag]         v1.1.8     -> v1.1.8
2025-11-01T01:14:13.6998635Z  * [new tag]         v1.1.9     -> v1.1.9
2025-11-01T01:14:13.7203503Z [command]"C:\Program Files\Git\bin\git.exe" tag --list v1.1.16
2025-11-01T01:14:13.7480254Z v1.1.16
2025-11-01T01:14:13.7526906Z [command]"C:\Program Files\Git\bin\git.exe" rev-parse refs/tags/v1.1.16
2025-11-01T01:14:13.7854825Z a15ce75e475728df2ea5ecb31cf7547ae772bf7d
2025-11-01T01:14:13.7892806Z ##[endgroup]
2025-11-01T01:14:13.7893330Z ##[group]Determining the checkout info
2025-11-01T01:14:13.7893985Z ##[endgroup]
2025-11-01T01:14:13.7905415Z [command]"C:\Program Files\Git\bin\git.exe" sparse-checkout disable
2025-11-01T01:14:13.8251508Z [command]"C:\Program Files\Git\bin\git.exe" config --local --unset-all extensions.worktreeConfig
2025-11-01T01:14:13.8548235Z ##[group]Checking out the ref
2025-11-01T01:14:13.8559902Z [command]"C:\Program Files\Git\bin\git.exe" checkout --progress --force refs/tags/v1.1.16
2025-11-01T01:14:13.9232166Z Note: switching to 'refs/tags/v1.1.16'.
2025-11-01T01:14:13.9235812Z 
2025-11-01T01:14:13.9236328Z You are in 'detached HEAD' state. You can look around, make experimental
2025-11-01T01:14:13.9237369Z changes and commit them, and you can discard any commits you make in this
2025-11-01T01:14:13.9238333Z state without impacting any branches by switching back to a branch.
2025-11-01T01:14:13.9238933Z 
2025-11-01T01:14:13.9239386Z If you want to create a new branch to retain commits you create, you may
2025-11-01T01:14:13.9240241Z do so (now or later) by using -c with the switch command. Example:
2025-11-01T01:14:13.9240838Z 
2025-11-01T01:14:13.9241302Z   git switch -c <new-branch-name>
2025-11-01T01:14:13.9241741Z 
2025-11-01T01:14:13.9242018Z Or undo this operation with:
2025-11-01T01:14:13.9242408Z 
2025-11-01T01:14:13.9242728Z   git switch -
2025-11-01T01:14:13.9243131Z 
2025-11-01T01:14:13.9243678Z Turn off this advice by setting config variable advice.detachedHead to false
2025-11-01T01:14:13.9244327Z 
2025-11-01T01:14:13.9244562Z HEAD is now at a15ce75 v1.1.16
2025-11-01T01:14:13.9274649Z ##[endgroup]
2025-11-01T01:14:13.9691518Z [command]"C:\Program Files\Git\bin\git.exe" log -1 --format=%H
2025-11-01T01:14:14.0107926Z a15ce75e475728df2ea5ecb31cf7547ae772bf7d
2025-11-01T01:14:14.0481786Z ##[group]Run ilammy/msvc-dev-cmd@v1
2025-11-01T01:14:14.0482117Z with:
2025-11-01T01:14:14.0482278Z   arch: x64
2025-11-01T01:14:14.0482434Z ##[endgroup]
2025-11-01T01:14:14.6414354Z Found with vswhere: C:\Program Files\Microsoft Visual Studio\2022\Enterprise\VC\Auxiliary\Build\vcvarsall.bat
2025-11-01T01:14:23.6973989Z ##[group]Environment variables
2025-11-01T01:14:23.6974489Z Setting CommandPromptType
2025-11-01T01:14:23.6991433Z Setting DevEnvDir
2025-11-01T01:14:23.6996809Z Setting ExtensionSdkDir
2025-11-01T01:14:23.7004566Z Setting EXTERNAL_INCLUDE
2025-11-01T01:14:23.7008042Z Setting Framework40Version
2025-11-01T01:14:23.7011542Z Setting FrameworkDir
2025-11-01T01:14:23.7014986Z Setting FrameworkDir64
2025-11-01T01:14:23.7019638Z Setting FrameworkVersion
2025-11-01T01:14:23.7023322Z Setting FrameworkVersion64
2025-11-01T01:14:23.7027712Z Setting FSHARPINSTALLDIR
2025-11-01T01:14:23.7032089Z Setting HTMLHelpDir
2025-11-01T01:14:23.7035549Z Setting IFCPATH
2025-11-01T01:14:23.7039984Z Setting INCLUDE
2025-11-01T01:14:23.7045200Z Setting is_x64_arch
2025-11-01T01:14:23.7048491Z Setting LIB
2025-11-01T01:14:23.7051790Z Setting LIBPATH
2025-11-01T01:14:23.7062963Z Setting NETFXSDKDir
2025-11-01T01:14:23.7067808Z Setting Path
2025-11-01T01:14:23.7071610Z Setting Platform
2025-11-01T01:14:23.7074660Z Setting UCRTVersion
2025-11-01T01:14:23.7077354Z Setting UniversalCRTSdkDir
2025-11-01T01:14:23.7080405Z Setting VCIDEInstallDir
2025-11-01T01:14:23.7084077Z Setting VCINSTALLDIR
2025-11-01T01:14:23.7086785Z Setting VCPKG_ROOT
2025-11-01T01:14:23.7089900Z Setting VCToolsInstallDir
2025-11-01T01:14:23.7092496Z Setting VCToolsRedistDir
2025-11-01T01:14:23.7096145Z Setting VCToolsVersion
2025-11-01T01:14:23.7099359Z Setting VisualStudioVersion
2025-11-01T01:14:23.7102964Z Setting VS170COMNTOOLS
2025-11-01T01:14:23.7106355Z Setting VSCMD_ARG_app_plat
2025-11-01T01:14:23.7109773Z Setting VSCMD_ARG_HOST_ARCH
2025-11-01T01:14:23.7112983Z Setting VSCMD_ARG_TGT_ARCH
2025-11-01T01:14:23.7116419Z Setting VSCMD_VER
2025-11-01T01:14:23.7119799Z Setting VSINSTALLDIR
2025-11-01T01:14:23.7122914Z Setting VSSDK150INSTALL
2025-11-01T01:14:23.7125915Z Setting VSSDKINSTALL
2025-11-01T01:14:23.7128653Z Setting WindowsLibPath
2025-11-01T01:14:23.7131615Z Setting WindowsSdkBinPath
2025-11-01T01:14:23.7134829Z Setting WindowsSdkDir
2025-11-01T01:14:23.7137612Z Setting WindowsSDKLibVersion
2025-11-01T01:14:23.7140166Z Setting WindowsSdkVerBinPath
2025-11-01T01:14:23.7142737Z Setting WindowsSDKVersion
2025-11-01T01:14:23.7145347Z Setting WindowsSDK_ExecutablePath_x64
2025-11-01T01:14:23.7147987Z Setting WindowsSDK_ExecutablePath_x86
2025-11-01T01:14:23.7150526Z Setting __DOTNET_ADD_64BIT
2025-11-01T01:14:23.7153265Z Setting __DOTNET_PREFERRED_BITNESS
2025-11-01T01:14:23.7156096Z Setting __VSCMD_PREINIT_PATH
2025-11-01T01:14:23.7159864Z ##[endgroup]
2025-11-01T01:14:23.7160154Z Configured Developer Command Prompt
2025-11-01T01:14:23.7404330Z ##[group]Run $ref = $env:GITHUB_REF
2025-11-01T01:14:23.7404742Z [36;1m$ref = $env:GITHUB_REF[0m
2025-11-01T01:14:23.7404980Z [36;1mWrite-Host "GITHUB_REF = $ref"[0m
2025-11-01T01:14:23.7405196Z [36;1m[0m
2025-11-01T01:14:23.7405464Z [36;1m# Multi-level fallback strategy for version resolution[0m
2025-11-01T01:14:23.7405748Z [36;1m$base = $null[0m
2025-11-01T01:14:23.7405920Z [36;1m$semver = $null[0m
2025-11-01T01:14:23.7406094Z [36;1m$tag = $null[0m
2025-11-01T01:14:23.7406243Z [36;1m[0m
2025-11-01T01:14:23.7406504Z [36;1m# Level 1: Try to extract version from tag and validate with get-version.ps1[0m
2025-11-01T01:14:23.7406823Z [36;1mtry {[0m
2025-11-01T01:14:23.7407010Z [36;1m  # Extract tag name from refs/tags/vX.Y.Z[0m
2025-11-01T01:14:23.7407301Z [36;1m  if ($ref -match '^refs/tags/v?(.+)$') {[0m
2025-11-01T01:14:23.7407548Z [36;1m    $version = $matches[1][0m
2025-11-01T01:14:23.7407840Z [36;1m    Write-Host "Extracted version from tag: $version"[0m
2025-11-01T01:14:23.7408154Z [36;1m[0m
2025-11-01T01:14:23.7408347Z [36;1m    # Validate and format with get-version.ps1[0m
2025-11-01T01:14:23.7408778Z [36;1m    $json = & scripts/get-version.ps1 -TargetVersion "$version" -Format Json -ErrorAction Stop[0m
2025-11-01T01:14:23.7409191Z [36;1m    $info = $json | ConvertFrom-Json[0m
2025-11-01T01:14:23.7409421Z [36;1m    $base = $info.base[0m
2025-11-01T01:14:23.7409622Z [36;1m    $semver = $info.semver[0m
2025-11-01T01:14:23.7409820Z [36;1m    $tag = $info.tag[0m
2025-11-01T01:14:23.7410040Z [36;1m    Write-Host "Validated version: $semver"[0m
2025-11-01T01:14:23.7410277Z [36;1m  } else {[0m
2025-11-01T01:14:23.7410496Z [36;1m    throw "Unable to match version pattern in ref: $ref"[0m
2025-11-01T01:14:23.7410764Z [36;1m  }[0m
2025-11-01T01:14:23.7410914Z [36;1m} catch {[0m
2025-11-01T01:14:23.7411097Z [36;1m  Write-Warning "Level 1 failed: $_"[0m
2025-11-01T01:14:23.7411310Z [36;1m[0m
2025-11-01T01:14:23.7411491Z [36;1m  # Level 2: Try to use raw tag name directly[0m
2025-11-01T01:14:23.7411721Z [36;1m  try {[0m
2025-11-01T01:14:23.7411900Z [36;1m    if ($ref -match '^refs/tags/v?(.+)$') {[0m
2025-11-01T01:14:23.7412135Z [36;1m      $version = $matches[1][0m
2025-11-01T01:14:23.7412367Z [36;1m      # Basic version validation: X.Y.Z format[0m
2025-11-01T01:14:23.7412631Z [36;1m      if ($version -match '^\d+\.\d+\.\d+') {[0m
2025-11-01T01:14:23.7412881Z [36;1m        $base = $version -replace '[-+].*$', ''[0m
2025-11-01T01:14:23.7413118Z [36;1m        $semver = $version[0m
2025-11-01T01:14:23.7413312Z [36;1m        $tag = "v$version"[0m
2025-11-01T01:14:23.7413581Z [36;1m        Write-Warning "Level 2: Using raw tag version: $semver"[0m
2025-11-01T01:14:23.7413862Z [36;1m      } else {[0m
2025-11-01T01:14:23.7414067Z [36;1m        throw "Invalid version format: $version"[0m
2025-11-01T01:14:23.7414298Z [36;1m      }[0m
2025-11-01T01:14:23.7414447Z [36;1m    } else {[0m
2025-11-01T01:14:23.7414639Z [36;1m      throw "Cannot extract version from ref"[0m
2025-11-01T01:14:23.7414856Z [36;1m    }[0m
2025-11-01T01:14:23.7415001Z [36;1m  } catch {[0m
2025-11-01T01:14:23.7415176Z [36;1m    Write-Warning "Level 2 failed: $_"[0m
2025-11-01T01:14:23.7415415Z [36;1m[0m
2025-11-01T01:14:23.7415614Z [36;1m    # Level 3: Last resort - use timestamp-based version[0m
2025-11-01T01:14:23.7415926Z [36;1m    $timestamp = Get-Date -Format "yyyyMMdd.HHmmss"[0m
2025-11-01T01:14:23.7416183Z [36;1m    $base = "0.0.0"[0m
2025-11-01T01:14:23.7416380Z [36;1m    $semver = "0.0.0-unknown.$timestamp"[0m
2025-11-01T01:14:23.7416604Z [36;1m    $tag = "v$semver"[0m
2025-11-01T01:14:23.7416865Z [36;1m    Write-Warning "Level 3: Using fallback version: $semver"[0m
2025-11-01T01:14:23.7417352Z [36;1m  }[0m
2025-11-01T01:14:23.7417488Z [36;1m}[0m
2025-11-01T01:14:23.7417614Z [36;1m[0m
2025-11-01T01:14:23.7417757Z [36;1m# Export to GITHUB_ENV[0m
2025-11-01T01:14:23.7419877Z [36;1m"VERSION_BASE=$base" | Out-File -FilePath $env:GITHUB_ENV -Append -Encoding utf8[0m
2025-11-01T01:14:23.7420477Z [36;1m"VERSION_SEMVER=$semver" | Out-File -FilePath $env:GITHUB_ENV -Append -Encoding utf8[0m
2025-11-01T01:14:23.7420967Z [36;1m"VERSION_TAG=$tag" | Out-File -FilePath $env:GITHUB_ENV -Append -Encoding utf8[0m
2025-11-01T01:14:23.7421367Z [36;1mWrite-Host "Final resolved version: $semver (tag: $tag)"[0m
2025-11-01T01:14:23.7489268Z shell: C:\Program Files\PowerShell\7\pwsh.EXE -command ". '{0}'"
2025-11-01T01:14:23.7489589Z env:
2025-11-01T01:14:23.7489749Z   CommandPromptType: Native
2025-11-01T01:14:23.7490087Z   DevEnvDir: C:\Program Files\Microsoft Visual Studio\2022\Enterprise\Common7\IDE\
2025-11-01T01:14:23.7490561Z   ExtensionSdkDir: C:\Program Files (x86)\Microsoft SDKs\Windows Kits\10\ExtensionSDKs
2025-11-01T01:14:23.7492612Z   EXTERNAL_INCLUDE: C:\Program Files\Microsoft Visual Studio\2022\Enterprise\VC\Tools\MSVC\14.44.35207\include;C:\Program Files\Microsoft Visual Studio\2022\Enterprise\VC\Tools\MSVC\14.44.35207\ATLMFC\include;C:\Program Files\Microsoft Visual Studio\2022\Enterprise\VC\Auxiliary\VS\include;C:\Program Files (x86)\Windows Kits\10\include\10.0.26100.0\ucrt;C:\Program Files (x86)\Windows Kits\10\\include\10.0.26100.0\\um;C:\Program Files (x86)\Windows Kits\10\\include\10.0.26100.0\\shared;C:\Program Files (x86)\Windows Kits\10\\include\10.0.26100.0\\winrt;C:\Program Files (x86)\Windows Kits\10\\include\10.0.26100.0\\cppwinrt;C:\Program Files (x86)\Windows Kits\NETFXSDK\4.8\include\um
2025-11-01T01:14:23.7494517Z   Framework40Version: v4.0
2025-11-01T01:14:23.7494756Z   FrameworkDir: C:\Windows\Microsoft.NET\Framework64\
2025-11-01T01:14:23.7495067Z   FrameworkDir64: C:\Windows\Microsoft.NET\Framework64\
2025-11-01T01:14:23.7495329Z   FrameworkVersion: v4.0.30319
2025-11-01T01:14:23.7495536Z   FrameworkVersion64: v4.0.30319
2025-11-01T01:14:23.7496004Z   FSHARPINSTALLDIR: C:\Program Files\Microsoft Visual Studio\2022\Enterprise\Common7\IDE\CommonExtensions\Microsoft\FSharp\Tools
2025-11-01T01:14:23.7496537Z   HTMLHelpDir: C:\Program Files (x86)\HTML Help Workshop
2025-11-01T01:14:23.7496960Z   IFCPATH: C:\Program Files\Microsoft Visual Studio\2022\Enterprise\VC\Tools\MSVC\14.44.35207\ifc\x64
2025-11-01T01:14:23.7498963Z   INCLUDE: C:\Program Files\Microsoft Visual Studio\2022\Enterprise\VC\Tools\MSVC\14.44.35207\include;C:\Program Files\Microsoft Visual Studio\2022\Enterprise\VC\Tools\MSVC\14.44.35207\ATLMFC\include;C:\Program Files\Microsoft Visual Studio\2022\Enterprise\VC\Auxiliary\VS\include;C:\Program Files (x86)\Windows Kits\10\include\10.0.26100.0\ucrt;C:\Program Files (x86)\Windows Kits\10\\include\10.0.26100.0\\um;C:\Program Files (x86)\Windows Kits\10\\include\10.0.26100.0\\shared;C:\Program Files (x86)\Windows Kits\10\\include\10.0.26100.0\\winrt;C:\Program Files (x86)\Windows Kits\10\\include\10.0.26100.0\\cppwinrt;C:\Program Files (x86)\Windows Kits\NETFXSDK\4.8\include\um
2025-11-01T01:14:23.7500808Z   is_x64_arch: true
2025-11-01T01:14:23.7501839Z   LIB: C:\Program Files\Microsoft Visual Studio\2022\Enterprise\VC\Tools\MSVC\14.44.35207\ATLMFC\lib\x64;C:\Program Files\Microsoft Visual Studio\2022\Enterprise\VC\Tools\MSVC\14.44.35207\lib\x64;C:\Program Files (x86)\Windows Kits\NETFXSDK\4.8\lib\um\x64;C:\Program Files (x86)\Windows Kits\10\lib\10.0.26100.0\ucrt\x64;C:\Program Files (x86)\Windows Kits\10\\lib\10.0.26100.0\\um\x64
2025-11-01T01:14:23.7504481Z   LIBPATH: C:\Program Files\Microsoft Visual Studio\2022\Enterprise\VC\Tools\MSVC\14.44.35207\ATLMFC\lib\x64;C:\Program Files\Microsoft Visual Studio\2022\Enterprise\VC\Tools\MSVC\14.44.35207\lib\x64;C:\Program Files\Microsoft Visual Studio\2022\Enterprise\VC\Tools\MSVC\14.44.35207\lib\x86\store\references;C:\Program Files (x86)\Windows Kits\10\UnionMetadata\10.0.26100.0;C:\Program Files (x86)\Windows Kits\10\References\10.0.26100.0;C:\Windows\Microsoft.NET\Framework64\v4.0.30319
2025-11-01T01:14:23.7507171Z   NETFXSDKDir: C:\Program Files (x86)\Windows Kits\NETFXSDK\4.8\
2025-11-01T01:14:23.7519929Z   Path: C:\Program Files\Microsoft Visual Studio\2022\Enterprise\VC\Tools\MSVC\14.44.35207\bin\HostX64\x64;C:\Program Files\Microsoft Visual Studio\2022\Enterprise\Common7\IDE\VC\VCPackages;C:\Program Files\Microsoft Visual Studio\2022\Enterprise\Common7\IDE\CommonExtensions\Microsoft\TestWindow;C:\Program Files\Microsoft Visual Studio\2022\Enterprise\Common7\IDE\CommonExtensions\Microsoft\TeamFoundation\Team Explorer;C:\Program Files\Microsoft Visual Studio\2022\Enterprise\MSBuild\Current\bin\Roslyn;C:\Program Files (x86)\Microsoft SDKs\Windows\v10.0A\bin\NETFX 4.8 Tools\x64\;C:\Program Files (x86)\HTML Help Workshop;C:\Program Files\Microsoft Visual Studio\2022\Enterprise\Common7\IDE\CommonExtensions\Microsoft\FSharp\Tools;C:\Program Files\Microsoft Visual Studio\2022\Enterprise\Team Tools\DiagnosticsHub\Collector;C:\Program Files\Microsoft Visual Studio\2022\Enterprise\Common7\IDE\Extensions\Microsoft\CodeCoverage.Console;C:\Program Files\Microsoft Visual Studio\2022\Enterprise\VC\Tools\Llvm\x64\bin;C:\Program Files (x86)\Windows Kits\10\bin\10.0.26100.0\\x64;C:\Program Files (x86)\Windows Kits\10\bin\\x64;C:\Program Files\Microsoft Visual Studio\2022\Enterprise\\MSBuild\Current\Bin\amd64;C:\Windows\Microsoft.NET\Framework64\v4.0.30319;C:\Program Files\Microsoft Visual Studio\2022\Enterprise\Common7\IDE\;C:\Program Files\Microsoft Visual Studio\2022\Enterprise\Common7\Tools\;C:\Program Files\MongoDB\Server\7.0\bin;C:\vcpkg;C:\tools\zstd;C:\hostedtoolcache\windows\stack\3.7.1\x64;C:\cabal\bin;C:\\ghcup\bin;C:\mingw64\bin;C:\Program Files\dotnet;C:\Program Files\MySQL\MySQL Server 8.0\bin;C:\Program Files\R\R-4.5.1\bin\x64;C:\SeleniumWebDrivers\GeckoDriver;C:\SeleniumWebDrivers\EdgeDriver\;C:\SeleniumWebDrivers\ChromeDriver;C:\Program Files (x86)\sbt\bin;C:\Program Files (x86)\GitHub CLI;C:\Program Files\Git\bin;C:\Program Files (x86)\pipx_bin;C:\npm\prefix;C:\hostedtoolcache\windows\go\1.24.9\x64\bin;C:\hostedtoolcache\windows\Python\3.9.13\x64\Scripts;C:\hostedtoolcache\windows\Python\3.9.13\x64;C:\hostedtoolcache\windows\Ruby\3.3.9\x64\bin;C:\Program Files\OpenSSL\bin;C:\tools\kotlinc\bin;C:\hostedtoolcache\windows\Java_Temurin-Hotspot_jdk\17.0.16-8\x64\bin;C:\Program Files\ImageMagick-7.1.2-Q16-HDRI;C:\Program Files\Microsoft SDKs\Azure\CLI2\wbin;C:\ProgramData\kind;C:\ProgramData\Chocolatey\bin;C:\Windows\system32;C:\Windows;C:\Windows\System32\Wbem;C:\Windows\System32\WindowsPowerShell\v1.0\;C:\Windows\System32\OpenSSH\;C:\Program Files\PowerShell\7\;C:\Program Files\Microsoft\Web Platform Installer\;C:\Program Files\Microsoft SQL Server\Client SDK\ODBC\170\Tools\Binn\;C:\Program Files\Microsoft SQL Server\150\Tools\Binn\;C:\Program Files\dotnet\;C:\Program Files (x86)\Windows Kits\10\Windows Performance Toolkit\;C:\Program Files (x86)\WiX Toolset v3.14\bin;C:\Program Files\Microsoft SQL Server\130\DTS\Binn\;C:\Program Files\Microsoft SQL Server\140\DTS\Binn\;C:\Program Files\Microsoft SQL Server\150\DTS\Binn\;C:\Program Files\Microsoft SQL Server\160\DTS\Binn\;C:\Program Files\Microsoft SQL Server\170\DTS\Binn\;C:\ProgramData\chocolatey\lib\pulumi\tools\Pulumi\bin;C:\Program Files\CMake\bin;C:\Strawberry\c\bin;C:\Strawberry\perl\site\bin;C:\Strawberry\perl\bin;C:\ProgramData\chocolatey\lib\maven\apache-maven-3.9.11\bin;C:\Program Files\Microsoft Service Fabric\bin\Fabric\Fabric.Code;C:\Program Files\Microsoft SDKs\Service Fabric\Tools\ServiceFabricLocalClusterManager;C:\Program Files\nodejs\;C:\Program Files\Git\cmd;C:\Program Files\Git\mingw64\bin;C:\Program Files\Git\usr\bin;C:\Program Files\GitHub CLI\;c:\tools\php;C:\Program Files\Amazon\AWSCLIV2\;C:\Program Files\Amazon\SessionManagerPlugin\bin\;C:\Program Files\Amazon\AWSSAMCLI\bin\;C:\Program Files\Microsoft SQL Server\130\Tools\Binn\;C:\Program Files\mongosh\;C:\Program Files\LLVM\bin;C:\Program Files (x86)\LLVM\bin;C:\Users\runneradmin\.dotnet\tools;C:\Users\runneradmin\.cargo\bin;C:\Users\runneradmin\AppData\Local\Microsoft\WindowsApps;C:\Program Files (x86)\Microsoft Visual Studio\Installer;C:\Program Files\Microsoft Visual Studio\2022\Enterprise\Common7\IDE\CommonExtensions\Microsoft\CMake\CMake\bin;C:\Program Files\Microsoft Visual Studio\2022\Enterprise\Common7\IDE\CommonExtensions\Microsoft\CMake\Ninja;C:\Program Files\Microsoft Visual Studio\2022\Enterprise\Common7\IDE\VC\Linux\bin\ConnectionManagerExe;C:\Program Files\Microsoft Visual Studio\2022\Enterprise\VC\vcpkg
2025-11-01T01:14:23.7533081Z   Platform: x64
2025-11-01T01:14:23.7533242Z   UCRTVersion: 10.0.26100.0
2025-11-01T01:14:23.7533504Z   UniversalCRTSdkDir: C:\Program Files (x86)\Windows Kits\10\
2025-11-01T01:14:23.7533930Z   VCIDEInstallDir: C:\Program Files\Microsoft Visual Studio\2022\Enterprise\Common7\IDE\VC\
2025-11-01T01:14:23.7534393Z   VCINSTALLDIR: C:\Program Files\Microsoft Visual Studio\2022\Enterprise\VC\
2025-11-01T01:14:23.7534812Z   VCPKG_ROOT: C:\Program Files\Microsoft Visual Studio\2022\Enterprise\VC\vcpkg
2025-11-01T01:14:23.7535324Z   VCToolsInstallDir: C:\Program Files\Microsoft Visual Studio\2022\Enterprise\VC\Tools\MSVC\14.44.35207\
2025-11-01T01:14:23.7535918Z   VCToolsRedistDir: C:\Program Files\Microsoft Visual Studio\2022\Enterprise\VC\Redist\MSVC\14.44.35112\
2025-11-01T01:14:23.7536322Z   VCToolsVersion: 14.44.35207
2025-11-01T01:14:23.7536518Z   VisualStudioVersion: 17.0
2025-11-01T01:14:23.7536839Z   VS170COMNTOOLS: C:\Program Files\Microsoft Visual Studio\2022\Enterprise\Common7\Tools\
2025-11-01T01:14:23.7537189Z   VSCMD_ARG_app_plat: Desktop
2025-11-01T01:14:23.7537377Z   VSCMD_ARG_HOST_ARCH: x64
2025-11-01T01:14:23.7537549Z   VSCMD_ARG_TGT_ARCH: x64
2025-11-01T01:14:23.7537716Z   VSCMD_VER: 17.14.18
2025-11-01T01:14:23.7537972Z   VSINSTALLDIR: C:\Program Files\Microsoft Visual Studio\2022\Enterprise\
2025-11-01T01:14:23.7538393Z   VSSDK150INSTALL: C:\Program Files\Microsoft Visual Studio\2022\Enterprise\VSSDK
2025-11-01T01:14:23.7538825Z   VSSDKINSTALL: C:\Program Files\Microsoft Visual Studio\2022\Enterprise\VSSDK
2025-11-01T01:14:23.7539417Z   WindowsLibPath: C:\Program Files (x86)\Windows Kits\10\UnionMetadata\10.0.26100.0;C:\Program Files (x86)\Windows Kits\10\References\10.0.26100.0
2025-11-01T01:14:23.7539981Z   WindowsSdkBinPath: C:\Program Files (x86)\Windows Kits\10\bin\
2025-11-01T01:14:23.7540309Z   WindowsSdkDir: C:\Program Files (x86)\Windows Kits\10\
2025-11-01T01:14:23.7540572Z   WindowsSDKLibVersion: 10.0.26100.0\
2025-11-01T01:14:23.7540896Z   WindowsSdkVerBinPath: C:\Program Files (x86)\Windows Kits\10\bin\10.0.26100.0\
2025-11-01T01:14:23.7541221Z   WindowsSDKVersion: 10.0.26100.0\
2025-11-01T01:14:23.7541614Z   WindowsSDK_ExecutablePath_x64: C:\Program Files (x86)\Microsoft SDKs\Windows\v10.0A\bin\NETFX 4.8 Tools\x64\
2025-11-01T01:14:23.7542193Z   WindowsSDK_ExecutablePath_x86: C:\Program Files (x86)\Microsoft SDKs\Windows\v10.0A\bin\NETFX 4.8 Tools\
2025-11-01T01:14:23.7542589Z   __DOTNET_ADD_64BIT: 1
2025-11-01T01:14:23.7542771Z   __DOTNET_PREFERRED_BITNESS: 64
2025-11-01T01:14:23.7550718Z   __VSCMD_PREINIT_PATH: C:\Program Files\MongoDB\Server\7.0\bin;C:\vcpkg;C:\tools\zstd;C:\hostedtoolcache\windows\stack\3.7.1\x64;C:\cabal\bin;C:\\ghcup\bin;C:\mingw64\bin;C:\Program Files\dotnet;C:\Program Files\MySQL\MySQL Server 8.0\bin;C:\Program Files\R\R-4.5.1\bin\x64;C:\SeleniumWebDrivers\GeckoDriver;C:\SeleniumWebDrivers\EdgeDriver\;C:\SeleniumWebDrivers\ChromeDriver;C:\Program Files (x86)\sbt\bin;C:\Program Files (x86)\GitHub CLI;C:\Program Files\Git\bin;C:\Program Files (x86)\pipx_bin;C:\npm\prefix;C:\hostedtoolcache\windows\go\1.24.9\x64\bin;C:\hostedtoolcache\windows\Python\3.9.13\x64\Scripts;C:\hostedtoolcache\windows\Python\3.9.13\x64;C:\hostedtoolcache\windows\Ruby\3.3.9\x64\bin;C:\Program Files\OpenSSL\bin;C:\tools\kotlinc\bin;C:\hostedtoolcache\windows\Java_Temurin-Hotspot_jdk\17.0.16-8\x64\bin;C:\Program Files\ImageMagick-7.1.2-Q16-HDRI;C:\Program Files\Microsoft SDKs\Azure\CLI2\wbin;C:\ProgramData\kind;C:\ProgramData\Chocolatey\bin;C:\Windows\system32;C:\Windows;C:\Windows\System32\Wbem;C:\Windows\System32\WindowsPowerShell\v1.0\;C:\Windows\System32\OpenSSH\;C:\Program Files\PowerShell\7\;C:\Program Files\Microsoft\Web Platform Installer\;C:\Program Files\Microsoft SQL Server\Client SDK\ODBC\170\Tools\Binn\;C:\Program Files\Microsoft SQL Server\150\Tools\Binn\;C:\Program Files\dotnet\;C:\Program Files (x86)\Windows Kits\10\Windows Performance Toolkit\;C:\Program Files (x86)\WiX Toolset v3.14\bin;C:\Program Files\Microsoft SQL Server\130\DTS\Binn\;C:\Program Files\Microsoft SQL Server\140\DTS\Binn\;C:\Program Files\Microsoft SQL Server\150\DTS\Binn\;C:\Program Files\Microsoft SQL Server\160\DTS\Binn\;C:\Program Files\Microsoft SQL Server\170\DTS\Binn\;C:\ProgramData\chocolatey\lib\pulumi\tools\Pulumi\bin;C:\Program Files\CMake\bin;C:\Strawberry\c\bin;C:\Strawberry\perl\site\bin;C:\Strawberry\perl\bin;C:\ProgramData\chocolatey\lib\maven\apache-maven-3.9.11\bin;C:\Program Files\Microsoft Service Fabric\bin\Fabric\Fabric.Code;C:\Program Files\Microsoft SDKs\Service Fabric\Tools\ServiceFabricLocalClusterManager;C:\Program Files\nodejs\;C:\Program Files\Git\cmd;C:\Program Files\Git\mingw64\bin;C:\Program Files\Git\usr\bin;C:\Program Files\GitHub CLI\;c:\tools\php;C:\Program Files (x86)\sbt\bin;C:\Program Files\Amazon\AWSCLIV2\;C:\Program Files\Amazon\SessionManagerPlugin\bin\;C:\Program Files\Amazon\AWSSAMCLI\bin\;C:\Program Files\Microsoft SQL Server\130\Tools\Binn\;C:\Program Files\mongosh\;C:\Program Files\LLVM\bin;C:\Program Files (x86)\LLVM\bin;C:\Users\runneradmin\.dotnet\tools;C:\Users\runneradmin\.cargo\bin;C:\Users\runneradmin\AppData\Local\Microsoft\WindowsApps;C:\Program Files (x86)\Microsoft Visual Studio\Installer
2025-11-01T01:14:23.7558411Z ##[endgroup]
2025-11-01T01:14:24.2465865Z GITHUB_REF = refs/tags/v1.1.16
2025-11-01T01:14:24.3205864Z Extracted version from tag: 1.1.16
2025-11-01T01:14:24.4434382Z [33;1mWARNING: Level 1 failed: Version string cannot be empty.[0m
2025-11-01T01:14:24.4466556Z [33;1mWARNING: Level 2: Using raw tag version: 1.1.16[0m
2025-11-01T01:14:24.4641759Z Final resolved version: 1.1.16 (tag: v1.1.16)
2025-11-01T01:14:24.5540074Z ##[group]Run build.cmd %VERSION_SEMVER%
2025-11-01T01:14:24.5540431Z [36;1mbuild.cmd %VERSION_SEMVER%[0m
2025-11-01T01:14:24.5565664Z shell: C:\Windows\system32\cmd.EXE /D /E:ON /V:OFF /S /C "CALL "{0}""
2025-11-01T01:14:24.5565986Z env:
2025-11-01T01:14:24.5566145Z   CommandPromptType: Native
2025-11-01T01:14:24.5566478Z   DevEnvDir: C:\Program Files\Microsoft Visual Studio\2022\Enterprise\Common7\IDE\
2025-11-01T01:14:24.5566968Z   ExtensionSdkDir: C:\Program Files (x86)\Microsoft SDKs\Windows Kits\10\ExtensionSDKs
2025-11-01T01:14:24.5569075Z   EXTERNAL_INCLUDE: C:\Program Files\Microsoft Visual Studio\2022\Enterprise\VC\Tools\MSVC\14.44.35207\include;C:\Program Files\Microsoft Visual Studio\2022\Enterprise\VC\Tools\MSVC\14.44.35207\ATLMFC\include;C:\Program Files\Microsoft Visual Studio\2022\Enterprise\VC\Auxiliary\VS\include;C:\Program Files (x86)\Windows Kits\10\include\10.0.26100.0\ucrt;C:\Program Files (x86)\Windows Kits\10\\include\10.0.26100.0\\um;C:\Program Files (x86)\Windows Kits\10\\include\10.0.26100.0\\shared;C:\Program Files (x86)\Windows Kits\10\\include\10.0.26100.0\\winrt;C:\Program Files (x86)\Windows Kits\10\\include\10.0.26100.0\\cppwinrt;C:\Program Files (x86)\Windows Kits\NETFXSDK\4.8\include\um
2025-11-01T01:14:24.5571008Z   Framework40Version: v4.0
2025-11-01T01:14:24.5571262Z   FrameworkDir: C:\Windows\Microsoft.NET\Framework64\
2025-11-01T01:14:24.5571589Z   FrameworkDir64: C:\Windows\Microsoft.NET\Framework64\
2025-11-01T01:14:24.5571862Z   FrameworkVersion: v4.0.30319
2025-11-01T01:14:24.5572063Z   FrameworkVersion64: v4.0.30319
2025-11-01T01:14:24.5572548Z   FSHARPINSTALLDIR: C:\Program Files\Microsoft Visual Studio\2022\Enterprise\Common7\IDE\CommonExtensions\Microsoft\FSharp\Tools
2025-11-01T01:14:24.5573085Z   HTMLHelpDir: C:\Program Files (x86)\HTML Help Workshop
2025-11-01T01:14:24.5573678Z   IFCPATH: C:\Program Files\Microsoft Visual Studio\2022\Enterprise\VC\Tools\MSVC\14.44.35207\ifc\x64
2025-11-01T01:14:24.5575736Z   INCLUDE: C:\Program Files\Microsoft Visual Studio\2022\Enterprise\VC\Tools\MSVC\14.44.35207\include;C:\Program Files\Microsoft Visual Studio\2022\Enterprise\VC\Tools\MSVC\14.44.35207\ATLMFC\include;C:\Program Files\Microsoft Visual Studio\2022\Enterprise\VC\Auxiliary\VS\include;C:\Program Files (x86)\Windows Kits\10\include\10.0.26100.0\ucrt;C:\Program Files (x86)\Windows Kits\10\\include\10.0.26100.0\\um;C:\Program Files (x86)\Windows Kits\10\\include\10.0.26100.0\\shared;C:\Program Files (x86)\Windows Kits\10\\include\10.0.26100.0\\winrt;C:\Program Files (x86)\Windows Kits\10\\include\10.0.26100.0\\cppwinrt;C:\Program Files (x86)\Windows Kits\NETFXSDK\4.8\include\um
2025-11-01T01:14:24.5577607Z   is_x64_arch: true
2025-11-01T01:14:24.5578681Z   LIB: C:\Program Files\Microsoft Visual Studio\2022\Enterprise\VC\Tools\MSVC\14.44.35207\ATLMFC\lib\x64;C:\Program Files\Microsoft Visual Studio\2022\Enterprise\VC\Tools\MSVC\14.44.35207\lib\x64;C:\Program Files (x86)\Windows Kits\NETFXSDK\4.8\lib\um\x64;C:\Program Files (x86)\Windows Kits\10\lib\10.0.26100.0\ucrt\x64;C:\Program Files (x86)\Windows Kits\10\\lib\10.0.26100.0\\um\x64
2025-11-01T01:14:24.5580982Z   LIBPATH: C:\Program Files\Microsoft Visual Studio\2022\Enterprise\VC\Tools\MSVC\14.44.35207\ATLMFC\lib\x64;C:\Program Files\Microsoft Visual Studio\2022\Enterprise\VC\Tools\MSVC\14.44.35207\lib\x64;C:\Program Files\Microsoft Visual Studio\2022\Enterprise\VC\Tools\MSVC\14.44.35207\lib\x86\store\references;C:\Program Files (x86)\Windows Kits\10\UnionMetadata\10.0.26100.0;C:\Program Files (x86)\Windows Kits\10\References\10.0.26100.0;C:\Windows\Microsoft.NET\Framework64\v4.0.30319
2025-11-01T01:14:24.5582466Z   NETFXSDKDir: C:\Program Files (x86)\Windows Kits\NETFXSDK\4.8\
2025-11-01T01:14:24.5597573Z   Path: C:\Program Files\Microsoft Visual Studio\2022\Enterprise\VC\Tools\MSVC\14.44.35207\bin\HostX64\x64;C:\Program Files\Microsoft Visual Studio\2022\Enterprise\Common7\IDE\VC\VCPackages;C:\Program Files\Microsoft Visual Studio\2022\Enterprise\Common7\IDE\CommonExtensions\Microsoft\TestWindow;C:\Program Files\Microsoft Visual Studio\2022\Enterprise\Common7\IDE\CommonExtensions\Microsoft\TeamFoundation\Team Explorer;C:\Program Files\Microsoft Visual Studio\2022\Enterprise\MSBuild\Current\bin\Roslyn;C:\Program Files (x86)\Microsoft SDKs\Windows\v10.0A\bin\NETFX 4.8 Tools\x64\;C:\Program Files (x86)\HTML Help Workshop;C:\Program Files\Microsoft Visual Studio\2022\Enterprise\Common7\IDE\CommonExtensions\Microsoft\FSharp\Tools;C:\Program Files\Microsoft Visual Studio\2022\Enterprise\Team Tools\DiagnosticsHub\Collector;C:\Program Files\Microsoft Visual Studio\2022\Enterprise\Common7\IDE\Extensions\Microsoft\CodeCoverage.Console;C:\Program Files\Microsoft Visual Studio\2022\Enterprise\VC\Tools\Llvm\x64\bin;C:\Program Files (x86)\Windows Kits\10\bin\10.0.26100.0\\x64;C:\Program Files (x86)\Windows Kits\10\bin\\x64;C:\Program Files\Microsoft Visual Studio\2022\Enterprise\\MSBuild\Current\Bin\amd64;C:\Windows\Microsoft.NET\Framework64\v4.0.30319;C:\Program Files\Microsoft Visual Studio\2022\Enterprise\Common7\IDE\;C:\Program Files\Microsoft Visual Studio\2022\Enterprise\Common7\Tools\;C:\Program Files\MongoDB\Server\7.0\bin;C:\vcpkg;C:\tools\zstd;C:\hostedtoolcache\windows\stack\3.7.1\x64;C:\cabal\bin;C:\\ghcup\bin;C:\mingw64\bin;C:\Program Files\dotnet;C:\Program Files\MySQL\MySQL Server 8.0\bin;C:\Program Files\R\R-4.5.1\bin\x64;C:\SeleniumWebDrivers\GeckoDriver;C:\SeleniumWebDrivers\EdgeDriver\;C:\SeleniumWebDrivers\ChromeDriver;C:\Program Files (x86)\sbt\bin;C:\Program Files (x86)\GitHub CLI;C:\Program Files\Git\bin;C:\Program Files (x86)\pipx_bin;C:\npm\prefix;C:\hostedtoolcache\windows\go\1.24.9\x64\bin;C:\hostedtoolcache\windows\Python\3.9.13\x64\Scripts;C:\hostedtoolcache\windows\Python\3.9.13\x64;C:\hostedtoolcache\windows\Ruby\3.3.9\x64\bin;C:\Program Files\OpenSSL\bin;C:\tools\kotlinc\bin;C:\hostedtoolcache\windows\Java_Temurin-Hotspot_jdk\17.0.16-8\x64\bin;C:\Program Files\ImageMagick-7.1.2-Q16-HDRI;C:\Program Files\Microsoft SDKs\Azure\CLI2\wbin;C:\ProgramData\kind;C:\ProgramData\Chocolatey\bin;C:\Windows\system32;C:\Windows;C:\Windows\System32\Wbem;C:\Windows\System32\WindowsPowerShell\v1.0\;C:\Windows\System32\OpenSSH\;C:\Program Files\PowerShell\7\;C:\Program Files\Microsoft\Web Platform Installer\;C:\Program Files\Microsoft SQL Server\Client SDK\ODBC\170\Tools\Binn\;C:\Program Files\Microsoft SQL Server\150\Tools\Binn\;C:\Program Files\dotnet\;C:\Program Files (x86)\Windows Kits\10\Windows Performance Toolkit\;C:\Program Files (x86)\WiX Toolset v3.14\bin;C:\Program Files\Microsoft SQL Server\130\DTS\Binn\;C:\Program Files\Microsoft SQL Server\140\DTS\Binn\;C:\Program Files\Microsoft SQL Server\150\DTS\Binn\;C:\Program Files\Microsoft SQL Server\160\DTS\Binn\;C:\Program Files\Microsoft SQL Server\170\DTS\Binn\;C:\ProgramData\chocolatey\lib\pulumi\tools\Pulumi\bin;C:\Program Files\CMake\bin;C:\Strawberry\c\bin;C:\Strawberry\perl\site\bin;C:\Strawberry\perl\bin;C:\ProgramData\chocolatey\lib\maven\apache-maven-3.9.11\bin;C:\Program Files\Microsoft Service Fabric\bin\Fabric\Fabric.Code;C:\Program Files\Microsoft SDKs\Service Fabric\Tools\ServiceFabricLocalClusterManager;C:\Program Files\nodejs\;C:\Program Files\Git\cmd;C:\Program Files\Git\mingw64\bin;C:\Program Files\Git\usr\bin;C:\Program Files\GitHub CLI\;c:\tools\php;C:\Program Files\Amazon\AWSCLIV2\;C:\Program Files\Amazon\SessionManagerPlugin\bin\;C:\Program Files\Amazon\AWSSAMCLI\bin\;C:\Program Files\Microsoft SQL Server\130\Tools\Binn\;C:\Program Files\mongosh\;C:\Program Files\LLVM\bin;C:\Program Files (x86)\LLVM\bin;C:\Users\runneradmin\.dotnet\tools;C:\Users\runneradmin\.cargo\bin;C:\Users\runneradmin\AppData\Local\Microsoft\WindowsApps;C:\Program Files (x86)\Microsoft Visual Studio\Installer;C:\Program Files\Microsoft Visual Studio\2022\Enterprise\Common7\IDE\CommonExtensions\Microsoft\CMake\CMake\bin;C:\Program Files\Microsoft Visual Studio\2022\Enterprise\Common7\IDE\CommonExtensions\Microsoft\CMake\Ninja;C:\Program Files\Microsoft Visual Studio\2022\Enterprise\Common7\IDE\VC\Linux\bin\ConnectionManagerExe;C:\Program Files\Microsoft Visual Studio\2022\Enterprise\VC\vcpkg
2025-11-01T01:14:24.5611363Z   Platform: x64
2025-11-01T01:14:24.5611541Z   UCRTVersion: 10.0.26100.0
2025-11-01T01:14:24.5611813Z   UniversalCRTSdkDir: C:\Program Files (x86)\Windows Kits\10\
2025-11-01T01:14:24.5612255Z   VCIDEInstallDir: C:\Program Files\Microsoft Visual Studio\2022\Enterprise\Common7\IDE\VC\
2025-11-01T01:14:24.5612736Z   VCINSTALLDIR: C:\Program Files\Microsoft Visual Studio\2022\Enterprise\VC\
2025-11-01T01:14:24.5613173Z   VCPKG_ROOT: C:\Program Files\Microsoft Visual Studio\2022\Enterprise\VC\vcpkg
2025-11-01T01:14:24.5613710Z   VCToolsInstallDir: C:\Program Files\Microsoft Visual Studio\2022\Enterprise\VC\Tools\MSVC\14.44.35207\
2025-11-01T01:14:24.5614320Z   VCToolsRedistDir: C:\Program Files\Microsoft Visual Studio\2022\Enterprise\VC\Redist\MSVC\14.44.35112\
2025-11-01T01:14:24.5614737Z   VCToolsVersion: 14.44.35207
2025-11-01T01:14:24.5614939Z   VisualStudioVersion: 17.0
2025-11-01T01:14:24.5615276Z   VS170COMNTOOLS: C:\Program Files\Microsoft Visual Studio\2022\Enterprise\Common7\Tools\
2025-11-01T01:14:24.5615639Z   VSCMD_ARG_app_plat: Desktop
2025-11-01T01:14:24.5615833Z   VSCMD_ARG_HOST_ARCH: x64
2025-11-01T01:14:24.5616007Z   VSCMD_ARG_TGT_ARCH: x64
2025-11-01T01:14:24.5616181Z   VSCMD_VER: 17.14.18
2025-11-01T01:14:24.5616445Z   VSINSTALLDIR: C:\Program Files\Microsoft Visual Studio\2022\Enterprise\
2025-11-01T01:14:24.5616920Z   VSSDK150INSTALL: C:\Program Files\Microsoft Visual Studio\2022\Enterprise\VSSDK
2025-11-01T01:14:24.5617367Z   VSSDKINSTALL: C:\Program Files\Microsoft Visual Studio\2022\Enterprise\VSSDK
2025-11-01T01:14:24.5617976Z   WindowsLibPath: C:\Program Files (x86)\Windows Kits\10\UnionMetadata\10.0.26100.0;C:\Program Files (x86)\Windows Kits\10\References\10.0.26100.0
2025-11-01T01:14:24.5618555Z   WindowsSdkBinPath: C:\Program Files (x86)\Windows Kits\10\bin\
2025-11-01T01:14:24.5619015Z   WindowsSdkDir: C:\Program Files (x86)\Windows Kits\10\
2025-11-01T01:14:24.5619295Z   WindowsSDKLibVersion: 10.0.26100.0\
2025-11-01T01:14:24.5619628Z   WindowsSdkVerBinPath: C:\Program Files (x86)\Windows Kits\10\bin\10.0.26100.0\
2025-11-01T01:14:24.5619965Z   WindowsSDKVersion: 10.0.26100.0\
2025-11-01T01:14:24.5620378Z   WindowsSDK_ExecutablePath_x64: C:\Program Files (x86)\Microsoft SDKs\Windows\v10.0A\bin\NETFX 4.8 Tools\x64\
2025-11-01T01:14:24.5620974Z   WindowsSDK_ExecutablePath_x86: C:\Program Files (x86)\Microsoft SDKs\Windows\v10.0A\bin\NETFX 4.8 Tools\
2025-11-01T01:14:24.5621370Z   __DOTNET_ADD_64BIT: 1
2025-11-01T01:14:24.5621554Z   __DOTNET_PREFERRED_BITNESS: 64
2025-11-01T01:14:24.5629598Z   __VSCMD_PREINIT_PATH: C:\Program Files\MongoDB\Server\7.0\bin;C:\vcpkg;C:\tools\zstd;C:\hostedtoolcache\windows\stack\3.7.1\x64;C:\cabal\bin;C:\\ghcup\bin;C:\mingw64\bin;C:\Program Files\dotnet;C:\Program Files\MySQL\MySQL Server 8.0\bin;C:\Program Files\R\R-4.5.1\bin\x64;C:\SeleniumWebDrivers\GeckoDriver;C:\SeleniumWebDrivers\EdgeDriver\;C:\SeleniumWebDrivers\ChromeDriver;C:\Program Files (x86)\sbt\bin;C:\Program Files (x86)\GitHub CLI;C:\Program Files\Git\bin;C:\Program Files (x86)\pipx_bin;C:\npm\prefix;C:\hostedtoolcache\windows\go\1.24.9\x64\bin;C:\hostedtoolcache\windows\Python\3.9.13\x64\Scripts;C:\hostedtoolcache\windows\Python\3.9.13\x64;C:\hostedtoolcache\windows\Ruby\3.3.9\x64\bin;C:\Program Files\OpenSSL\bin;C:\tools\kotlinc\bin;C:\hostedtoolcache\windows\Java_Temurin-Hotspot_jdk\17.0.16-8\x64\bin;C:\Program Files\ImageMagick-7.1.2-Q16-HDRI;C:\Program Files\Microsoft SDKs\Azure\CLI2\wbin;C:\ProgramData\kind;C:\ProgramData\Chocolatey\bin;C:\Windows\system32;C:\Windows;C:\Windows\System32\Wbem;C:\Windows\System32\WindowsPowerShell\v1.0\;C:\Windows\System32\OpenSSH\;C:\Program Files\PowerShell\7\;C:\Program Files\Microsoft\Web Platform Installer\;C:\Program Files\Microsoft SQL Server\Client SDK\ODBC\170\Tools\Binn\;C:\Program Files\Microsoft SQL Server\150\Tools\Binn\;C:\Program Files\dotnet\;C:\Program Files (x86)\Windows Kits\10\Windows Performance Toolkit\;C:\Program Files (x86)\WiX Toolset v3.14\bin;C:\Program Files\Microsoft SQL Server\130\DTS\Binn\;C:\Program Files\Microsoft SQL Server\140\DTS\Binn\;C:\Program Files\Microsoft SQL Server\150\DTS\Binn\;C:\Program Files\Microsoft SQL Server\160\DTS\Binn\;C:\Program Files\Microsoft SQL Server\170\DTS\Binn\;C:\ProgramData\chocolatey\lib\pulumi\tools\Pulumi\bin;C:\Program Files\CMake\bin;C:\Strawberry\c\bin;C:\Strawberry\perl\site\bin;C:\Strawberry\perl\bin;C:\ProgramData\chocolatey\lib\maven\apache-maven-3.9.11\bin;C:\Program Files\Microsoft Service Fabric\bin\Fabric\Fabric.Code;C:\Program Files\Microsoft SDKs\Service Fabric\Tools\ServiceFabricLocalClusterManager;C:\Program Files\nodejs\;C:\Program Files\Git\cmd;C:\Program Files\Git\mingw64\bin;C:\Program Files\Git\usr\bin;C:\Program Files\GitHub CLI\;c:\tools\php;C:\Program Files (x86)\sbt\bin;C:\Program Files\Amazon\AWSCLIV2\;C:\Program Files\Amazon\SessionManagerPlugin\bin\;C:\Program Files\Amazon\AWSSAMCLI\bin\;C:\Program Files\Microsoft SQL Server\130\Tools\Binn\;C:\Program Files\mongosh\;C:\Program Files\LLVM\bin;C:\Program Files (x86)\LLVM\bin;C:\Users\runneradmin\.dotnet\tools;C:\Users\runneradmin\.cargo\bin;C:\Users\runneradmin\AppData\Local\Microsoft\WindowsApps;C:\Program Files (x86)\Microsoft Visual Studio\Installer
2025-11-01T01:14:24.5637386Z   VERSION_BASE: 1.1.16
2025-11-01T01:14:24.5637556Z   VERSION_SEMVER: 1.1.16
2025-11-01T01:14:24.5637733Z   VERSION_TAG: v1.1.16
2025-11-01T01:14:24.5637904Z ##[endgroup]
2025-11-01T01:14:24.5835352Z Using provided version: 
2025-11-01T01:14:24.5847315Z Building fontlift 1.1.16...
2025-11-01T01:14:24.6892588Z not was unexpected at this time.
2025-11-01T01:14:24.6925674Z ##[error]Process completed with exit code 255.
2025-11-01T01:14:24.7144798Z Post job cleanup.
2025-11-01T01:14:25.0451755Z [command]"C:\Program Files\Git\bin\git.exe" version
2025-11-01T01:14:25.0749731Z git version 2.51.1.windows.1
2025-11-01T01:14:25.0841525Z Temporarily overriding HOME='D:\a\_temp\f943fca7-303d-4f2d-876d-092032d03b15' before making global git config changes
2025-11-01T01:14:25.0843095Z Adding repository directory to the temporary git global config as a safe directory
2025-11-01T01:14:25.0855516Z [command]"C:\Program Files\Git\bin\git.exe" config --global --add safe.directory D:\a\fontlift-win-cli\fontlift-win-cli
2025-11-01T01:14:25.1196612Z [command]"C:\Program Files\Git\bin\git.exe" config --local --name-only --get-regexp core\.sshCommand
2025-11-01T01:14:25.1582283Z [command]"C:\Program Files\Git\bin\git.exe" submodule foreach --recursive "sh -c \"git config --local --name-only --get-regexp 'core\.sshCommand' && git config --local --unset-all 'core.sshCommand' || :\""
2025-11-01T01:14:25.7674307Z [command]"C:\Program Files\Git\bin\git.exe" config --local --name-only --get-regexp http\.https\:\/\/github\.com\/\.extraheader
2025-11-01T01:14:25.7951372Z http.https://github.com/.extraheader
2025-11-01T01:14:25.8000879Z [command]"C:\Program Files\Git\bin\git.exe" config --local --unset-all http.https://github.com/.extraheader
2025-11-01T01:14:25.8322725Z [command]"C:\Program Files\Git\bin\git.exe" submodule foreach --recursive "sh -c \"git config --local --name-only --get-regexp 'http\.https\:\/\/github\.com\/\.extraheader' && git config --local --unset-all 'http.https://github.com/.extraheader' || :\""
2025-11-01T01:14:26.4498377Z Cleaning up orphan processes
