2025-11-01T01:07:31.8481757Z Current runner version: '2.329.0'
2025-11-01T01:07:31.8506810Z ##[group]Runner Image Provisioner
2025-11-01T01:07:31.8507757Z Hosted Compute Agent
2025-11-01T01:07:31.8508272Z Version: 20251016.436
2025-11-01T01:07:31.8508796Z Commit: 8ab8ac8bfd662a3739dab9fe09456aba92132568
2025-11-01T01:07:31.8509413Z Build Date: 2025-10-15T20:44:12Z
2025-11-01T01:07:31.8509930Z ##[endgroup]
2025-11-01T01:07:31.8510348Z ##[group]Operating System
2025-11-01T01:07:31.8510869Z Microsoft Windows Server 2025
2025-11-01T01:07:31.8511368Z 10.0.26100
2025-11-01T01:07:31.8511734Z Datacenter
2025-11-01T01:07:31.8512136Z ##[endgroup]
2025-11-01T01:07:31.8512505Z ##[group]Runner Image
2025-11-01T01:07:31.8512955Z Image: windows-2025
2025-11-01T01:07:31.8513338Z Version: 20251021.67.1
2025-11-01T01:07:31.8514240Z Included Software: https://github.com/actions/runner-images/blob/win25/20251021.67/images/windows/Windows2025-Readme.md
2025-11-01T01:07:31.8515809Z Image Release: https://github.com/actions/runner-images/releases/tag/win25%2F20251021.67
2025-11-01T01:07:31.8517044Z ##[endgroup]
2025-11-01T01:07:31.8519266Z ##[group]GITHUB_TOKEN Permissions
2025-11-01T01:07:31.8521159Z Actions: write
2025-11-01T01:07:31.8521567Z Attestations: write
2025-11-01T01:07:31.8522002Z Checks: write
2025-11-01T01:07:31.8522386Z Contents: write
2025-11-01T01:07:31.8522798Z Deployments: write
2025-11-01T01:07:31.8523175Z Discussions: write
2025-11-01T01:07:31.8523620Z Issues: write
2025-11-01T01:07:31.8524025Z Metadata: read
2025-11-01T01:07:31.8524380Z Models: read
2025-11-01T01:07:31.8524804Z Packages: write
2025-11-01T01:07:31.8525183Z Pages: write
2025-11-01T01:07:31.8525576Z PullRequests: write
2025-11-01T01:07:31.8526280Z RepositoryProjects: write
2025-11-01T01:07:31.8526890Z SecurityEvents: write
2025-11-01T01:07:31.8527551Z Statuses: write
2025-11-01T01:07:31.8527959Z ##[endgroup]
2025-11-01T01:07:31.8530083Z Secret source: Actions
2025-11-01T01:07:31.8530663Z Prepare workflow directory
2025-11-01T01:07:31.8869499Z Prepare all required actions
2025-11-01T01:07:31.8908016Z Getting action download info
2025-11-01T01:07:32.2799304Z Download action repository 'actions/checkout@v4' (SHA:08eba0b27e820071cde6df949e0beb9ba4906955)
2025-11-01T01:07:32.3901252Z Download action repository 'ilammy/msvc-dev-cmd@v1' (SHA:0b201ec74fa43914dc39ae48a89fd1d8cb592756)
2025-11-01T01:07:32.9500728Z Download action repository 'actions/upload-artifact@v4' (SHA:ea165f8d65b6e75b540449e92b4886f43607fa02)
2025-11-01T01:07:33.2496010Z Complete job name: build
2025-11-01T01:07:33.3908659Z ##[group]Run actions/checkout@v4
2025-11-01T01:07:33.3910376Z with:
2025-11-01T01:07:33.3911064Z   fetch-depth: 0
2025-11-01T01:07:33.3911821Z   repository: fontlaborg/fontlift-win-cli
2025-11-01T01:07:33.3913107Z   token: ***
2025-11-01T01:07:33.3913770Z   ssh-strict: true
2025-11-01T01:07:33.3914490Z   ssh-user: git
2025-11-01T01:07:33.3915190Z   persist-credentials: true
2025-11-01T01:07:33.3916032Z   clean: true
2025-11-01T01:07:33.3916767Z   sparse-checkout-cone-mode: true
2025-11-01T01:07:33.3917640Z   fetch-tags: false
2025-11-01T01:07:33.3918394Z   show-progress: true
2025-11-01T01:07:33.3919101Z   lfs: false
2025-11-01T01:07:33.3919779Z   submodules: false
2025-11-01T01:07:33.3920480Z   set-safe-directory: true
2025-11-01T01:07:33.3922058Z ##[endgroup]
2025-11-01T01:07:33.5777108Z Syncing repository: fontlaborg/fontlift-win-cli
2025-11-01T01:07:33.5783433Z ##[group]Getting Git version info
2025-11-01T01:07:33.5786982Z Working directory is 'D:\a\fontlift-win-cli\fontlift-win-cli'
2025-11-01T01:07:33.6569837Z [command]"C:\Program Files\Git\bin\git.exe" version
2025-11-01T01:07:33.8415243Z git version 2.51.1.windows.1
2025-11-01T01:07:33.8472580Z ##[endgroup]
2025-11-01T01:07:33.8495787Z Temporarily overriding HOME='D:\a\_temp\788d9a2c-9340-4b3e-b766-370eacd847bc' before making global git config changes
2025-11-01T01:07:33.8499415Z Adding repository directory to the temporary git global config as a safe directory
2025-11-01T01:07:33.8508538Z [command]"C:\Program Files\Git\bin\git.exe" config --global --add safe.directory D:\a\fontlift-win-cli\fontlift-win-cli
2025-11-01T01:07:33.8864644Z Deleting the contents of 'D:\a\fontlift-win-cli\fontlift-win-cli'
2025-11-01T01:07:33.8871726Z ##[group]Initializing the repository
2025-11-01T01:07:33.8884978Z [command]"C:\Program Files\Git\bin\git.exe" init D:\a\fontlift-win-cli\fontlift-win-cli
2025-11-01T01:07:33.9377265Z Initialized empty Git repository in D:/a/fontlift-win-cli/fontlift-win-cli/.git/
2025-11-01T01:07:33.9442498Z [command]"C:\Program Files\Git\bin\git.exe" remote add origin https://github.com/fontlaborg/fontlift-win-cli
2025-11-01T01:07:33.9763384Z ##[endgroup]
2025-11-01T01:07:33.9765245Z ##[group]Disabling automatic garbage collection
2025-11-01T01:07:33.9773011Z [command]"C:\Program Files\Git\bin\git.exe" config --local gc.auto 0
2025-11-01T01:07:34.0073050Z ##[endgroup]
2025-11-01T01:07:34.0074721Z ##[group]Setting up auth
2025-11-01T01:07:34.0087042Z [command]"C:\Program Files\Git\bin\git.exe" config --local --name-only --get-regexp core\.sshCommand
2025-11-01T01:07:34.0392312Z [command]"C:\Program Files\Git\bin\git.exe" submodule foreach --recursive "sh -c \"git config --local --name-only --get-regexp 'core\.sshCommand' && git config --local --unset-all 'core.sshCommand' || :\""
2025-11-01T01:07:34.9620782Z [command]"C:\Program Files\Git\bin\git.exe" config --local --name-only --get-regexp http\.https\:\/\/github\.com\/\.extraheader
2025-11-01T01:07:34.9972186Z [command]"C:\Program Files\Git\bin\git.exe" submodule foreach --recursive "sh -c \"git config --local --name-only --get-regexp 'http\.https\:\/\/github\.com\/\.extraheader' && git config --local --unset-all 'http.https://github.com/.extraheader' || :\""
2025-11-01T01:07:35.5581330Z [command]"C:\Program Files\Git\bin\git.exe" config --local http.https://github.com/.extraheader "AUTHORIZATION: basic ***"
2025-11-01T01:07:35.5894645Z ##[endgroup]
2025-11-01T01:07:35.5895744Z ##[group]Fetching the repository
2025-11-01T01:07:35.5910003Z [command]"C:\Program Files\Git\bin\git.exe" -c protocol.version=2 fetch --prune --no-recurse-submodules origin +refs/heads/*:refs/remotes/origin/* +refs/tags/*:refs/tags/*
2025-11-01T01:07:36.6740027Z From https://github.com/fontlaborg/fontlift-win-cli
2025-11-01T01:07:36.6741015Z  * [new branch]      main       -> origin/main
2025-11-01T01:07:36.6742048Z  * [new tag]         v0.1.0     -> v0.1.0
2025-11-01T01:07:36.6743029Z  * [new tag]         v1.0.0     -> v1.0.0
2025-11-01T01:07:36.6747278Z  * [new tag]         v1.1.0     -> v1.1.0
2025-11-01T01:07:36.6748263Z  * [new tag]         v1.1.1     -> v1.1.1
2025-11-01T01:07:36.6748725Z  * [new tag]         v1.1.10    -> v1.1.10
2025-11-01T01:07:36.6749165Z  * [new tag]         v1.1.11    -> v1.1.11
2025-11-01T01:07:36.6749592Z  * [new tag]         v1.1.12    -> v1.1.12
2025-11-01T01:07:36.6750031Z  * [new tag]         v1.1.13    -> v1.1.13
2025-11-01T01:07:36.6750482Z  * [new tag]         v1.1.14    -> v1.1.14
2025-11-01T01:07:36.6750980Z  * [new tag]         v1.1.2     -> v1.1.2
2025-11-01T01:07:36.6751483Z  * [new tag]         v1.1.3     -> v1.1.3
2025-11-01T01:07:36.6751886Z  * [new tag]         v1.1.4     -> v1.1.4
2025-11-01T01:07:36.6752352Z  * [new tag]         v1.1.5     -> v1.1.5
2025-11-01T01:07:36.6752724Z  * [new tag]         v1.1.6     -> v1.1.6
2025-11-01T01:07:36.6753119Z  * [new tag]         v1.1.7     -> v1.1.7
2025-11-01T01:07:36.6753484Z  * [new tag]         v1.1.8     -> v1.1.8
2025-11-01T01:07:36.6753912Z  * [new tag]         v1.1.9     -> v1.1.9
2025-11-01T01:07:36.6952360Z [command]"C:\Program Files\Git\bin\git.exe" branch --list --remote origin/main
2025-11-01T01:07:36.7296496Z   origin/main
2025-11-01T01:07:36.7343163Z [command]"C:\Program Files\Git\bin\git.exe" rev-parse refs/remotes/origin/main
2025-11-01T01:07:36.7596738Z 7fe32fdc15d62492240c75b78a93a134fc5ff40f
2025-11-01T01:07:36.7634347Z ##[endgroup]
2025-11-01T01:07:36.7634941Z ##[group]Determining the checkout info
2025-11-01T01:07:36.7637263Z ##[endgroup]
2025-11-01T01:07:36.7651889Z [command]"C:\Program Files\Git\bin\git.exe" sparse-checkout disable
2025-11-01T01:07:36.7987210Z [command]"C:\Program Files\Git\bin\git.exe" config --local --unset-all extensions.worktreeConfig
2025-11-01T01:07:36.8285001Z ##[group]Checking out the ref
2025-11-01T01:07:36.8296223Z [command]"C:\Program Files\Git\bin\git.exe" checkout --progress --force -B main refs/remotes/origin/main
2025-11-01T01:07:36.8810194Z branch 'main' set up to track 'origin/main'.
2025-11-01T01:07:36.8816731Z Switched to a new branch 'main'
2025-11-01T01:07:36.8865109Z ##[endgroup]
2025-11-01T01:07:36.9206054Z [command]"C:\Program Files\Git\bin\git.exe" log -1 --format=%H
2025-11-01T01:07:36.9489365Z 7fe32fdc15d62492240c75b78a93a134fc5ff40f
2025-11-01T01:07:36.9915998Z ##[group]Run ilammy/msvc-dev-cmd@v1
2025-11-01T01:07:36.9916332Z with:
2025-11-01T01:07:36.9916496Z   arch: x64
2025-11-01T01:07:36.9916660Z ##[endgroup]
2025-11-01T01:07:37.4753022Z Found with vswhere: C:\Program Files\Microsoft Visual Studio\2022\Enterprise\VC\Auxiliary\Build\vcvarsall.bat
2025-11-01T01:07:44.4319443Z ##[group]Environment variables
2025-11-01T01:07:44.4320142Z Setting CommandPromptType
2025-11-01T01:07:44.4334957Z Setting DevEnvDir
2025-11-01T01:07:44.4339973Z Setting ExtensionSdkDir
2025-11-01T01:07:44.4343090Z Setting EXTERNAL_INCLUDE
2025-11-01T01:07:44.4349371Z Setting Framework40Version
2025-11-01T01:07:44.4352235Z Setting FrameworkDir
2025-11-01T01:07:44.4355015Z Setting FrameworkDir64
2025-11-01T01:07:44.4359135Z Setting FrameworkVersion
2025-11-01T01:07:44.4362190Z Setting FrameworkVersion64
2025-11-01T01:07:44.4366140Z Setting FSHARPINSTALLDIR
2025-11-01T01:07:44.4369956Z Setting HTMLHelpDir
2025-11-01T01:07:44.4372776Z Setting IFCPATH
2025-11-01T01:07:44.4376632Z Setting INCLUDE
2025-11-01T01:07:44.4382389Z Setting is_x64_arch
2025-11-01T01:07:44.4394705Z Setting LIB
2025-11-01T01:07:44.4395620Z Setting LIBPATH
2025-11-01T01:07:44.4399318Z Setting NETFXSDKDir
2025-11-01T01:07:44.4404130Z Setting Path
2025-11-01T01:07:44.4426279Z Setting Platform
2025-11-01T01:07:44.4426864Z Setting UCRTVersion
2025-11-01T01:07:44.4427311Z Setting UniversalCRTSdkDir
2025-11-01T01:07:44.4427791Z Setting VCIDEInstallDir
2025-11-01T01:07:44.4428231Z Setting VCINSTALLDIR
2025-11-01T01:07:44.4428626Z Setting VCPKG_ROOT
2025-11-01T01:07:44.4429057Z Setting VCToolsInstallDir
2025-11-01T01:07:44.4429520Z Setting VCToolsRedistDir
2025-11-01T01:07:44.4429944Z Setting VCToolsVersion
2025-11-01T01:07:44.4430437Z Setting VisualStudioVersion
2025-11-01T01:07:44.4430885Z Setting VS170COMNTOOLS
2025-11-01T01:07:44.4432827Z Setting VSCMD_ARG_app_plat
2025-11-01T01:07:44.4435261Z Setting VSCMD_ARG_HOST_ARCH
2025-11-01T01:07:44.4439326Z Setting VSCMD_ARG_TGT_ARCH
2025-11-01T01:07:44.4441679Z Setting VSCMD_VER
2025-11-01T01:07:44.4444392Z Setting VSINSTALLDIR
2025-11-01T01:07:44.4446546Z Setting VSSDK150INSTALL
2025-11-01T01:07:44.4448703Z Setting VSSDKINSTALL
2025-11-01T01:07:44.4450763Z Setting WindowsLibPath
2025-11-01T01:07:44.4453105Z Setting WindowsSdkBinPath
2025-11-01T01:07:44.4455153Z Setting WindowsSdkDir
2025-11-01T01:07:44.4457673Z Setting WindowsSDKLibVersion
2025-11-01T01:07:44.4459917Z Setting WindowsSdkVerBinPath
2025-11-01T01:07:44.4461970Z Setting WindowsSDKVersion
2025-11-01T01:07:44.4464041Z Setting WindowsSDK_ExecutablePath_x64
2025-11-01T01:07:44.4466039Z Setting WindowsSDK_ExecutablePath_x86
2025-11-01T01:07:44.4468121Z Setting __DOTNET_ADD_64BIT
2025-11-01T01:07:44.4471036Z Setting __DOTNET_PREFERRED_BITNESS
2025-11-01T01:07:44.4473104Z Setting __VSCMD_PREINIT_PATH
2025-11-01T01:07:44.4477508Z ##[endgroup]
2025-11-01T01:07:44.4478170Z Configured Developer Command Prompt
2025-11-01T01:07:44.4707964Z ##[group]Run $json = & scripts/get-version.ps1 -Format Json
2025-11-01T01:07:44.4708469Z [36;1m$json = & scripts/get-version.ps1 -Format Json[0m
2025-11-01T01:07:44.4708737Z [36;1m$info = $json | ConvertFrom-Json[0m
2025-11-01T01:07:44.4709302Z [36;1m"VERSION_BASE=$($info.base)" | Out-File -FilePath $env:GITHUB_ENV -Append -Encoding utf8[0m
2025-11-01T01:07:44.4709789Z [36;1m"VERSION_SEMVER=$($info.semver)" | Out-File -FilePath $env:GITHUB_ENV -Append -Encoding utf8[0m
2025-11-01T01:07:44.4710269Z [36;1m"VERSION_TAG=$($info.tag)" | Out-File -FilePath $env:GITHUB_ENV -Append -Encoding utf8[0m
2025-11-01T01:07:44.4774130Z shell: C:\Program Files\PowerShell\7\pwsh.EXE -command ". '{0}'"
2025-11-01T01:07:44.4774436Z env:
2025-11-01T01:07:44.4775040Z   CommandPromptType: Native
2025-11-01T01:07:44.4775365Z   DevEnvDir: C:\Program Files\Microsoft Visual Studio\2022\Enterprise\Common7\IDE\
2025-11-01T01:07:44.4775853Z   ExtensionSdkDir: C:\Program Files (x86)\Microsoft SDKs\Windows Kits\10\ExtensionSDKs
2025-11-01T01:07:44.4777740Z   EXTERNAL_INCLUDE: C:\Program Files\Microsoft Visual Studio\2022\Enterprise\VC\Tools\MSVC\14.44.35207\include;C:\Program Files\Microsoft Visual Studio\2022\Enterprise\VC\Tools\MSVC\14.44.35207\ATLMFC\include;C:\Program Files\Microsoft Visual Studio\2022\Enterprise\VC\Auxiliary\VS\include;C:\Program Files (x86)\Windows Kits\10\include\10.0.26100.0\ucrt;C:\Program Files (x86)\Windows Kits\10\\include\10.0.26100.0\\um;C:\Program Files (x86)\Windows Kits\10\\include\10.0.26100.0\\shared;C:\Program Files (x86)\Windows Kits\10\\include\10.0.26100.0\\winrt;C:\Program Files (x86)\Windows Kits\10\\include\10.0.26100.0\\cppwinrt;C:\Program Files (x86)\Windows Kits\NETFXSDK\4.8\include\um
2025-11-01T01:07:44.4779472Z   Framework40Version: v4.0
2025-11-01T01:07:44.4779707Z   FrameworkDir: C:\Windows\Microsoft.NET\Framework64\
2025-11-01T01:07:44.4780020Z   FrameworkDir64: C:\Windows\Microsoft.NET\Framework64\
2025-11-01T01:07:44.4780316Z   FrameworkVersion: v4.0.30319
2025-11-01T01:07:44.4780551Z   FrameworkVersion64: v4.0.30319
2025-11-01T01:07:44.4781007Z   FSHARPINSTALLDIR: C:\Program Files\Microsoft Visual Studio\2022\Enterprise\Common7\IDE\CommonExtensions\Microsoft\FSharp\Tools
2025-11-01T01:07:44.4781513Z   HTMLHelpDir: C:\Program Files (x86)\HTML Help Workshop
2025-11-01T01:07:44.4781915Z   IFCPATH: C:\Program Files\Microsoft Visual Studio\2022\Enterprise\VC\Tools\MSVC\14.44.35207\ifc\x64
2025-11-01T01:07:44.4783750Z   INCLUDE: C:\Program Files\Microsoft Visual Studio\2022\Enterprise\VC\Tools\MSVC\14.44.35207\include;C:\Program Files\Microsoft Visual Studio\2022\Enterprise\VC\Tools\MSVC\14.44.35207\ATLMFC\include;C:\Program Files\Microsoft Visual Studio\2022\Enterprise\VC\Auxiliary\VS\include;C:\Program Files (x86)\Windows Kits\10\include\10.0.26100.0\ucrt;C:\Program Files (x86)\Windows Kits\10\\include\10.0.26100.0\\um;C:\Program Files (x86)\Windows Kits\10\\include\10.0.26100.0\\shared;C:\Program Files (x86)\Windows Kits\10\\include\10.0.26100.0\\winrt;C:\Program Files (x86)\Windows Kits\10\\include\10.0.26100.0\\cppwinrt;C:\Program Files (x86)\Windows Kits\NETFXSDK\4.8\include\um
2025-11-01T01:07:44.4785396Z   is_x64_arch: true
2025-11-01T01:07:44.4786341Z   LIB: C:\Program Files\Microsoft Visual Studio\2022\Enterprise\VC\Tools\MSVC\14.44.35207\ATLMFC\lib\x64;C:\Program Files\Microsoft Visual Studio\2022\Enterprise\VC\Tools\MSVC\14.44.35207\lib\x64;C:\Program Files (x86)\Windows Kits\NETFXSDK\4.8\lib\um\x64;C:\Program Files (x86)\Windows Kits\10\lib\10.0.26100.0\ucrt\x64;C:\Program Files (x86)\Windows Kits\10\\lib\10.0.26100.0\\um\x64
2025-11-01T01:07:44.4790204Z   LIBPATH: C:\Program Files\Microsoft Visual Studio\2022\Enterprise\VC\Tools\MSVC\14.44.35207\ATLMFC\lib\x64;C:\Program Files\Microsoft Visual Studio\2022\Enterprise\VC\Tools\MSVC\14.44.35207\lib\x64;C:\Program Files\Microsoft Visual Studio\2022\Enterprise\VC\Tools\MSVC\14.44.35207\lib\x86\store\references;C:\Program Files (x86)\Windows Kits\10\UnionMetadata\10.0.26100.0;C:\Program Files (x86)\Windows Kits\10\References\10.0.26100.0;C:\Windows\Microsoft.NET\Framework64\v4.0.30319
2025-11-01T01:07:44.4791612Z   NETFXSDKDir: C:\Program Files (x86)\Windows Kits\NETFXSDK\4.8\
2025-11-01T01:07:44.4803884Z   Path: C:\Program Files\Microsoft Visual Studio\2022\Enterprise\VC\Tools\MSVC\14.44.35207\bin\HostX64\x64;C:\Program Files\Microsoft Visual Studio\2022\Enterprise\Common7\IDE\VC\VCPackages;C:\Program Files\Microsoft Visual Studio\2022\Enterprise\Common7\IDE\CommonExtensions\Microsoft\TestWindow;C:\Program Files\Microsoft Visual Studio\2022\Enterprise\Common7\IDE\CommonExtensions\Microsoft\TeamFoundation\Team Explorer;C:\Program Files\Microsoft Visual Studio\2022\Enterprise\MSBuild\Current\bin\Roslyn;C:\Program Files (x86)\Microsoft SDKs\Windows\v10.0A\bin\NETFX 4.8 Tools\x64\;C:\Program Files (x86)\HTML Help Workshop;C:\Program Files\Microsoft Visual Studio\2022\Enterprise\Common7\IDE\CommonExtensions\Microsoft\FSharp\Tools;C:\Program Files\Microsoft Visual Studio\2022\Enterprise\Team Tools\DiagnosticsHub\Collector;C:\Program Files\Microsoft Visual Studio\2022\Enterprise\Common7\IDE\Extensions\Microsoft\CodeCoverage.Console;C:\Program Files\Microsoft Visual Studio\2022\Enterprise\VC\Tools\Llvm\x64\bin;C:\Program Files (x86)\Windows Kits\10\bin\10.0.26100.0\\x64;C:\Program Files (x86)\Windows Kits\10\bin\\x64;C:\Program Files\Microsoft Visual Studio\2022\Enterprise\\MSBuild\Current\Bin\amd64;C:\Windows\Microsoft.NET\Framework64\v4.0.30319;C:\Program Files\Microsoft Visual Studio\2022\Enterprise\Common7\IDE\;C:\Program Files\Microsoft Visual Studio\2022\Enterprise\Common7\Tools\;C:\Program Files\MongoDB\Server\7.0\bin;C:\vcpkg;C:\tools\zstd;C:\hostedtoolcache\windows\stack\3.7.1\x64;C:\cabal\bin;C:\\ghcup\bin;C:\mingw64\bin;C:\Program Files\dotnet;C:\Program Files\MySQL\MySQL Server 8.0\bin;C:\Program Files\R\R-4.5.1\bin\x64;C:\SeleniumWebDrivers\GeckoDriver;C:\SeleniumWebDrivers\EdgeDriver\;C:\SeleniumWebDrivers\ChromeDriver;C:\Program Files (x86)\sbt\bin;C:\Program Files (x86)\GitHub CLI;C:\Program Files\Git\bin;C:\Program Files (x86)\pipx_bin;C:\npm\prefix;C:\hostedtoolcache\windows\go\1.24.9\x64\bin;C:\hostedtoolcache\windows\Python\3.9.13\x64\Scripts;C:\hostedtoolcache\windows\Python\3.9.13\x64;C:\hostedtoolcache\windows\Ruby\3.3.9\x64\bin;C:\Program Files\OpenSSL\bin;C:\tools\kotlinc\bin;C:\hostedtoolcache\windows\Java_Temurin-Hotspot_jdk\17.0.16-8\x64\bin;C:\Program Files\ImageMagick-7.1.2-Q16-HDRI;C:\Program Files\Microsoft SDKs\Azure\CLI2\wbin;C:\ProgramData\kind;C:\ProgramData\Chocolatey\bin;C:\Windows\system32;C:\Windows;C:\Windows\System32\Wbem;C:\Windows\System32\WindowsPowerShell\v1.0\;C:\Windows\System32\OpenSSH\;C:\Program Files\PowerShell\7\;C:\Program Files\Microsoft\Web Platform Installer\;C:\Program Files\Microsoft SQL Server\Client SDK\ODBC\170\Tools\Binn\;C:\Program Files\Microsoft SQL Server\150\Tools\Binn\;C:\Program Files\dotnet\;C:\Program Files (x86)\Windows Kits\10\Windows Performance Toolkit\;C:\Program Files (x86)\WiX Toolset v3.14\bin;C:\Program Files\Microsoft SQL Server\130\DTS\Binn\;C:\Program Files\Microsoft SQL Server\140\DTS\Binn\;C:\Program Files\Microsoft SQL Server\150\DTS\Binn\;C:\Program Files\Microsoft SQL Server\160\DTS\Binn\;C:\Program Files\Microsoft SQL Server\170\DTS\Binn\;C:\ProgramData\chocolatey\lib\pulumi\tools\Pulumi\bin;C:\Program Files\CMake\bin;C:\Strawberry\c\bin;C:\Strawberry\perl\site\bin;C:\Strawberry\perl\bin;C:\ProgramData\chocolatey\lib\maven\apache-maven-3.9.11\bin;C:\Program Files\Microsoft Service Fabric\bin\Fabric\Fabric.Code;C:\Program Files\Microsoft SDKs\Service Fabric\Tools\ServiceFabricLocalClusterManager;C:\Program Files\nodejs\;C:\Program Files\Git\cmd;C:\Program Files\Git\mingw64\bin;C:\Program Files\Git\usr\bin;C:\Program Files\GitHub CLI\;c:\tools\php;C:\Program Files\Amazon\AWSCLIV2\;C:\Program Files\Amazon\SessionManagerPlugin\bin\;C:\Program Files\Amazon\AWSSAMCLI\bin\;C:\Program Files\Microsoft SQL Server\130\Tools\Binn\;C:\Program Files\mongosh\;C:\Program Files\LLVM\bin;C:\Program Files (x86)\LLVM\bin;C:\Users\runneradmin\.dotnet\tools;C:\Users\runneradmin\.cargo\bin;C:\Users\runneradmin\AppData\Local\Microsoft\WindowsApps;C:\Program Files (x86)\Microsoft Visual Studio\Installer;C:\Program Files\Microsoft Visual Studio\2022\Enterprise\Common7\IDE\CommonExtensions\Microsoft\CMake\CMake\bin;C:\Program Files\Microsoft Visual Studio\2022\Enterprise\Common7\IDE\CommonExtensions\Microsoft\CMake\Ninja;C:\Program Files\Microsoft Visual Studio\2022\Enterprise\Common7\IDE\VC\Linux\bin\ConnectionManagerExe;C:\Program Files\Microsoft Visual Studio\2022\Enterprise\VC\vcpkg
2025-11-01T01:07:44.4816093Z   Platform: x64
2025-11-01T01:07:44.4816258Z   UCRTVersion: 10.0.26100.0
2025-11-01T01:07:44.4816515Z   UniversalCRTSdkDir: C:\Program Files (x86)\Windows Kits\10\
2025-11-01T01:07:44.4816920Z   VCIDEInstallDir: C:\Program Files\Microsoft Visual Studio\2022\Enterprise\Common7\IDE\VC\
2025-11-01T01:07:44.4817383Z   VCINSTALLDIR: C:\Program Files\Microsoft Visual Studio\2022\Enterprise\VC\
2025-11-01T01:07:44.4817790Z   VCPKG_ROOT: C:\Program Files\Microsoft Visual Studio\2022\Enterprise\VC\vcpkg
2025-11-01T01:07:44.4818265Z   VCToolsInstallDir: C:\Program Files\Microsoft Visual Studio\2022\Enterprise\VC\Tools\MSVC\14.44.35207\
2025-11-01T01:07:44.4818810Z   VCToolsRedistDir: C:\Program Files\Microsoft Visual Studio\2022\Enterprise\VC\Redist\MSVC\14.44.35112\
2025-11-01T01:07:44.4819194Z   VCToolsVersion: 14.44.35207
2025-11-01T01:07:44.4819401Z   VisualStudioVersion: 17.0
2025-11-01T01:07:44.4819727Z   VS170COMNTOOLS: C:\Program Files\Microsoft Visual Studio\2022\Enterprise\Common7\Tools\
2025-11-01T01:07:44.4820067Z   VSCMD_ARG_app_plat: Desktop
2025-11-01T01:07:44.4820267Z   VSCMD_ARG_HOST_ARCH: x64
2025-11-01T01:07:44.4820447Z   VSCMD_ARG_TGT_ARCH: x64
2025-11-01T01:07:44.4820621Z   VSCMD_VER: 17.14.18
2025-11-01T01:07:44.4820875Z   VSINSTALLDIR: C:\Program Files\Microsoft Visual Studio\2022\Enterprise\
2025-11-01T01:07:44.4821285Z   VSSDK150INSTALL: C:\Program Files\Microsoft Visual Studio\2022\Enterprise\VSSDK
2025-11-01T01:07:44.4821700Z   VSSDKINSTALL: C:\Program Files\Microsoft Visual Studio\2022\Enterprise\VSSDK
2025-11-01T01:07:44.4822267Z   WindowsLibPath: C:\Program Files (x86)\Windows Kits\10\UnionMetadata\10.0.26100.0;C:\Program Files (x86)\Windows Kits\10\References\10.0.26100.0
2025-11-01T01:07:44.4822805Z   WindowsSdkBinPath: C:\Program Files (x86)\Windows Kits\10\bin\
2025-11-01T01:07:44.4823131Z   WindowsSdkDir: C:\Program Files (x86)\Windows Kits\10\
2025-11-01T01:07:44.4823393Z   WindowsSDKLibVersion: 10.0.26100.0\
2025-11-01T01:07:44.4823727Z   WindowsSdkVerBinPath: C:\Program Files (x86)\Windows Kits\10\bin\10.0.26100.0\
2025-11-01T01:07:44.4824047Z   WindowsSDKVersion: 10.0.26100.0\
2025-11-01T01:07:44.4824441Z   WindowsSDK_ExecutablePath_x64: C:\Program Files (x86)\Microsoft SDKs\Windows\v10.0A\bin\NETFX 4.8 Tools\x64\
2025-11-01T01:07:44.4824990Z   WindowsSDK_ExecutablePath_x86: C:\Program Files (x86)\Microsoft SDKs\Windows\v10.0A\bin\NETFX 4.8 Tools\
2025-11-01T01:07:44.4825365Z   __DOTNET_ADD_64BIT: 1
2025-11-01T01:07:44.4825549Z   __DOTNET_PREFERRED_BITNESS: 64
2025-11-01T01:07:44.4832360Z   __VSCMD_PREINIT_PATH: C:\Program Files\MongoDB\Server\7.0\bin;C:\vcpkg;C:\tools\zstd;C:\hostedtoolcache\windows\stack\3.7.1\x64;C:\cabal\bin;C:\\ghcup\bin;C:\mingw64\bin;C:\Program Files\dotnet;C:\Program Files\MySQL\MySQL Server 8.0\bin;C:\Program Files\R\R-4.5.1\bin\x64;C:\SeleniumWebDrivers\GeckoDriver;C:\SeleniumWebDrivers\EdgeDriver\;C:\SeleniumWebDrivers\ChromeDriver;C:\Program Files (x86)\sbt\bin;C:\Program Files (x86)\GitHub CLI;C:\Program Files\Git\bin;C:\Program Files (x86)\pipx_bin;C:\npm\prefix;C:\hostedtoolcache\windows\go\1.24.9\x64\bin;C:\hostedtoolcache\windows\Python\3.9.13\x64\Scripts;C:\hostedtoolcache\windows\Python\3.9.13\x64;C:\hostedtoolcache\windows\Ruby\3.3.9\x64\bin;C:\Program Files\OpenSSL\bin;C:\tools\kotlinc\bin;C:\hostedtoolcache\windows\Java_Temurin-Hotspot_jdk\17.0.16-8\x64\bin;C:\Program Files\ImageMagick-7.1.2-Q16-HDRI;C:\Program Files\Microsoft SDKs\Azure\CLI2\wbin;C:\ProgramData\kind;C:\ProgramData\Chocolatey\bin;C:\Windows\system32;C:\Windows;C:\Windows\System32\Wbem;C:\Windows\System32\WindowsPowerShell\v1.0\;C:\Windows\System32\OpenSSH\;C:\Program Files\PowerShell\7\;C:\Program Files\Microsoft\Web Platform Installer\;C:\Program Files\Microsoft SQL Server\Client SDK\ODBC\170\Tools\Binn\;C:\Program Files\Microsoft SQL Server\150\Tools\Binn\;C:\Program Files\dotnet\;C:\Program Files (x86)\Windows Kits\10\Windows Performance Toolkit\;C:\Program Files (x86)\WiX Toolset v3.14\bin;C:\Program Files\Microsoft SQL Server\130\DTS\Binn\;C:\Program Files\Microsoft SQL Server\140\DTS\Binn\;C:\Program Files\Microsoft SQL Server\150\DTS\Binn\;C:\Program Files\Microsoft SQL Server\160\DTS\Binn\;C:\Program Files\Microsoft SQL Server\170\DTS\Binn\;C:\ProgramData\chocolatey\lib\pulumi\tools\Pulumi\bin;C:\Program Files\CMake\bin;C:\Strawberry\c\bin;C:\Strawberry\perl\site\bin;C:\Strawberry\perl\bin;C:\ProgramData\chocolatey\lib\maven\apache-maven-3.9.11\bin;C:\Program Files\Microsoft Service Fabric\bin\Fabric\Fabric.Code;C:\Program Files\Microsoft SDKs\Service Fabric\Tools\ServiceFabricLocalClusterManager;C:\Program Files\nodejs\;C:\Program Files\Git\cmd;C:\Program Files\Git\mingw64\bin;C:\Program Files\Git\usr\bin;C:\Program Files\GitHub CLI\;c:\tools\php;C:\Program Files (x86)\sbt\bin;C:\Program Files\Amazon\AWSCLIV2\;C:\Program Files\Amazon\SessionManagerPlugin\bin\;C:\Program Files\Amazon\AWSSAMCLI\bin\;C:\Program Files\Microsoft SQL Server\130\Tools\Binn\;C:\Program Files\mongosh\;C:\Program Files\LLVM\bin;C:\Program Files (x86)\LLVM\bin;C:\Users\runneradmin\.dotnet\tools;C:\Users\runneradmin\.cargo\bin;C:\Users\runneradmin\AppData\Local\Microsoft\WindowsApps;C:\Program Files (x86)\Microsoft Visual Studio\Installer
2025-11-01T01:07:44.4839700Z ##[endgroup]
2025-11-01T01:07:45.3217771Z ##[group]Run echo Building base version %VERSION_BASE%
2025-11-01T01:07:45.3218196Z [36;1mecho Building base version %VERSION_BASE%[0m
2025-11-01T01:07:45.3218486Z [36;1mecho Building semantic version %VERSION_SEMVER%[0m
2025-11-01T01:07:45.3239398Z shell: C:\Windows\system32\cmd.EXE /D /E:ON /V:OFF /S /C "CALL "{0}""
2025-11-01T01:07:45.3239705Z env:
2025-11-01T01:07:45.3239865Z   CommandPromptType: Native
2025-11-01T01:07:45.3240193Z   DevEnvDir: C:\Program Files\Microsoft Visual Studio\2022\Enterprise\Common7\IDE\
2025-11-01T01:07:45.3240649Z   ExtensionSdkDir: C:\Program Files (x86)\Microsoft SDKs\Windows Kits\10\ExtensionSDKs
2025-11-01T01:07:45.3242550Z   EXTERNAL_INCLUDE: C:\Program Files\Microsoft Visual Studio\2022\Enterprise\VC\Tools\MSVC\14.44.35207\include;C:\Program Files\Microsoft Visual Studio\2022\Enterprise\VC\Tools\MSVC\14.44.35207\ATLMFC\include;C:\Program Files\Microsoft Visual Studio\2022\Enterprise\VC\Auxiliary\VS\include;C:\Program Files (x86)\Windows Kits\10\include\10.0.26100.0\ucrt;C:\Program Files (x86)\Windows Kits\10\\include\10.0.26100.0\\um;C:\Program Files (x86)\Windows Kits\10\\include\10.0.26100.0\\shared;C:\Program Files (x86)\Windows Kits\10\\include\10.0.26100.0\\winrt;C:\Program Files (x86)\Windows Kits\10\\include\10.0.26100.0\\cppwinrt;C:\Program Files (x86)\Windows Kits\NETFXSDK\4.8\include\um
2025-11-01T01:07:45.3244659Z   Framework40Version: v4.0
2025-11-01T01:07:45.3244893Z   FrameworkDir: C:\Windows\Microsoft.NET\Framework64\
2025-11-01T01:07:45.3245207Z   FrameworkDir64: C:\Windows\Microsoft.NET\Framework64\
2025-11-01T01:07:45.3245473Z   FrameworkVersion: v4.0.30319
2025-11-01T01:07:45.3245681Z   FrameworkVersion64: v4.0.30319
2025-11-01T01:07:45.3246139Z   FSHARPINSTALLDIR: C:\Program Files\Microsoft Visual Studio\2022\Enterprise\Common7\IDE\CommonExtensions\Microsoft\FSharp\Tools
2025-11-01T01:07:45.3246635Z   HTMLHelpDir: C:\Program Files (x86)\HTML Help Workshop
2025-11-01T01:07:45.3247052Z   IFCPATH: C:\Program Files\Microsoft Visual Studio\2022\Enterprise\VC\Tools\MSVC\14.44.35207\ifc\x64
2025-11-01T01:07:45.3248871Z   INCLUDE: C:\Program Files\Microsoft Visual Studio\2022\Enterprise\VC\Tools\MSVC\14.44.35207\include;C:\Program Files\Microsoft Visual Studio\2022\Enterprise\VC\Tools\MSVC\14.44.35207\ATLMFC\include;C:\Program Files\Microsoft Visual Studio\2022\Enterprise\VC\Auxiliary\VS\include;C:\Program Files (x86)\Windows Kits\10\include\10.0.26100.0\ucrt;C:\Program Files (x86)\Windows Kits\10\\include\10.0.26100.0\\um;C:\Program Files (x86)\Windows Kits\10\\include\10.0.26100.0\\shared;C:\Program Files (x86)\Windows Kits\10\\include\10.0.26100.0\\winrt;C:\Program Files (x86)\Windows Kits\10\\include\10.0.26100.0\\cppwinrt;C:\Program Files (x86)\Windows Kits\NETFXSDK\4.8\include\um
2025-11-01T01:07:45.3250717Z   is_x64_arch: true
2025-11-01T01:07:45.3251669Z   LIB: C:\Program Files\Microsoft Visual Studio\2022\Enterprise\VC\Tools\MSVC\14.44.35207\ATLMFC\lib\x64;C:\Program Files\Microsoft Visual Studio\2022\Enterprise\VC\Tools\MSVC\14.44.35207\lib\x64;C:\Program Files (x86)\Windows Kits\NETFXSDK\4.8\lib\um\x64;C:\Program Files (x86)\Windows Kits\10\lib\10.0.26100.0\ucrt\x64;C:\Program Files (x86)\Windows Kits\10\\lib\10.0.26100.0\\um\x64
2025-11-01T01:07:45.3253698Z   LIBPATH: C:\Program Files\Microsoft Visual Studio\2022\Enterprise\VC\Tools\MSVC\14.44.35207\ATLMFC\lib\x64;C:\Program Files\Microsoft Visual Studio\2022\Enterprise\VC\Tools\MSVC\14.44.35207\lib\x64;C:\Program Files\Microsoft Visual Studio\2022\Enterprise\VC\Tools\MSVC\14.44.35207\lib\x86\store\references;C:\Program Files (x86)\Windows Kits\10\UnionMetadata\10.0.26100.0;C:\Program Files (x86)\Windows Kits\10\References\10.0.26100.0;C:\Windows\Microsoft.NET\Framework64\v4.0.30319
2025-11-01T01:07:45.3255032Z   NETFXSDKDir: C:\Program Files (x86)\Windows Kits\NETFXSDK\4.8\
2025-11-01T01:07:45.3268974Z   Path: C:\Program Files\Microsoft Visual Studio\2022\Enterprise\VC\Tools\MSVC\14.44.35207\bin\HostX64\x64;C:\Program Files\Microsoft Visual Studio\2022\Enterprise\Common7\IDE\VC\VCPackages;C:\Program Files\Microsoft Visual Studio\2022\Enterprise\Common7\IDE\CommonExtensions\Microsoft\TestWindow;C:\Program Files\Microsoft Visual Studio\2022\Enterprise\Common7\IDE\CommonExtensions\Microsoft\TeamFoundation\Team Explorer;C:\Program Files\Microsoft Visual Studio\2022\Enterprise\MSBuild\Current\bin\Roslyn;C:\Program Files (x86)\Microsoft SDKs\Windows\v10.0A\bin\NETFX 4.8 Tools\x64\;C:\Program Files (x86)\HTML Help Workshop;C:\Program Files\Microsoft Visual Studio\2022\Enterprise\Common7\IDE\CommonExtensions\Microsoft\FSharp\Tools;C:\Program Files\Microsoft Visual Studio\2022\Enterprise\Team Tools\DiagnosticsHub\Collector;C:\Program Files\Microsoft Visual Studio\2022\Enterprise\Common7\IDE\Extensions\Microsoft\CodeCoverage.Console;C:\Program Files\Microsoft Visual Studio\2022\Enterprise\VC\Tools\Llvm\x64\bin;C:\Program Files (x86)\Windows Kits\10\bin\10.0.26100.0\\x64;C:\Program Files (x86)\Windows Kits\10\bin\\x64;C:\Program Files\Microsoft Visual Studio\2022\Enterprise\\MSBuild\Current\Bin\amd64;C:\Windows\Microsoft.NET\Framework64\v4.0.30319;C:\Program Files\Microsoft Visual Studio\2022\Enterprise\Common7\IDE\;C:\Program Files\Microsoft Visual Studio\2022\Enterprise\Common7\Tools\;C:\Program Files\MongoDB\Server\7.0\bin;C:\vcpkg;C:\tools\zstd;C:\hostedtoolcache\windows\stack\3.7.1\x64;C:\cabal\bin;C:\\ghcup\bin;C:\mingw64\bin;C:\Program Files\dotnet;C:\Program Files\MySQL\MySQL Server 8.0\bin;C:\Program Files\R\R-4.5.1\bin\x64;C:\SeleniumWebDrivers\GeckoDriver;C:\SeleniumWebDrivers\EdgeDriver\;C:\SeleniumWebDrivers\ChromeDriver;C:\Program Files (x86)\sbt\bin;C:\Program Files (x86)\GitHub CLI;C:\Program Files\Git\bin;C:\Program Files (x86)\pipx_bin;C:\npm\prefix;C:\hostedtoolcache\windows\go\1.24.9\x64\bin;C:\hostedtoolcache\windows\Python\3.9.13\x64\Scripts;C:\hostedtoolcache\windows\Python\3.9.13\x64;C:\hostedtoolcache\windows\Ruby\3.3.9\x64\bin;C:\Program Files\OpenSSL\bin;C:\tools\kotlinc\bin;C:\hostedtoolcache\windows\Java_Temurin-Hotspot_jdk\17.0.16-8\x64\bin;C:\Program Files\ImageMagick-7.1.2-Q16-HDRI;C:\Program Files\Microsoft SDKs\Azure\CLI2\wbin;C:\ProgramData\kind;C:\ProgramData\Chocolatey\bin;C:\Windows\system32;C:\Windows;C:\Windows\System32\Wbem;C:\Windows\System32\WindowsPowerShell\v1.0\;C:\Windows\System32\OpenSSH\;C:\Program Files\PowerShell\7\;C:\Program Files\Microsoft\Web Platform Installer\;C:\Program Files\Microsoft SQL Server\Client SDK\ODBC\170\Tools\Binn\;C:\Program Files\Microsoft SQL Server\150\Tools\Binn\;C:\Program Files\dotnet\;C:\Program Files (x86)\Windows Kits\10\Windows Performance Toolkit\;C:\Program Files (x86)\WiX Toolset v3.14\bin;C:\Program Files\Microsoft SQL Server\130\DTS\Binn\;C:\Program Files\Microsoft SQL Server\140\DTS\Binn\;C:\Program Files\Microsoft SQL Server\150\DTS\Binn\;C:\Program Files\Microsoft SQL Server\160\DTS\Binn\;C:\Program Files\Microsoft SQL Server\170\DTS\Binn\;C:\ProgramData\chocolatey\lib\pulumi\tools\Pulumi\bin;C:\Program Files\CMake\bin;C:\Strawberry\c\bin;C:\Strawberry\perl\site\bin;C:\Strawberry\perl\bin;C:\ProgramData\chocolatey\lib\maven\apache-maven-3.9.11\bin;C:\Program Files\Microsoft Service Fabric\bin\Fabric\Fabric.Code;C:\Program Files\Microsoft SDKs\Service Fabric\Tools\ServiceFabricLocalClusterManager;C:\Program Files\nodejs\;C:\Program Files\Git\cmd;C:\Program Files\Git\mingw64\bin;C:\Program Files\Git\usr\bin;C:\Program Files\GitHub CLI\;c:\tools\php;C:\Program Files\Amazon\AWSCLIV2\;C:\Program Files\Amazon\SessionManagerPlugin\bin\;C:\Program Files\Amazon\AWSSAMCLI\bin\;C:\Program Files\Microsoft SQL Server\130\Tools\Binn\;C:\Program Files\mongosh\;C:\Program Files\LLVM\bin;C:\Program Files (x86)\LLVM\bin;C:\Users\runneradmin\.dotnet\tools;C:\Users\runneradmin\.cargo\bin;C:\Users\runneradmin\AppData\Local\Microsoft\WindowsApps;C:\Program Files (x86)\Microsoft Visual Studio\Installer;C:\Program Files\Microsoft Visual Studio\2022\Enterprise\Common7\IDE\CommonExtensions\Microsoft\CMake\CMake\bin;C:\Program Files\Microsoft Visual Studio\2022\Enterprise\Common7\IDE\CommonExtensions\Microsoft\CMake\Ninja;C:\Program Files\Microsoft Visual Studio\2022\Enterprise\Common7\IDE\VC\Linux\bin\ConnectionManagerExe;C:\Program Files\Microsoft Visual Studio\2022\Enterprise\VC\vcpkg
2025-11-01T01:07:45.3283417Z   Platform: x64
2025-11-01T01:07:45.3283690Z   UCRTVersion: 10.0.26100.0
2025-11-01T01:07:45.3284087Z   UniversalCRTSdkDir: C:\Program Files (x86)\Windows Kits\10\
2025-11-01T01:07:45.3284734Z   VCIDEInstallDir: C:\Program Files\Microsoft Visual Studio\2022\Enterprise\Common7\IDE\VC\
2025-11-01T01:07:45.3285208Z   VCINSTALLDIR: C:\Program Files\Microsoft Visual Studio\2022\Enterprise\VC\
2025-11-01T01:07:45.3285628Z   VCPKG_ROOT: C:\Program Files\Microsoft Visual Studio\2022\Enterprise\VC\vcpkg
2025-11-01T01:07:45.3286108Z   VCToolsInstallDir: C:\Program Files\Microsoft Visual Studio\2022\Enterprise\VC\Tools\MSVC\14.44.35207\
2025-11-01T01:07:45.3286651Z   VCToolsRedistDir: C:\Program Files\Microsoft Visual Studio\2022\Enterprise\VC\Redist\MSVC\14.44.35112\
2025-11-01T01:07:45.3287043Z   VCToolsVersion: 14.44.35207
2025-11-01T01:07:45.3287254Z   VisualStudioVersion: 17.0
2025-11-01T01:07:45.3287567Z   VS170COMNTOOLS: C:\Program Files\Microsoft Visual Studio\2022\Enterprise\Common7\Tools\
2025-11-01T01:07:45.3287916Z   VSCMD_ARG_app_plat: Desktop
2025-11-01T01:07:45.3288113Z   VSCMD_ARG_HOST_ARCH: x64
2025-11-01T01:07:45.3288306Z   VSCMD_ARG_TGT_ARCH: x64
2025-11-01T01:07:45.3288484Z   VSCMD_VER: 17.14.18
2025-11-01T01:07:45.3288745Z   VSINSTALLDIR: C:\Program Files\Microsoft Visual Studio\2022\Enterprise\
2025-11-01T01:07:45.3289156Z   VSSDK150INSTALL: C:\Program Files\Microsoft Visual Studio\2022\Enterprise\VSSDK
2025-11-01T01:07:45.3289563Z   VSSDKINSTALL: C:\Program Files\Microsoft Visual Studio\2022\Enterprise\VSSDK
2025-11-01T01:07:45.3290134Z   WindowsLibPath: C:\Program Files (x86)\Windows Kits\10\UnionMetadata\10.0.26100.0;C:\Program Files (x86)\Windows Kits\10\References\10.0.26100.0
2025-11-01T01:07:45.3290668Z   WindowsSdkBinPath: C:\Program Files (x86)\Windows Kits\10\bin\
2025-11-01T01:07:45.3291011Z   WindowsSdkDir: C:\Program Files (x86)\Windows Kits\10\
2025-11-01T01:07:45.3291277Z   WindowsSDKLibVersion: 10.0.26100.0\
2025-11-01T01:07:45.3291590Z   WindowsSdkVerBinPath: C:\Program Files (x86)\Windows Kits\10\bin\10.0.26100.0\
2025-11-01T01:07:45.3291914Z   WindowsSDKVersion: 10.0.26100.0\
2025-11-01T01:07:45.3292295Z   WindowsSDK_ExecutablePath_x64: C:\Program Files (x86)\Microsoft SDKs\Windows\v10.0A\bin\NETFX 4.8 Tools\x64\
2025-11-01T01:07:45.3292877Z   WindowsSDK_ExecutablePath_x86: C:\Program Files (x86)\Microsoft SDKs\Windows\v10.0A\bin\NETFX 4.8 Tools\
2025-11-01T01:07:45.3293814Z   __DOTNET_ADD_64BIT: 1
2025-11-01T01:07:45.3294000Z   __DOTNET_PREFERRED_BITNESS: 64
2025-11-01T01:07:45.3300810Z   __VSCMD_PREINIT_PATH: C:\Program Files\MongoDB\Server\7.0\bin;C:\vcpkg;C:\tools\zstd;C:\hostedtoolcache\windows\stack\3.7.1\x64;C:\cabal\bin;C:\\ghcup\bin;C:\mingw64\bin;C:\Program Files\dotnet;C:\Program Files\MySQL\MySQL Server 8.0\bin;C:\Program Files\R\R-4.5.1\bin\x64;C:\SeleniumWebDrivers\GeckoDriver;C:\SeleniumWebDrivers\EdgeDriver\;C:\SeleniumWebDrivers\ChromeDriver;C:\Program Files (x86)\sbt\bin;C:\Program Files (x86)\GitHub CLI;C:\Program Files\Git\bin;C:\Program Files (x86)\pipx_bin;C:\npm\prefix;C:\hostedtoolcache\windows\go\1.24.9\x64\bin;C:\hostedtoolcache\windows\Python\3.9.13\x64\Scripts;C:\hostedtoolcache\windows\Python\3.9.13\x64;C:\hostedtoolcache\windows\Ruby\3.3.9\x64\bin;C:\Program Files\OpenSSL\bin;C:\tools\kotlinc\bin;C:\hostedtoolcache\windows\Java_Temurin-Hotspot_jdk\17.0.16-8\x64\bin;C:\Program Files\ImageMagick-7.1.2-Q16-HDRI;C:\Program Files\Microsoft SDKs\Azure\CLI2\wbin;C:\ProgramData\kind;C:\ProgramData\Chocolatey\bin;C:\Windows\system32;C:\Windows;C:\Windows\System32\Wbem;C:\Windows\System32\WindowsPowerShell\v1.0\;C:\Windows\System32\OpenSSH\;C:\Program Files\PowerShell\7\;C:\Program Files\Microsoft\Web Platform Installer\;C:\Program Files\Microsoft SQL Server\Client SDK\ODBC\170\Tools\Binn\;C:\Program Files\Microsoft SQL Server\150\Tools\Binn\;C:\Program Files\dotnet\;C:\Program Files (x86)\Windows Kits\10\Windows Performance Toolkit\;C:\Program Files (x86)\WiX Toolset v3.14\bin;C:\Program Files\Microsoft SQL Server\130\DTS\Binn\;C:\Program Files\Microsoft SQL Server\140\DTS\Binn\;C:\Program Files\Microsoft SQL Server\150\DTS\Binn\;C:\Program Files\Microsoft SQL Server\160\DTS\Binn\;C:\Program Files\Microsoft SQL Server\170\DTS\Binn\;C:\ProgramData\chocolatey\lib\pulumi\tools\Pulumi\bin;C:\Program Files\CMake\bin;C:\Strawberry\c\bin;C:\Strawberry\perl\site\bin;C:\Strawberry\perl\bin;C:\ProgramData\chocolatey\lib\maven\apache-maven-3.9.11\bin;C:\Program Files\Microsoft Service Fabric\bin\Fabric\Fabric.Code;C:\Program Files\Microsoft SDKs\Service Fabric\Tools\ServiceFabricLocalClusterManager;C:\Program Files\nodejs\;C:\Program Files\Git\cmd;C:\Program Files\Git\mingw64\bin;C:\Program Files\Git\usr\bin;C:\Program Files\GitHub CLI\;c:\tools\php;C:\Program Files (x86)\sbt\bin;C:\Program Files\Amazon\AWSCLIV2\;C:\Program Files\Amazon\SessionManagerPlugin\bin\;C:\Program Files\Amazon\AWSSAMCLI\bin\;C:\Program Files\Microsoft SQL Server\130\Tools\Binn\;C:\Program Files\mongosh\;C:\Program Files\LLVM\bin;C:\Program Files (x86)\LLVM\bin;C:\Users\runneradmin\.dotnet\tools;C:\Users\runneradmin\.cargo\bin;C:\Users\runneradmin\AppData\Local\Microsoft\WindowsApps;C:\Program Files (x86)\Microsoft Visual Studio\Installer
2025-11-01T01:07:45.3308032Z   VERSION_BASE: 1.1.14
2025-11-01T01:07:45.3308202Z   VERSION_SEMVER: 1.1.14
2025-11-01T01:07:45.3308387Z   VERSION_TAG: v1.1.14
2025-11-01T01:07:45.3308557Z ##[endgroup]
2025-11-01T01:07:45.3450855Z Building base version 1.1.14
2025-11-01T01:07:45.3454124Z Building semantic version 1.1.14
2025-11-01T01:07:45.3605507Z ##[group]Run build.cmd %VERSION_SEMVER%
2025-11-01T01:07:45.3605859Z [36;1mbuild.cmd %VERSION_SEMVER%[0m
2025-11-01T01:07:45.3626683Z shell: C:\Windows\system32\cmd.EXE /D /E:ON /V:OFF /S /C "CALL "{0}""
2025-11-01T01:07:45.3626975Z env:
2025-11-01T01:07:45.3627147Z   CommandPromptType: Native
2025-11-01T01:07:45.3627463Z   DevEnvDir: C:\Program Files\Microsoft Visual Studio\2022\Enterprise\Common7\IDE\
2025-11-01T01:07:45.3627900Z   ExtensionSdkDir: C:\Program Files (x86)\Microsoft SDKs\Windows Kits\10\ExtensionSDKs
2025-11-01T01:07:45.3629787Z   EXTERNAL_INCLUDE: C:\Program Files\Microsoft Visual Studio\2022\Enterprise\VC\Tools\MSVC\14.44.35207\include;C:\Program Files\Microsoft Visual Studio\2022\Enterprise\VC\Tools\MSVC\14.44.35207\ATLMFC\include;C:\Program Files\Microsoft Visual Studio\2022\Enterprise\VC\Auxiliary\VS\include;C:\Program Files (x86)\Windows Kits\10\include\10.0.26100.0\ucrt;C:\Program Files (x86)\Windows Kits\10\\include\10.0.26100.0\\um;C:\Program Files (x86)\Windows Kits\10\\include\10.0.26100.0\\shared;C:\Program Files (x86)\Windows Kits\10\\include\10.0.26100.0\\winrt;C:\Program Files (x86)\Windows Kits\10\\include\10.0.26100.0\\cppwinrt;C:\Program Files (x86)\Windows Kits\NETFXSDK\4.8\include\um
2025-11-01T01:07:45.3631657Z   Framework40Version: v4.0
2025-11-01T01:07:45.3631887Z   FrameworkDir: C:\Windows\Microsoft.NET\Framework64\
2025-11-01T01:07:45.3632190Z   FrameworkDir64: C:\Windows\Microsoft.NET\Framework64\
2025-11-01T01:07:45.3632460Z   FrameworkVersion: v4.0.30319
2025-11-01T01:07:45.3632660Z   FrameworkVersion64: v4.0.30319
2025-11-01T01:07:45.3633110Z   FSHARPINSTALLDIR: C:\Program Files\Microsoft Visual Studio\2022\Enterprise\Common7\IDE\CommonExtensions\Microsoft\FSharp\Tools
2025-11-01T01:07:45.3633611Z   HTMLHelpDir: C:\Program Files (x86)\HTML Help Workshop
2025-11-01T01:07:45.3634025Z   IFCPATH: C:\Program Files\Microsoft Visual Studio\2022\Enterprise\VC\Tools\MSVC\14.44.35207\ifc\x64
2025-11-01T01:07:45.3635838Z   INCLUDE: C:\Program Files\Microsoft Visual Studio\2022\Enterprise\VC\Tools\MSVC\14.44.35207\include;C:\Program Files\Microsoft Visual Studio\2022\Enterprise\VC\Tools\MSVC\14.44.35207\ATLMFC\include;C:\Program Files\Microsoft Visual Studio\2022\Enterprise\VC\Auxiliary\VS\include;C:\Program Files (x86)\Windows Kits\10\include\10.0.26100.0\ucrt;C:\Program Files (x86)\Windows Kits\10\\include\10.0.26100.0\\um;C:\Program Files (x86)\Windows Kits\10\\include\10.0.26100.0\\shared;C:\Program Files (x86)\Windows Kits\10\\include\10.0.26100.0\\winrt;C:\Program Files (x86)\Windows Kits\10\\include\10.0.26100.0\\cppwinrt;C:\Program Files (x86)\Windows Kits\NETFXSDK\4.8\include\um
2025-11-01T01:07:45.3637721Z   is_x64_arch: true
2025-11-01T01:07:45.3638665Z   LIB: C:\Program Files\Microsoft Visual Studio\2022\Enterprise\VC\Tools\MSVC\14.44.35207\ATLMFC\lib\x64;C:\Program Files\Microsoft Visual Studio\2022\Enterprise\VC\Tools\MSVC\14.44.35207\lib\x64;C:\Program Files (x86)\Windows Kits\NETFXSDK\4.8\lib\um\x64;C:\Program Files (x86)\Windows Kits\10\lib\10.0.26100.0\ucrt\x64;C:\Program Files (x86)\Windows Kits\10\\lib\10.0.26100.0\\um\x64
2025-11-01T01:07:45.3641109Z   LIBPATH: C:\Program Files\Microsoft Visual Studio\2022\Enterprise\VC\Tools\MSVC\14.44.35207\ATLMFC\lib\x64;C:\Program Files\Microsoft Visual Studio\2022\Enterprise\VC\Tools\MSVC\14.44.35207\lib\x64;C:\Program Files\Microsoft Visual Studio\2022\Enterprise\VC\Tools\MSVC\14.44.35207\lib\x86\store\references;C:\Program Files (x86)\Windows Kits\10\UnionMetadata\10.0.26100.0;C:\Program Files (x86)\Windows Kits\10\References\10.0.26100.0;C:\Windows\Microsoft.NET\Framework64\v4.0.30319
2025-11-01T01:07:45.3642439Z   NETFXSDKDir: C:\Program Files (x86)\Windows Kits\NETFXSDK\4.8\
2025-11-01T01:07:45.3656321Z   Path: C:\Program Files\Microsoft Visual Studio\2022\Enterprise\VC\Tools\MSVC\14.44.35207\bin\HostX64\x64;C:\Program Files\Microsoft Visual Studio\2022\Enterprise\Common7\IDE\VC\VCPackages;C:\Program Files\Microsoft Visual Studio\2022\Enterprise\Common7\IDE\CommonExtensions\Microsoft\TestWindow;C:\Program Files\Microsoft Visual Studio\2022\Enterprise\Common7\IDE\CommonExtensions\Microsoft\TeamFoundation\Team Explorer;C:\Program Files\Microsoft Visual Studio\2022\Enterprise\MSBuild\Current\bin\Roslyn;C:\Program Files (x86)\Microsoft SDKs\Windows\v10.0A\bin\NETFX 4.8 Tools\x64\;C:\Program Files (x86)\HTML Help Workshop;C:\Program Files\Microsoft Visual Studio\2022\Enterprise\Common7\IDE\CommonExtensions\Microsoft\FSharp\Tools;C:\Program Files\Microsoft Visual Studio\2022\Enterprise\Team Tools\DiagnosticsHub\Collector;C:\Program Files\Microsoft Visual Studio\2022\Enterprise\Common7\IDE\Extensions\Microsoft\CodeCoverage.Console;C:\Program Files\Microsoft Visual Studio\2022\Enterprise\VC\Tools\Llvm\x64\bin;C:\Program Files (x86)\Windows Kits\10\bin\10.0.26100.0\\x64;C:\Program Files (x86)\Windows Kits\10\bin\\x64;C:\Program Files\Microsoft Visual Studio\2022\Enterprise\\MSBuild\Current\Bin\amd64;C:\Windows\Microsoft.NET\Framework64\v4.0.30319;C:\Program Files\Microsoft Visual Studio\2022\Enterprise\Common7\IDE\;C:\Program Files\Microsoft Visual Studio\2022\Enterprise\Common7\Tools\;C:\Program Files\MongoDB\Server\7.0\bin;C:\vcpkg;C:\tools\zstd;C:\hostedtoolcache\windows\stack\3.7.1\x64;C:\cabal\bin;C:\\ghcup\bin;C:\mingw64\bin;C:\Program Files\dotnet;C:\Program Files\MySQL\MySQL Server 8.0\bin;C:\Program Files\R\R-4.5.1\bin\x64;C:\SeleniumWebDrivers\GeckoDriver;C:\SeleniumWebDrivers\EdgeDriver\;C:\SeleniumWebDrivers\ChromeDriver;C:\Program Files (x86)\sbt\bin;C:\Program Files (x86)\GitHub CLI;C:\Program Files\Git\bin;C:\Program Files (x86)\pipx_bin;C:\npm\prefix;C:\hostedtoolcache\windows\go\1.24.9\x64\bin;C:\hostedtoolcache\windows\Python\3.9.13\x64\Scripts;C:\hostedtoolcache\windows\Python\3.9.13\x64;C:\hostedtoolcache\windows\Ruby\3.3.9\x64\bin;C:\Program Files\OpenSSL\bin;C:\tools\kotlinc\bin;C:\hostedtoolcache\windows\Java_Temurin-Hotspot_jdk\17.0.16-8\x64\bin;C:\Program Files\ImageMagick-7.1.2-Q16-HDRI;C:\Program Files\Microsoft SDKs\Azure\CLI2\wbin;C:\ProgramData\kind;C:\ProgramData\Chocolatey\bin;C:\Windows\system32;C:\Windows;C:\Windows\System32\Wbem;C:\Windows\System32\WindowsPowerShell\v1.0\;C:\Windows\System32\OpenSSH\;C:\Program Files\PowerShell\7\;C:\Program Files\Microsoft\Web Platform Installer\;C:\Program Files\Microsoft SQL Server\Client SDK\ODBC\170\Tools\Binn\;C:\Program Files\Microsoft SQL Server\150\Tools\Binn\;C:\Program Files\dotnet\;C:\Program Files (x86)\Windows Kits\10\Windows Performance Toolkit\;C:\Program Files (x86)\WiX Toolset v3.14\bin;C:\Program Files\Microsoft SQL Server\130\DTS\Binn\;C:\Program Files\Microsoft SQL Server\140\DTS\Binn\;C:\Program Files\Microsoft SQL Server\150\DTS\Binn\;C:\Program Files\Microsoft SQL Server\160\DTS\Binn\;C:\Program Files\Microsoft SQL Server\170\DTS\Binn\;C:\ProgramData\chocolatey\lib\pulumi\tools\Pulumi\bin;C:\Program Files\CMake\bin;C:\Strawberry\c\bin;C:\Strawberry\perl\site\bin;C:\Strawberry\perl\bin;C:\ProgramData\chocolatey\lib\maven\apache-maven-3.9.11\bin;C:\Program Files\Microsoft Service Fabric\bin\Fabric\Fabric.Code;C:\Program Files\Microsoft SDKs\Service Fabric\Tools\ServiceFabricLocalClusterManager;C:\Program Files\nodejs\;C:\Program Files\Git\cmd;C:\Program Files\Git\mingw64\bin;C:\Program Files\Git\usr\bin;C:\Program Files\GitHub CLI\;c:\tools\php;C:\Program Files\Amazon\AWSCLIV2\;C:\Program Files\Amazon\SessionManagerPlugin\bin\;C:\Program Files\Amazon\AWSSAMCLI\bin\;C:\Program Files\Microsoft SQL Server\130\Tools\Binn\;C:\Program Files\mongosh\;C:\Program Files\LLVM\bin;C:\Program Files (x86)\LLVM\bin;C:\Users\runneradmin\.dotnet\tools;C:\Users\runneradmin\.cargo\bin;C:\Users\runneradmin\AppData\Local\Microsoft\WindowsApps;C:\Program Files (x86)\Microsoft Visual Studio\Installer;C:\Program Files\Microsoft Visual Studio\2022\Enterprise\Common7\IDE\CommonExtensions\Microsoft\CMake\CMake\bin;C:\Program Files\Microsoft Visual Studio\2022\Enterprise\Common7\IDE\CommonExtensions\Microsoft\CMake\Ninja;C:\Program Files\Microsoft Visual Studio\2022\Enterprise\Common7\IDE\VC\Linux\bin\ConnectionManagerExe;C:\Program Files\Microsoft Visual Studio\2022\Enterprise\VC\vcpkg
2025-11-01T01:07:45.3668813Z   Platform: x64
2025-11-01T01:07:45.3668974Z   UCRTVersion: 10.0.26100.0
2025-11-01T01:07:45.3669233Z   UniversalCRTSdkDir: C:\Program Files (x86)\Windows Kits\10\
2025-11-01T01:07:45.3669637Z   VCIDEInstallDir: C:\Program Files\Microsoft Visual Studio\2022\Enterprise\Common7\IDE\VC\
2025-11-01T01:07:45.3670076Z   VCINSTALLDIR: C:\Program Files\Microsoft Visual Studio\2022\Enterprise\VC\
2025-11-01T01:07:45.3670480Z   VCPKG_ROOT: C:\Program Files\Microsoft Visual Studio\2022\Enterprise\VC\vcpkg
2025-11-01T01:07:45.3670950Z   VCToolsInstallDir: C:\Program Files\Microsoft Visual Studio\2022\Enterprise\VC\Tools\MSVC\14.44.35207\
2025-11-01T01:07:45.3671495Z   VCToolsRedistDir: C:\Program Files\Microsoft Visual Studio\2022\Enterprise\VC\Redist\MSVC\14.44.35112\
2025-11-01T01:07:45.3671973Z   VCToolsVersion: 14.44.35207
2025-11-01T01:07:45.3672172Z   VisualStudioVersion: 17.0
2025-11-01T01:07:45.3672500Z   VS170COMNTOOLS: C:\Program Files\Microsoft Visual Studio\2022\Enterprise\Common7\Tools\
2025-11-01T01:07:45.3672837Z   VSCMD_ARG_app_plat: Desktop
2025-11-01T01:07:45.3673030Z   VSCMD_ARG_HOST_ARCH: x64
2025-11-01T01:07:45.3673212Z   VSCMD_ARG_TGT_ARCH: x64
2025-11-01T01:07:45.3673387Z   VSCMD_VER: 17.14.18
2025-11-01T01:07:45.3673642Z   VSINSTALLDIR: C:\Program Files\Microsoft Visual Studio\2022\Enterprise\
2025-11-01T01:07:45.3674044Z   VSSDK150INSTALL: C:\Program Files\Microsoft Visual Studio\2022\Enterprise\VSSDK
2025-11-01T01:07:45.3674462Z   VSSDKINSTALL: C:\Program Files\Microsoft Visual Studio\2022\Enterprise\VSSDK
2025-11-01T01:07:45.3675020Z   WindowsLibPath: C:\Program Files (x86)\Windows Kits\10\UnionMetadata\10.0.26100.0;C:\Program Files (x86)\Windows Kits\10\References\10.0.26100.0
2025-11-01T01:07:45.3675554Z   WindowsSdkBinPath: C:\Program Files (x86)\Windows Kits\10\bin\
2025-11-01T01:07:45.3675883Z   WindowsSdkDir: C:\Program Files (x86)\Windows Kits\10\
2025-11-01T01:07:45.3676157Z   WindowsSDKLibVersion: 10.0.26100.0\
2025-11-01T01:07:45.3676471Z   WindowsSdkVerBinPath: C:\Program Files (x86)\Windows Kits\10\bin\10.0.26100.0\
2025-11-01T01:07:45.3676784Z   WindowsSDKVersion: 10.0.26100.0\
2025-11-01T01:07:45.3677172Z   WindowsSDK_ExecutablePath_x64: C:\Program Files (x86)\Microsoft SDKs\Windows\v10.0A\bin\NETFX 4.8 Tools\x64\
2025-11-01T01:07:45.3677716Z   WindowsSDK_ExecutablePath_x86: C:\Program Files (x86)\Microsoft SDKs\Windows\v10.0A\bin\NETFX 4.8 Tools\
2025-11-01T01:07:45.3678088Z   __DOTNET_ADD_64BIT: 1
2025-11-01T01:07:45.3678277Z   __DOTNET_PREFERRED_BITNESS: 64
2025-11-01T01:07:45.3685442Z   __VSCMD_PREINIT_PATH: C:\Program Files\MongoDB\Server\7.0\bin;C:\vcpkg;C:\tools\zstd;C:\hostedtoolcache\windows\stack\3.7.1\x64;C:\cabal\bin;C:\\ghcup\bin;C:\mingw64\bin;C:\Program Files\dotnet;C:\Program Files\MySQL\MySQL Server 8.0\bin;C:\Program Files\R\R-4.5.1\bin\x64;C:\SeleniumWebDrivers\GeckoDriver;C:\SeleniumWebDrivers\EdgeDriver\;C:\SeleniumWebDrivers\ChromeDriver;C:\Program Files (x86)\sbt\bin;C:\Program Files (x86)\GitHub CLI;C:\Program Files\Git\bin;C:\Program Files (x86)\pipx_bin;C:\npm\prefix;C:\hostedtoolcache\windows\go\1.24.9\x64\bin;C:\hostedtoolcache\windows\Python\3.9.13\x64\Scripts;C:\hostedtoolcache\windows\Python\3.9.13\x64;C:\hostedtoolcache\windows\Ruby\3.3.9\x64\bin;C:\Program Files\OpenSSL\bin;C:\tools\kotlinc\bin;C:\hostedtoolcache\windows\Java_Temurin-Hotspot_jdk\17.0.16-8\x64\bin;C:\Program Files\ImageMagick-7.1.2-Q16-HDRI;C:\Program Files\Microsoft SDKs\Azure\CLI2\wbin;C:\ProgramData\kind;C:\ProgramData\Chocolatey\bin;C:\Windows\system32;C:\Windows;C:\Windows\System32\Wbem;C:\Windows\System32\WindowsPowerShell\v1.0\;C:\Windows\System32\OpenSSH\;C:\Program Files\PowerShell\7\;C:\Program Files\Microsoft\Web Platform Installer\;C:\Program Files\Microsoft SQL Server\Client SDK\ODBC\170\Tools\Binn\;C:\Program Files\Microsoft SQL Server\150\Tools\Binn\;C:\Program Files\dotnet\;C:\Program Files (x86)\Windows Kits\10\Windows Performance Toolkit\;C:\Program Files (x86)\WiX Toolset v3.14\bin;C:\Program Files\Microsoft SQL Server\130\DTS\Binn\;C:\Program Files\Microsoft SQL Server\140\DTS\Binn\;C:\Program Files\Microsoft SQL Server\150\DTS\Binn\;C:\Program Files\Microsoft SQL Server\160\DTS\Binn\;C:\Program Files\Microsoft SQL Server\170\DTS\Binn\;C:\ProgramData\chocolatey\lib\pulumi\tools\Pulumi\bin;C:\Program Files\CMake\bin;C:\Strawberry\c\bin;C:\Strawberry\perl\site\bin;C:\Strawberry\perl\bin;C:\ProgramData\chocolatey\lib\maven\apache-maven-3.9.11\bin;C:\Program Files\Microsoft Service Fabric\bin\Fabric\Fabric.Code;C:\Program Files\Microsoft SDKs\Service Fabric\Tools\ServiceFabricLocalClusterManager;C:\Program Files\nodejs\;C:\Program Files\Git\cmd;C:\Program Files\Git\mingw64\bin;C:\Program Files\Git\usr\bin;C:\Program Files\GitHub CLI\;c:\tools\php;C:\Program Files (x86)\sbt\bin;C:\Program Files\Amazon\AWSCLIV2\;C:\Program Files\Amazon\SessionManagerPlugin\bin\;C:\Program Files\Amazon\AWSSAMCLI\bin\;C:\Program Files\Microsoft SQL Server\130\Tools\Binn\;C:\Program Files\mongosh\;C:\Program Files\LLVM\bin;C:\Program Files (x86)\LLVM\bin;C:\Users\runneradmin\.dotnet\tools;C:\Users\runneradmin\.cargo\bin;C:\Users\runneradmin\AppData\Local\Microsoft\WindowsApps;C:\Program Files (x86)\Microsoft Visual Studio\Installer
2025-11-01T01:07:45.3692361Z   VERSION_BASE: 1.1.14
2025-11-01T01:07:45.3692534Z   VERSION_SEMVER: 1.1.14
2025-11-01T01:07:45.3692717Z   VERSION_TAG: v1.1.14
2025-11-01T01:07:45.3692894Z ##[endgroup]
2025-11-01T01:07:45.3898444Z Building fontlift 1.1.14...
2025-11-01T01:07:45.4981028Z not was unexpected at this time.
2025-11-01T01:07:45.5014207Z ##[error]Process completed with exit code 255.
2025-11-01T01:07:45.5218260Z Post job cleanup.
2025-11-01T01:07:45.7908553Z [command]"C:\Program Files\Git\bin\git.exe" version
2025-11-01T01:07:45.8208041Z git version 2.51.1.windows.1
2025-11-01T01:07:45.8284165Z Temporarily overriding HOME='D:\a\_temp\95d7063a-27de-4ee6-8cce-2af8e4e89269' before making global git config changes
2025-11-01T01:07:45.8285338Z Adding repository directory to the temporary git global config as a safe directory
2025-11-01T01:07:45.8298357Z [command]"C:\Program Files\Git\bin\git.exe" config --global --add safe.directory D:\a\fontlift-win-cli\fontlift-win-cli
2025-11-01T01:07:45.8641455Z [command]"C:\Program Files\Git\bin\git.exe" config --local --name-only --get-regexp core\.sshCommand
2025-11-01T01:07:45.9009511Z [command]"C:\Program Files\Git\bin\git.exe" submodule foreach --recursive "sh -c \"git config --local --name-only --get-regexp 'core\.sshCommand' && git config --local --unset-all 'core.sshCommand' || :\""
2025-11-01T01:07:46.5080625Z [command]"C:\Program Files\Git\bin\git.exe" config --local --name-only --get-regexp http\.https\:\/\/github\.com\/\.extraheader
2025-11-01T01:07:46.5374842Z http.https://github.com/.extraheader
2025-11-01T01:07:46.5428278Z [command]"C:\Program Files\Git\bin\git.exe" config --local --unset-all http.https://github.com/.extraheader
2025-11-01T01:07:46.5752455Z [command]"C:\Program Files\Git\bin\git.exe" submodule foreach --recursive "sh -c \"git config --local --name-only --get-regexp 'http\.https\:\/\/github\.com\/\.extraheader' && git config --local --unset-all 'http.https://github.com/.extraheader' || :\""
2025-11-01T01:07:47.1368146Z Cleaning up orphan processes
