2025-11-01T00:57:47.2937472Z Current runner version: '2.329.0'
2025-11-01T00:57:47.2965902Z ##[group]Runner Image Provisioner
2025-11-01T00:57:47.2966983Z Hosted Compute Agent
2025-11-01T00:57:47.2967873Z Version: 20251016.436
2025-11-01T00:57:47.2968808Z Commit: 8ab8ac8bfd662a3739dab9fe09456aba92132568
2025-11-01T00:57:47.2969926Z Build Date: 2025-10-15T20:44:12Z
2025-11-01T00:57:47.2970807Z ##[endgroup]
2025-11-01T00:57:47.2971638Z ##[group]Operating System
2025-11-01T00:57:47.2972538Z Microsoft Windows Server 2025
2025-11-01T00:57:47.2973416Z 10.0.26100
2025-11-01T00:57:47.2974179Z Datacenter
2025-11-01T00:57:47.2974852Z ##[endgroup]
2025-11-01T00:57:47.2975602Z ##[group]Runner Image
2025-11-01T00:57:47.2976354Z Image: windows-2025
2025-11-01T00:57:47.2977132Z Version: 20251021.67.1
2025-11-01T00:57:47.2978868Z Included Software: https://github.com/actions/runner-images/blob/win25/20251021.67/images/windows/Windows2025-Readme.md
2025-11-01T00:57:47.2982249Z Image Release: https://github.com/actions/runner-images/releases/tag/win25%2F20251021.67
2025-11-01T00:57:47.2983957Z ##[endgroup]
2025-11-01T00:57:47.2988540Z ##[group]GITHUB_TOKEN Permissions
2025-11-01T00:57:47.2991119Z Actions: write
2025-11-01T00:57:47.2991961Z Attestations: write
2025-11-01T00:57:47.2992723Z Checks: write
2025-11-01T00:57:47.2993508Z Contents: write
2025-11-01T00:57:47.2994266Z Deployments: write
2025-11-01T00:57:47.2995071Z Discussions: write
2025-11-01T00:57:47.2995809Z Issues: write
2025-11-01T00:57:47.2996623Z Metadata: read
2025-11-01T00:57:47.2997343Z Models: read
2025-11-01T00:57:47.2998166Z Packages: write
2025-11-01T00:57:47.2999011Z Pages: write
2025-11-01T00:57:47.2999755Z PullRequests: write
2025-11-01T00:57:47.3001049Z RepositoryProjects: write
2025-11-01T00:57:47.3002038Z SecurityEvents: write
2025-11-01T00:57:47.3002936Z Statuses: write
2025-11-01T00:57:47.3003669Z ##[endgroup]
2025-11-01T00:57:47.3006765Z Secret source: Actions
2025-11-01T00:57:47.3007797Z Prepare workflow directory
2025-11-01T00:57:47.3344765Z Prepare all required actions
2025-11-01T00:57:47.3381831Z Getting action download info
2025-11-01T00:57:47.6520494Z Download action repository 'actions/checkout@v4' (SHA:08eba0b27e820071cde6df949e0beb9ba4906955)
2025-11-01T00:57:47.7724683Z Download action repository 'ilammy/msvc-dev-cmd@v1' (SHA:0b201ec74fa43914dc39ae48a89fd1d8cb592756)
2025-11-01T00:57:48.2521683Z Download action repository 'actions/upload-artifact@v4' (SHA:ea165f8d65b6e75b540449e92b4886f43607fa02)
2025-11-01T00:57:48.6719148Z Complete job name: build
2025-11-01T00:57:48.7943919Z ##[group]Run actions/checkout@v4
2025-11-01T00:57:48.7944867Z with:
2025-11-01T00:57:48.7945219Z   fetch-depth: 0
2025-11-01T00:57:48.7945616Z   repository: fontlaborg/fontlift-win-cli
2025-11-01T00:57:48.7946321Z   token: ***
2025-11-01T00:57:48.7946666Z   ssh-strict: true
2025-11-01T00:57:48.7947018Z   ssh-user: git
2025-11-01T00:57:48.7947388Z   persist-credentials: true
2025-11-01T00:57:48.7947792Z   clean: true
2025-11-01T00:57:48.7948162Z   sparse-checkout-cone-mode: true
2025-11-01T00:57:48.7948632Z   fetch-tags: false
2025-11-01T00:57:48.7948997Z   show-progress: true
2025-11-01T00:57:48.7949360Z   lfs: false
2025-11-01T00:57:48.7949700Z   submodules: false
2025-11-01T00:57:48.7950078Z   set-safe-directory: true
2025-11-01T00:57:48.7950686Z ##[endgroup]
2025-11-01T00:57:48.9624577Z Syncing repository: fontlaborg/fontlift-win-cli
2025-11-01T00:57:48.9627178Z ##[group]Getting Git version info
2025-11-01T00:57:48.9628353Z Working directory is 'D:\a\fontlift-win-cli\fontlift-win-cli'
2025-11-01T00:57:49.0570550Z [command]"C:\Program Files\Git\bin\git.exe" version
2025-11-01T00:57:49.1959317Z git version 2.51.1.windows.1
2025-11-01T00:57:49.2014990Z ##[endgroup]
2025-11-01T00:57:49.2039127Z Temporarily overriding HOME='D:\a\_temp\6157b749-9d92-472d-896b-606e5f8472c6' before making global git config changes
2025-11-01T00:57:49.2040689Z Adding repository directory to the temporary git global config as a safe directory
2025-11-01T00:57:49.2051775Z [command]"C:\Program Files\Git\bin\git.exe" config --global --add safe.directory D:\a\fontlift-win-cli\fontlift-win-cli
2025-11-01T00:57:49.2335984Z Deleting the contents of 'D:\a\fontlift-win-cli\fontlift-win-cli'
2025-11-01T00:57:49.2342544Z ##[group]Initializing the repository
2025-11-01T00:57:49.2351949Z [command]"C:\Program Files\Git\bin\git.exe" init D:\a\fontlift-win-cli\fontlift-win-cli
2025-11-01T00:57:49.2786830Z Initialized empty Git repository in D:/a/fontlift-win-cli/fontlift-win-cli/.git/
2025-11-01T00:57:49.2828553Z [command]"C:\Program Files\Git\bin\git.exe" remote add origin https://github.com/fontlaborg/fontlift-win-cli
2025-11-01T00:57:49.3134315Z ##[endgroup]
2025-11-01T00:57:49.3135679Z ##[group]Disabling automatic garbage collection
2025-11-01T00:57:49.3144408Z [command]"C:\Program Files\Git\bin\git.exe" config --local gc.auto 0
2025-11-01T00:57:49.3449299Z ##[endgroup]
2025-11-01T00:57:49.3451111Z ##[group]Setting up auth
2025-11-01T00:57:49.3463522Z [command]"C:\Program Files\Git\bin\git.exe" config --local --name-only --get-regexp core\.sshCommand
2025-11-01T00:57:49.3781356Z [command]"C:\Program Files\Git\bin\git.exe" submodule foreach --recursive "sh -c \"git config --local --name-only --get-regexp 'core\.sshCommand' && git config --local --unset-all 'core.sshCommand' || :\""
2025-11-01T00:57:50.2153080Z [command]"C:\Program Files\Git\bin\git.exe" config --local --name-only --get-regexp http\.https\:\/\/github\.com\/\.extraheader
2025-11-01T00:57:50.2445243Z [command]"C:\Program Files\Git\bin\git.exe" submodule foreach --recursive "sh -c \"git config --local --name-only --get-regexp 'http\.https\:\/\/github\.com\/\.extraheader' && git config --local --unset-all 'http.https://github.com/.extraheader' || :\""
2025-11-01T00:57:50.7945912Z [command]"C:\Program Files\Git\bin\git.exe" config --local http.https://github.com/.extraheader "AUTHORIZATION: basic ***"
2025-11-01T00:57:50.8244723Z ##[endgroup]
2025-11-01T00:57:50.8245252Z ##[group]Fetching the repository
2025-11-01T00:57:50.8259010Z [command]"C:\Program Files\Git\bin\git.exe" -c protocol.version=2 fetch --prune --no-recurse-submodules origin +refs/heads/*:refs/remotes/origin/* +refs/tags/*:refs/tags/*
2025-11-01T00:57:51.7770983Z From https://github.com/fontlaborg/fontlift-win-cli
2025-11-01T00:57:51.7772205Z  * [new branch]      main       -> origin/main
2025-11-01T00:57:51.7772698Z  * [new tag]         v0.1.0     -> v0.1.0
2025-11-01T00:57:51.7773021Z  * [new tag]         v1.0.0     -> v1.0.0
2025-11-01T00:57:51.7775990Z  * [new tag]         v1.1.0     -> v1.1.0
2025-11-01T00:57:51.7776617Z  * [new tag]         v1.1.1     -> v1.1.1
2025-11-01T00:57:51.7777132Z  * [new tag]         v1.1.10    -> v1.1.10
2025-11-01T00:57:51.7778019Z  * [new tag]         v1.1.11    -> v1.1.11
2025-11-01T00:57:51.7778508Z  * [new tag]         v1.1.2     -> v1.1.2
2025-11-01T00:57:51.7779007Z  * [new tag]         v1.1.3     -> v1.1.3
2025-11-01T00:57:51.7779481Z  * [new tag]         v1.1.4     -> v1.1.4
2025-11-01T00:57:51.7780028Z  * [new tag]         v1.1.5     -> v1.1.5
2025-11-01T00:57:51.7780545Z  * [new tag]         v1.1.6     -> v1.1.6
2025-11-01T00:57:51.7781020Z  * [new tag]         v1.1.7     -> v1.1.7
2025-11-01T00:57:51.7781526Z  * [new tag]         v1.1.8     -> v1.1.8
2025-11-01T00:57:51.7781983Z  * [new tag]         v1.1.9     -> v1.1.9
2025-11-01T00:57:51.7995720Z [command]"C:\Program Files\Git\bin\git.exe" branch --list --remote origin/main
2025-11-01T00:57:51.8263394Z   origin/main
2025-11-01T00:57:51.8308691Z [command]"C:\Program Files\Git\bin\git.exe" rev-parse refs/remotes/origin/main
2025-11-01T00:57:51.8577485Z 99feeeccf51975eda25e813db49ac40559c607f7
2025-11-01T00:57:51.8620860Z ##[endgroup]
2025-11-01T00:57:51.8621412Z ##[group]Determining the checkout info
2025-11-01T00:57:51.8623077Z ##[endgroup]
2025-11-01T00:57:51.8639748Z [command]"C:\Program Files\Git\bin\git.exe" sparse-checkout disable
2025-11-01T00:57:51.8973285Z [command]"C:\Program Files\Git\bin\git.exe" config --local --unset-all extensions.worktreeConfig
2025-11-01T00:57:51.9262931Z ##[group]Checking out the ref
2025-11-01T00:57:51.9279079Z [command]"C:\Program Files\Git\bin\git.exe" checkout --progress --force -B main refs/remotes/origin/main
2025-11-01T00:57:51.9819647Z branch 'main' set up to track 'origin/main'.
2025-11-01T00:57:51.9826153Z Switched to a new branch 'main'
2025-11-01T00:57:51.9861240Z ##[endgroup]
2025-11-01T00:57:52.0177591Z [command]"C:\Program Files\Git\bin\git.exe" log -1 --format=%H
2025-11-01T00:57:52.0474525Z 99feeeccf51975eda25e813db49ac40559c607f7
2025-11-01T00:57:52.0840278Z ##[group]Run ilammy/msvc-dev-cmd@v1
2025-11-01T00:57:52.0840580Z with:
2025-11-01T00:57:52.0840722Z   arch: x64
2025-11-01T00:57:52.0840880Z ##[endgroup]
2025-11-01T00:57:53.2691875Z Found with vswhere: C:\Program Files\Microsoft Visual Studio\2022\Enterprise\VC\Auxiliary\Build\vcvarsall.bat
2025-11-01T00:58:03.2411654Z ##[group]Environment variables
2025-11-01T00:58:03.2412176Z Setting CommandPromptType
2025-11-01T00:58:03.2425853Z Setting DevEnvDir
2025-11-01T00:58:03.2430743Z Setting ExtensionSdkDir
2025-11-01T00:58:03.2434281Z Setting EXTERNAL_INCLUDE
2025-11-01T00:58:03.2440826Z Setting Framework40Version
2025-11-01T00:58:03.2444613Z Setting FrameworkDir
2025-11-01T00:58:03.2447784Z Setting FrameworkDir64
2025-11-01T00:58:03.2452189Z Setting FrameworkVersion
2025-11-01T00:58:03.2455459Z Setting FrameworkVersion64
2025-11-01T00:58:03.2459839Z Setting FSHARPINSTALLDIR
2025-11-01T00:58:03.2463527Z Setting HTMLHelpDir
2025-11-01T00:58:03.2467086Z Setting IFCPATH
2025-11-01T00:58:03.2470791Z Setting INCLUDE
2025-11-01T00:58:03.2475842Z Setting is_x64_arch
2025-11-01T00:58:03.2478533Z Setting LIB
2025-11-01T00:58:03.2481240Z Setting LIBPATH
2025-11-01T00:58:03.2484395Z Setting NETFXSDKDir
2025-11-01T00:58:03.2488492Z Setting Path
2025-11-01T00:58:03.2499113Z Setting Platform
2025-11-01T00:58:03.2502132Z Setting UCRTVersion
2025-11-01T00:58:03.2505623Z Setting UniversalCRTSdkDir
2025-11-01T00:58:03.2508256Z Setting VCIDEInstallDir
2025-11-01T00:58:03.2511687Z Setting VCINSTALLDIR
2025-11-01T00:58:03.2514309Z Setting VCPKG_ROOT
2025-11-01T00:58:03.2517223Z Setting VCToolsInstallDir
2025-11-01T00:58:03.2520109Z Setting VCToolsRedistDir
2025-11-01T00:58:03.2522830Z Setting VCToolsVersion
2025-11-01T00:58:03.2526157Z Setting VisualStudioVersion
2025-11-01T00:58:03.2529423Z Setting VS170COMNTOOLS
2025-11-01T00:58:03.2533049Z Setting VSCMD_ARG_app_plat
2025-11-01T00:58:03.2536235Z Setting VSCMD_ARG_HOST_ARCH
2025-11-01T00:58:03.2539380Z Setting VSCMD_ARG_TGT_ARCH
2025-11-01T00:58:03.2542539Z Setting VSCMD_VER
2025-11-01T00:58:03.2546201Z Setting VSINSTALLDIR
2025-11-01T00:58:03.2549282Z Setting VSSDK150INSTALL
2025-11-01T00:58:03.2552356Z Setting VSSDKINSTALL
2025-11-01T00:58:03.2555624Z Setting WindowsLibPath
2025-11-01T00:58:03.2559212Z Setting WindowsSdkBinPath
2025-11-01T00:58:03.2562620Z Setting WindowsSdkDir
2025-11-01T00:58:03.2566299Z Setting WindowsSDKLibVersion
2025-11-01T00:58:03.2569648Z Setting WindowsSdkVerBinPath
2025-11-01T00:58:03.2572567Z Setting WindowsSDKVersion
2025-11-01T00:58:03.2575489Z Setting WindowsSDK_ExecutablePath_x64
2025-11-01T00:58:03.2578371Z Setting WindowsSDK_ExecutablePath_x86
2025-11-01T00:58:03.2581231Z Setting __DOTNET_ADD_64BIT
2025-11-01T00:58:03.2584103Z Setting __DOTNET_PREFERRED_BITNESS
2025-11-01T00:58:03.2586559Z Setting __VSCMD_PREINIT_PATH
2025-11-01T00:58:03.2590111Z ##[endgroup]
2025-11-01T00:58:03.2590358Z Configured Developer Command Prompt
2025-11-01T00:58:03.2808185Z ##[group]Run $json = & scripts/get-version.ps1 -Format Json
2025-11-01T00:58:03.2808653Z [36;1m$json = & scripts/get-version.ps1 -Format Json[0m
2025-11-01T00:58:03.2808950Z [36;1m$info = $json | ConvertFrom-Json[0m
2025-11-01T00:58:03.2809356Z [36;1m"VERSION_BASE=$($info.base)" | Out-File -FilePath $env:GITHUB_ENV -Append -Encoding utf8[0m
2025-11-01T00:58:03.2809881Z [36;1m"VERSION_SEMVER=$($info.semver)" | Out-File -FilePath $env:GITHUB_ENV -Append -Encoding utf8[0m
2025-11-01T00:58:03.2810609Z [36;1m"VERSION_TAG=$($info.tag)" | Out-File -FilePath $env:GITHUB_ENV -Append -Encoding utf8[0m
2025-11-01T00:58:03.2877075Z shell: C:\Program Files\PowerShell\7\pwsh.EXE -command ". '{0}'"
2025-11-01T00:58:03.2877382Z env:
2025-11-01T00:58:03.2877535Z   CommandPromptType: Native
2025-11-01T00:58:03.2877870Z   DevEnvDir: C:\Program Files\Microsoft Visual Studio\2022\Enterprise\Common7\IDE\
2025-11-01T00:58:03.2878791Z   ExtensionSdkDir: C:\Program Files (x86)\Microsoft SDKs\Windows Kits\10\ExtensionSDKs
2025-11-01T00:58:03.2880871Z   EXTERNAL_INCLUDE: C:\Program Files\Microsoft Visual Studio\2022\Enterprise\VC\Tools\MSVC\14.44.35207\include;C:\Program Files\Microsoft Visual Studio\2022\Enterprise\VC\Tools\MSVC\14.44.35207\ATLMFC\include;C:\Program Files\Microsoft Visual Studio\2022\Enterprise\VC\Auxiliary\VS\include;C:\Program Files (x86)\Windows Kits\10\include\10.0.26100.0\ucrt;C:\Program Files (x86)\Windows Kits\10\\include\10.0.26100.0\\um;C:\Program Files (x86)\Windows Kits\10\\include\10.0.26100.0\\shared;C:\Program Files (x86)\Windows Kits\10\\include\10.0.26100.0\\winrt;C:\Program Files (x86)\Windows Kits\10\\include\10.0.26100.0\\cppwinrt;C:\Program Files (x86)\Windows Kits\NETFXSDK\4.8\include\um
2025-11-01T00:58:03.2882788Z   Framework40Version: v4.0
2025-11-01T00:58:03.2883015Z   FrameworkDir: C:\Windows\Microsoft.NET\Framework64\
2025-11-01T00:58:03.2883319Z   FrameworkDir64: C:\Windows\Microsoft.NET\Framework64\
2025-11-01T00:58:03.2883610Z   FrameworkVersion: v4.0.30319
2025-11-01T00:58:03.2883836Z   FrameworkVersion64: v4.0.30319
2025-11-01T00:58:03.2884308Z   FSHARPINSTALLDIR: C:\Program Files\Microsoft Visual Studio\2022\Enterprise\Common7\IDE\CommonExtensions\Microsoft\FSharp\Tools
2025-11-01T00:58:03.2884841Z   HTMLHelpDir: C:\Program Files (x86)\HTML Help Workshop
2025-11-01T00:58:03.2885258Z   IFCPATH: C:\Program Files\Microsoft Visual Studio\2022\Enterprise\VC\Tools\MSVC\14.44.35207\ifc\x64
2025-11-01T00:58:03.2887283Z   INCLUDE: C:\Program Files\Microsoft Visual Studio\2022\Enterprise\VC\Tools\MSVC\14.44.35207\include;C:\Program Files\Microsoft Visual Studio\2022\Enterprise\VC\Tools\MSVC\14.44.35207\ATLMFC\include;C:\Program Files\Microsoft Visual Studio\2022\Enterprise\VC\Auxiliary\VS\include;C:\Program Files (x86)\Windows Kits\10\include\10.0.26100.0\ucrt;C:\Program Files (x86)\Windows Kits\10\\include\10.0.26100.0\\um;C:\Program Files (x86)\Windows Kits\10\\include\10.0.26100.0\\shared;C:\Program Files (x86)\Windows Kits\10\\include\10.0.26100.0\\winrt;C:\Program Files (x86)\Windows Kits\10\\include\10.0.26100.0\\cppwinrt;C:\Program Files (x86)\Windows Kits\NETFXSDK\4.8\include\um
2025-11-01T00:58:03.2889125Z   is_x64_arch: true
2025-11-01T00:58:03.2890151Z   LIB: C:\Program Files\Microsoft Visual Studio\2022\Enterprise\VC\Tools\MSVC\14.44.35207\ATLMFC\lib\x64;C:\Program Files\Microsoft Visual Studio\2022\Enterprise\VC\Tools\MSVC\14.44.35207\lib\x64;C:\Program Files (x86)\Windows Kits\NETFXSDK\4.8\lib\um\x64;C:\Program Files (x86)\Windows Kits\10\lib\10.0.26100.0\ucrt\x64;C:\Program Files (x86)\Windows Kits\10\\lib\10.0.26100.0\\um\x64
2025-11-01T00:58:03.2893978Z   LIBPATH: C:\Program Files\Microsoft Visual Studio\2022\Enterprise\VC\Tools\MSVC\14.44.35207\ATLMFC\lib\x64;C:\Program Files\Microsoft Visual Studio\2022\Enterprise\VC\Tools\MSVC\14.44.35207\lib\x64;C:\Program Files\Microsoft Visual Studio\2022\Enterprise\VC\Tools\MSVC\14.44.35207\lib\x86\store\references;C:\Program Files (x86)\Windows Kits\10\UnionMetadata\10.0.26100.0;C:\Program Files (x86)\Windows Kits\10\References\10.0.26100.0;C:\Windows\Microsoft.NET\Framework64\v4.0.30319
2025-11-01T00:58:03.2895541Z   NETFXSDKDir: C:\Program Files (x86)\Windows Kits\NETFXSDK\4.8\
2025-11-01T00:58:03.2909242Z   Path: C:\Program Files\Microsoft Visual Studio\2022\Enterprise\VC\Tools\MSVC\14.44.35207\bin\HostX64\x64;C:\Program Files\Microsoft Visual Studio\2022\Enterprise\Common7\IDE\VC\VCPackages;C:\Program Files\Microsoft Visual Studio\2022\Enterprise\Common7\IDE\CommonExtensions\Microsoft\TestWindow;C:\Program Files\Microsoft Visual Studio\2022\Enterprise\Common7\IDE\CommonExtensions\Microsoft\TeamFoundation\Team Explorer;C:\Program Files\Microsoft Visual Studio\2022\Enterprise\MSBuild\Current\bin\Roslyn;C:\Program Files (x86)\Microsoft SDKs\Windows\v10.0A\bin\NETFX 4.8 Tools\x64\;C:\Program Files (x86)\HTML Help Workshop;C:\Program Files\Microsoft Visual Studio\2022\Enterprise\Common7\IDE\CommonExtensions\Microsoft\FSharp\Tools;C:\Program Files\Microsoft Visual Studio\2022\Enterprise\Team Tools\DiagnosticsHub\Collector;C:\Program Files\Microsoft Visual Studio\2022\Enterprise\Common7\IDE\Extensions\Microsoft\CodeCoverage.Console;C:\Program Files\Microsoft Visual Studio\2022\Enterprise\VC\Tools\Llvm\x64\bin;C:\Program Files (x86)\Windows Kits\10\bin\10.0.26100.0\\x64;C:\Program Files (x86)\Windows Kits\10\bin\\x64;C:\Program Files\Microsoft Visual Studio\2022\Enterprise\\MSBuild\Current\Bin\amd64;C:\Windows\Microsoft.NET\Framework64\v4.0.30319;C:\Program Files\Microsoft Visual Studio\2022\Enterprise\Common7\IDE\;C:\Program Files\Microsoft Visual Studio\2022\Enterprise\Common7\Tools\;C:\Program Files\MongoDB\Server\7.0\bin;C:\vcpkg;C:\tools\zstd;C:\hostedtoolcache\windows\stack\3.7.1\x64;C:\cabal\bin;C:\\ghcup\bin;C:\mingw64\bin;C:\Program Files\dotnet;C:\Program Files\MySQL\MySQL Server 8.0\bin;C:\Program Files\R\R-4.5.1\bin\x64;C:\SeleniumWebDrivers\GeckoDriver;C:\SeleniumWebDrivers\EdgeDriver\;C:\SeleniumWebDrivers\ChromeDriver;C:\Program Files (x86)\sbt\bin;C:\Program Files (x86)\GitHub CLI;C:\Program Files\Git\bin;C:\Program Files (x86)\pipx_bin;C:\npm\prefix;C:\hostedtoolcache\windows\go\1.24.9\x64\bin;C:\hostedtoolcache\windows\Python\3.9.13\x64\Scripts;C:\hostedtoolcache\windows\Python\3.9.13\x64;C:\hostedtoolcache\windows\Ruby\3.3.9\x64\bin;C:\Program Files\OpenSSL\bin;C:\tools\kotlinc\bin;C:\hostedtoolcache\windows\Java_Temurin-Hotspot_jdk\17.0.16-8\x64\bin;C:\Program Files\ImageMagick-7.1.2-Q16-HDRI;C:\Program Files\Microsoft SDKs\Azure\CLI2\wbin;C:\ProgramData\kind;C:\ProgramData\Chocolatey\bin;C:\Windows\system32;C:\Windows;C:\Windows\System32\Wbem;C:\Windows\System32\WindowsPowerShell\v1.0\;C:\Windows\System32\OpenSSH\;C:\Program Files\PowerShell\7\;C:\Program Files\Microsoft\Web Platform Installer\;C:\Program Files\Microsoft SQL Server\Client SDK\ODBC\170\Tools\Binn\;C:\Program Files\Microsoft SQL Server\150\Tools\Binn\;C:\Program Files\dotnet\;C:\Program Files (x86)\Windows Kits\10\Windows Performance Toolkit\;C:\Program Files (x86)\WiX Toolset v3.14\bin;C:\Program Files\Microsoft SQL Server\130\DTS\Binn\;C:\Program Files\Microsoft SQL Server\140\DTS\Binn\;C:\Program Files\Microsoft SQL Server\150\DTS\Binn\;C:\Program Files\Microsoft SQL Server\160\DTS\Binn\;C:\Program Files\Microsoft SQL Server\170\DTS\Binn\;C:\ProgramData\chocolatey\lib\pulumi\tools\Pulumi\bin;C:\Program Files\CMake\bin;C:\Strawberry\c\bin;C:\Strawberry\perl\site\bin;C:\Strawberry\perl\bin;C:\ProgramData\chocolatey\lib\maven\apache-maven-3.9.11\bin;C:\Program Files\Microsoft Service Fabric\bin\Fabric\Fabric.Code;C:\Program Files\Microsoft SDKs\Service Fabric\Tools\ServiceFabricLocalClusterManager;C:\Program Files\nodejs\;C:\Program Files\Git\cmd;C:\Program Files\Git\mingw64\bin;C:\Program Files\Git\usr\bin;C:\Program Files\GitHub CLI\;c:\tools\php;C:\Program Files\Amazon\AWSCLIV2\;C:\Program Files\Amazon\SessionManagerPlugin\bin\;C:\Program Files\Amazon\AWSSAMCLI\bin\;C:\Program Files\Microsoft SQL Server\130\Tools\Binn\;C:\Program Files\mongosh\;C:\Program Files\LLVM\bin;C:\Program Files (x86)\LLVM\bin;C:\Users\runneradmin\.dotnet\tools;C:\Users\runneradmin\.cargo\bin;C:\Users\runneradmin\AppData\Local\Microsoft\WindowsApps;C:\Program Files (x86)\Microsoft Visual Studio\Installer;C:\Program Files\Microsoft Visual Studio\2022\Enterprise\Common7\IDE\CommonExtensions\Microsoft\CMake\CMake\bin;C:\Program Files\Microsoft Visual Studio\2022\Enterprise\Common7\IDE\CommonExtensions\Microsoft\CMake\Ninja;C:\Program Files\Microsoft Visual Studio\2022\Enterprise\Common7\IDE\VC\Linux\bin\ConnectionManagerExe;C:\Program Files\Microsoft Visual Studio\2022\Enterprise\VC\vcpkg
2025-11-01T00:58:03.2922959Z   Platform: x64
2025-11-01T00:58:03.2923120Z   UCRTVersion: 10.0.26100.0
2025-11-01T00:58:03.2923393Z   UniversalCRTSdkDir: C:\Program Files (x86)\Windows Kits\10\
2025-11-01T00:58:03.2923832Z   VCIDEInstallDir: C:\Program Files\Microsoft Visual Studio\2022\Enterprise\Common7\IDE\VC\
2025-11-01T00:58:03.2924313Z   VCINSTALLDIR: C:\Program Files\Microsoft Visual Studio\2022\Enterprise\VC\
2025-11-01T00:58:03.2924738Z   VCPKG_ROOT: C:\Program Files\Microsoft Visual Studio\2022\Enterprise\VC\vcpkg
2025-11-01T00:58:03.2925241Z   VCToolsInstallDir: C:\Program Files\Microsoft Visual Studio\2022\Enterprise\VC\Tools\MSVC\14.44.35207\
2025-11-01T00:58:03.2925824Z   VCToolsRedistDir: C:\Program Files\Microsoft Visual Studio\2022\Enterprise\VC\Redist\MSVC\14.44.35112\
2025-11-01T00:58:03.2926223Z   VCToolsVersion: 14.44.35207
2025-11-01T00:58:03.2926419Z   VisualStudioVersion: 17.0
2025-11-01T00:58:03.2926745Z   VS170COMNTOOLS: C:\Program Files\Microsoft Visual Studio\2022\Enterprise\Common7\Tools\
2025-11-01T00:58:03.2927105Z   VSCMD_ARG_app_plat: Desktop
2025-11-01T00:58:03.2927296Z   VSCMD_ARG_HOST_ARCH: x64
2025-11-01T00:58:03.2927466Z   VSCMD_ARG_TGT_ARCH: x64
2025-11-01T00:58:03.2927633Z   VSCMD_VER: 17.14.18
2025-11-01T00:58:03.2927886Z   VSINSTALLDIR: C:\Program Files\Microsoft Visual Studio\2022\Enterprise\
2025-11-01T00:58:03.2928320Z   VSSDK150INSTALL: C:\Program Files\Microsoft Visual Studio\2022\Enterprise\VSSDK
2025-11-01T00:58:03.2928756Z   VSSDKINSTALL: C:\Program Files\Microsoft Visual Studio\2022\Enterprise\VSSDK
2025-11-01T00:58:03.2929348Z   WindowsLibPath: C:\Program Files (x86)\Windows Kits\10\UnionMetadata\10.0.26100.0;C:\Program Files (x86)\Windows Kits\10\References\10.0.26100.0
2025-11-01T00:58:03.2929911Z   WindowsSdkBinPath: C:\Program Files (x86)\Windows Kits\10\bin\
2025-11-01T00:58:03.2930243Z   WindowsSdkDir: C:\Program Files (x86)\Windows Kits\10\
2025-11-01T00:58:03.2930517Z   WindowsSDKLibVersion: 10.0.26100.0\
2025-11-01T00:58:03.2930845Z   WindowsSdkVerBinPath: C:\Program Files (x86)\Windows Kits\10\bin\10.0.26100.0\
2025-11-01T00:58:03.2931176Z   WindowsSDKVersion: 10.0.26100.0\
2025-11-01T00:58:03.2931572Z   WindowsSDK_ExecutablePath_x64: C:\Program Files (x86)\Microsoft SDKs\Windows\v10.0A\bin\NETFX 4.8 Tools\x64\
2025-11-01T00:58:03.2932153Z   WindowsSDK_ExecutablePath_x86: C:\Program Files (x86)\Microsoft SDKs\Windows\v10.0A\bin\NETFX 4.8 Tools\
2025-11-01T00:58:03.2932550Z   __DOTNET_ADD_64BIT: 1
2025-11-01T00:58:03.2932732Z   __DOTNET_PREFERRED_BITNESS: 64
2025-11-01T00:58:03.2940685Z   __VSCMD_PREINIT_PATH: C:\Program Files\MongoDB\Server\7.0\bin;C:\vcpkg;C:\tools\zstd;C:\hostedtoolcache\windows\stack\3.7.1\x64;C:\cabal\bin;C:\\ghcup\bin;C:\mingw64\bin;C:\Program Files\dotnet;C:\Program Files\MySQL\MySQL Server 8.0\bin;C:\Program Files\R\R-4.5.1\bin\x64;C:\SeleniumWebDrivers\GeckoDriver;C:\SeleniumWebDrivers\EdgeDriver\;C:\SeleniumWebDrivers\ChromeDriver;C:\Program Files (x86)\sbt\bin;C:\Program Files (x86)\GitHub CLI;C:\Program Files\Git\bin;C:\Program Files (x86)\pipx_bin;C:\npm\prefix;C:\hostedtoolcache\windows\go\1.24.9\x64\bin;C:\hostedtoolcache\windows\Python\3.9.13\x64\Scripts;C:\hostedtoolcache\windows\Python\3.9.13\x64;C:\hostedtoolcache\windows\Ruby\3.3.9\x64\bin;C:\Program Files\OpenSSL\bin;C:\tools\kotlinc\bin;C:\hostedtoolcache\windows\Java_Temurin-Hotspot_jdk\17.0.16-8\x64\bin;C:\Program Files\ImageMagick-7.1.2-Q16-HDRI;C:\Program Files\Microsoft SDKs\Azure\CLI2\wbin;C:\ProgramData\kind;C:\ProgramData\Chocolatey\bin;C:\Windows\system32;C:\Windows;C:\Windows\System32\Wbem;C:\Windows\System32\WindowsPowerShell\v1.0\;C:\Windows\System32\OpenSSH\;C:\Program Files\PowerShell\7\;C:\Program Files\Microsoft\Web Platform Installer\;C:\Program Files\Microsoft SQL Server\Client SDK\ODBC\170\Tools\Binn\;C:\Program Files\Microsoft SQL Server\150\Tools\Binn\;C:\Program Files\dotnet\;C:\Program Files (x86)\Windows Kits\10\Windows Performance Toolkit\;C:\Program Files (x86)\WiX Toolset v3.14\bin;C:\Program Files\Microsoft SQL Server\130\DTS\Binn\;C:\Program Files\Microsoft SQL Server\140\DTS\Binn\;C:\Program Files\Microsoft SQL Server\150\DTS\Binn\;C:\Program Files\Microsoft SQL Server\160\DTS\Binn\;C:\Program Files\Microsoft SQL Server\170\DTS\Binn\;C:\ProgramData\chocolatey\lib\pulumi\tools\Pulumi\bin;C:\Program Files\CMake\bin;C:\Strawberry\c\bin;C:\Strawberry\perl\site\bin;C:\Strawberry\perl\bin;C:\ProgramData\chocolatey\lib\maven\apache-maven-3.9.11\bin;C:\Program Files\Microsoft Service Fabric\bin\Fabric\Fabric.Code;C:\Program Files\Microsoft SDKs\Service Fabric\Tools\ServiceFabricLocalClusterManager;C:\Program Files\nodejs\;C:\Program Files\Git\cmd;C:\Program Files\Git\mingw64\bin;C:\Program Files\Git\usr\bin;C:\Program Files\GitHub CLI\;c:\tools\php;C:\Program Files (x86)\sbt\bin;C:\Program Files\Amazon\AWSCLIV2\;C:\Program Files\Amazon\SessionManagerPlugin\bin\;C:\Program Files\Amazon\AWSSAMCLI\bin\;C:\Program Files\Microsoft SQL Server\130\Tools\Binn\;C:\Program Files\mongosh\;C:\Program Files\LLVM\bin;C:\Program Files (x86)\LLVM\bin;C:\Users\runneradmin\.dotnet\tools;C:\Users\runneradmin\.cargo\bin;C:\Users\runneradmin\AppData\Local\Microsoft\WindowsApps;C:\Program Files (x86)\Microsoft Visual Studio\Installer
2025-11-01T00:58:03.3001507Z ##[endgroup]
2025-11-01T00:58:04.5394662Z ##[group]Run echo Building base version %VERSION_BASE%
2025-11-01T00:58:04.5395072Z [36;1mecho Building base version %VERSION_BASE%[0m
2025-11-01T00:58:04.5395374Z [36;1mecho Building semantic version %VERSION_SEMVER%[0m
2025-11-01T00:58:04.5421784Z shell: C:\Windows\system32\cmd.EXE /D /E:ON /V:OFF /S /C "CALL "{0}""
2025-11-01T00:58:04.5422111Z env:
2025-11-01T00:58:04.5422266Z   CommandPromptType: Native
2025-11-01T00:58:04.5422598Z   DevEnvDir: C:\Program Files\Microsoft Visual Studio\2022\Enterprise\Common7\IDE\
2025-11-01T00:58:04.5423069Z   ExtensionSdkDir: C:\Program Files (x86)\Microsoft SDKs\Windows Kits\10\ExtensionSDKs
2025-11-01T00:58:04.5425181Z   EXTERNAL_INCLUDE: C:\Program Files\Microsoft Visual Studio\2022\Enterprise\VC\Tools\MSVC\14.44.35207\include;C:\Program Files\Microsoft Visual Studio\2022\Enterprise\VC\Tools\MSVC\14.44.35207\ATLMFC\include;C:\Program Files\Microsoft Visual Studio\2022\Enterprise\VC\Auxiliary\VS\include;C:\Program Files (x86)\Windows Kits\10\include\10.0.26100.0\ucrt;C:\Program Files (x86)\Windows Kits\10\\include\10.0.26100.0\\um;C:\Program Files (x86)\Windows Kits\10\\include\10.0.26100.0\\shared;C:\Program Files (x86)\Windows Kits\10\\include\10.0.26100.0\\winrt;C:\Program Files (x86)\Windows Kits\10\\include\10.0.26100.0\\cppwinrt;C:\Program Files (x86)\Windows Kits\NETFXSDK\4.8\include\um
2025-11-01T00:58:04.5427098Z   Framework40Version: v4.0
2025-11-01T00:58:04.5427326Z   FrameworkDir: C:\Windows\Microsoft.NET\Framework64\
2025-11-01T00:58:04.5427631Z   FrameworkDir64: C:\Windows\Microsoft.NET\Framework64\
2025-11-01T00:58:04.5427898Z   FrameworkVersion: v4.0.30319
2025-11-01T00:58:04.5428092Z   FrameworkVersion64: v4.0.30319
2025-11-01T00:58:04.5428567Z   FSHARPINSTALLDIR: C:\Program Files\Microsoft Visual Studio\2022\Enterprise\Common7\IDE\CommonExtensions\Microsoft\FSharp\Tools
2025-11-01T00:58:04.5429087Z   HTMLHelpDir: C:\Program Files (x86)\HTML Help Workshop
2025-11-01T00:58:04.5429510Z   IFCPATH: C:\Program Files\Microsoft Visual Studio\2022\Enterprise\VC\Tools\MSVC\14.44.35207\ifc\x64
2025-11-01T00:58:04.5431550Z   INCLUDE: C:\Program Files\Microsoft Visual Studio\2022\Enterprise\VC\Tools\MSVC\14.44.35207\include;C:\Program Files\Microsoft Visual Studio\2022\Enterprise\VC\Tools\MSVC\14.44.35207\ATLMFC\include;C:\Program Files\Microsoft Visual Studio\2022\Enterprise\VC\Auxiliary\VS\include;C:\Program Files (x86)\Windows Kits\10\include\10.0.26100.0\ucrt;C:\Program Files (x86)\Windows Kits\10\\include\10.0.26100.0\\um;C:\Program Files (x86)\Windows Kits\10\\include\10.0.26100.0\\shared;C:\Program Files (x86)\Windows Kits\10\\include\10.0.26100.0\\winrt;C:\Program Files (x86)\Windows Kits\10\\include\10.0.26100.0\\cppwinrt;C:\Program Files (x86)\Windows Kits\NETFXSDK\4.8\include\um
2025-11-01T00:58:04.5433583Z   is_x64_arch: true
2025-11-01T00:58:04.5434607Z   LIB: C:\Program Files\Microsoft Visual Studio\2022\Enterprise\VC\Tools\MSVC\14.44.35207\ATLMFC\lib\x64;C:\Program Files\Microsoft Visual Studio\2022\Enterprise\VC\Tools\MSVC\14.44.35207\lib\x64;C:\Program Files (x86)\Windows Kits\NETFXSDK\4.8\lib\um\x64;C:\Program Files (x86)\Windows Kits\10\lib\10.0.26100.0\ucrt\x64;C:\Program Files (x86)\Windows Kits\10\\lib\10.0.26100.0\\um\x64
2025-11-01T00:58:04.5436864Z   LIBPATH: C:\Program Files\Microsoft Visual Studio\2022\Enterprise\VC\Tools\MSVC\14.44.35207\ATLMFC\lib\x64;C:\Program Files\Microsoft Visual Studio\2022\Enterprise\VC\Tools\MSVC\14.44.35207\lib\x64;C:\Program Files\Microsoft Visual Studio\2022\Enterprise\VC\Tools\MSVC\14.44.35207\lib\x86\store\references;C:\Program Files (x86)\Windows Kits\10\UnionMetadata\10.0.26100.0;C:\Program Files (x86)\Windows Kits\10\References\10.0.26100.0;C:\Windows\Microsoft.NET\Framework64\v4.0.30319
2025-11-01T00:58:04.5438700Z   NETFXSDKDir: C:\Program Files (x86)\Windows Kits\NETFXSDK\4.8\
2025-11-01T00:58:04.5453655Z   Path: C:\Program Files\Microsoft Visual Studio\2022\Enterprise\VC\Tools\MSVC\14.44.35207\bin\HostX64\x64;C:\Program Files\Microsoft Visual Studio\2022\Enterprise\Common7\IDE\VC\VCPackages;C:\Program Files\Microsoft Visual Studio\2022\Enterprise\Common7\IDE\CommonExtensions\Microsoft\TestWindow;C:\Program Files\Microsoft Visual Studio\2022\Enterprise\Common7\IDE\CommonExtensions\Microsoft\TeamFoundation\Team Explorer;C:\Program Files\Microsoft Visual Studio\2022\Enterprise\MSBuild\Current\bin\Roslyn;C:\Program Files (x86)\Microsoft SDKs\Windows\v10.0A\bin\NETFX 4.8 Tools\x64\;C:\Program Files (x86)\HTML Help Workshop;C:\Program Files\Microsoft Visual Studio\2022\Enterprise\Common7\IDE\CommonExtensions\Microsoft\FSharp\Tools;C:\Program Files\Microsoft Visual Studio\2022\Enterprise\Team Tools\DiagnosticsHub\Collector;C:\Program Files\Microsoft Visual Studio\2022\Enterprise\Common7\IDE\Extensions\Microsoft\CodeCoverage.Console;C:\Program Files\Microsoft Visual Studio\2022\Enterprise\VC\Tools\Llvm\x64\bin;C:\Program Files (x86)\Windows Kits\10\bin\10.0.26100.0\\x64;C:\Program Files (x86)\Windows Kits\10\bin\\x64;C:\Program Files\Microsoft Visual Studio\2022\Enterprise\\MSBuild\Current\Bin\amd64;C:\Windows\Microsoft.NET\Framework64\v4.0.30319;C:\Program Files\Microsoft Visual Studio\2022\Enterprise\Common7\IDE\;C:\Program Files\Microsoft Visual Studio\2022\Enterprise\Common7\Tools\;C:\Program Files\MongoDB\Server\7.0\bin;C:\vcpkg;C:\tools\zstd;C:\hostedtoolcache\windows\stack\3.7.1\x64;C:\cabal\bin;C:\\ghcup\bin;C:\mingw64\bin;C:\Program Files\dotnet;C:\Program Files\MySQL\MySQL Server 8.0\bin;C:\Program Files\R\R-4.5.1\bin\x64;C:\SeleniumWebDrivers\GeckoDriver;C:\SeleniumWebDrivers\EdgeDriver\;C:\SeleniumWebDrivers\ChromeDriver;C:\Program Files (x86)\sbt\bin;C:\Program Files (x86)\GitHub CLI;C:\Program Files\Git\bin;C:\Program Files (x86)\pipx_bin;C:\npm\prefix;C:\hostedtoolcache\windows\go\1.24.9\x64\bin;C:\hostedtoolcache\windows\Python\3.9.13\x64\Scripts;C:\hostedtoolcache\windows\Python\3.9.13\x64;C:\hostedtoolcache\windows\Ruby\3.3.9\x64\bin;C:\Program Files\OpenSSL\bin;C:\tools\kotlinc\bin;C:\hostedtoolcache\windows\Java_Temurin-Hotspot_jdk\17.0.16-8\x64\bin;C:\Program Files\ImageMagick-7.1.2-Q16-HDRI;C:\Program Files\Microsoft SDKs\Azure\CLI2\wbin;C:\ProgramData\kind;C:\ProgramData\Chocolatey\bin;C:\Windows\system32;C:\Windows;C:\Windows\System32\Wbem;C:\Windows\System32\WindowsPowerShell\v1.0\;C:\Windows\System32\OpenSSH\;C:\Program Files\PowerShell\7\;C:\Program Files\Microsoft\Web Platform Installer\;C:\Program Files\Microsoft SQL Server\Client SDK\ODBC\170\Tools\Binn\;C:\Program Files\Microsoft SQL Server\150\Tools\Binn\;C:\Program Files\dotnet\;C:\Program Files (x86)\Windows Kits\10\Windows Performance Toolkit\;C:\Program Files (x86)\WiX Toolset v3.14\bin;C:\Program Files\Microsoft SQL Server\130\DTS\Binn\;C:\Program Files\Microsoft SQL Server\140\DTS\Binn\;C:\Program Files\Microsoft SQL Server\150\DTS\Binn\;C:\Program Files\Microsoft SQL Server\160\DTS\Binn\;C:\Program Files\Microsoft SQL Server\170\DTS\Binn\;C:\ProgramData\chocolatey\lib\pulumi\tools\Pulumi\bin;C:\Program Files\CMake\bin;C:\Strawberry\c\bin;C:\Strawberry\perl\site\bin;C:\Strawberry\perl\bin;C:\ProgramData\chocolatey\lib\maven\apache-maven-3.9.11\bin;C:\Program Files\Microsoft Service Fabric\bin\Fabric\Fabric.Code;C:\Program Files\Microsoft SDKs\Service Fabric\Tools\ServiceFabricLocalClusterManager;C:\Program Files\nodejs\;C:\Program Files\Git\cmd;C:\Program Files\Git\mingw64\bin;C:\Program Files\Git\usr\bin;C:\Program Files\GitHub CLI\;c:\tools\php;C:\Program Files\Amazon\AWSCLIV2\;C:\Program Files\Amazon\SessionManagerPlugin\bin\;C:\Program Files\Amazon\AWSSAMCLI\bin\;C:\Program Files\Microsoft SQL Server\130\Tools\Binn\;C:\Program Files\mongosh\;C:\Program Files\LLVM\bin;C:\Program Files (x86)\LLVM\bin;C:\Users\runneradmin\.dotnet\tools;C:\Users\runneradmin\.cargo\bin;C:\Users\runneradmin\AppData\Local\Microsoft\WindowsApps;C:\Program Files (x86)\Microsoft Visual Studio\Installer;C:\Program Files\Microsoft Visual Studio\2022\Enterprise\Common7\IDE\CommonExtensions\Microsoft\CMake\CMake\bin;C:\Program Files\Microsoft Visual Studio\2022\Enterprise\Common7\IDE\CommonExtensions\Microsoft\CMake\Ninja;C:\Program Files\Microsoft Visual Studio\2022\Enterprise\Common7\IDE\VC\Linux\bin\ConnectionManagerExe;C:\Program Files\Microsoft Visual Studio\2022\Enterprise\VC\vcpkg
2025-11-01T00:58:04.5467007Z   Platform: x64
2025-11-01T00:58:04.5467169Z   UCRTVersion: 10.0.26100.0
2025-11-01T00:58:04.5467439Z   UniversalCRTSdkDir: C:\Program Files (x86)\Windows Kits\10\
2025-11-01T00:58:04.5467874Z   VCIDEInstallDir: C:\Program Files\Microsoft Visual Studio\2022\Enterprise\Common7\IDE\VC\
2025-11-01T00:58:04.5468345Z   VCINSTALLDIR: C:\Program Files\Microsoft Visual Studio\2022\Enterprise\VC\
2025-11-01T00:58:04.5468766Z   VCPKG_ROOT: C:\Program Files\Microsoft Visual Studio\2022\Enterprise\VC\vcpkg
2025-11-01T00:58:04.5469274Z   VCToolsInstallDir: C:\Program Files\Microsoft Visual Studio\2022\Enterprise\VC\Tools\MSVC\14.44.35207\
2025-11-01T00:58:04.5469865Z   VCToolsRedistDir: C:\Program Files\Microsoft Visual Studio\2022\Enterprise\VC\Redist\MSVC\14.44.35112\
2025-11-01T00:58:04.5470268Z   VCToolsVersion: 14.44.35207
2025-11-01T00:58:04.5470471Z   VisualStudioVersion: 17.0
2025-11-01T00:58:04.5470800Z   VS170COMNTOOLS: C:\Program Files\Microsoft Visual Studio\2022\Enterprise\Common7\Tools\
2025-11-01T00:58:04.5471153Z   VSCMD_ARG_app_plat: Desktop
2025-11-01T00:58:04.5471341Z   VSCMD_ARG_HOST_ARCH: x64
2025-11-01T00:58:04.5471512Z   VSCMD_ARG_TGT_ARCH: x64
2025-11-01T00:58:04.5471680Z   VSCMD_VER: 17.14.18
2025-11-01T00:58:04.5471946Z   VSINSTALLDIR: C:\Program Files\Microsoft Visual Studio\2022\Enterprise\
2025-11-01T00:58:04.5472373Z   VSSDK150INSTALL: C:\Program Files\Microsoft Visual Studio\2022\Enterprise\VSSDK
2025-11-01T00:58:04.5472807Z   VSSDKINSTALL: C:\Program Files\Microsoft Visual Studio\2022\Enterprise\VSSDK
2025-11-01T00:58:04.5473404Z   WindowsLibPath: C:\Program Files (x86)\Windows Kits\10\UnionMetadata\10.0.26100.0;C:\Program Files (x86)\Windows Kits\10\References\10.0.26100.0
2025-11-01T00:58:04.5473968Z   WindowsSdkBinPath: C:\Program Files (x86)\Windows Kits\10\bin\
2025-11-01T00:58:04.5474302Z   WindowsSdkDir: C:\Program Files (x86)\Windows Kits\10\
2025-11-01T00:58:04.5474573Z   WindowsSDKLibVersion: 10.0.26100.0\
2025-11-01T00:58:04.5474905Z   WindowsSdkVerBinPath: C:\Program Files (x86)\Windows Kits\10\bin\10.0.26100.0\
2025-11-01T00:58:04.5475235Z   WindowsSDKVersion: 10.0.26100.0\
2025-11-01T00:58:04.5475630Z   WindowsSDK_ExecutablePath_x64: C:\Program Files (x86)\Microsoft SDKs\Windows\v10.0A\bin\NETFX 4.8 Tools\x64\
2025-11-01T00:58:04.5476211Z   WindowsSDK_ExecutablePath_x86: C:\Program Files (x86)\Microsoft SDKs\Windows\v10.0A\bin\NETFX 4.8 Tools\
2025-11-01T00:58:04.5476603Z   __DOTNET_ADD_64BIT: 1
2025-11-01T00:58:04.5476788Z   __DOTNET_PREFERRED_BITNESS: 64
2025-11-01T00:58:04.5485425Z   __VSCMD_PREINIT_PATH: C:\Program Files\MongoDB\Server\7.0\bin;C:\vcpkg;C:\tools\zstd;C:\hostedtoolcache\windows\stack\3.7.1\x64;C:\cabal\bin;C:\\ghcup\bin;C:\mingw64\bin;C:\Program Files\dotnet;C:\Program Files\MySQL\MySQL Server 8.0\bin;C:\Program Files\R\R-4.5.1\bin\x64;C:\SeleniumWebDrivers\GeckoDriver;C:\SeleniumWebDrivers\EdgeDriver\;C:\SeleniumWebDrivers\ChromeDriver;C:\Program Files (x86)\sbt\bin;C:\Program Files (x86)\GitHub CLI;C:\Program Files\Git\bin;C:\Program Files (x86)\pipx_bin;C:\npm\prefix;C:\hostedtoolcache\windows\go\1.24.9\x64\bin;C:\hostedtoolcache\windows\Python\3.9.13\x64\Scripts;C:\hostedtoolcache\windows\Python\3.9.13\x64;C:\hostedtoolcache\windows\Ruby\3.3.9\x64\bin;C:\Program Files\OpenSSL\bin;C:\tools\kotlinc\bin;C:\hostedtoolcache\windows\Java_Temurin-Hotspot_jdk\17.0.16-8\x64\bin;C:\Program Files\ImageMagick-7.1.2-Q16-HDRI;C:\Program Files\Microsoft SDKs\Azure\CLI2\wbin;C:\ProgramData\kind;C:\ProgramData\Chocolatey\bin;C:\Windows\system32;C:\Windows;C:\Windows\System32\Wbem;C:\Windows\System32\WindowsPowerShell\v1.0\;C:\Windows\System32\OpenSSH\;C:\Program Files\PowerShell\7\;C:\Program Files\Microsoft\Web Platform Installer\;C:\Program Files\Microsoft SQL Server\Client SDK\ODBC\170\Tools\Binn\;C:\Program Files\Microsoft SQL Server\150\Tools\Binn\;C:\Program Files\dotnet\;C:\Program Files (x86)\Windows Kits\10\Windows Performance Toolkit\;C:\Program Files (x86)\WiX Toolset v3.14\bin;C:\Program Files\Microsoft SQL Server\130\DTS\Binn\;C:\Program Files\Microsoft SQL Server\140\DTS\Binn\;C:\Program Files\Microsoft SQL Server\150\DTS\Binn\;C:\Program Files\Microsoft SQL Server\160\DTS\Binn\;C:\Program Files\Microsoft SQL Server\170\DTS\Binn\;C:\ProgramData\chocolatey\lib\pulumi\tools\Pulumi\bin;C:\Program Files\CMake\bin;C:\Strawberry\c\bin;C:\Strawberry\perl\site\bin;C:\Strawberry\perl\bin;C:\ProgramData\chocolatey\lib\maven\apache-maven-3.9.11\bin;C:\Program Files\Microsoft Service Fabric\bin\Fabric\Fabric.Code;C:\Program Files\Microsoft SDKs\Service Fabric\Tools\ServiceFabricLocalClusterManager;C:\Program Files\nodejs\;C:\Program Files\Git\cmd;C:\Program Files\Git\mingw64\bin;C:\Program Files\Git\usr\bin;C:\Program Files\GitHub CLI\;c:\tools\php;C:\Program Files (x86)\sbt\bin;C:\Program Files\Amazon\AWSCLIV2\;C:\Program Files\Amazon\SessionManagerPlugin\bin\;C:\Program Files\Amazon\AWSSAMCLI\bin\;C:\Program Files\Microsoft SQL Server\130\Tools\Binn\;C:\Program Files\mongosh\;C:\Program Files\LLVM\bin;C:\Program Files (x86)\LLVM\bin;C:\Users\runneradmin\.dotnet\tools;C:\Users\runneradmin\.cargo\bin;C:\Users\runneradmin\AppData\Local\Microsoft\WindowsApps;C:\Program Files (x86)\Microsoft Visual Studio\Installer
2025-11-01T00:58:04.5493191Z   VERSION_BASE: 1.1.11
2025-11-01T00:58:04.5493356Z   VERSION_SEMVER: 1.1.11
2025-11-01T00:58:04.5493529Z   VERSION_TAG: v1.1.11
2025-11-01T00:58:04.5493692Z ##[endgroup]
2025-11-01T00:58:04.5627538Z Building base version 1.1.11
2025-11-01T00:58:04.5630222Z Building semantic version 1.1.11
2025-11-01T00:58:04.5778219Z ##[group]Run build.cmd %VERSION_SEMVER%
2025-11-01T00:58:04.5778692Z [36;1mbuild.cmd %VERSION_SEMVER%[0m
2025-11-01T00:58:04.5803490Z shell: C:\Windows\system32\cmd.EXE /D /E:ON /V:OFF /S /C "CALL "{0}""
2025-11-01T00:58:04.5803780Z env:
2025-11-01T00:58:04.5803939Z   CommandPromptType: Native
2025-11-01T00:58:04.5804263Z   DevEnvDir: C:\Program Files\Microsoft Visual Studio\2022\Enterprise\Common7\IDE\
2025-11-01T00:58:04.5804742Z   ExtensionSdkDir: C:\Program Files (x86)\Microsoft SDKs\Windows Kits\10\ExtensionSDKs
2025-11-01T00:58:04.5806826Z   EXTERNAL_INCLUDE: C:\Program Files\Microsoft Visual Studio\2022\Enterprise\VC\Tools\MSVC\14.44.35207\include;C:\Program Files\Microsoft Visual Studio\2022\Enterprise\VC\Tools\MSVC\14.44.35207\ATLMFC\include;C:\Program Files\Microsoft Visual Studio\2022\Enterprise\VC\Auxiliary\VS\include;C:\Program Files (x86)\Windows Kits\10\include\10.0.26100.0\ucrt;C:\Program Files (x86)\Windows Kits\10\\include\10.0.26100.0\\um;C:\Program Files (x86)\Windows Kits\10\\include\10.0.26100.0\\shared;C:\Program Files (x86)\Windows Kits\10\\include\10.0.26100.0\\winrt;C:\Program Files (x86)\Windows Kits\10\\include\10.0.26100.0\\cppwinrt;C:\Program Files (x86)\Windows Kits\NETFXSDK\4.8\include\um
2025-11-01T00:58:04.5808919Z   Framework40Version: v4.0
2025-11-01T00:58:04.5809155Z   FrameworkDir: C:\Windows\Microsoft.NET\Framework64\
2025-11-01T00:58:04.5809463Z   FrameworkDir64: C:\Windows\Microsoft.NET\Framework64\
2025-11-01T00:58:04.5809720Z   FrameworkVersion: v4.0.30319
2025-11-01T00:58:04.5809924Z   FrameworkVersion64: v4.0.30319
2025-11-01T00:58:04.5810389Z   FSHARPINSTALLDIR: C:\Program Files\Microsoft Visual Studio\2022\Enterprise\Common7\IDE\CommonExtensions\Microsoft\FSharp\Tools
2025-11-01T00:58:04.5810923Z   HTMLHelpDir: C:\Program Files (x86)\HTML Help Workshop
2025-11-01T00:58:04.5811363Z   IFCPATH: C:\Program Files\Microsoft Visual Studio\2022\Enterprise\VC\Tools\MSVC\14.44.35207\ifc\x64
2025-11-01T00:58:04.5813411Z   INCLUDE: C:\Program Files\Microsoft Visual Studio\2022\Enterprise\VC\Tools\MSVC\14.44.35207\include;C:\Program Files\Microsoft Visual Studio\2022\Enterprise\VC\Tools\MSVC\14.44.35207\ATLMFC\include;C:\Program Files\Microsoft Visual Studio\2022\Enterprise\VC\Auxiliary\VS\include;C:\Program Files (x86)\Windows Kits\10\include\10.0.26100.0\ucrt;C:\Program Files (x86)\Windows Kits\10\\include\10.0.26100.0\\um;C:\Program Files (x86)\Windows Kits\10\\include\10.0.26100.0\\shared;C:\Program Files (x86)\Windows Kits\10\\include\10.0.26100.0\\winrt;C:\Program Files (x86)\Windows Kits\10\\include\10.0.26100.0\\cppwinrt;C:\Program Files (x86)\Windows Kits\NETFXSDK\4.8\include\um
2025-11-01T00:58:04.5815259Z   is_x64_arch: true
2025-11-01T00:58:04.5816570Z   LIB: C:\Program Files\Microsoft Visual Studio\2022\Enterprise\VC\Tools\MSVC\14.44.35207\ATLMFC\lib\x64;C:\Program Files\Microsoft Visual Studio\2022\Enterprise\VC\Tools\MSVC\14.44.35207\lib\x64;C:\Program Files (x86)\Windows Kits\NETFXSDK\4.8\lib\um\x64;C:\Program Files (x86)\Windows Kits\10\lib\10.0.26100.0\ucrt\x64;C:\Program Files (x86)\Windows Kits\10\\lib\10.0.26100.0\\um\x64
2025-11-01T00:58:04.5819053Z   LIBPATH: C:\Program Files\Microsoft Visual Studio\2022\Enterprise\VC\Tools\MSVC\14.44.35207\ATLMFC\lib\x64;C:\Program Files\Microsoft Visual Studio\2022\Enterprise\VC\Tools\MSVC\14.44.35207\lib\x64;C:\Program Files\Microsoft Visual Studio\2022\Enterprise\VC\Tools\MSVC\14.44.35207\lib\x86\store\references;C:\Program Files (x86)\Windows Kits\10\UnionMetadata\10.0.26100.0;C:\Program Files (x86)\Windows Kits\10\References\10.0.26100.0;C:\Windows\Microsoft.NET\Framework64\v4.0.30319
2025-11-01T00:58:04.5820534Z   NETFXSDKDir: C:\Program Files (x86)\Windows Kits\NETFXSDK\4.8\
2025-11-01T00:58:04.5835522Z   Path: C:\Program Files\Microsoft Visual Studio\2022\Enterprise\VC\Tools\MSVC\14.44.35207\bin\HostX64\x64;C:\Program Files\Microsoft Visual Studio\2022\Enterprise\Common7\IDE\VC\VCPackages;C:\Program Files\Microsoft Visual Studio\2022\Enterprise\Common7\IDE\CommonExtensions\Microsoft\TestWindow;C:\Program Files\Microsoft Visual Studio\2022\Enterprise\Common7\IDE\CommonExtensions\Microsoft\TeamFoundation\Team Explorer;C:\Program Files\Microsoft Visual Studio\2022\Enterprise\MSBuild\Current\bin\Roslyn;C:\Program Files (x86)\Microsoft SDKs\Windows\v10.0A\bin\NETFX 4.8 Tools\x64\;C:\Program Files (x86)\HTML Help Workshop;C:\Program Files\Microsoft Visual Studio\2022\Enterprise\Common7\IDE\CommonExtensions\Microsoft\FSharp\Tools;C:\Program Files\Microsoft Visual Studio\2022\Enterprise\Team Tools\DiagnosticsHub\Collector;C:\Program Files\Microsoft Visual Studio\2022\Enterprise\Common7\IDE\Extensions\Microsoft\CodeCoverage.Console;C:\Program Files\Microsoft Visual Studio\2022\Enterprise\VC\Tools\Llvm\x64\bin;C:\Program Files (x86)\Windows Kits\10\bin\10.0.26100.0\\x64;C:\Program Files (x86)\Windows Kits\10\bin\\x64;C:\Program Files\Microsoft Visual Studio\2022\Enterprise\\MSBuild\Current\Bin\amd64;C:\Windows\Microsoft.NET\Framework64\v4.0.30319;C:\Program Files\Microsoft Visual Studio\2022\Enterprise\Common7\IDE\;C:\Program Files\Microsoft Visual Studio\2022\Enterprise\Common7\Tools\;C:\Program Files\MongoDB\Server\7.0\bin;C:\vcpkg;C:\tools\zstd;C:\hostedtoolcache\windows\stack\3.7.1\x64;C:\cabal\bin;C:\\ghcup\bin;C:\mingw64\bin;C:\Program Files\dotnet;C:\Program Files\MySQL\MySQL Server 8.0\bin;C:\Program Files\R\R-4.5.1\bin\x64;C:\SeleniumWebDrivers\GeckoDriver;C:\SeleniumWebDrivers\EdgeDriver\;C:\SeleniumWebDrivers\ChromeDriver;C:\Program Files (x86)\sbt\bin;C:\Program Files (x86)\GitHub CLI;C:\Program Files\Git\bin;C:\Program Files (x86)\pipx_bin;C:\npm\prefix;C:\hostedtoolcache\windows\go\1.24.9\x64\bin;C:\hostedtoolcache\windows\Python\3.9.13\x64\Scripts;C:\hostedtoolcache\windows\Python\3.9.13\x64;C:\hostedtoolcache\windows\Ruby\3.3.9\x64\bin;C:\Program Files\OpenSSL\bin;C:\tools\kotlinc\bin;C:\hostedtoolcache\windows\Java_Temurin-Hotspot_jdk\17.0.16-8\x64\bin;C:\Program Files\ImageMagick-7.1.2-Q16-HDRI;C:\Program Files\Microsoft SDKs\Azure\CLI2\wbin;C:\ProgramData\kind;C:\ProgramData\Chocolatey\bin;C:\Windows\system32;C:\Windows;C:\Windows\System32\Wbem;C:\Windows\System32\WindowsPowerShell\v1.0\;C:\Windows\System32\OpenSSH\;C:\Program Files\PowerShell\7\;C:\Program Files\Microsoft\Web Platform Installer\;C:\Program Files\Microsoft SQL Server\Client SDK\ODBC\170\Tools\Binn\;C:\Program Files\Microsoft SQL Server\150\Tools\Binn\;C:\Program Files\dotnet\;C:\Program Files (x86)\Windows Kits\10\Windows Performance Toolkit\;C:\Program Files (x86)\WiX Toolset v3.14\bin;C:\Program Files\Microsoft SQL Server\130\DTS\Binn\;C:\Program Files\Microsoft SQL Server\140\DTS\Binn\;C:\Program Files\Microsoft SQL Server\150\DTS\Binn\;C:\Program Files\Microsoft SQL Server\160\DTS\Binn\;C:\Program Files\Microsoft SQL Server\170\DTS\Binn\;C:\ProgramData\chocolatey\lib\pulumi\tools\Pulumi\bin;C:\Program Files\CMake\bin;C:\Strawberry\c\bin;C:\Strawberry\perl\site\bin;C:\Strawberry\perl\bin;C:\ProgramData\chocolatey\lib\maven\apache-maven-3.9.11\bin;C:\Program Files\Microsoft Service Fabric\bin\Fabric\Fabric.Code;C:\Program Files\Microsoft SDKs\Service Fabric\Tools\ServiceFabricLocalClusterManager;C:\Program Files\nodejs\;C:\Program Files\Git\cmd;C:\Program Files\Git\mingw64\bin;C:\Program Files\Git\usr\bin;C:\Program Files\GitHub CLI\;c:\tools\php;C:\Program Files\Amazon\AWSCLIV2\;C:\Program Files\Amazon\SessionManagerPlugin\bin\;C:\Program Files\Amazon\AWSSAMCLI\bin\;C:\Program Files\Microsoft SQL Server\130\Tools\Binn\;C:\Program Files\mongosh\;C:\Program Files\LLVM\bin;C:\Program Files (x86)\LLVM\bin;C:\Users\runneradmin\.dotnet\tools;C:\Users\runneradmin\.cargo\bin;C:\Users\runneradmin\AppData\Local\Microsoft\WindowsApps;C:\Program Files (x86)\Microsoft Visual Studio\Installer;C:\Program Files\Microsoft Visual Studio\2022\Enterprise\Common7\IDE\CommonExtensions\Microsoft\CMake\CMake\bin;C:\Program Files\Microsoft Visual Studio\2022\Enterprise\Common7\IDE\CommonExtensions\Microsoft\CMake\Ninja;C:\Program Files\Microsoft Visual Studio\2022\Enterprise\Common7\IDE\VC\Linux\bin\ConnectionManagerExe;C:\Program Files\Microsoft Visual Studio\2022\Enterprise\VC\vcpkg
2025-11-01T00:58:04.5848897Z   Platform: x64
2025-11-01T00:58:04.5849065Z   UCRTVersion: 10.0.26100.0
2025-11-01T00:58:04.5849333Z   UniversalCRTSdkDir: C:\Program Files (x86)\Windows Kits\10\
2025-11-01T00:58:04.5849771Z   VCIDEInstallDir: C:\Program Files\Microsoft Visual Studio\2022\Enterprise\Common7\IDE\VC\
2025-11-01T00:58:04.5850242Z   VCINSTALLDIR: C:\Program Files\Microsoft Visual Studio\2022\Enterprise\VC\
2025-11-01T00:58:04.5850687Z   VCPKG_ROOT: C:\Program Files\Microsoft Visual Studio\2022\Enterprise\VC\vcpkg
2025-11-01T00:58:04.5851209Z   VCToolsInstallDir: C:\Program Files\Microsoft Visual Studio\2022\Enterprise\VC\Tools\MSVC\14.44.35207\
2025-11-01T00:58:04.5851812Z   VCToolsRedistDir: C:\Program Files\Microsoft Visual Studio\2022\Enterprise\VC\Redist\MSVC\14.44.35112\
2025-11-01T00:58:04.5852221Z   VCToolsVersion: 14.44.35207
2025-11-01T00:58:04.5852425Z   VisualStudioVersion: 17.0
2025-11-01T00:58:04.5852769Z   VS170COMNTOOLS: C:\Program Files\Microsoft Visual Studio\2022\Enterprise\Common7\Tools\
2025-11-01T00:58:04.5853240Z   VSCMD_ARG_app_plat: Desktop
2025-11-01T00:58:04.5853436Z   VSCMD_ARG_HOST_ARCH: x64
2025-11-01T00:58:04.5853617Z   VSCMD_ARG_TGT_ARCH: x64
2025-11-01T00:58:04.5853792Z   VSCMD_VER: 17.14.18
2025-11-01T00:58:04.5854059Z   VSINSTALLDIR: C:\Program Files\Microsoft Visual Studio\2022\Enterprise\
2025-11-01T00:58:04.5854498Z   VSSDK150INSTALL: C:\Program Files\Microsoft Visual Studio\2022\Enterprise\VSSDK
2025-11-01T00:58:04.5854957Z   VSSDKINSTALL: C:\Program Files\Microsoft Visual Studio\2022\Enterprise\VSSDK
2025-11-01T00:58:04.5855562Z   WindowsLibPath: C:\Program Files (x86)\Windows Kits\10\UnionMetadata\10.0.26100.0;C:\Program Files (x86)\Windows Kits\10\References\10.0.26100.0
2025-11-01T00:58:04.5856133Z   WindowsSdkBinPath: C:\Program Files (x86)\Windows Kits\10\bin\
2025-11-01T00:58:04.5856645Z   WindowsSdkDir: C:\Program Files (x86)\Windows Kits\10\
2025-11-01T00:58:04.5856921Z   WindowsSDKLibVersion: 10.0.26100.0\
2025-11-01T00:58:04.5857253Z   WindowsSdkVerBinPath: C:\Program Files (x86)\Windows Kits\10\bin\10.0.26100.0\
2025-11-01T00:58:04.5857586Z   WindowsSDKVersion: 10.0.26100.0\
2025-11-01T00:58:04.5857985Z   WindowsSDK_ExecutablePath_x64: C:\Program Files (x86)\Microsoft SDKs\Windows\v10.0A\bin\NETFX 4.8 Tools\x64\
2025-11-01T00:58:04.5858569Z   WindowsSDK_ExecutablePath_x86: C:\Program Files (x86)\Microsoft SDKs\Windows\v10.0A\bin\NETFX 4.8 Tools\
2025-11-01T00:58:04.5858982Z   __DOTNET_ADD_64BIT: 1
2025-11-01T00:58:04.5859285Z   __DOTNET_PREFERRED_BITNESS: 64
2025-11-01T00:58:04.5866972Z   __VSCMD_PREINIT_PATH: C:\Program Files\MongoDB\Server\7.0\bin;C:\vcpkg;C:\tools\zstd;C:\hostedtoolcache\windows\stack\3.7.1\x64;C:\cabal\bin;C:\\ghcup\bin;C:\mingw64\bin;C:\Program Files\dotnet;C:\Program Files\MySQL\MySQL Server 8.0\bin;C:\Program Files\R\R-4.5.1\bin\x64;C:\SeleniumWebDrivers\GeckoDriver;C:\SeleniumWebDrivers\EdgeDriver\;C:\SeleniumWebDrivers\ChromeDriver;C:\Program Files (x86)\sbt\bin;C:\Program Files (x86)\GitHub CLI;C:\Program Files\Git\bin;C:\Program Files (x86)\pipx_bin;C:\npm\prefix;C:\hostedtoolcache\windows\go\1.24.9\x64\bin;C:\hostedtoolcache\windows\Python\3.9.13\x64\Scripts;C:\hostedtoolcache\windows\Python\3.9.13\x64;C:\hostedtoolcache\windows\Ruby\3.3.9\x64\bin;C:\Program Files\OpenSSL\bin;C:\tools\kotlinc\bin;C:\hostedtoolcache\windows\Java_Temurin-Hotspot_jdk\17.0.16-8\x64\bin;C:\Program Files\ImageMagick-7.1.2-Q16-HDRI;C:\Program Files\Microsoft SDKs\Azure\CLI2\wbin;C:\ProgramData\kind;C:\ProgramData\Chocolatey\bin;C:\Windows\system32;C:\Windows;C:\Windows\System32\Wbem;C:\Windows\System32\WindowsPowerShell\v1.0\;C:\Windows\System32\OpenSSH\;C:\Program Files\PowerShell\7\;C:\Program Files\Microsoft\Web Platform Installer\;C:\Program Files\Microsoft SQL Server\Client SDK\ODBC\170\Tools\Binn\;C:\Program Files\Microsoft SQL Server\150\Tools\Binn\;C:\Program Files\dotnet\;C:\Program Files (x86)\Windows Kits\10\Windows Performance Toolkit\;C:\Program Files (x86)\WiX Toolset v3.14\bin;C:\Program Files\Microsoft SQL Server\130\DTS\Binn\;C:\Program Files\Microsoft SQL Server\140\DTS\Binn\;C:\Program Files\Microsoft SQL Server\150\DTS\Binn\;C:\Program Files\Microsoft SQL Server\160\DTS\Binn\;C:\Program Files\Microsoft SQL Server\170\DTS\Binn\;C:\ProgramData\chocolatey\lib\pulumi\tools\Pulumi\bin;C:\Program Files\CMake\bin;C:\Strawberry\c\bin;C:\Strawberry\perl\site\bin;C:\Strawberry\perl\bin;C:\ProgramData\chocolatey\lib\maven\apache-maven-3.9.11\bin;C:\Program Files\Microsoft Service Fabric\bin\Fabric\Fabric.Code;C:\Program Files\Microsoft SDKs\Service Fabric\Tools\ServiceFabricLocalClusterManager;C:\Program Files\nodejs\;C:\Program Files\Git\cmd;C:\Program Files\Git\mingw64\bin;C:\Program Files\Git\usr\bin;C:\Program Files\GitHub CLI\;c:\tools\php;C:\Program Files (x86)\sbt\bin;C:\Program Files\Amazon\AWSCLIV2\;C:\Program Files\Amazon\SessionManagerPlugin\bin\;C:\Program Files\Amazon\AWSSAMCLI\bin\;C:\Program Files\Microsoft SQL Server\130\Tools\Binn\;C:\Program Files\mongosh\;C:\Program Files\LLVM\bin;C:\Program Files (x86)\LLVM\bin;C:\Users\runneradmin\.dotnet\tools;C:\Users\runneradmin\.cargo\bin;C:\Users\runneradmin\AppData\Local\Microsoft\WindowsApps;C:\Program Files (x86)\Microsoft Visual Studio\Installer
2025-11-01T00:58:04.5874767Z   VERSION_BASE: 1.1.11
2025-11-01T00:58:04.5874931Z   VERSION_SEMVER: 1.1.11
2025-11-01T00:58:04.5875102Z   VERSION_TAG: v1.1.11
2025-11-01T00:58:04.5875263Z ##[endgroup]
2025-11-01T00:58:04.6076209Z Building fontlift 1.1.11...
2025-11-01T00:58:04.7464186Z not was unexpected at this time.
2025-11-01T00:58:04.7493933Z ##[error]Process completed with exit code 255.
2025-11-01T00:58:04.7698867Z Post job cleanup.
2025-11-01T00:58:05.0434102Z [command]"C:\Program Files\Git\bin\git.exe" version
2025-11-01T00:58:05.0775220Z git version 2.51.1.windows.1
2025-11-01T00:58:05.0871931Z Temporarily overriding HOME='D:\a\_temp\b701efbb-b7f9-4e43-9004-bca94c8afa5e' before making global git config changes
2025-11-01T00:58:05.0873104Z Adding repository directory to the temporary git global config as a safe directory
2025-11-01T00:58:05.0886399Z [command]"C:\Program Files\Git\bin\git.exe" config --global --add safe.directory D:\a\fontlift-win-cli\fontlift-win-cli
2025-11-01T00:58:05.1233344Z [command]"C:\Program Files\Git\bin\git.exe" config --local --name-only --get-regexp core\.sshCommand
2025-11-01T00:58:05.1546295Z [command]"C:\Program Files\Git\bin\git.exe" submodule foreach --recursive "sh -c \"git config --local --name-only --get-regexp 'core\.sshCommand' && git config --local --unset-all 'core.sshCommand' || :\""
2025-11-01T00:58:05.7258959Z [command]"C:\Program Files\Git\bin\git.exe" config --local --name-only --get-regexp http\.https\:\/\/github\.com\/\.extraheader
2025-11-01T00:58:05.7517267Z http.https://github.com/.extraheader
2025-11-01T00:58:05.7559787Z [command]"C:\Program Files\Git\bin\git.exe" config --local --unset-all http.https://github.com/.extraheader
2025-11-01T00:58:05.7858698Z [command]"C:\Program Files\Git\bin\git.exe" submodule foreach --recursive "sh -c \"git config --local --name-only --get-regexp 'http\.https\:\/\/github\.com\/\.extraheader' && git config --local --unset-all 'http.https://github.com/.extraheader' || :\""
2025-11-01T00:58:06.3669387Z Cleaning up orphan processes
