2025-11-01T00:24:58.2722232Z Current runner version: '2.329.0'
2025-11-01T00:24:58.2747467Z ##[group]Runner Image Provisioner
2025-11-01T00:24:58.2748265Z Hosted Compute Agent
2025-11-01T00:24:58.2748992Z Version: 20251016.436
2025-11-01T00:24:58.2749581Z Commit: 8ab8ac8bfd662a3739dab9fe09456aba92132568
2025-11-01T00:24:58.2750283Z Build Date: 2025-10-15T20:44:12Z
2025-11-01T00:24:58.2750802Z ##[endgroup]
2025-11-01T00:24:58.2751265Z ##[group]Operating System
2025-11-01T00:24:58.2751772Z Microsoft Windows Server 2025
2025-11-01T00:24:58.2752297Z 10.0.26100
2025-11-01T00:24:58.2752689Z Datacenter
2025-11-01T00:24:58.2753149Z ##[endgroup]
2025-11-01T00:24:58.2753688Z ##[group]Runner Image
2025-11-01T00:24:58.2754170Z Image: windows-2025
2025-11-01T00:24:58.2754660Z Version: 20251021.67.1
2025-11-01T00:24:58.2755611Z Included Software: https://github.com/actions/runner-images/blob/win25/20251021.67/images/windows/Windows2025-Readme.md
2025-11-01T00:24:58.2757229Z Image Release: https://github.com/actions/runner-images/releases/tag/win25%2F20251021.67
2025-11-01T00:24:58.2758143Z ##[endgroup]
2025-11-01T00:24:58.2760519Z ##[group]GITHUB_TOKEN Permissions
2025-11-01T00:24:58.2762396Z Actions: write
2025-11-01T00:24:58.2762867Z Attestations: write
2025-11-01T00:24:58.2763370Z Checks: write
2025-11-01T00:24:58.2763780Z Contents: write
2025-11-01T00:24:58.2764244Z Deployments: write
2025-11-01T00:24:58.2764718Z Discussions: write
2025-11-01T00:24:58.2765143Z Issues: write
2025-11-01T00:24:58.2765585Z Metadata: read
2025-11-01T00:24:58.2765987Z Models: read
2025-11-01T00:24:58.2766445Z Packages: write
2025-11-01T00:24:58.2766862Z Pages: write
2025-11-01T00:24:58.2767559Z PullRequests: write
2025-11-01T00:24:58.2768068Z RepositoryProjects: write
2025-11-01T00:24:58.2768569Z SecurityEvents: write
2025-11-01T00:24:58.2769385Z Statuses: write
2025-11-01T00:24:58.2769838Z ##[endgroup]
2025-11-01T00:24:58.2771998Z Secret source: Actions
2025-11-01T00:24:58.2772888Z Prepare workflow directory
2025-11-01T00:24:58.3124414Z Prepare all required actions
2025-11-01T00:24:58.3178051Z Getting action download info
2025-11-01T00:24:58.7288750Z Download action repository 'actions/checkout@v4' (SHA:08eba0b27e820071cde6df949e0beb9ba4906955)
2025-11-01T00:24:58.8593837Z Download action repository 'ilammy/msvc-dev-cmd@v1' (SHA:0b201ec74fa43914dc39ae48a89fd1d8cb592756)
2025-11-01T00:24:59.3445795Z Download action repository 'actions/upload-artifact@v4' (SHA:ea165f8d65b6e75b540449e92b4886f43607fa02)
2025-11-01T00:24:59.6856441Z Complete job name: build
2025-11-01T00:24:59.8711038Z ##[group]Run actions/checkout@v4
2025-11-01T00:24:59.8712806Z with:
2025-11-01T00:24:59.8713605Z   fetch-depth: 0
2025-11-01T00:24:59.8715015Z   repository: fontlaborg/fontlift-win-cli
2025-11-01T00:24:59.8716628Z   token: ***
2025-11-01T00:24:59.8717465Z   ssh-strict: true
2025-11-01T00:24:59.8718322Z   ssh-user: git
2025-11-01T00:24:59.8719194Z   persist-credentials: true
2025-11-01T00:24:59.8720181Z   clean: true
2025-11-01T00:24:59.8720875Z   sparse-checkout-cone-mode: true
2025-11-01T00:24:59.8721790Z   fetch-tags: false
2025-11-01T00:24:59.8722499Z   show-progress: true
2025-11-01T00:24:59.8723211Z   lfs: false
2025-11-01T00:24:59.8723858Z   submodules: false
2025-11-01T00:24:59.8724568Z   set-safe-directory: true
2025-11-01T00:24:59.8725639Z ##[endgroup]
2025-11-01T00:25:00.0810998Z Syncing repository: fontlaborg/fontlift-win-cli
2025-11-01T00:25:00.0813656Z ##[group]Getting Git version info
2025-11-01T00:25:00.0814928Z Working directory is 'D:\a\fontlift-win-cli\fontlift-win-cli'
2025-11-01T00:25:00.1750356Z [command]"C:\Program Files\Git\bin\git.exe" version
2025-11-01T00:25:00.5867825Z git version 2.51.1.windows.1
2025-11-01T00:25:00.5923051Z ##[endgroup]
2025-11-01T00:25:00.5944666Z Temporarily overriding HOME='D:\a\_temp\69b643ae-a33f-46ca-8f29-d16349a8f546' before making global git config changes
2025-11-01T00:25:00.5946894Z Adding repository directory to the temporary git global config as a safe directory
2025-11-01T00:25:00.5958137Z [command]"C:\Program Files\Git\bin\git.exe" config --global --add safe.directory D:\a\fontlift-win-cli\fontlift-win-cli
2025-11-01T00:25:00.6272715Z Deleting the contents of 'D:\a\fontlift-win-cli\fontlift-win-cli'
2025-11-01T00:25:00.6281185Z ##[group]Initializing the repository
2025-11-01T00:25:00.6292063Z [command]"C:\Program Files\Git\bin\git.exe" init D:\a\fontlift-win-cli\fontlift-win-cli
2025-11-01T00:25:00.7076350Z Initialized empty Git repository in D:/a/fontlift-win-cli/fontlift-win-cli/.git/
2025-11-01T00:25:00.7124662Z [command]"C:\Program Files\Git\bin\git.exe" remote add origin https://github.com/fontlaborg/fontlift-win-cli
2025-11-01T00:25:00.7441208Z ##[endgroup]
2025-11-01T00:25:00.7443738Z ##[group]Disabling automatic garbage collection
2025-11-01T00:25:00.7451934Z [command]"C:\Program Files\Git\bin\git.exe" config --local gc.auto 0
2025-11-01T00:25:00.7755119Z ##[endgroup]
2025-11-01T00:25:00.7756246Z ##[group]Setting up auth
2025-11-01T00:25:00.7769110Z [command]"C:\Program Files\Git\bin\git.exe" config --local --name-only --get-regexp core\.sshCommand
2025-11-01T00:25:00.8090554Z [command]"C:\Program Files\Git\bin\git.exe" submodule foreach --recursive "sh -c \"git config --local --name-only --get-regexp 'core\.sshCommand' && git config --local --unset-all 'core.sshCommand' || :\""
2025-11-01T00:25:02.0728306Z [command]"C:\Program Files\Git\bin\git.exe" config --local --name-only --get-regexp http\.https\:\/\/github\.com\/\.extraheader
2025-11-01T00:25:02.1043778Z [command]"C:\Program Files\Git\bin\git.exe" submodule foreach --recursive "sh -c \"git config --local --name-only --get-regexp 'http\.https\:\/\/github\.com\/\.extraheader' && git config --local --unset-all 'http.https://github.com/.extraheader' || :\""
2025-11-01T00:25:02.6655553Z [command]"C:\Program Files\Git\bin\git.exe" config --local http.https://github.com/.extraheader "AUTHORIZATION: basic ***"
2025-11-01T00:25:02.7001398Z ##[endgroup]
2025-11-01T00:25:02.7002366Z ##[group]Fetching the repository
2025-11-01T00:25:02.7017142Z [command]"C:\Program Files\Git\bin\git.exe" -c protocol.version=2 fetch --prune --no-recurse-submodules origin +refs/heads/*:refs/remotes/origin/* +refs/tags/*:refs/tags/*
2025-11-01T00:25:03.9634576Z From https://github.com/fontlaborg/fontlift-win-cli
2025-11-01T00:25:03.9635499Z  * [new branch]      main       -> origin/main
2025-11-01T00:25:03.9636095Z  * [new tag]         v0.1.0     -> v0.1.0
2025-11-01T00:25:03.9636708Z  * [new tag]         v1.0.0     -> v1.0.0
2025-11-01T00:25:03.9639917Z  * [new tag]         v1.1.0     -> v1.1.0
2025-11-01T00:25:03.9640548Z  * [new tag]         v1.1.1     -> v1.1.1
2025-11-01T00:25:03.9641050Z  * [new tag]         v1.1.2     -> v1.1.2
2025-11-01T00:25:03.9641532Z  * [new tag]         v1.1.3     -> v1.1.3
2025-11-01T00:25:03.9642022Z  * [new tag]         v1.1.4     -> v1.1.4
2025-11-01T00:25:03.9642516Z  * [new tag]         v1.1.5     -> v1.1.5
2025-11-01T00:25:03.9880793Z [command]"C:\Program Files\Git\bin\git.exe" branch --list --remote origin/main
2025-11-01T00:25:04.0160801Z   origin/main
2025-11-01T00:25:04.0209407Z [command]"C:\Program Files\Git\bin\git.exe" rev-parse refs/remotes/origin/main
2025-11-01T00:25:04.0494184Z 8607779b8dfb7253103a622e7962c9a8c80177b2
2025-11-01T00:25:04.0540085Z ##[endgroup]
2025-11-01T00:25:04.0540466Z ##[group]Determining the checkout info
2025-11-01T00:25:04.0542683Z ##[endgroup]
2025-11-01T00:25:04.0559007Z [command]"C:\Program Files\Git\bin\git.exe" sparse-checkout disable
2025-11-01T00:25:04.0931556Z [command]"C:\Program Files\Git\bin\git.exe" config --local --unset-all extensions.worktreeConfig
2025-11-01T00:25:04.1247692Z ##[group]Checking out the ref
2025-11-01T00:25:04.1259360Z [command]"C:\Program Files\Git\bin\git.exe" checkout --progress --force -B main refs/remotes/origin/main
2025-11-01T00:25:04.1799195Z branch 'main' set up to track 'origin/main'.
2025-11-01T00:25:04.1806711Z Switched to a new branch 'main'
2025-11-01T00:25:04.1844342Z ##[endgroup]
2025-11-01T00:25:04.2189498Z [command]"C:\Program Files\Git\bin\git.exe" log -1 --format=%H
2025-11-01T00:25:04.2491869Z 8607779b8dfb7253103a622e7962c9a8c80177b2
2025-11-01T00:25:04.2885785Z ##[group]Run ilammy/msvc-dev-cmd@v1
2025-11-01T00:25:04.2886082Z with:
2025-11-01T00:25:04.2886236Z   arch: x64
2025-11-01T00:25:04.2886406Z ##[endgroup]
2025-11-01T00:25:05.0219892Z Found with vswhere: C:\Program Files\Microsoft Visual Studio\2022\Enterprise\VC\Auxiliary\Build\vcvarsall.bat
2025-11-01T00:25:18.6481594Z ##[group]Environment variables
2025-11-01T00:25:18.6481994Z Setting CommandPromptType
2025-11-01T00:25:18.6495864Z Setting DevEnvDir
2025-11-01T00:25:18.6499740Z Setting ExtensionSdkDir
2025-11-01T00:25:18.6503412Z Setting EXTERNAL_INCLUDE
2025-11-01T00:25:18.6508895Z Setting Framework40Version
2025-11-01T00:25:18.6512043Z Setting FrameworkDir
2025-11-01T00:25:18.6515490Z Setting FrameworkDir64
2025-11-01T00:25:18.6520425Z Setting FrameworkVersion
2025-11-01T00:25:18.6523576Z Setting FrameworkVersion64
2025-11-01T00:25:18.6527323Z Setting FSHARPINSTALLDIR
2025-11-01T00:25:18.6531439Z Setting HTMLHelpDir
2025-11-01T00:25:18.6534211Z Setting IFCPATH
2025-11-01T00:25:18.6538830Z Setting INCLUDE
2025-11-01T00:25:18.6543245Z Setting is_x64_arch
2025-11-01T00:25:18.6546265Z Setting LIB
2025-11-01T00:25:18.6549072Z Setting LIBPATH
2025-11-01T00:25:18.6552277Z Setting NETFXSDKDir
2025-11-01T00:25:18.6562531Z Setting Path
2025-11-01T00:25:18.6565710Z Setting Platform
2025-11-01T00:25:18.6568491Z Setting UCRTVersion
2025-11-01T00:25:18.6571006Z Setting UniversalCRTSdkDir
2025-11-01T00:25:18.6573851Z Setting VCIDEInstallDir
2025-11-01T00:25:18.6577806Z Setting VCINSTALLDIR
2025-11-01T00:25:18.6580914Z Setting VCPKG_ROOT
2025-11-01T00:25:18.6583727Z Setting VCToolsInstallDir
2025-11-01T00:25:18.6586759Z Setting VCToolsRedistDir
2025-11-01T00:25:18.6589296Z Setting VCToolsVersion
2025-11-01T00:25:18.6591688Z Setting VisualStudioVersion
2025-11-01T00:25:18.6593935Z Setting VS170COMNTOOLS
2025-11-01T00:25:18.6596117Z Setting VSCMD_ARG_app_plat
2025-11-01T00:25:18.6598370Z Setting VSCMD_ARG_HOST_ARCH
2025-11-01T00:25:18.6601198Z Setting VSCMD_ARG_TGT_ARCH
2025-11-01T00:25:18.6603268Z Setting VSCMD_VER
2025-11-01T00:25:18.6605941Z Setting VSINSTALLDIR
2025-11-01T00:25:18.6608275Z Setting VSSDK150INSTALL
2025-11-01T00:25:18.6610758Z Setting VSSDKINSTALL
2025-11-01T00:25:18.6612983Z Setting WindowsLibPath
2025-11-01T00:25:18.6615399Z Setting WindowsSdkBinPath
2025-11-01T00:25:18.6617800Z Setting WindowsSdkDir
2025-11-01T00:25:18.6620586Z Setting WindowsSDKLibVersion
2025-11-01T00:25:18.6622931Z Setting WindowsSdkVerBinPath
2025-11-01T00:25:18.6625074Z Setting WindowsSDKVersion
2025-11-01T00:25:18.6627258Z Setting WindowsSDK_ExecutablePath_x64
2025-11-01T00:25:18.6629409Z Setting WindowsSDK_ExecutablePath_x86
2025-11-01T00:25:18.6631587Z Setting __DOTNET_ADD_64BIT
2025-11-01T00:25:18.6633845Z Setting __DOTNET_PREFERRED_BITNESS
2025-11-01T00:25:18.6636072Z Setting __VSCMD_PREINIT_PATH
2025-11-01T00:25:18.6639850Z ##[endgroup]
2025-11-01T00:25:18.6640544Z Configured Developer Command Prompt
2025-11-01T00:25:18.6873075Z ##[group]Run $json = & scripts/get-version.ps1 -Format Json
2025-11-01T00:25:18.6873559Z [36;1m$json = & scripts/get-version.ps1 -Format Json[0m
2025-11-01T00:25:18.6873862Z [36;1m$info = $json | ConvertFrom-Json[0m
2025-11-01T00:25:18.6874276Z [36;1m"VERSION_BASE=$($info.base)" | Out-File -FilePath $env:GITHUB_ENV -Append -Encoding utf8[0m
2025-11-01T00:25:18.6874802Z [36;1m"VERSION_SEMVER=$($info.semver)" | Out-File -FilePath $env:GITHUB_ENV -Append -Encoding utf8[0m
2025-11-01T00:25:18.6875337Z [36;1m"VERSION_TAG=$($info.tag)" | Out-File -FilePath $env:GITHUB_ENV -Append -Encoding utf8[0m
2025-11-01T00:25:18.6944225Z shell: C:\Program Files\PowerShell\7\pwsh.EXE -command ". '{0}'"
2025-11-01T00:25:18.6944569Z env:
2025-11-01T00:25:18.6944744Z   CommandPromptType: Native
2025-11-01T00:25:18.6945093Z   DevEnvDir: C:\Program Files\Microsoft Visual Studio\2022\Enterprise\Common7\IDE\
2025-11-01T00:25:18.6945964Z   ExtensionSdkDir: C:\Program Files (x86)\Microsoft SDKs\Windows Kits\10\ExtensionSDKs
2025-11-01T00:25:18.6947988Z   EXTERNAL_INCLUDE: C:\Program Files\Microsoft Visual Studio\2022\Enterprise\VC\Tools\MSVC\14.44.35207\include;C:\Program Files\Microsoft Visual Studio\2022\Enterprise\VC\Tools\MSVC\14.44.35207\ATLMFC\include;C:\Program Files\Microsoft Visual Studio\2022\Enterprise\VC\Auxiliary\VS\include;C:\Program Files (x86)\Windows Kits\10\include\10.0.26100.0\ucrt;C:\Program Files (x86)\Windows Kits\10\\include\10.0.26100.0\\um;C:\Program Files (x86)\Windows Kits\10\\include\10.0.26100.0\\shared;C:\Program Files (x86)\Windows Kits\10\\include\10.0.26100.0\\winrt;C:\Program Files (x86)\Windows Kits\10\\include\10.0.26100.0\\cppwinrt;C:\Program Files (x86)\Windows Kits\NETFXSDK\4.8\include\um
2025-11-01T00:25:18.6949901Z   Framework40Version: v4.0
2025-11-01T00:25:18.6950140Z   FrameworkDir: C:\Windows\Microsoft.NET\Framework64\
2025-11-01T00:25:18.6950456Z   FrameworkDir64: C:\Windows\Microsoft.NET\Framework64\
2025-11-01T00:25:18.6950775Z   FrameworkVersion: v4.0.30319
2025-11-01T00:25:18.6951022Z   FrameworkVersion64: v4.0.30319
2025-11-01T00:25:18.6951506Z   FSHARPINSTALLDIR: C:\Program Files\Microsoft Visual Studio\2022\Enterprise\Common7\IDE\CommonExtensions\Microsoft\FSharp\Tools
2025-11-01T00:25:18.6952042Z   HTMLHelpDir: C:\Program Files (x86)\HTML Help Workshop
2025-11-01T00:25:18.6952460Z   IFCPATH: C:\Program Files\Microsoft Visual Studio\2022\Enterprise\VC\Tools\MSVC\14.44.35207\ifc\x64
2025-11-01T00:25:18.6954476Z   INCLUDE: C:\Program Files\Microsoft Visual Studio\2022\Enterprise\VC\Tools\MSVC\14.44.35207\include;C:\Program Files\Microsoft Visual Studio\2022\Enterprise\VC\Tools\MSVC\14.44.35207\ATLMFC\include;C:\Program Files\Microsoft Visual Studio\2022\Enterprise\VC\Auxiliary\VS\include;C:\Program Files (x86)\Windows Kits\10\include\10.0.26100.0\ucrt;C:\Program Files (x86)\Windows Kits\10\\include\10.0.26100.0\\um;C:\Program Files (x86)\Windows Kits\10\\include\10.0.26100.0\\shared;C:\Program Files (x86)\Windows Kits\10\\include\10.0.26100.0\\winrt;C:\Program Files (x86)\Windows Kits\10\\include\10.0.26100.0\\cppwinrt;C:\Program Files (x86)\Windows Kits\NETFXSDK\4.8\include\um
2025-11-01T00:25:18.6956318Z   is_x64_arch: true
2025-11-01T00:25:18.6957340Z   LIB: C:\Program Files\Microsoft Visual Studio\2022\Enterprise\VC\Tools\MSVC\14.44.35207\ATLMFC\lib\x64;C:\Program Files\Microsoft Visual Studio\2022\Enterprise\VC\Tools\MSVC\14.44.35207\lib\x64;C:\Program Files (x86)\Windows Kits\NETFXSDK\4.8\lib\um\x64;C:\Program Files (x86)\Windows Kits\10\lib\10.0.26100.0\ucrt\x64;C:\Program Files (x86)\Windows Kits\10\\lib\10.0.26100.0\\um\x64
2025-11-01T00:25:18.6961883Z   LIBPATH: C:\Program Files\Microsoft Visual Studio\2022\Enterprise\VC\Tools\MSVC\14.44.35207\ATLMFC\lib\x64;C:\Program Files\Microsoft Visual Studio\2022\Enterprise\VC\Tools\MSVC\14.44.35207\lib\x64;C:\Program Files\Microsoft Visual Studio\2022\Enterprise\VC\Tools\MSVC\14.44.35207\lib\x86\store\references;C:\Program Files (x86)\Windows Kits\10\UnionMetadata\10.0.26100.0;C:\Program Files (x86)\Windows Kits\10\References\10.0.26100.0;C:\Windows\Microsoft.NET\Framework64\v4.0.30319
2025-11-01T00:25:18.6963444Z   NETFXSDKDir: C:\Program Files (x86)\Windows Kits\NETFXSDK\4.8\
2025-11-01T00:25:18.6976367Z   Path: C:\Program Files\Microsoft Visual Studio\2022\Enterprise\VC\Tools\MSVC\14.44.35207\bin\HostX64\x64;C:\Program Files\Microsoft Visual Studio\2022\Enterprise\Common7\IDE\VC\VCPackages;C:\Program Files\Microsoft Visual Studio\2022\Enterprise\Common7\IDE\CommonExtensions\Microsoft\TestWindow;C:\Program Files\Microsoft Visual Studio\2022\Enterprise\Common7\IDE\CommonExtensions\Microsoft\TeamFoundation\Team Explorer;C:\Program Files\Microsoft Visual Studio\2022\Enterprise\MSBuild\Current\bin\Roslyn;C:\Program Files (x86)\Microsoft SDKs\Windows\v10.0A\bin\NETFX 4.8 Tools\x64\;C:\Program Files (x86)\HTML Help Workshop;C:\Program Files\Microsoft Visual Studio\2022\Enterprise\Common7\IDE\CommonExtensions\Microsoft\FSharp\Tools;C:\Program Files\Microsoft Visual Studio\2022\Enterprise\Team Tools\DiagnosticsHub\Collector;C:\Program Files\Microsoft Visual Studio\2022\Enterprise\Common7\IDE\Extensions\Microsoft\CodeCoverage.Console;C:\Program Files\Microsoft Visual Studio\2022\Enterprise\VC\Tools\Llvm\x64\bin;C:\Program Files (x86)\Windows Kits\10\bin\10.0.26100.0\\x64;C:\Program Files (x86)\Windows Kits\10\bin\\x64;C:\Program Files\Microsoft Visual Studio\2022\Enterprise\\MSBuild\Current\Bin\amd64;C:\Windows\Microsoft.NET\Framework64\v4.0.30319;C:\Program Files\Microsoft Visual Studio\2022\Enterprise\Common7\IDE\;C:\Program Files\Microsoft Visual Studio\2022\Enterprise\Common7\Tools\;C:\Program Files\MongoDB\Server\7.0\bin;C:\vcpkg;C:\tools\zstd;C:\hostedtoolcache\windows\stack\3.7.1\x64;C:\cabal\bin;C:\\ghcup\bin;C:\mingw64\bin;C:\Program Files\dotnet;C:\Program Files\MySQL\MySQL Server 8.0\bin;C:\Program Files\R\R-4.5.1\bin\x64;C:\SeleniumWebDrivers\GeckoDriver;C:\SeleniumWebDrivers\EdgeDriver\;C:\SeleniumWebDrivers\ChromeDriver;C:\Program Files (x86)\sbt\bin;C:\Program Files (x86)\GitHub CLI;C:\Program Files\Git\bin;C:\Program Files (x86)\pipx_bin;C:\npm\prefix;C:\hostedtoolcache\windows\go\1.24.9\x64\bin;C:\hostedtoolcache\windows\Python\3.9.13\x64\Scripts;C:\hostedtoolcache\windows\Python\3.9.13\x64;C:\hostedtoolcache\windows\Ruby\3.3.9\x64\bin;C:\Program Files\OpenSSL\bin;C:\tools\kotlinc\bin;C:\hostedtoolcache\windows\Java_Temurin-Hotspot_jdk\17.0.16-8\x64\bin;C:\Program Files\ImageMagick-7.1.2-Q16-HDRI;C:\Program Files\Microsoft SDKs\Azure\CLI2\wbin;C:\ProgramData\kind;C:\ProgramData\Chocolatey\bin;C:\Windows\system32;C:\Windows;C:\Windows\System32\Wbem;C:\Windows\System32\WindowsPowerShell\v1.0\;C:\Windows\System32\OpenSSH\;C:\Program Files\PowerShell\7\;C:\Program Files\Microsoft\Web Platform Installer\;C:\Program Files\Microsoft SQL Server\Client SDK\ODBC\170\Tools\Binn\;C:\Program Files\Microsoft SQL Server\150\Tools\Binn\;C:\Program Files\dotnet\;C:\Program Files (x86)\Windows Kits\10\Windows Performance Toolkit\;C:\Program Files (x86)\WiX Toolset v3.14\bin;C:\Program Files\Microsoft SQL Server\130\DTS\Binn\;C:\Program Files\Microsoft SQL Server\140\DTS\Binn\;C:\Program Files\Microsoft SQL Server\150\DTS\Binn\;C:\Program Files\Microsoft SQL Server\160\DTS\Binn\;C:\Program Files\Microsoft SQL Server\170\DTS\Binn\;C:\ProgramData\chocolatey\lib\pulumi\tools\Pulumi\bin;C:\Program Files\CMake\bin;C:\Strawberry\c\bin;C:\Strawberry\perl\site\bin;C:\Strawberry\perl\bin;C:\ProgramData\chocolatey\lib\maven\apache-maven-3.9.11\bin;C:\Program Files\Microsoft Service Fabric\bin\Fabric\Fabric.Code;C:\Program Files\Microsoft SDKs\Service Fabric\Tools\ServiceFabricLocalClusterManager;C:\Program Files\nodejs\;C:\Program Files\Git\cmd;C:\Program Files\Git\mingw64\bin;C:\Program Files\Git\usr\bin;C:\Program Files\GitHub CLI\;c:\tools\php;C:\Program Files\Amazon\AWSCLIV2\;C:\Program Files\Amazon\SessionManagerPlugin\bin\;C:\Program Files\Amazon\AWSSAMCLI\bin\;C:\Program Files\Microsoft SQL Server\130\Tools\Binn\;C:\Program Files\mongosh\;C:\Program Files\LLVM\bin;C:\Program Files (x86)\LLVM\bin;C:\Users\runneradmin\.dotnet\tools;C:\Users\runneradmin\.cargo\bin;C:\Users\runneradmin\AppData\Local\Microsoft\WindowsApps;C:\Program Files (x86)\Microsoft Visual Studio\Installer;C:\Program Files\Microsoft Visual Studio\2022\Enterprise\Common7\IDE\CommonExtensions\Microsoft\CMake\CMake\bin;C:\Program Files\Microsoft Visual Studio\2022\Enterprise\Common7\IDE\CommonExtensions\Microsoft\CMake\Ninja;C:\Program Files\Microsoft Visual Studio\2022\Enterprise\Common7\IDE\VC\Linux\bin\ConnectionManagerExe;C:\Program Files\Microsoft Visual Studio\2022\Enterprise\VC\vcpkg
2025-11-01T00:25:18.6989555Z   Platform: x64
2025-11-01T00:25:18.6989727Z   UCRTVersion: 10.0.26100.0
2025-11-01T00:25:18.6990019Z   UniversalCRTSdkDir: C:\Program Files (x86)\Windows Kits\10\
2025-11-01T00:25:18.6990453Z   VCIDEInstallDir: C:\Program Files\Microsoft Visual Studio\2022\Enterprise\Common7\IDE\VC\
2025-11-01T00:25:18.6990934Z   VCINSTALLDIR: C:\Program Files\Microsoft Visual Studio\2022\Enterprise\VC\
2025-11-01T00:25:18.6991962Z   VCPKG_ROOT: C:\Program Files\Microsoft Visual Studio\2022\Enterprise\VC\vcpkg
2025-11-01T00:25:18.6992468Z   VCToolsInstallDir: C:\Program Files\Microsoft Visual Studio\2022\Enterprise\VC\Tools\MSVC\14.44.35207\
2025-11-01T00:25:18.6993060Z   VCToolsRedistDir: C:\Program Files\Microsoft Visual Studio\2022\Enterprise\VC\Redist\MSVC\14.44.35112\
2025-11-01T00:25:18.6993467Z   VCToolsVersion: 14.44.35207
2025-11-01T00:25:18.6993675Z   VisualStudioVersion: 17.0
2025-11-01T00:25:18.6994020Z   VS170COMNTOOLS: C:\Program Files\Microsoft Visual Studio\2022\Enterprise\Common7\Tools\
2025-11-01T00:25:18.6994385Z   VSCMD_ARG_app_plat: Desktop
2025-11-01T00:25:18.6994588Z   VSCMD_ARG_HOST_ARCH: x64
2025-11-01T00:25:18.6994769Z   VSCMD_ARG_TGT_ARCH: x64
2025-11-01T00:25:18.6994951Z   VSCMD_VER: 17.14.18
2025-11-01T00:25:18.6995222Z   VSINSTALLDIR: C:\Program Files\Microsoft Visual Studio\2022\Enterprise\
2025-11-01T00:25:18.6996222Z   VSSDK150INSTALL: C:\Program Files\Microsoft Visual Studio\2022\Enterprise\VSSDK
2025-11-01T00:25:18.6996717Z   VSSDKINSTALL: C:\Program Files\Microsoft Visual Studio\2022\Enterprise\VSSDK
2025-11-01T00:25:18.6997330Z   WindowsLibPath: C:\Program Files (x86)\Windows Kits\10\UnionMetadata\10.0.26100.0;C:\Program Files (x86)\Windows Kits\10\References\10.0.26100.0
2025-11-01T00:25:18.6997905Z   WindowsSdkBinPath: C:\Program Files (x86)\Windows Kits\10\bin\
2025-11-01T00:25:18.6998251Z   WindowsSdkDir: C:\Program Files (x86)\Windows Kits\10\
2025-11-01T00:25:18.6998529Z   WindowsSDKLibVersion: 10.0.26100.0\
2025-11-01T00:25:18.6998862Z   WindowsSdkVerBinPath: C:\Program Files (x86)\Windows Kits\10\bin\10.0.26100.0\
2025-11-01T00:25:18.6999195Z   WindowsSDKVersion: 10.0.26100.0\
2025-11-01T00:25:18.6999604Z   WindowsSDK_ExecutablePath_x64: C:\Program Files (x86)\Microsoft SDKs\Windows\v10.0A\bin\NETFX 4.8 Tools\x64\
2025-11-01T00:25:18.7000193Z   WindowsSDK_ExecutablePath_x86: C:\Program Files (x86)\Microsoft SDKs\Windows\v10.0A\bin\NETFX 4.8 Tools\
2025-11-01T00:25:18.7000602Z   __DOTNET_ADD_64BIT: 1
2025-11-01T00:25:18.7000791Z   __DOTNET_PREFERRED_BITNESS: 64
2025-11-01T00:25:18.7008351Z   __VSCMD_PREINIT_PATH: C:\Program Files\MongoDB\Server\7.0\bin;C:\vcpkg;C:\tools\zstd;C:\hostedtoolcache\windows\stack\3.7.1\x64;C:\cabal\bin;C:\\ghcup\bin;C:\mingw64\bin;C:\Program Files\dotnet;C:\Program Files\MySQL\MySQL Server 8.0\bin;C:\Program Files\R\R-4.5.1\bin\x64;C:\SeleniumWebDrivers\GeckoDriver;C:\SeleniumWebDrivers\EdgeDriver\;C:\SeleniumWebDrivers\ChromeDriver;C:\Program Files (x86)\sbt\bin;C:\Program Files (x86)\GitHub CLI;C:\Program Files\Git\bin;C:\Program Files (x86)\pipx_bin;C:\npm\prefix;C:\hostedtoolcache\windows\go\1.24.9\x64\bin;C:\hostedtoolcache\windows\Python\3.9.13\x64\Scripts;C:\hostedtoolcache\windows\Python\3.9.13\x64;C:\hostedtoolcache\windows\Ruby\3.3.9\x64\bin;C:\Program Files\OpenSSL\bin;C:\tools\kotlinc\bin;C:\hostedtoolcache\windows\Java_Temurin-Hotspot_jdk\17.0.16-8\x64\bin;C:\Program Files\ImageMagick-7.1.2-Q16-HDRI;C:\Program Files\Microsoft SDKs\Azure\CLI2\wbin;C:\ProgramData\kind;C:\ProgramData\Chocolatey\bin;C:\Windows\system32;C:\Windows;C:\Windows\System32\Wbem;C:\Windows\System32\WindowsPowerShell\v1.0\;C:\Windows\System32\OpenSSH\;C:\Program Files\PowerShell\7\;C:\Program Files\Microsoft\Web Platform Installer\;C:\Program Files\Microsoft SQL Server\Client SDK\ODBC\170\Tools\Binn\;C:\Program Files\Microsoft SQL Server\150\Tools\Binn\;C:\Program Files\dotnet\;C:\Program Files (x86)\Windows Kits\10\Windows Performance Toolkit\;C:\Program Files (x86)\WiX Toolset v3.14\bin;C:\Program Files\Microsoft SQL Server\130\DTS\Binn\;C:\Program Files\Microsoft SQL Server\140\DTS\Binn\;C:\Program Files\Microsoft SQL Server\150\DTS\Binn\;C:\Program Files\Microsoft SQL Server\160\DTS\Binn\;C:\Program Files\Microsoft SQL Server\170\DTS\Binn\;C:\ProgramData\chocolatey\lib\pulumi\tools\Pulumi\bin;C:\Program Files\CMake\bin;C:\Strawberry\c\bin;C:\Strawberry\perl\site\bin;C:\Strawberry\perl\bin;C:\ProgramData\chocolatey\lib\maven\apache-maven-3.9.11\bin;C:\Program Files\Microsoft Service Fabric\bin\Fabric\Fabric.Code;C:\Program Files\Microsoft SDKs\Service Fabric\Tools\ServiceFabricLocalClusterManager;C:\Program Files\nodejs\;C:\Program Files\Git\cmd;C:\Program Files\Git\mingw64\bin;C:\Program Files\Git\usr\bin;C:\Program Files\GitHub CLI\;c:\tools\php;C:\Program Files (x86)\sbt\bin;C:\Program Files\Amazon\AWSCLIV2\;C:\Program Files\Amazon\SessionManagerPlugin\bin\;C:\Program Files\Amazon\AWSSAMCLI\bin\;C:\Program Files\Microsoft SQL Server\130\Tools\Binn\;C:\Program Files\mongosh\;C:\Program Files\LLVM\bin;C:\Program Files (x86)\LLVM\bin;C:\Users\runneradmin\.dotnet\tools;C:\Users\runneradmin\.cargo\bin;C:\Users\runneradmin\AppData\Local\Microsoft\WindowsApps;C:\Program Files (x86)\Microsoft Visual Studio\Installer
2025-11-01T00:25:18.7016351Z ##[endgroup]
2025-11-01T00:25:19.7775187Z ##[group]Run echo Building base version %VERSION_BASE%
2025-11-01T00:25:19.7775606Z [36;1mecho Building base version %VERSION_BASE%[0m
2025-11-01T00:25:19.7775945Z [36;1mecho Building semantic version %VERSION_SEMVER%[0m
2025-11-01T00:25:19.7804024Z shell: C:\Windows\system32\cmd.EXE /D /E:ON /V:OFF /S /C "CALL "{0}""
2025-11-01T00:25:19.7804358Z env:
2025-11-01T00:25:19.7804526Z   CommandPromptType: Native
2025-11-01T00:25:19.7804876Z   DevEnvDir: C:\Program Files\Microsoft Visual Studio\2022\Enterprise\Common7\IDE\
2025-11-01T00:25:19.7805352Z   ExtensionSdkDir: C:\Program Files (x86)\Microsoft SDKs\Windows Kits\10\ExtensionSDKs
2025-11-01T00:25:19.7807398Z   EXTERNAL_INCLUDE: C:\Program Files\Microsoft Visual Studio\2022\Enterprise\VC\Tools\MSVC\14.44.35207\include;C:\Program Files\Microsoft Visual Studio\2022\Enterprise\VC\Tools\MSVC\14.44.35207\ATLMFC\include;C:\Program Files\Microsoft Visual Studio\2022\Enterprise\VC\Auxiliary\VS\include;C:\Program Files (x86)\Windows Kits\10\include\10.0.26100.0\ucrt;C:\Program Files (x86)\Windows Kits\10\\include\10.0.26100.0\\um;C:\Program Files (x86)\Windows Kits\10\\include\10.0.26100.0\\shared;C:\Program Files (x86)\Windows Kits\10\\include\10.0.26100.0\\winrt;C:\Program Files (x86)\Windows Kits\10\\include\10.0.26100.0\\cppwinrt;C:\Program Files (x86)\Windows Kits\NETFXSDK\4.8\include\um
2025-11-01T00:25:19.7809296Z   Framework40Version: v4.0
2025-11-01T00:25:19.7809531Z   FrameworkDir: C:\Windows\Microsoft.NET\Framework64\
2025-11-01T00:25:19.7809840Z   FrameworkDir64: C:\Windows\Microsoft.NET\Framework64\
2025-11-01T00:25:19.7810100Z   FrameworkVersion: v4.0.30319
2025-11-01T00:25:19.7810305Z   FrameworkVersion64: v4.0.30319
2025-11-01T00:25:19.7810769Z   FSHARPINSTALLDIR: C:\Program Files\Microsoft Visual Studio\2022\Enterprise\Common7\IDE\CommonExtensions\Microsoft\FSharp\Tools
2025-11-01T00:25:19.7811301Z   HTMLHelpDir: C:\Program Files (x86)\HTML Help Workshop
2025-11-01T00:25:19.7811730Z   IFCPATH: C:\Program Files\Microsoft Visual Studio\2022\Enterprise\VC\Tools\MSVC\14.44.35207\ifc\x64
2025-11-01T00:25:19.7813717Z   INCLUDE: C:\Program Files\Microsoft Visual Studio\2022\Enterprise\VC\Tools\MSVC\14.44.35207\include;C:\Program Files\Microsoft Visual Studio\2022\Enterprise\VC\Tools\MSVC\14.44.35207\ATLMFC\include;C:\Program Files\Microsoft Visual Studio\2022\Enterprise\VC\Auxiliary\VS\include;C:\Program Files (x86)\Windows Kits\10\include\10.0.26100.0\ucrt;C:\Program Files (x86)\Windows Kits\10\\include\10.0.26100.0\\um;C:\Program Files (x86)\Windows Kits\10\\include\10.0.26100.0\\shared;C:\Program Files (x86)\Windows Kits\10\\include\10.0.26100.0\\winrt;C:\Program Files (x86)\Windows Kits\10\\include\10.0.26100.0\\cppwinrt;C:\Program Files (x86)\Windows Kits\NETFXSDK\4.8\include\um
2025-11-01T00:25:19.7815553Z   is_x64_arch: true
2025-11-01T00:25:19.7816578Z   LIB: C:\Program Files\Microsoft Visual Studio\2022\Enterprise\VC\Tools\MSVC\14.44.35207\ATLMFC\lib\x64;C:\Program Files\Microsoft Visual Studio\2022\Enterprise\VC\Tools\MSVC\14.44.35207\lib\x64;C:\Program Files (x86)\Windows Kits\NETFXSDK\4.8\lib\um\x64;C:\Program Files (x86)\Windows Kits\10\lib\10.0.26100.0\ucrt\x64;C:\Program Files (x86)\Windows Kits\10\\lib\10.0.26100.0\\um\x64
2025-11-01T00:25:19.7818959Z   LIBPATH: C:\Program Files\Microsoft Visual Studio\2022\Enterprise\VC\Tools\MSVC\14.44.35207\ATLMFC\lib\x64;C:\Program Files\Microsoft Visual Studio\2022\Enterprise\VC\Tools\MSVC\14.44.35207\lib\x64;C:\Program Files\Microsoft Visual Studio\2022\Enterprise\VC\Tools\MSVC\14.44.35207\lib\x86\store\references;C:\Program Files (x86)\Windows Kits\10\UnionMetadata\10.0.26100.0;C:\Program Files (x86)\Windows Kits\10\References\10.0.26100.0;C:\Windows\Microsoft.NET\Framework64\v4.0.30319
2025-11-01T00:25:19.7820875Z   NETFXSDKDir: C:\Program Files (x86)\Windows Kits\NETFXSDK\4.8\
2025-11-01T00:25:19.7835341Z   Path: C:\Program Files\Microsoft Visual Studio\2022\Enterprise\VC\Tools\MSVC\14.44.35207\bin\HostX64\x64;C:\Program Files\Microsoft Visual Studio\2022\Enterprise\Common7\IDE\VC\VCPackages;C:\Program Files\Microsoft Visual Studio\2022\Enterprise\Common7\IDE\CommonExtensions\Microsoft\TestWindow;C:\Program Files\Microsoft Visual Studio\2022\Enterprise\Common7\IDE\CommonExtensions\Microsoft\TeamFoundation\Team Explorer;C:\Program Files\Microsoft Visual Studio\2022\Enterprise\MSBuild\Current\bin\Roslyn;C:\Program Files (x86)\Microsoft SDKs\Windows\v10.0A\bin\NETFX 4.8 Tools\x64\;C:\Program Files (x86)\HTML Help Workshop;C:\Program Files\Microsoft Visual Studio\2022\Enterprise\Common7\IDE\CommonExtensions\Microsoft\FSharp\Tools;C:\Program Files\Microsoft Visual Studio\2022\Enterprise\Team Tools\DiagnosticsHub\Collector;C:\Program Files\Microsoft Visual Studio\2022\Enterprise\Common7\IDE\Extensions\Microsoft\CodeCoverage.Console;C:\Program Files\Microsoft Visual Studio\2022\Enterprise\VC\Tools\Llvm\x64\bin;C:\Program Files (x86)\Windows Kits\10\bin\10.0.26100.0\\x64;C:\Program Files (x86)\Windows Kits\10\bin\\x64;C:\Program Files\Microsoft Visual Studio\2022\Enterprise\\MSBuild\Current\Bin\amd64;C:\Windows\Microsoft.NET\Framework64\v4.0.30319;C:\Program Files\Microsoft Visual Studio\2022\Enterprise\Common7\IDE\;C:\Program Files\Microsoft Visual Studio\2022\Enterprise\Common7\Tools\;C:\Program Files\MongoDB\Server\7.0\bin;C:\vcpkg;C:\tools\zstd;C:\hostedtoolcache\windows\stack\3.7.1\x64;C:\cabal\bin;C:\\ghcup\bin;C:\mingw64\bin;C:\Program Files\dotnet;C:\Program Files\MySQL\MySQL Server 8.0\bin;C:\Program Files\R\R-4.5.1\bin\x64;C:\SeleniumWebDrivers\GeckoDriver;C:\SeleniumWebDrivers\EdgeDriver\;C:\SeleniumWebDrivers\ChromeDriver;C:\Program Files (x86)\sbt\bin;C:\Program Files (x86)\GitHub CLI;C:\Program Files\Git\bin;C:\Program Files (x86)\pipx_bin;C:\npm\prefix;C:\hostedtoolcache\windows\go\1.24.9\x64\bin;C:\hostedtoolcache\windows\Python\3.9.13\x64\Scripts;C:\hostedtoolcache\windows\Python\3.9.13\x64;C:\hostedtoolcache\windows\Ruby\3.3.9\x64\bin;C:\Program Files\OpenSSL\bin;C:\tools\kotlinc\bin;C:\hostedtoolcache\windows\Java_Temurin-Hotspot_jdk\17.0.16-8\x64\bin;C:\Program Files\ImageMagick-7.1.2-Q16-HDRI;C:\Program Files\Microsoft SDKs\Azure\CLI2\wbin;C:\ProgramData\kind;C:\ProgramData\Chocolatey\bin;C:\Windows\system32;C:\Windows;C:\Windows\System32\Wbem;C:\Windows\System32\WindowsPowerShell\v1.0\;C:\Windows\System32\OpenSSH\;C:\Program Files\PowerShell\7\;C:\Program Files\Microsoft\Web Platform Installer\;C:\Program Files\Microsoft SQL Server\Client SDK\ODBC\170\Tools\Binn\;C:\Program Files\Microsoft SQL Server\150\Tools\Binn\;C:\Program Files\dotnet\;C:\Program Files (x86)\Windows Kits\10\Windows Performance Toolkit\;C:\Program Files (x86)\WiX Toolset v3.14\bin;C:\Program Files\Microsoft SQL Server\130\DTS\Binn\;C:\Program Files\Microsoft SQL Server\140\DTS\Binn\;C:\Program Files\Microsoft SQL Server\150\DTS\Binn\;C:\Program Files\Microsoft SQL Server\160\DTS\Binn\;C:\Program Files\Microsoft SQL Server\170\DTS\Binn\;C:\ProgramData\chocolatey\lib\pulumi\tools\Pulumi\bin;C:\Program Files\CMake\bin;C:\Strawberry\c\bin;C:\Strawberry\perl\site\bin;C:\Strawberry\perl\bin;C:\ProgramData\chocolatey\lib\maven\apache-maven-3.9.11\bin;C:\Program Files\Microsoft Service Fabric\bin\Fabric\Fabric.Code;C:\Program Files\Microsoft SDKs\Service Fabric\Tools\ServiceFabricLocalClusterManager;C:\Program Files\nodejs\;C:\Program Files\Git\cmd;C:\Program Files\Git\mingw64\bin;C:\Program Files\Git\usr\bin;C:\Program Files\GitHub CLI\;c:\tools\php;C:\Program Files\Amazon\AWSCLIV2\;C:\Program Files\Amazon\SessionManagerPlugin\bin\;C:\Program Files\Amazon\AWSSAMCLI\bin\;C:\Program Files\Microsoft SQL Server\130\Tools\Binn\;C:\Program Files\mongosh\;C:\Program Files\LLVM\bin;C:\Program Files (x86)\LLVM\bin;C:\Users\runneradmin\.dotnet\tools;C:\Users\runneradmin\.cargo\bin;C:\Users\runneradmin\AppData\Local\Microsoft\WindowsApps;C:\Program Files (x86)\Microsoft Visual Studio\Installer;C:\Program Files\Microsoft Visual Studio\2022\Enterprise\Common7\IDE\CommonExtensions\Microsoft\CMake\CMake\bin;C:\Program Files\Microsoft Visual Studio\2022\Enterprise\Common7\IDE\CommonExtensions\Microsoft\CMake\Ninja;C:\Program Files\Microsoft Visual Studio\2022\Enterprise\Common7\IDE\VC\Linux\bin\ConnectionManagerExe;C:\Program Files\Microsoft Visual Studio\2022\Enterprise\VC\vcpkg
2025-11-01T00:25:19.7848467Z   Platform: x64
2025-11-01T00:25:19.7848637Z   UCRTVersion: 10.0.26100.0
2025-11-01T00:25:19.7848901Z   UniversalCRTSdkDir: C:\Program Files (x86)\Windows Kits\10\
2025-11-01T00:25:19.7849331Z   VCIDEInstallDir: C:\Program Files\Microsoft Visual Studio\2022\Enterprise\Common7\IDE\VC\
2025-11-01T00:25:19.7849796Z   VCINSTALLDIR: C:\Program Files\Microsoft Visual Studio\2022\Enterprise\VC\
2025-11-01T00:25:19.7850214Z   VCPKG_ROOT: C:\Program Files\Microsoft Visual Studio\2022\Enterprise\VC\vcpkg
2025-11-01T00:25:19.7850710Z   VCToolsInstallDir: C:\Program Files\Microsoft Visual Studio\2022\Enterprise\VC\Tools\MSVC\14.44.35207\
2025-11-01T00:25:19.7851291Z   VCToolsRedistDir: C:\Program Files\Microsoft Visual Studio\2022\Enterprise\VC\Redist\MSVC\14.44.35112\
2025-11-01T00:25:19.7851697Z   VCToolsVersion: 14.44.35207
2025-11-01T00:25:19.7851907Z   VisualStudioVersion: 17.0
2025-11-01T00:25:19.7852243Z   VS170COMNTOOLS: C:\Program Files\Microsoft Visual Studio\2022\Enterprise\Common7\Tools\
2025-11-01T00:25:19.7852603Z   VSCMD_ARG_app_plat: Desktop
2025-11-01T00:25:19.7852799Z   VSCMD_ARG_HOST_ARCH: x64
2025-11-01T00:25:19.7852978Z   VSCMD_ARG_TGT_ARCH: x64
2025-11-01T00:25:19.7853153Z   VSCMD_VER: 17.14.18
2025-11-01T00:25:19.7853416Z   VSINSTALLDIR: C:\Program Files\Microsoft Visual Studio\2022\Enterprise\
2025-11-01T00:25:19.7853844Z   VSSDK150INSTALL: C:\Program Files\Microsoft Visual Studio\2022\Enterprise\VSSDK
2025-11-01T00:25:19.7854277Z   VSSDKINSTALL: C:\Program Files\Microsoft Visual Studio\2022\Enterprise\VSSDK
2025-11-01T00:25:19.7854874Z   WindowsLibPath: C:\Program Files (x86)\Windows Kits\10\UnionMetadata\10.0.26100.0;C:\Program Files (x86)\Windows Kits\10\References\10.0.26100.0
2025-11-01T00:25:19.7855438Z   WindowsSdkBinPath: C:\Program Files (x86)\Windows Kits\10\bin\
2025-11-01T00:25:19.7855778Z   WindowsSdkDir: C:\Program Files (x86)\Windows Kits\10\
2025-11-01T00:25:19.7856053Z   WindowsSDKLibVersion: 10.0.26100.0\
2025-11-01T00:25:19.7856388Z   WindowsSdkVerBinPath: C:\Program Files (x86)\Windows Kits\10\bin\10.0.26100.0\
2025-11-01T00:25:19.7856729Z   WindowsSDKVersion: 10.0.26100.0\
2025-11-01T00:25:19.7857130Z   WindowsSDK_ExecutablePath_x64: C:\Program Files (x86)\Microsoft SDKs\Windows\v10.0A\bin\NETFX 4.8 Tools\x64\
2025-11-01T00:25:19.7857714Z   WindowsSDK_ExecutablePath_x86: C:\Program Files (x86)\Microsoft SDKs\Windows\v10.0A\bin\NETFX 4.8 Tools\
2025-11-01T00:25:19.7858113Z   __DOTNET_ADD_64BIT: 1
2025-11-01T00:25:19.7858296Z   __DOTNET_PREFERRED_BITNESS: 64
2025-11-01T00:25:19.7866132Z   __VSCMD_PREINIT_PATH: C:\Program Files\MongoDB\Server\7.0\bin;C:\vcpkg;C:\tools\zstd;C:\hostedtoolcache\windows\stack\3.7.1\x64;C:\cabal\bin;C:\\ghcup\bin;C:\mingw64\bin;C:\Program Files\dotnet;C:\Program Files\MySQL\MySQL Server 8.0\bin;C:\Program Files\R\R-4.5.1\bin\x64;C:\SeleniumWebDrivers\GeckoDriver;C:\SeleniumWebDrivers\EdgeDriver\;C:\SeleniumWebDrivers\ChromeDriver;C:\Program Files (x86)\sbt\bin;C:\Program Files (x86)\GitHub CLI;C:\Program Files\Git\bin;C:\Program Files (x86)\pipx_bin;C:\npm\prefix;C:\hostedtoolcache\windows\go\1.24.9\x64\bin;C:\hostedtoolcache\windows\Python\3.9.13\x64\Scripts;C:\hostedtoolcache\windows\Python\3.9.13\x64;C:\hostedtoolcache\windows\Ruby\3.3.9\x64\bin;C:\Program Files\OpenSSL\bin;C:\tools\kotlinc\bin;C:\hostedtoolcache\windows\Java_Temurin-Hotspot_jdk\17.0.16-8\x64\bin;C:\Program Files\ImageMagick-7.1.2-Q16-HDRI;C:\Program Files\Microsoft SDKs\Azure\CLI2\wbin;C:\ProgramData\kind;C:\ProgramData\Chocolatey\bin;C:\Windows\system32;C:\Windows;C:\Windows\System32\Wbem;C:\Windows\System32\WindowsPowerShell\v1.0\;C:\Windows\System32\OpenSSH\;C:\Program Files\PowerShell\7\;C:\Program Files\Microsoft\Web Platform Installer\;C:\Program Files\Microsoft SQL Server\Client SDK\ODBC\170\Tools\Binn\;C:\Program Files\Microsoft SQL Server\150\Tools\Binn\;C:\Program Files\dotnet\;C:\Program Files (x86)\Windows Kits\10\Windows Performance Toolkit\;C:\Program Files (x86)\WiX Toolset v3.14\bin;C:\Program Files\Microsoft SQL Server\130\DTS\Binn\;C:\Program Files\Microsoft SQL Server\140\DTS\Binn\;C:\Program Files\Microsoft SQL Server\150\DTS\Binn\;C:\Program Files\Microsoft SQL Server\160\DTS\Binn\;C:\Program Files\Microsoft SQL Server\170\DTS\Binn\;C:\ProgramData\chocolatey\lib\pulumi\tools\Pulumi\bin;C:\Program Files\CMake\bin;C:\Strawberry\c\bin;C:\Strawberry\perl\site\bin;C:\Strawberry\perl\bin;C:\ProgramData\chocolatey\lib\maven\apache-maven-3.9.11\bin;C:\Program Files\Microsoft Service Fabric\bin\Fabric\Fabric.Code;C:\Program Files\Microsoft SDKs\Service Fabric\Tools\ServiceFabricLocalClusterManager;C:\Program Files\nodejs\;C:\Program Files\Git\cmd;C:\Program Files\Git\mingw64\bin;C:\Program Files\Git\usr\bin;C:\Program Files\GitHub CLI\;c:\tools\php;C:\Program Files (x86)\sbt\bin;C:\Program Files\Amazon\AWSCLIV2\;C:\Program Files\Amazon\SessionManagerPlugin\bin\;C:\Program Files\Amazon\AWSSAMCLI\bin\;C:\Program Files\Microsoft SQL Server\130\Tools\Binn\;C:\Program Files\mongosh\;C:\Program Files\LLVM\bin;C:\Program Files (x86)\LLVM\bin;C:\Users\runneradmin\.dotnet\tools;C:\Users\runneradmin\.cargo\bin;C:\Users\runneradmin\AppData\Local\Microsoft\WindowsApps;C:\Program Files (x86)\Microsoft Visual Studio\Installer
2025-11-01T00:25:19.7874177Z   VERSION_BASE: 1.1.5
2025-11-01T00:25:19.7874349Z   VERSION_SEMVER: 1.1.5
2025-11-01T00:25:19.7874520Z   VERSION_TAG: v1.1.5
2025-11-01T00:25:19.7874688Z ##[endgroup]
2025-11-01T00:25:19.8018239Z Building base version 1.1.5
2025-11-01T00:25:19.8021684Z Building semantic version 1.1.5
2025-11-01T00:25:19.8176990Z ##[group]Run build.cmd %VERSION_SEMVER%
2025-11-01T00:25:19.8177340Z [36;1mbuild.cmd %VERSION_SEMVER%[0m
2025-11-01T00:25:19.8204349Z shell: C:\Windows\system32\cmd.EXE /D /E:ON /V:OFF /S /C "CALL "{0}""
2025-11-01T00:25:19.8204653Z env:
2025-11-01T00:25:19.8204824Z   CommandPromptType: Native
2025-11-01T00:25:19.8205156Z   DevEnvDir: C:\Program Files\Microsoft Visual Studio\2022\Enterprise\Common7\IDE\
2025-11-01T00:25:19.8205639Z   ExtensionSdkDir: C:\Program Files (x86)\Microsoft SDKs\Windows Kits\10\ExtensionSDKs
2025-11-01T00:25:19.8207689Z   EXTERNAL_INCLUDE: C:\Program Files\Microsoft Visual Studio\2022\Enterprise\VC\Tools\MSVC\14.44.35207\include;C:\Program Files\Microsoft Visual Studio\2022\Enterprise\VC\Tools\MSVC\14.44.35207\ATLMFC\include;C:\Program Files\Microsoft Visual Studio\2022\Enterprise\VC\Auxiliary\VS\include;C:\Program Files (x86)\Windows Kits\10\include\10.0.26100.0\ucrt;C:\Program Files (x86)\Windows Kits\10\\include\10.0.26100.0\\um;C:\Program Files (x86)\Windows Kits\10\\include\10.0.26100.0\\shared;C:\Program Files (x86)\Windows Kits\10\\include\10.0.26100.0\\winrt;C:\Program Files (x86)\Windows Kits\10\\include\10.0.26100.0\\cppwinrt;C:\Program Files (x86)\Windows Kits\NETFXSDK\4.8\include\um
2025-11-01T00:25:19.8209563Z   Framework40Version: v4.0
2025-11-01T00:25:19.8209799Z   FrameworkDir: C:\Windows\Microsoft.NET\Framework64\
2025-11-01T00:25:19.8210105Z   FrameworkDir64: C:\Windows\Microsoft.NET\Framework64\
2025-11-01T00:25:19.8210527Z   FrameworkVersion: v4.0.30319
2025-11-01T00:25:19.8210731Z   FrameworkVersion64: v4.0.30319
2025-11-01T00:25:19.8211204Z   FSHARPINSTALLDIR: C:\Program Files\Microsoft Visual Studio\2022\Enterprise\Common7\IDE\CommonExtensions\Microsoft\FSharp\Tools
2025-11-01T00:25:19.8211727Z   HTMLHelpDir: C:\Program Files (x86)\HTML Help Workshop
2025-11-01T00:25:19.8212156Z   IFCPATH: C:\Program Files\Microsoft Visual Studio\2022\Enterprise\VC\Tools\MSVC\14.44.35207\ifc\x64
2025-11-01T00:25:19.8214139Z   INCLUDE: C:\Program Files\Microsoft Visual Studio\2022\Enterprise\VC\Tools\MSVC\14.44.35207\include;C:\Program Files\Microsoft Visual Studio\2022\Enterprise\VC\Tools\MSVC\14.44.35207\ATLMFC\include;C:\Program Files\Microsoft Visual Studio\2022\Enterprise\VC\Auxiliary\VS\include;C:\Program Files (x86)\Windows Kits\10\include\10.0.26100.0\ucrt;C:\Program Files (x86)\Windows Kits\10\\include\10.0.26100.0\\um;C:\Program Files (x86)\Windows Kits\10\\include\10.0.26100.0\\shared;C:\Program Files (x86)\Windows Kits\10\\include\10.0.26100.0\\winrt;C:\Program Files (x86)\Windows Kits\10\\include\10.0.26100.0\\cppwinrt;C:\Program Files (x86)\Windows Kits\NETFXSDK\4.8\include\um
2025-11-01T00:25:19.8215960Z   is_x64_arch: true
2025-11-01T00:25:19.8216972Z   LIB: C:\Program Files\Microsoft Visual Studio\2022\Enterprise\VC\Tools\MSVC\14.44.35207\ATLMFC\lib\x64;C:\Program Files\Microsoft Visual Studio\2022\Enterprise\VC\Tools\MSVC\14.44.35207\lib\x64;C:\Program Files (x86)\Windows Kits\NETFXSDK\4.8\lib\um\x64;C:\Program Files (x86)\Windows Kits\10\lib\10.0.26100.0\ucrt\x64;C:\Program Files (x86)\Windows Kits\10\\lib\10.0.26100.0\\um\x64
2025-11-01T00:25:19.8219619Z   LIBPATH: C:\Program Files\Microsoft Visual Studio\2022\Enterprise\VC\Tools\MSVC\14.44.35207\ATLMFC\lib\x64;C:\Program Files\Microsoft Visual Studio\2022\Enterprise\VC\Tools\MSVC\14.44.35207\lib\x64;C:\Program Files\Microsoft Visual Studio\2022\Enterprise\VC\Tools\MSVC\14.44.35207\lib\x86\store\references;C:\Program Files (x86)\Windows Kits\10\UnionMetadata\10.0.26100.0;C:\Program Files (x86)\Windows Kits\10\References\10.0.26100.0;C:\Windows\Microsoft.NET\Framework64\v4.0.30319
2025-11-01T00:25:19.8221063Z   NETFXSDKDir: C:\Program Files (x86)\Windows Kits\NETFXSDK\4.8\
2025-11-01T00:25:19.8235653Z   Path: C:\Program Files\Microsoft Visual Studio\2022\Enterprise\VC\Tools\MSVC\14.44.35207\bin\HostX64\x64;C:\Program Files\Microsoft Visual Studio\2022\Enterprise\Common7\IDE\VC\VCPackages;C:\Program Files\Microsoft Visual Studio\2022\Enterprise\Common7\IDE\CommonExtensions\Microsoft\TestWindow;C:\Program Files\Microsoft Visual Studio\2022\Enterprise\Common7\IDE\CommonExtensions\Microsoft\TeamFoundation\Team Explorer;C:\Program Files\Microsoft Visual Studio\2022\Enterprise\MSBuild\Current\bin\Roslyn;C:\Program Files (x86)\Microsoft SDKs\Windows\v10.0A\bin\NETFX 4.8 Tools\x64\;C:\Program Files (x86)\HTML Help Workshop;C:\Program Files\Microsoft Visual Studio\2022\Enterprise\Common7\IDE\CommonExtensions\Microsoft\FSharp\Tools;C:\Program Files\Microsoft Visual Studio\2022\Enterprise\Team Tools\DiagnosticsHub\Collector;C:\Program Files\Microsoft Visual Studio\2022\Enterprise\Common7\IDE\Extensions\Microsoft\CodeCoverage.Console;C:\Program Files\Microsoft Visual Studio\2022\Enterprise\VC\Tools\Llvm\x64\bin;C:\Program Files (x86)\Windows Kits\10\bin\10.0.26100.0\\x64;C:\Program Files (x86)\Windows Kits\10\bin\\x64;C:\Program Files\Microsoft Visual Studio\2022\Enterprise\\MSBuild\Current\Bin\amd64;C:\Windows\Microsoft.NET\Framework64\v4.0.30319;C:\Program Files\Microsoft Visual Studio\2022\Enterprise\Common7\IDE\;C:\Program Files\Microsoft Visual Studio\2022\Enterprise\Common7\Tools\;C:\Program Files\MongoDB\Server\7.0\bin;C:\vcpkg;C:\tools\zstd;C:\hostedtoolcache\windows\stack\3.7.1\x64;C:\cabal\bin;C:\\ghcup\bin;C:\mingw64\bin;C:\Program Files\dotnet;C:\Program Files\MySQL\MySQL Server 8.0\bin;C:\Program Files\R\R-4.5.1\bin\x64;C:\SeleniumWebDrivers\GeckoDriver;C:\SeleniumWebDrivers\EdgeDriver\;C:\SeleniumWebDrivers\ChromeDriver;C:\Program Files (x86)\sbt\bin;C:\Program Files (x86)\GitHub CLI;C:\Program Files\Git\bin;C:\Program Files (x86)\pipx_bin;C:\npm\prefix;C:\hostedtoolcache\windows\go\1.24.9\x64\bin;C:\hostedtoolcache\windows\Python\3.9.13\x64\Scripts;C:\hostedtoolcache\windows\Python\3.9.13\x64;C:\hostedtoolcache\windows\Ruby\3.3.9\x64\bin;C:\Program Files\OpenSSL\bin;C:\tools\kotlinc\bin;C:\hostedtoolcache\windows\Java_Temurin-Hotspot_jdk\17.0.16-8\x64\bin;C:\Program Files\ImageMagick-7.1.2-Q16-HDRI;C:\Program Files\Microsoft SDKs\Azure\CLI2\wbin;C:\ProgramData\kind;C:\ProgramData\Chocolatey\bin;C:\Windows\system32;C:\Windows;C:\Windows\System32\Wbem;C:\Windows\System32\WindowsPowerShell\v1.0\;C:\Windows\System32\OpenSSH\;C:\Program Files\PowerShell\7\;C:\Program Files\Microsoft\Web Platform Installer\;C:\Program Files\Microsoft SQL Server\Client SDK\ODBC\170\Tools\Binn\;C:\Program Files\Microsoft SQL Server\150\Tools\Binn\;C:\Program Files\dotnet\;C:\Program Files (x86)\Windows Kits\10\Windows Performance Toolkit\;C:\Program Files (x86)\WiX Toolset v3.14\bin;C:\Program Files\Microsoft SQL Server\130\DTS\Binn\;C:\Program Files\Microsoft SQL Server\140\DTS\Binn\;C:\Program Files\Microsoft SQL Server\150\DTS\Binn\;C:\Program Files\Microsoft SQL Server\160\DTS\Binn\;C:\Program Files\Microsoft SQL Server\170\DTS\Binn\;C:\ProgramData\chocolatey\lib\pulumi\tools\Pulumi\bin;C:\Program Files\CMake\bin;C:\Strawberry\c\bin;C:\Strawberry\perl\site\bin;C:\Strawberry\perl\bin;C:\ProgramData\chocolatey\lib\maven\apache-maven-3.9.11\bin;C:\Program Files\Microsoft Service Fabric\bin\Fabric\Fabric.Code;C:\Program Files\Microsoft SDKs\Service Fabric\Tools\ServiceFabricLocalClusterManager;C:\Program Files\nodejs\;C:\Program Files\Git\cmd;C:\Program Files\Git\mingw64\bin;C:\Program Files\Git\usr\bin;C:\Program Files\GitHub CLI\;c:\tools\php;C:\Program Files\Amazon\AWSCLIV2\;C:\Program Files\Amazon\SessionManagerPlugin\bin\;C:\Program Files\Amazon\AWSSAMCLI\bin\;C:\Program Files\Microsoft SQL Server\130\Tools\Binn\;C:\Program Files\mongosh\;C:\Program Files\LLVM\bin;C:\Program Files (x86)\LLVM\bin;C:\Users\runneradmin\.dotnet\tools;C:\Users\runneradmin\.cargo\bin;C:\Users\runneradmin\AppData\Local\Microsoft\WindowsApps;C:\Program Files (x86)\Microsoft Visual Studio\Installer;C:\Program Files\Microsoft Visual Studio\2022\Enterprise\Common7\IDE\CommonExtensions\Microsoft\CMake\CMake\bin;C:\Program Files\Microsoft Visual Studio\2022\Enterprise\Common7\IDE\CommonExtensions\Microsoft\CMake\Ninja;C:\Program Files\Microsoft Visual Studio\2022\Enterprise\Common7\IDE\VC\Linux\bin\ConnectionManagerExe;C:\Program Files\Microsoft Visual Studio\2022\Enterprise\VC\vcpkg
2025-11-01T00:25:19.8248828Z   Platform: x64
2025-11-01T00:25:19.8249002Z   UCRTVersion: 10.0.26100.0
2025-11-01T00:25:19.8249270Z   UniversalCRTSdkDir: C:\Program Files (x86)\Windows Kits\10\
2025-11-01T00:25:19.8249703Z   VCIDEInstallDir: C:\Program Files\Microsoft Visual Studio\2022\Enterprise\Common7\IDE\VC\
2025-11-01T00:25:19.8250170Z   VCINSTALLDIR: C:\Program Files\Microsoft Visual Studio\2022\Enterprise\VC\
2025-11-01T00:25:19.8250596Z   VCPKG_ROOT: C:\Program Files\Microsoft Visual Studio\2022\Enterprise\VC\vcpkg
2025-11-01T00:25:19.8251095Z   VCToolsInstallDir: C:\Program Files\Microsoft Visual Studio\2022\Enterprise\VC\Tools\MSVC\14.44.35207\
2025-11-01T00:25:19.8251688Z   VCToolsRedistDir: C:\Program Files\Microsoft Visual Studio\2022\Enterprise\VC\Redist\MSVC\14.44.35112\
2025-11-01T00:25:19.8252093Z   VCToolsVersion: 14.44.35207
2025-11-01T00:25:19.8252305Z   VisualStudioVersion: 17.0
2025-11-01T00:25:19.8252641Z   VS170COMNTOOLS: C:\Program Files\Microsoft Visual Studio\2022\Enterprise\Common7\Tools\
2025-11-01T00:25:19.8253021Z   VSCMD_ARG_app_plat: Desktop
2025-11-01T00:25:19.8253225Z   VSCMD_ARG_HOST_ARCH: x64
2025-11-01T00:25:19.8253416Z   VSCMD_ARG_TGT_ARCH: x64
2025-11-01T00:25:19.8253589Z   VSCMD_VER: 17.14.18
2025-11-01T00:25:19.8253863Z   VSINSTALLDIR: C:\Program Files\Microsoft Visual Studio\2022\Enterprise\
2025-11-01T00:25:19.8254295Z   VSSDK150INSTALL: C:\Program Files\Microsoft Visual Studio\2022\Enterprise\VSSDK
2025-11-01T00:25:19.8254842Z   VSSDKINSTALL: C:\Program Files\Microsoft Visual Studio\2022\Enterprise\VSSDK
2025-11-01T00:25:19.8255446Z   WindowsLibPath: C:\Program Files (x86)\Windows Kits\10\UnionMetadata\10.0.26100.0;C:\Program Files (x86)\Windows Kits\10\References\10.0.26100.0
2025-11-01T00:25:19.8256020Z   WindowsSdkBinPath: C:\Program Files (x86)\Windows Kits\10\bin\
2025-11-01T00:25:19.8256365Z   WindowsSdkDir: C:\Program Files (x86)\Windows Kits\10\
2025-11-01T00:25:19.8256647Z   WindowsSDKLibVersion: 10.0.26100.0\
2025-11-01T00:25:19.8256970Z   WindowsSdkVerBinPath: C:\Program Files (x86)\Windows Kits\10\bin\10.0.26100.0\
2025-11-01T00:25:19.8257310Z   WindowsSDKVersion: 10.0.26100.0\
2025-11-01T00:25:19.8258130Z   WindowsSDK_ExecutablePath_x64: C:\Program Files (x86)\Microsoft SDKs\Windows\v10.0A\bin\NETFX 4.8 Tools\x64\
2025-11-01T00:25:19.8261894Z   WindowsSDK_ExecutablePath_x86: C:\Program Files (x86)\Microsoft SDKs\Windows\v10.0A\bin\NETFX 4.8 Tools\
2025-11-01T00:25:19.8262530Z   __DOTNET_ADD_64BIT: 1
2025-11-01T00:25:19.8262776Z   __DOTNET_PREFERRED_BITNESS: 64
2025-11-01T00:25:19.8273098Z   __VSCMD_PREINIT_PATH: C:\Program Files\MongoDB\Server\7.0\bin;C:\vcpkg;C:\tools\zstd;C:\hostedtoolcache\windows\stack\3.7.1\x64;C:\cabal\bin;C:\\ghcup\bin;C:\mingw64\bin;C:\Program Files\dotnet;C:\Program Files\MySQL\MySQL Server 8.0\bin;C:\Program Files\R\R-4.5.1\bin\x64;C:\SeleniumWebDrivers\GeckoDriver;C:\SeleniumWebDrivers\EdgeDriver\;C:\SeleniumWebDrivers\ChromeDriver;C:\Program Files (x86)\sbt\bin;C:\Program Files (x86)\GitHub CLI;C:\Program Files\Git\bin;C:\Program Files (x86)\pipx_bin;C:\npm\prefix;C:\hostedtoolcache\windows\go\1.24.9\x64\bin;C:\hostedtoolcache\windows\Python\3.9.13\x64\Scripts;C:\hostedtoolcache\windows\Python\3.9.13\x64;C:\hostedtoolcache\windows\Ruby\3.3.9\x64\bin;C:\Program Files\OpenSSL\bin;C:\tools\kotlinc\bin;C:\hostedtoolcache\windows\Java_Temurin-Hotspot_jdk\17.0.16-8\x64\bin;C:\Program Files\ImageMagick-7.1.2-Q16-HDRI;C:\Program Files\Microsoft SDKs\Azure\CLI2\wbin;C:\ProgramData\kind;C:\ProgramData\Chocolatey\bin;C:\Windows\system32;C:\Windows;C:\Windows\System32\Wbem;C:\Windows\System32\WindowsPowerShell\v1.0\;C:\Windows\System32\OpenSSH\;C:\Program Files\PowerShell\7\;C:\Program Files\Microsoft\Web Platform Installer\;C:\Program Files\Microsoft SQL Server\Client SDK\ODBC\170\Tools\Binn\;C:\Program Files\Microsoft SQL Server\150\Tools\Binn\;C:\Program Files\dotnet\;C:\Program Files (x86)\Windows Kits\10\Windows Performance Toolkit\;C:\Program Files (x86)\WiX Toolset v3.14\bin;C:\Program Files\Microsoft SQL Server\130\DTS\Binn\;C:\Program Files\Microsoft SQL Server\140\DTS\Binn\;C:\Program Files\Microsoft SQL Server\150\DTS\Binn\;C:\Program Files\Microsoft SQL Server\160\DTS\Binn\;C:\Program Files\Microsoft SQL Server\170\DTS\Binn\;C:\ProgramData\chocolatey\lib\pulumi\tools\Pulumi\bin;C:\Program Files\CMake\bin;C:\Strawberry\c\bin;C:\Strawberry\perl\site\bin;C:\Strawberry\perl\bin;C:\ProgramData\chocolatey\lib\maven\apache-maven-3.9.11\bin;C:\Program Files\Microsoft Service Fabric\bin\Fabric\Fabric.Code;C:\Program Files\Microsoft SDKs\Service Fabric\Tools\ServiceFabricLocalClusterManager;C:\Program Files\nodejs\;C:\Program Files\Git\cmd;C:\Program Files\Git\mingw64\bin;C:\Program Files\Git\usr\bin;C:\Program Files\GitHub CLI\;c:\tools\php;C:\Program Files (x86)\sbt\bin;C:\Program Files\Amazon\AWSCLIV2\;C:\Program Files\Amazon\SessionManagerPlugin\bin\;C:\Program Files\Amazon\AWSSAMCLI\bin\;C:\Program Files\Microsoft SQL Server\130\Tools\Binn\;C:\Program Files\mongosh\;C:\Program Files\LLVM\bin;C:\Program Files (x86)\LLVM\bin;C:\Users\runneradmin\.dotnet\tools;C:\Users\runneradmin\.cargo\bin;C:\Users\runneradmin\AppData\Local\Microsoft\WindowsApps;C:\Program Files (x86)\Microsoft Visual Studio\Installer
2025-11-01T00:25:19.8282024Z   VERSION_BASE: 1.1.5
2025-11-01T00:25:19.8282204Z   VERSION_SEMVER: 1.1.5
2025-11-01T00:25:19.8282384Z   VERSION_TAG: v1.1.5
2025-11-01T00:25:19.8282556Z ##[endgroup]
2025-11-01T00:25:20.2168951Z Version string cannot be empty.
2025-11-01T00:25:20.2170325Z At D:\a\fontlift-win-cli\fontlift-win-cli\scripts\get-version.ps1:35 char:9
2025-11-01T00:25:20.2176186Z +         throw [ArgumentException]::new("Version string cannot be empt ...
2025-11-01T00:25:20.2176577Z +         ~~~~~~~~~~~~~~~~~~~~~~~~~~~~~~~~~~~~~~~~~~~~~~~~~~~~~~~~~~~~~
2025-11-01T00:25:20.2176999Z     + CategoryInfo          : OperationStopped: (:) [], ArgumentException
2025-11-01T00:25:20.2177431Z     + FullyQualifiedErrorId : Version string cannot be empty.
2025-11-01T00:25:20.2177723Z  
2025-11-01T00:25:20.2358056Z Error: Failed to resolve version information.
2025-11-01T00:25:20.2410211Z ##[error]Process completed with exit code 1.
2025-11-01T00:25:20.2627061Z Post job cleanup.
2025-11-01T00:25:20.5295601Z [command]"C:\Program Files\Git\bin\git.exe" version
2025-11-01T00:25:20.5586566Z git version 2.51.1.windows.1
2025-11-01T00:25:20.5665447Z Temporarily overriding HOME='D:\a\_temp\de9f30e2-8542-47c3-8132-be731966ddc6' before making global git config changes
2025-11-01T00:25:20.5666476Z Adding repository directory to the temporary git global config as a safe directory
2025-11-01T00:25:20.5678911Z [command]"C:\Program Files\Git\bin\git.exe" config --global --add safe.directory D:\a\fontlift-win-cli\fontlift-win-cli
2025-11-01T00:25:20.6007316Z [command]"C:\Program Files\Git\bin\git.exe" config --local --name-only --get-regexp core\.sshCommand
2025-11-01T00:25:20.6332548Z [command]"C:\Program Files\Git\bin\git.exe" submodule foreach --recursive "sh -c \"git config --local --name-only --get-regexp 'core\.sshCommand' && git config --local --unset-all 'core.sshCommand' || :\""
2025-11-01T00:25:21.2139674Z [command]"C:\Program Files\Git\bin\git.exe" config --local --name-only --get-regexp http\.https\:\/\/github\.com\/\.extraheader
2025-11-01T00:25:21.2435933Z http.https://github.com/.extraheader
2025-11-01T00:25:21.2489156Z [command]"C:\Program Files\Git\bin\git.exe" config --local --unset-all http.https://github.com/.extraheader
2025-11-01T00:25:21.2837123Z [command]"C:\Program Files\Git\bin\git.exe" submodule foreach --recursive "sh -c \"git config --local --name-only --get-regexp 'http\.https\:\/\/github\.com\/\.extraheader' && git config --local --unset-all 'http.https://github.com/.extraheader' || :\""
2025-11-01T00:25:21.8866187Z Cleaning up orphan processes
