2025-11-01T00:57:40.6628075Z Current runner version: '2.329.0'
2025-11-01T00:57:40.6653814Z ##[group]Runner Image Provisioner
2025-11-01T00:57:40.6654899Z Hosted Compute Agent
2025-11-01T00:57:40.6655422Z Version: 20251016.436
2025-11-01T00:57:40.6656162Z Commit: 8ab8ac8bfd662a3739dab9fe09456aba92132568
2025-11-01T00:57:40.6656826Z Build Date: 2025-10-15T20:44:12Z
2025-11-01T00:57:40.6657372Z ##[endgroup]
2025-11-01T00:57:40.6657809Z ##[group]Operating System
2025-11-01T00:57:40.6658350Z Microsoft Windows Server 2025
2025-11-01T00:57:40.6658852Z 10.0.26100
2025-11-01T00:57:40.6659281Z Datacenter
2025-11-01T00:57:40.6659657Z ##[endgroup]
2025-11-01T00:57:40.6660172Z ##[group]Runner Image
2025-11-01T00:57:40.6660646Z Image: windows-2025
2025-11-01T00:57:40.6661054Z Version: 20251021.67.1
2025-11-01T00:57:40.6662054Z Included Software: https://github.com/actions/runner-images/blob/win25/20251021.67/images/windows/Windows2025-Readme.md
2025-11-01T00:57:40.6663769Z Image Release: https://github.com/actions/runner-images/releases/tag/win25%2F20251021.67
2025-11-01T00:57:40.6664670Z ##[endgroup]
2025-11-01T00:57:40.6665601Z ##[group]GITHUB_TOKEN Permissions
2025-11-01T00:57:40.6667386Z Contents: write
2025-11-01T00:57:40.6667922Z Metadata: read
2025-11-01T00:57:40.6668330Z ##[endgroup]
2025-11-01T00:57:40.6670525Z Secret source: Actions
2025-11-01T00:57:40.6671180Z Prepare workflow directory
2025-11-01T00:57:40.7011960Z Prepare all required actions
2025-11-01T00:57:40.7061929Z Getting action download info
2025-11-01T00:57:41.1119392Z Download action repository 'actions/checkout@v4' (SHA:08eba0b27e820071cde6df949e0beb9ba4906955)
2025-11-01T00:57:41.2459611Z Download action repository 'ilammy/msvc-dev-cmd@v1' (SHA:0b201ec74fa43914dc39ae48a89fd1d8cb592756)
2025-11-01T00:57:41.8302788Z Download action repository 'softprops/action-gh-release@v1' (SHA:de2c0eb89ae2a093876385947365aca7b0e5f844)
2025-11-01T00:57:42.4809509Z Complete job name: release
2025-11-01T00:57:42.6675224Z ##[group]Run actions/checkout@v4
2025-11-01T00:57:42.6677129Z with:
2025-11-01T00:57:42.6677807Z   fetch-depth: 0
2025-11-01T00:57:42.6678580Z   repository: fontlaborg/fontlift-win-cli
2025-11-01T00:57:42.6679848Z   token: ***
2025-11-01T00:57:42.6680513Z   ssh-strict: true
2025-11-01T00:57:42.6681208Z   ssh-user: git
2025-11-01T00:57:42.6681926Z   persist-credentials: true
2025-11-01T00:57:42.6682726Z   clean: true
2025-11-01T00:57:42.6683443Z   sparse-checkout-cone-mode: true
2025-11-01T00:57:42.6684339Z   fetch-tags: false
2025-11-01T00:57:42.6685074Z   show-progress: true
2025-11-01T00:57:42.6685804Z   lfs: false
2025-11-01T00:57:42.6686475Z   submodules: false
2025-11-01T00:57:42.6687222Z   set-safe-directory: true
2025-11-01T00:57:42.6688301Z ##[endgroup]
2025-11-01T00:57:42.8615155Z Syncing repository: fontlaborg/fontlift-win-cli
2025-11-01T00:57:42.8617674Z ##[group]Getting Git version info
2025-11-01T00:57:42.8618998Z Working directory is 'D:\a\fontlift-win-cli\fontlift-win-cli'
2025-11-01T00:57:42.9582730Z [command]"C:\Program Files\Git\bin\git.exe" version
2025-11-01T00:57:43.2108885Z git version 2.51.1.windows.1
2025-11-01T00:57:43.2164569Z ##[endgroup]
2025-11-01T00:57:43.2189719Z Temporarily overriding HOME='D:\a\_temp\c30954de-4f71-492d-a7ca-b0e3bfde93d1' before making global git config changes
2025-11-01T00:57:43.2192070Z Adding repository directory to the temporary git global config as a safe directory
2025-11-01T00:57:43.2201877Z [command]"C:\Program Files\Git\bin\git.exe" config --global --add safe.directory D:\a\fontlift-win-cli\fontlift-win-cli
2025-11-01T00:57:43.2501620Z Deleting the contents of 'D:\a\fontlift-win-cli\fontlift-win-cli'
2025-11-01T00:57:43.2508270Z ##[group]Initializing the repository
2025-11-01T00:57:43.2518151Z [command]"C:\Program Files\Git\bin\git.exe" init D:\a\fontlift-win-cli\fontlift-win-cli
2025-11-01T00:57:43.3264502Z Initialized empty Git repository in D:/a/fontlift-win-cli/fontlift-win-cli/.git/
2025-11-01T00:57:43.3314440Z [command]"C:\Program Files\Git\bin\git.exe" remote add origin https://github.com/fontlaborg/fontlift-win-cli
2025-11-01T00:57:43.3637878Z ##[endgroup]
2025-11-01T00:57:43.3639207Z ##[group]Disabling automatic garbage collection
2025-11-01T00:57:43.3647015Z [command]"C:\Program Files\Git\bin\git.exe" config --local gc.auto 0
2025-11-01T00:57:43.3963592Z ##[endgroup]
2025-11-01T00:57:43.3966759Z ##[group]Setting up auth
2025-11-01T00:57:43.3978704Z [command]"C:\Program Files\Git\bin\git.exe" config --local --name-only --get-regexp core\.sshCommand
2025-11-01T00:57:43.4340153Z [command]"C:\Program Files\Git\bin\git.exe" submodule foreach --recursive "sh -c \"git config --local --name-only --get-regexp 'core\.sshCommand' && git config --local --unset-all 'core.sshCommand' || :\""
2025-11-01T00:57:44.5030797Z [command]"C:\Program Files\Git\bin\git.exe" config --local --name-only --get-regexp http\.https\:\/\/github\.com\/\.extraheader
2025-11-01T00:57:44.5341538Z [command]"C:\Program Files\Git\bin\git.exe" submodule foreach --recursive "sh -c \"git config --local --name-only --get-regexp 'http\.https\:\/\/github\.com\/\.extraheader' && git config --local --unset-all 'http.https://github.com/.extraheader' || :\""
2025-11-01T00:57:45.1048758Z [command]"C:\Program Files\Git\bin\git.exe" config --local http.https://github.com/.extraheader "AUTHORIZATION: basic ***"
2025-11-01T00:57:45.1364000Z ##[endgroup]
2025-11-01T00:57:45.1364646Z ##[group]Fetching the repository
2025-11-01T00:57:45.1379735Z [command]"C:\Program Files\Git\bin\git.exe" -c protocol.version=2 fetch --prune --no-recurse-submodules origin +refs/heads/*:refs/remotes/origin/* +refs/tags/*:refs/tags/*
2025-11-01T00:57:46.2402807Z From https://github.com/fontlaborg/fontlift-win-cli
2025-11-01T00:57:46.2403847Z  * [new branch]      main       -> origin/main
2025-11-01T00:57:46.2404370Z  * [new tag]         v0.1.0     -> v0.1.0
2025-11-01T00:57:46.2404822Z  * [new tag]         v1.0.0     -> v1.0.0
2025-11-01T00:57:46.2408195Z  * [new tag]         v1.1.0     -> v1.1.0
2025-11-01T00:57:46.2408743Z  * [new tag]         v1.1.1     -> v1.1.1
2025-11-01T00:57:46.2409172Z  * [new tag]         v1.1.10    -> v1.1.10
2025-11-01T00:57:46.2409593Z  * [new tag]         v1.1.11    -> v1.1.11
2025-11-01T00:57:46.2409987Z  * [new tag]         v1.1.2     -> v1.1.2
2025-11-01T00:57:46.2410397Z  * [new tag]         v1.1.3     -> v1.1.3
2025-11-01T00:57:46.2410760Z  * [new tag]         v1.1.4     -> v1.1.4
2025-11-01T00:57:46.2411134Z  * [new tag]         v1.1.5     -> v1.1.5
2025-11-01T00:57:46.2411526Z  * [new tag]         v1.1.6     -> v1.1.6
2025-11-01T00:57:46.2411881Z  * [new tag]         v1.1.7     -> v1.1.7
2025-11-01T00:57:46.2412238Z  * [new tag]         v1.1.8     -> v1.1.8
2025-11-01T00:57:46.2412633Z  * [new tag]         v1.1.9     -> v1.1.9
2025-11-01T00:57:46.2659653Z [command]"C:\Program Files\Git\bin\git.exe" tag --list v1.1.11
2025-11-01T00:57:46.2930380Z v1.1.11
2025-11-01T00:57:46.2975047Z [command]"C:\Program Files\Git\bin\git.exe" rev-parse refs/tags/v1.1.11
2025-11-01T00:57:46.3240733Z 99feeeccf51975eda25e813db49ac40559c607f7
2025-11-01T00:57:46.3275166Z ##[endgroup]
2025-11-01T00:57:46.3275528Z ##[group]Determining the checkout info
2025-11-01T00:57:46.3277250Z ##[endgroup]
2025-11-01T00:57:46.3287903Z [command]"C:\Program Files\Git\bin\git.exe" sparse-checkout disable
2025-11-01T00:57:46.3626054Z [command]"C:\Program Files\Git\bin\git.exe" config --local --unset-all extensions.worktreeConfig
2025-11-01T00:57:46.3926601Z ##[group]Checking out the ref
2025-11-01T00:57:46.3937829Z [command]"C:\Program Files\Git\bin\git.exe" checkout --progress --force refs/tags/v1.1.11
2025-11-01T00:57:46.4464862Z Note: switching to 'refs/tags/v1.1.11'.
2025-11-01T00:57:46.4465603Z 
2025-11-01T00:57:46.4465968Z You are in 'detached HEAD' state. You can look around, make experimental
2025-11-01T00:57:46.4466712Z changes and commit them, and you can discard any commits you make in this
2025-11-01T00:57:46.4467877Z state without impacting any branches by switching back to a branch.
2025-11-01T00:57:46.4469413Z 
2025-11-01T00:57:46.4469698Z If you want to create a new branch to retain commits you create, you may
2025-11-01T00:57:46.4470311Z do so (now or later) by using -c with the switch command. Example:
2025-11-01T00:57:46.4470863Z 
2025-11-01T00:57:46.4471067Z   git switch -c <new-branch-name>
2025-11-01T00:57:46.4471394Z 
2025-11-01T00:57:46.4471536Z Or undo this operation with:
2025-11-01T00:57:46.4471766Z 
2025-11-01T00:57:46.4471881Z   git switch -
2025-11-01T00:57:46.4472028Z 
2025-11-01T00:57:46.4472309Z Turn off this advice by setting config variable advice.detachedHead to false
2025-11-01T00:57:46.4472800Z 
2025-11-01T00:57:46.4472932Z HEAD is now at 99feeec v1.1.11
2025-11-01T00:57:46.4504233Z ##[endgroup]
2025-11-01T00:57:46.4843402Z [command]"C:\Program Files\Git\bin\git.exe" log -1 --format=%H
2025-11-01T00:57:46.5124050Z 99feeeccf51975eda25e813db49ac40559c607f7
2025-11-01T00:57:46.5498614Z ##[group]Run ilammy/msvc-dev-cmd@v1
2025-11-01T00:57:46.5498943Z with:
2025-11-01T00:57:46.5499111Z   arch: x64
2025-11-01T00:57:46.5499281Z ##[endgroup]
2025-11-01T00:57:47.2254887Z Found with vswhere: C:\Program Files\Microsoft Visual Studio\2022\Enterprise\VC\Auxiliary\Build\vcvarsall.bat
2025-11-01T00:57:58.7861325Z ##[group]Environment variables
2025-11-01T00:57:58.7863760Z Setting CommandPromptType
2025-11-01T00:57:58.7876904Z Setting DevEnvDir
2025-11-01T00:57:58.7881566Z Setting ExtensionSdkDir
2025-11-01T00:57:58.7885692Z Setting EXTERNAL_INCLUDE
2025-11-01T00:57:58.7892052Z Setting Framework40Version
2025-11-01T00:57:58.7895610Z Setting FrameworkDir
2025-11-01T00:57:58.7898854Z Setting FrameworkDir64
2025-11-01T00:57:58.7903233Z Setting FrameworkVersion
2025-11-01T00:57:58.7906534Z Setting FrameworkVersion64
2025-11-01T00:57:58.7911080Z Setting FSHARPINSTALLDIR
2025-11-01T00:57:58.7914891Z Setting HTMLHelpDir
2025-11-01T00:57:58.7918062Z Setting IFCPATH
2025-11-01T00:57:58.7921947Z Setting INCLUDE
2025-11-01T00:57:58.7928581Z Setting is_x64_arch
2025-11-01T00:57:58.7932616Z Setting LIB
2025-11-01T00:57:58.7936096Z Setting LIBPATH
2025-11-01T00:57:58.7939914Z Setting NETFXSDKDir
2025-11-01T00:57:58.7949830Z Setting Path
2025-11-01T00:57:58.7953757Z Setting Platform
2025-11-01T00:57:58.7956896Z Setting UCRTVersion
2025-11-01T00:57:58.7959591Z Setting UniversalCRTSdkDir
2025-11-01T00:57:58.7962331Z Setting VCIDEInstallDir
2025-11-01T00:57:58.7965983Z Setting VCINSTALLDIR
2025-11-01T00:57:58.7968857Z Setting VCPKG_ROOT
2025-11-01T00:57:58.7971837Z Setting VCToolsInstallDir
2025-11-01T00:57:58.7974467Z Setting VCToolsRedistDir
2025-11-01T00:57:58.7976826Z Setting VCToolsVersion
2025-11-01T00:57:58.7980010Z Setting VisualStudioVersion
2025-11-01T00:57:58.7983266Z Setting VS170COMNTOOLS
2025-11-01T00:57:58.7986471Z Setting VSCMD_ARG_app_plat
2025-11-01T00:57:58.7989837Z Setting VSCMD_ARG_HOST_ARCH
2025-11-01T00:57:58.7993790Z Setting VSCMD_ARG_TGT_ARCH
2025-11-01T00:57:58.7997226Z Setting VSCMD_VER
2025-11-01T00:57:58.8000688Z Setting VSINSTALLDIR
2025-11-01T00:57:58.8003877Z Setting VSSDK150INSTALL
2025-11-01T00:57:58.8007257Z Setting VSSDKINSTALL
2025-11-01T00:57:58.8011455Z Setting WindowsLibPath
2025-11-01T00:57:58.8014671Z Setting WindowsSdkBinPath
2025-11-01T00:57:58.8017811Z Setting WindowsSdkDir
2025-11-01T00:57:58.8020793Z Setting WindowsSDKLibVersion
2025-11-01T00:57:58.8023598Z Setting WindowsSdkVerBinPath
2025-11-01T00:57:58.8026579Z Setting WindowsSDKVersion
2025-11-01T00:57:58.8029898Z Setting WindowsSDK_ExecutablePath_x64
2025-11-01T00:57:58.8032994Z Setting WindowsSDK_ExecutablePath_x86
2025-11-01T00:57:58.8035833Z Setting __DOTNET_ADD_64BIT
2025-11-01T00:57:58.8038905Z Setting __DOTNET_PREFERRED_BITNESS
2025-11-01T00:57:58.8041997Z Setting __VSCMD_PREINIT_PATH
2025-11-01T00:57:58.8046263Z ##[endgroup]
2025-11-01T00:57:58.8046576Z Configured Developer Command Prompt
2025-11-01T00:57:58.8274761Z ##[group]Run $ref = $env:GITHUB_REF_NAME
2025-11-01T00:57:58.8275136Z [36;1m$ref = $env:GITHUB_REF_NAME[0m
2025-11-01T00:57:58.8275609Z [36;1mif ($ref.StartsWith('v')) {[0m
2025-11-01T00:57:58.8275839Z [36;1m  $ref = $ref.Substring(1)[0m
2025-11-01T00:57:58.8276041Z [36;1m}[0m
2025-11-01T00:57:58.8276345Z [36;1m$json = & scripts/get-version.ps1 -TargetVersion $ref -Format Json[0m
2025-11-01T00:57:58.8276682Z [36;1m$info = $json | ConvertFrom-Json[0m
2025-11-01T00:57:58.8277067Z [36;1m"VERSION_BASE=$($info.base)" | Out-File -FilePath $env:GITHUB_ENV -Append -Encoding utf8[0m
2025-11-01T00:57:58.8277585Z [36;1m"VERSION_SEMVER=$($info.semver)" | Out-File -FilePath $env:GITHUB_ENV -Append -Encoding utf8[0m
2025-11-01T00:57:58.8278086Z [36;1m"VERSION_TAG=$($info.tag)" | Out-File -FilePath $env:GITHUB_ENV -Append -Encoding utf8[0m
2025-11-01T00:57:58.8278476Z [36;1mWrite-Host "Building release for $($info.semver)"[0m
2025-11-01T00:57:58.8342058Z shell: C:\Program Files\PowerShell\7\pwsh.EXE -command ". '{0}'"
2025-11-01T00:57:58.8342372Z env:
2025-11-01T00:57:58.8342529Z   CommandPromptType: Native
2025-11-01T00:57:58.8342863Z   DevEnvDir: C:\Program Files\Microsoft Visual Studio\2022\Enterprise\Common7\IDE\
2025-11-01T00:57:58.8343371Z   ExtensionSdkDir: C:\Program Files (x86)\Microsoft SDKs\Windows Kits\10\ExtensionSDKs
2025-11-01T00:57:58.8345364Z   EXTERNAL_INCLUDE: C:\Program Files\Microsoft Visual Studio\2022\Enterprise\VC\Tools\MSVC\14.44.35207\include;C:\Program Files\Microsoft Visual Studio\2022\Enterprise\VC\Tools\MSVC\14.44.35207\ATLMFC\include;C:\Program Files\Microsoft Visual Studio\2022\Enterprise\VC\Auxiliary\VS\include;C:\Program Files (x86)\Windows Kits\10\include\10.0.26100.0\ucrt;C:\Program Files (x86)\Windows Kits\10\\include\10.0.26100.0\\um;C:\Program Files (x86)\Windows Kits\10\\include\10.0.26100.0\\shared;C:\Program Files (x86)\Windows Kits\10\\include\10.0.26100.0\\winrt;C:\Program Files (x86)\Windows Kits\10\\include\10.0.26100.0\\cppwinrt;C:\Program Files (x86)\Windows Kits\NETFXSDK\4.8\include\um
2025-11-01T00:57:58.8347717Z   Framework40Version: v4.0
2025-11-01T00:57:58.8347961Z   FrameworkDir: C:\Windows\Microsoft.NET\Framework64\
2025-11-01T00:57:58.8348270Z   FrameworkDir64: C:\Windows\Microsoft.NET\Framework64\
2025-11-01T00:57:58.8348530Z   FrameworkVersion: v4.0.30319
2025-11-01T00:57:58.8348724Z   FrameworkVersion64: v4.0.30319
2025-11-01T00:57:58.8349186Z   FSHARPINSTALLDIR: C:\Program Files\Microsoft Visual Studio\2022\Enterprise\Common7\IDE\CommonExtensions\Microsoft\FSharp\Tools
2025-11-01T00:57:58.8349713Z   HTMLHelpDir: C:\Program Files (x86)\HTML Help Workshop
2025-11-01T00:57:58.8350145Z   IFCPATH: C:\Program Files\Microsoft Visual Studio\2022\Enterprise\VC\Tools\MSVC\14.44.35207\ifc\x64
2025-11-01T00:57:58.8352163Z   INCLUDE: C:\Program Files\Microsoft Visual Studio\2022\Enterprise\VC\Tools\MSVC\14.44.35207\include;C:\Program Files\Microsoft Visual Studio\2022\Enterprise\VC\Tools\MSVC\14.44.35207\ATLMFC\include;C:\Program Files\Microsoft Visual Studio\2022\Enterprise\VC\Auxiliary\VS\include;C:\Program Files (x86)\Windows Kits\10\include\10.0.26100.0\ucrt;C:\Program Files (x86)\Windows Kits\10\\include\10.0.26100.0\\um;C:\Program Files (x86)\Windows Kits\10\\include\10.0.26100.0\\shared;C:\Program Files (x86)\Windows Kits\10\\include\10.0.26100.0\\winrt;C:\Program Files (x86)\Windows Kits\10\\include\10.0.26100.0\\cppwinrt;C:\Program Files (x86)\Windows Kits\NETFXSDK\4.8\include\um
2025-11-01T00:57:58.8353990Z   is_x64_arch: true
2025-11-01T00:57:58.8354999Z   LIB: C:\Program Files\Microsoft Visual Studio\2022\Enterprise\VC\Tools\MSVC\14.44.35207\ATLMFC\lib\x64;C:\Program Files\Microsoft Visual Studio\2022\Enterprise\VC\Tools\MSVC\14.44.35207\lib\x64;C:\Program Files (x86)\Windows Kits\NETFXSDK\4.8\lib\um\x64;C:\Program Files (x86)\Windows Kits\10\lib\10.0.26100.0\ucrt\x64;C:\Program Files (x86)\Windows Kits\10\\lib\10.0.26100.0\\um\x64
2025-11-01T00:57:58.8358953Z   LIBPATH: C:\Program Files\Microsoft Visual Studio\2022\Enterprise\VC\Tools\MSVC\14.44.35207\ATLMFC\lib\x64;C:\Program Files\Microsoft Visual Studio\2022\Enterprise\VC\Tools\MSVC\14.44.35207\lib\x64;C:\Program Files\Microsoft Visual Studio\2022\Enterprise\VC\Tools\MSVC\14.44.35207\lib\x86\store\references;C:\Program Files (x86)\Windows Kits\10\UnionMetadata\10.0.26100.0;C:\Program Files (x86)\Windows Kits\10\References\10.0.26100.0;C:\Windows\Microsoft.NET\Framework64\v4.0.30319
2025-11-01T00:57:58.8360632Z   NETFXSDKDir: C:\Program Files (x86)\Windows Kits\NETFXSDK\4.8\
2025-11-01T00:57:58.8374101Z   Path: C:\Program Files\Microsoft Visual Studio\2022\Enterprise\VC\Tools\MSVC\14.44.35207\bin\HostX64\x64;C:\Program Files\Microsoft Visual Studio\2022\Enterprise\Common7\IDE\VC\VCPackages;C:\Program Files\Microsoft Visual Studio\2022\Enterprise\Common7\IDE\CommonExtensions\Microsoft\TestWindow;C:\Program Files\Microsoft Visual Studio\2022\Enterprise\Common7\IDE\CommonExtensions\Microsoft\TeamFoundation\Team Explorer;C:\Program Files\Microsoft Visual Studio\2022\Enterprise\MSBuild\Current\bin\Roslyn;C:\Program Files (x86)\Microsoft SDKs\Windows\v10.0A\bin\NETFX 4.8 Tools\x64\;C:\Program Files (x86)\HTML Help Workshop;C:\Program Files\Microsoft Visual Studio\2022\Enterprise\Common7\IDE\CommonExtensions\Microsoft\FSharp\Tools;C:\Program Files\Microsoft Visual Studio\2022\Enterprise\Team Tools\DiagnosticsHub\Collector;C:\Program Files\Microsoft Visual Studio\2022\Enterprise\Common7\IDE\Extensions\Microsoft\CodeCoverage.Console;C:\Program Files\Microsoft Visual Studio\2022\Enterprise\VC\Tools\Llvm\x64\bin;C:\Program Files (x86)\Windows Kits\10\bin\10.0.26100.0\\x64;C:\Program Files (x86)\Windows Kits\10\bin\\x64;C:\Program Files\Microsoft Visual Studio\2022\Enterprise\\MSBuild\Current\Bin\amd64;C:\Windows\Microsoft.NET\Framework64\v4.0.30319;C:\Program Files\Microsoft Visual Studio\2022\Enterprise\Common7\IDE\;C:\Program Files\Microsoft Visual Studio\2022\Enterprise\Common7\Tools\;C:\Program Files\MongoDB\Server\7.0\bin;C:\vcpkg;C:\tools\zstd;C:\hostedtoolcache\windows\stack\3.7.1\x64;C:\cabal\bin;C:\\ghcup\bin;C:\mingw64\bin;C:\Program Files\dotnet;C:\Program Files\MySQL\MySQL Server 8.0\bin;C:\Program Files\R\R-4.5.1\bin\x64;C:\SeleniumWebDrivers\GeckoDriver;C:\SeleniumWebDrivers\EdgeDriver\;C:\SeleniumWebDrivers\ChromeDriver;C:\Program Files (x86)\sbt\bin;C:\Program Files (x86)\GitHub CLI;C:\Program Files\Git\bin;C:\Program Files (x86)\pipx_bin;C:\npm\prefix;C:\hostedtoolcache\windows\go\1.24.9\x64\bin;C:\hostedtoolcache\windows\Python\3.9.13\x64\Scripts;C:\hostedtoolcache\windows\Python\3.9.13\x64;C:\hostedtoolcache\windows\Ruby\3.3.9\x64\bin;C:\Program Files\OpenSSL\bin;C:\tools\kotlinc\bin;C:\hostedtoolcache\windows\Java_Temurin-Hotspot_jdk\17.0.16-8\x64\bin;C:\Program Files\ImageMagick-7.1.2-Q16-HDRI;C:\Program Files\Microsoft SDKs\Azure\CLI2\wbin;C:\ProgramData\kind;C:\ProgramData\Chocolatey\bin;C:\Windows\system32;C:\Windows;C:\Windows\System32\Wbem;C:\Windows\System32\WindowsPowerShell\v1.0\;C:\Windows\System32\OpenSSH\;C:\Program Files\PowerShell\7\;C:\Program Files\Microsoft\Web Platform Installer\;C:\Program Files\Microsoft SQL Server\Client SDK\ODBC\170\Tools\Binn\;C:\Program Files\Microsoft SQL Server\150\Tools\Binn\;C:\Program Files\dotnet\;C:\Program Files (x86)\Windows Kits\10\Windows Performance Toolkit\;C:\Program Files (x86)\WiX Toolset v3.14\bin;C:\Program Files\Microsoft SQL Server\130\DTS\Binn\;C:\Program Files\Microsoft SQL Server\140\DTS\Binn\;C:\Program Files\Microsoft SQL Server\150\DTS\Binn\;C:\Program Files\Microsoft SQL Server\160\DTS\Binn\;C:\Program Files\Microsoft SQL Server\170\DTS\Binn\;C:\ProgramData\chocolatey\lib\pulumi\tools\Pulumi\bin;C:\Program Files\CMake\bin;C:\Strawberry\c\bin;C:\Strawberry\perl\site\bin;C:\Strawberry\perl\bin;C:\ProgramData\chocolatey\lib\maven\apache-maven-3.9.11\bin;C:\Program Files\Microsoft Service Fabric\bin\Fabric\Fabric.Code;C:\Program Files\Microsoft SDKs\Service Fabric\Tools\ServiceFabricLocalClusterManager;C:\Program Files\nodejs\;C:\Program Files\Git\cmd;C:\Program Files\Git\mingw64\bin;C:\Program Files\Git\usr\bin;C:\Program Files\GitHub CLI\;c:\tools\php;C:\Program Files\Amazon\AWSCLIV2\;C:\Program Files\Amazon\SessionManagerPlugin\bin\;C:\Program Files\Amazon\AWSSAMCLI\bin\;C:\Program Files\Microsoft SQL Server\130\Tools\Binn\;C:\Program Files\mongosh\;C:\Program Files\LLVM\bin;C:\Program Files (x86)\LLVM\bin;C:\Users\runneradmin\.dotnet\tools;C:\Users\runneradmin\.cargo\bin;C:\Users\runneradmin\AppData\Local\Microsoft\WindowsApps;C:\Program Files (x86)\Microsoft Visual Studio\Installer;C:\Program Files\Microsoft Visual Studio\2022\Enterprise\Common7\IDE\CommonExtensions\Microsoft\CMake\CMake\bin;C:\Program Files\Microsoft Visual Studio\2022\Enterprise\Common7\IDE\CommonExtensions\Microsoft\CMake\Ninja;C:\Program Files\Microsoft Visual Studio\2022\Enterprise\Common7\IDE\VC\Linux\bin\ConnectionManagerExe;C:\Program Files\Microsoft Visual Studio\2022\Enterprise\VC\vcpkg
2025-11-01T00:57:58.8387166Z   Platform: x64
2025-11-01T00:57:58.8387638Z   UCRTVersion: 10.0.26100.0
2025-11-01T00:57:58.8387933Z   UniversalCRTSdkDir: C:\Program Files (x86)\Windows Kits\10\
2025-11-01T00:57:58.8388359Z   VCIDEInstallDir: C:\Program Files\Microsoft Visual Studio\2022\Enterprise\Common7\IDE\VC\
2025-11-01T00:57:58.8388824Z   VCINSTALLDIR: C:\Program Files\Microsoft Visual Studio\2022\Enterprise\VC\
2025-11-01T00:57:58.8389239Z   VCPKG_ROOT: C:\Program Files\Microsoft Visual Studio\2022\Enterprise\VC\vcpkg
2025-11-01T00:57:58.8389737Z   VCToolsInstallDir: C:\Program Files\Microsoft Visual Studio\2022\Enterprise\VC\Tools\MSVC\14.44.35207\
2025-11-01T00:57:58.8390317Z   VCToolsRedistDir: C:\Program Files\Microsoft Visual Studio\2022\Enterprise\VC\Redist\MSVC\14.44.35112\
2025-11-01T00:57:58.8390705Z   VCToolsVersion: 14.44.35207
2025-11-01T00:57:58.8390897Z   VisualStudioVersion: 17.0
2025-11-01T00:57:58.8391225Z   VS170COMNTOOLS: C:\Program Files\Microsoft Visual Studio\2022\Enterprise\Common7\Tools\
2025-11-01T00:57:58.8391575Z   VSCMD_ARG_app_plat: Desktop
2025-11-01T00:57:58.8391767Z   VSCMD_ARG_HOST_ARCH: x64
2025-11-01T00:57:58.8391937Z   VSCMD_ARG_TGT_ARCH: x64
2025-11-01T00:57:58.8392103Z   VSCMD_VER: 17.14.18
2025-11-01T00:57:58.8392356Z   VSINSTALLDIR: C:\Program Files\Microsoft Visual Studio\2022\Enterprise\
2025-11-01T00:57:58.8392776Z   VSSDK150INSTALL: C:\Program Files\Microsoft Visual Studio\2022\Enterprise\VSSDK
2025-11-01T00:57:58.8393199Z   VSSDKINSTALL: C:\Program Files\Microsoft Visual Studio\2022\Enterprise\VSSDK
2025-11-01T00:57:58.8393783Z   WindowsLibPath: C:\Program Files (x86)\Windows Kits\10\UnionMetadata\10.0.26100.0;C:\Program Files (x86)\Windows Kits\10\References\10.0.26100.0
2025-11-01T00:57:58.8394340Z   WindowsSdkBinPath: C:\Program Files (x86)\Windows Kits\10\bin\
2025-11-01T00:57:58.8394665Z   WindowsSdkDir: C:\Program Files (x86)\Windows Kits\10\
2025-11-01T00:57:58.8394926Z   WindowsSDKLibVersion: 10.0.26100.0\
2025-11-01T00:57:58.8395242Z   WindowsSdkVerBinPath: C:\Program Files (x86)\Windows Kits\10\bin\10.0.26100.0\
2025-11-01T00:57:58.8395567Z   WindowsSDKVersion: 10.0.26100.0\
2025-11-01T00:57:58.8395962Z   WindowsSDK_ExecutablePath_x64: C:\Program Files (x86)\Microsoft SDKs\Windows\v10.0A\bin\NETFX 4.8 Tools\x64\
2025-11-01T00:57:58.8396538Z   WindowsSDK_ExecutablePath_x86: C:\Program Files (x86)\Microsoft SDKs\Windows\v10.0A\bin\NETFX 4.8 Tools\
2025-11-01T00:57:58.8396926Z   __DOTNET_ADD_64BIT: 1
2025-11-01T00:57:58.8397105Z   __DOTNET_PREFERRED_BITNESS: 64
2025-11-01T00:57:58.8404642Z   __VSCMD_PREINIT_PATH: C:\Program Files\MongoDB\Server\7.0\bin;C:\vcpkg;C:\tools\zstd;C:\hostedtoolcache\windows\stack\3.7.1\x64;C:\cabal\bin;C:\\ghcup\bin;C:\mingw64\bin;C:\Program Files\dotnet;C:\Program Files\MySQL\MySQL Server 8.0\bin;C:\Program Files\R\R-4.5.1\bin\x64;C:\SeleniumWebDrivers\GeckoDriver;C:\SeleniumWebDrivers\EdgeDriver\;C:\SeleniumWebDrivers\ChromeDriver;C:\Program Files (x86)\sbt\bin;C:\Program Files (x86)\GitHub CLI;C:\Program Files\Git\bin;C:\Program Files (x86)\pipx_bin;C:\npm\prefix;C:\hostedtoolcache\windows\go\1.24.9\x64\bin;C:\hostedtoolcache\windows\Python\3.9.13\x64\Scripts;C:\hostedtoolcache\windows\Python\3.9.13\x64;C:\hostedtoolcache\windows\Ruby\3.3.9\x64\bin;C:\Program Files\OpenSSL\bin;C:\tools\kotlinc\bin;C:\hostedtoolcache\windows\Java_Temurin-Hotspot_jdk\17.0.16-8\x64\bin;C:\Program Files\ImageMagick-7.1.2-Q16-HDRI;C:\Program Files\Microsoft SDKs\Azure\CLI2\wbin;C:\ProgramData\kind;C:\ProgramData\Chocolatey\bin;C:\Windows\system32;C:\Windows;C:\Windows\System32\Wbem;C:\Windows\System32\WindowsPowerShell\v1.0\;C:\Windows\System32\OpenSSH\;C:\Program Files\PowerShell\7\;C:\Program Files\Microsoft\Web Platform Installer\;C:\Program Files\Microsoft SQL Server\Client SDK\ODBC\170\Tools\Binn\;C:\Program Files\Microsoft SQL Server\150\Tools\Binn\;C:\Program Files\dotnet\;C:\Program Files (x86)\Windows Kits\10\Windows Performance Toolkit\;C:\Program Files (x86)\WiX Toolset v3.14\bin;C:\Program Files\Microsoft SQL Server\130\DTS\Binn\;C:\Program Files\Microsoft SQL Server\140\DTS\Binn\;C:\Program Files\Microsoft SQL Server\150\DTS\Binn\;C:\Program Files\Microsoft SQL Server\160\DTS\Binn\;C:\Program Files\Microsoft SQL Server\170\DTS\Binn\;C:\ProgramData\chocolatey\lib\pulumi\tools\Pulumi\bin;C:\Program Files\CMake\bin;C:\Strawberry\c\bin;C:\Strawberry\perl\site\bin;C:\Strawberry\perl\bin;C:\ProgramData\chocolatey\lib\maven\apache-maven-3.9.11\bin;C:\Program Files\Microsoft Service Fabric\bin\Fabric\Fabric.Code;C:\Program Files\Microsoft SDKs\Service Fabric\Tools\ServiceFabricLocalClusterManager;C:\Program Files\nodejs\;C:\Program Files\Git\cmd;C:\Program Files\Git\mingw64\bin;C:\Program Files\Git\usr\bin;C:\Program Files\GitHub CLI\;c:\tools\php;C:\Program Files (x86)\sbt\bin;C:\Program Files\Amazon\AWSCLIV2\;C:\Program Files\Amazon\SessionManagerPlugin\bin\;C:\Program Files\Amazon\AWSSAMCLI\bin\;C:\Program Files\Microsoft SQL Server\130\Tools\Binn\;C:\Program Files\mongosh\;C:\Program Files\LLVM\bin;C:\Program Files (x86)\LLVM\bin;C:\Users\runneradmin\.dotnet\tools;C:\Users\runneradmin\.cargo\bin;C:\Users\runneradmin\AppData\Local\Microsoft\WindowsApps;C:\Program Files (x86)\Microsoft Visual Studio\Installer
2025-11-01T00:57:58.8412629Z ##[endgroup]
2025-11-01T00:57:59.6981508Z [31;1mOperationStopped: [0mD:\a\fontlift-win-cli\fontlift-win-cli\scripts\get-version.ps1:35[0m
2025-11-01T00:57:59.6983209Z [31;1m[0m[36;1mLine |[0m
2025-11-01T00:57:59.6989629Z [31;1m[0m[36;1m[36;1m  35 | [0m         [36;1mthrow [ArgumentException]::new("Version string cannot be empt[0m …[0m
2025-11-01T00:57:59.6990322Z [31;1m[0m[36;1m[36;1m[0m[36;1m[0m[36;1m     | [31;1m         ~~~~~~~~~~~~~~~~~~~~~~~~~~~~~~~~~~~~~~~~~~~~~~~~~~~~~~~~~~~~~[0m
2025-11-01T00:57:59.6990906Z [31;1m[0m[36;1m[36;1m[0m[36;1m[0m[36;1m[31;1m[31;1m[36;1m     | [31;1mVersion string cannot be empty.[0m
2025-11-01T00:57:59.7468072Z ##[error]Process completed with exit code 1.
2025-11-01T00:57:59.7742721Z Post job cleanup.
2025-11-01T00:58:00.0700332Z [command]"C:\Program Files\Git\bin\git.exe" version
2025-11-01T00:58:00.1023083Z git version 2.51.1.windows.1
2025-11-01T00:58:00.1115855Z Temporarily overriding HOME='D:\a\_temp\40e6b7d6-05c0-47ce-81e9-5738ce826507' before making global git config changes
2025-11-01T00:58:00.1116964Z Adding repository directory to the temporary git global config as a safe directory
2025-11-01T00:58:00.1129356Z [command]"C:\Program Files\Git\bin\git.exe" config --global --add safe.directory D:\a\fontlift-win-cli\fontlift-win-cli
2025-11-01T00:58:00.1553052Z [command]"C:\Program Files\Git\bin\git.exe" config --local --name-only --get-regexp core\.sshCommand
2025-11-01T00:58:00.1872336Z [command]"C:\Program Files\Git\bin\git.exe" submodule foreach --recursive "sh -c \"git config --local --name-only --get-regexp 'core\.sshCommand' && git config --local --unset-all 'core.sshCommand' || :\""
2025-11-01T00:58:00.7384908Z [command]"C:\Program Files\Git\bin\git.exe" config --local --name-only --get-regexp http\.https\:\/\/github\.com\/\.extraheader
2025-11-01T00:58:00.7658626Z http.https://github.com/.extraheader
2025-11-01T00:58:00.7706129Z [command]"C:\Program Files\Git\bin\git.exe" config --local --unset-all http.https://github.com/.extraheader
2025-11-01T00:58:00.8026863Z [command]"C:\Program Files\Git\bin\git.exe" submodule foreach --recursive "sh -c \"git config --local --name-only --get-regexp 'http\.https\:\/\/github\.com\/\.extraheader' && git config --local --unset-all 'http.https://github.com/.extraheader' || :\""
2025-11-01T00:58:01.3787653Z Cleaning up orphan processes
