2025-11-01T01:14:10.8371576Z Current runner version: '2.329.0'
2025-11-01T01:14:10.8399827Z ##[group]Runner Image Provisioner
2025-11-01T01:14:10.8400893Z Hosted Compute Agent
2025-11-01T01:14:10.8401454Z Version: 20251016.436
2025-11-01T01:14:10.8402034Z Commit: 8ab8ac8bfd662a3739dab9fe09456aba92132568
2025-11-01T01:14:10.8402695Z Build Date: 2025-10-15T20:44:12Z
2025-11-01T01:14:10.8403211Z ##[endgroup]
2025-11-01T01:14:10.8403684Z ##[group]Operating System
2025-11-01T01:14:10.8404484Z Microsoft Windows Server 2025
2025-11-01T01:14:10.8405074Z 10.0.26100
2025-11-01T01:14:10.8405483Z Datacenter
2025-11-01T01:14:10.8405941Z ##[endgroup]
2025-11-01T01:14:10.8406392Z ##[group]Runner Image
2025-11-01T01:14:10.8406878Z Image: windows-2025
2025-11-01T01:14:10.8407341Z Version: 20251021.67.1
2025-11-01T01:14:10.8408304Z Included Software: https://github.com/actions/runner-images/blob/win25/20251021.67/images/windows/Windows2025-Readme.md
2025-11-01T01:14:10.8410004Z Image Release: https://github.com/actions/runner-images/releases/tag/win25%2F20251021.67
2025-11-01T01:14:10.8410958Z ##[endgroup]
2025-11-01T01:14:10.8413406Z ##[group]GITHUB_TOKEN Permissions
2025-11-01T01:14:10.8415467Z Actions: write
2025-11-01T01:14:10.8415986Z Attestations: write
2025-11-01T01:14:10.8416463Z Checks: write
2025-11-01T01:14:10.8416947Z Contents: write
2025-11-01T01:14:10.8417478Z Deployments: write
2025-11-01T01:14:10.8418177Z Discussions: write
2025-11-01T01:14:10.8418620Z Issues: write
2025-11-01T01:14:10.8419097Z Metadata: read
2025-11-01T01:14:10.8419501Z Models: read
2025-11-01T01:14:10.8419927Z Packages: write
2025-11-01T01:14:10.8420353Z Pages: write
2025-11-01T01:14:10.8420800Z PullRequests: write
2025-11-01T01:14:10.8421232Z RepositoryProjects: write
2025-11-01T01:14:10.8421757Z SecurityEvents: write
2025-11-01T01:14:10.8422305Z Statuses: write
2025-11-01T01:14:10.8423026Z ##[endgroup]
2025-11-01T01:14:10.8425846Z Secret source: Actions
2025-11-01T01:14:10.8426554Z Prepare workflow directory
2025-11-01T01:14:10.8814606Z Prepare all required actions
2025-11-01T01:14:10.8871469Z Getting action download info
2025-11-01T01:14:11.3758183Z Download action repository 'actions/checkout@v4' (SHA:08eba0b27e820071cde6df949e0beb9ba4906955)
2025-11-01T01:14:11.5963595Z Download action repository 'ilammy/msvc-dev-cmd@v1' (SHA:0b201ec74fa43914dc39ae48a89fd1d8cb592756)
2025-11-01T01:14:12.1760022Z Download action repository 'actions/upload-artifact@v4' (SHA:ea165f8d65b6e75b540449e92b4886f43607fa02)
2025-11-01T01:14:12.6538777Z Complete job name: build
2025-11-01T01:14:13.0514598Z ##[group]Run actions/checkout@v4
2025-11-01T01:14:13.0516099Z with:
2025-11-01T01:14:13.0516767Z   fetch-depth: 0
2025-11-01T01:14:13.0517547Z   repository: fontlaborg/fontlift-win-cli
2025-11-01T01:14:13.0518871Z   token: ***
2025-11-01T01:14:13.0519533Z   ssh-strict: true
2025-11-01T01:14:13.0520472Z   ssh-user: git
2025-11-01T01:14:13.0521200Z   persist-credentials: true
2025-11-01T01:14:13.0522001Z   clean: true
2025-11-01T01:14:13.0522716Z   sparse-checkout-cone-mode: true
2025-11-01T01:14:13.0523631Z   fetch-tags: false
2025-11-01T01:14:13.0524362Z   show-progress: true
2025-11-01T01:14:13.0525084Z   lfs: false
2025-11-01T01:14:13.0525755Z   submodules: false
2025-11-01T01:14:13.0526475Z   set-safe-directory: true
2025-11-01T01:14:13.0527498Z ##[endgroup]
2025-11-01T01:14:13.3259028Z Syncing repository: fontlaborg/fontlift-win-cli
2025-11-01T01:14:13.3262100Z ##[group]Getting Git version info
2025-11-01T01:14:13.3263666Z Working directory is 'D:\a\fontlift-win-cli\fontlift-win-cli'
2025-11-01T01:14:13.5393227Z [command]"C:\Program Files\Git\bin\git.exe" version
2025-11-01T01:14:15.5392334Z git version 2.51.1.windows.1
2025-11-01T01:14:15.5446145Z ##[endgroup]
2025-11-01T01:14:15.5468049Z Temporarily overriding HOME='D:\a\_temp\720374f0-7fa0-4155-8f45-1fea5946a1a4' before making global git config changes
2025-11-01T01:14:15.5469598Z Adding repository directory to the temporary git global config as a safe directory
2025-11-01T01:14:15.5481849Z [command]"C:\Program Files\Git\bin\git.exe" config --global --add safe.directory D:\a\fontlift-win-cli\fontlift-win-cli
2025-11-01T01:14:15.7182213Z Deleting the contents of 'D:\a\fontlift-win-cli\fontlift-win-cli'
2025-11-01T01:14:15.7189763Z ##[group]Initializing the repository
2025-11-01T01:14:15.7199818Z [command]"C:\Program Files\Git\bin\git.exe" init D:\a\fontlift-win-cli\fontlift-win-cli
2025-11-01T01:14:16.1691162Z Initialized empty Git repository in D:/a/fontlift-win-cli/fontlift-win-cli/.git/
2025-11-01T01:14:16.1760604Z [command]"C:\Program Files\Git\bin\git.exe" remote add origin https://github.com/fontlaborg/fontlift-win-cli
2025-11-01T01:14:16.3341371Z ##[endgroup]
2025-11-01T01:14:16.3341833Z ##[group]Disabling automatic garbage collection
2025-11-01T01:14:16.3351464Z [command]"C:\Program Files\Git\bin\git.exe" config --local gc.auto 0
2025-11-01T01:14:16.3652388Z ##[endgroup]
2025-11-01T01:14:16.3652996Z ##[group]Setting up auth
2025-11-01T01:14:16.3667049Z [command]"C:\Program Files\Git\bin\git.exe" config --local --name-only --get-regexp core\.sshCommand
2025-11-01T01:14:16.3979002Z [command]"C:\Program Files\Git\bin\git.exe" submodule foreach --recursive "sh -c \"git config --local --name-only --get-regexp 'core\.sshCommand' && git config --local --unset-all 'core.sshCommand' || :\""
2025-11-01T01:14:22.0821953Z [command]"C:\Program Files\Git\bin\git.exe" config --local --name-only --get-regexp http\.https\:\/\/github\.com\/\.extraheader
2025-11-01T01:14:22.1156112Z [command]"C:\Program Files\Git\bin\git.exe" submodule foreach --recursive "sh -c \"git config --local --name-only --get-regexp 'http\.https\:\/\/github\.com\/\.extraheader' && git config --local --unset-all 'http.https://github.com/.extraheader' || :\""
2025-11-01T01:14:22.6667720Z [command]"C:\Program Files\Git\bin\git.exe" config --local http.https://github.com/.extraheader "AUTHORIZATION: basic ***"
2025-11-01T01:14:22.6992935Z ##[endgroup]
2025-11-01T01:14:22.6993539Z ##[group]Fetching the repository
2025-11-01T01:14:22.7008452Z [command]"C:\Program Files\Git\bin\git.exe" -c protocol.version=2 fetch --prune --no-recurse-submodules origin +refs/heads/*:refs/remotes/origin/* +refs/tags/*:refs/tags/*
2025-11-01T01:14:26.5762347Z From https://github.com/fontlaborg/fontlift-win-cli
2025-11-01T01:14:26.5763239Z  * [new branch]      main       -> origin/main
2025-11-01T01:14:26.5763677Z  * [new tag]         v0.1.0     -> v0.1.0
2025-11-01T01:14:26.5764428Z  * [new tag]         v1.0.0     -> v1.0.0
2025-11-01T01:14:26.5767763Z  * [new tag]         v1.1.0     -> v1.1.0
2025-11-01T01:14:26.5768144Z  * [new tag]         v1.1.1     -> v1.1.1
2025-11-01T01:14:26.5768414Z  * [new tag]         v1.1.10    -> v1.1.10
2025-11-01T01:14:26.5768684Z  * [new tag]         v1.1.11    -> v1.1.11
2025-11-01T01:14:26.5768914Z  * [new tag]         v1.1.12    -> v1.1.12
2025-11-01T01:14:26.5769139Z  * [new tag]         v1.1.13    -> v1.1.13
2025-11-01T01:14:26.5769356Z  * [new tag]         v1.1.14    -> v1.1.14
2025-11-01T01:14:26.5769584Z  * [new tag]         v1.1.15    -> v1.1.15
2025-11-01T01:14:26.5769792Z  * [new tag]         v1.1.16    -> v1.1.16
2025-11-01T01:14:26.5770073Z  * [new tag]         v1.1.2     -> v1.1.2
2025-11-01T01:14:26.5770313Z  * [new tag]         v1.1.3     -> v1.1.3
2025-11-01T01:14:26.5770588Z  * [new tag]         v1.1.4     -> v1.1.4
2025-11-01T01:14:26.5770804Z  * [new tag]         v1.1.5     -> v1.1.5
2025-11-01T01:14:26.5771015Z  * [new tag]         v1.1.6     -> v1.1.6
2025-11-01T01:14:26.5771231Z  * [new tag]         v1.1.7     -> v1.1.7
2025-11-01T01:14:26.5771437Z  * [new tag]         v1.1.8     -> v1.1.8
2025-11-01T01:14:26.5771672Z  * [new tag]         v1.1.9     -> v1.1.9
2025-11-01T01:14:26.6565942Z [command]"C:\Program Files\Git\bin\git.exe" branch --list --remote origin/main
2025-11-01T01:14:26.7049164Z   origin/main
2025-11-01T01:14:26.7097134Z [command]"C:\Program Files\Git\bin\git.exe" rev-parse refs/remotes/origin/main
2025-11-01T01:14:26.7535655Z a15ce75e475728df2ea5ecb31cf7547ae772bf7d
2025-11-01T01:14:26.7577034Z ##[endgroup]
2025-11-01T01:14:26.7577541Z ##[group]Determining the checkout info
2025-11-01T01:14:26.7579645Z ##[endgroup]
2025-11-01T01:14:26.7591611Z [command]"C:\Program Files\Git\bin\git.exe" sparse-checkout disable
2025-11-01T01:14:26.8576741Z [command]"C:\Program Files\Git\bin\git.exe" config --local --unset-all extensions.worktreeConfig
2025-11-01T01:14:26.8896616Z ##[group]Checking out the ref
2025-11-01T01:14:26.8915786Z [command]"C:\Program Files\Git\bin\git.exe" checkout --progress --force -B main refs/remotes/origin/main
2025-11-01T01:14:27.1073733Z branch 'main' set up to track 'origin/main'.
2025-11-01T01:14:27.1084100Z Switched to a new branch 'main'
2025-11-01T01:14:27.1122353Z ##[endgroup]
2025-11-01T01:14:27.1868566Z [command]"C:\Program Files\Git\bin\git.exe" log -1 --format=%H
2025-11-01T01:14:27.2157601Z a15ce75e475728df2ea5ecb31cf7547ae772bf7d
2025-11-01T01:14:27.2537304Z ##[group]Run ilammy/msvc-dev-cmd@v1
2025-11-01T01:14:27.2537614Z with:
2025-11-01T01:14:27.2537767Z   arch: x64
2025-11-01T01:14:27.2537938Z ##[endgroup]
2025-11-01T01:14:29.2884372Z Found with vswhere: C:\Program Files\Microsoft Visual Studio\2022\Enterprise\VC\Auxiliary\Build\vcvarsall.bat
2025-11-01T01:15:17.0340838Z ##[group]Environment variables
2025-11-01T01:15:17.0341229Z Setting CommandPromptType
2025-11-01T01:15:17.0355834Z Setting DevEnvDir
2025-11-01T01:15:17.0359357Z Setting ExtensionSdkDir
2025-11-01T01:15:17.0363231Z Setting EXTERNAL_INCLUDE
2025-11-01T01:15:17.0369853Z Setting Framework40Version
2025-11-01T01:15:17.0373558Z Setting FrameworkDir
2025-11-01T01:15:17.0376727Z Setting FrameworkDir64
2025-11-01T01:15:17.0380735Z Setting FrameworkVersion
2025-11-01T01:15:17.0383997Z Setting FrameworkVersion64
2025-11-01T01:15:17.0387898Z Setting FSHARPINSTALLDIR
2025-11-01T01:15:17.0391737Z Setting HTMLHelpDir
2025-11-01T01:15:17.0395260Z Setting IFCPATH
2025-11-01T01:15:17.0398887Z Setting INCLUDE
2025-11-01T01:15:17.0404274Z Setting is_x64_arch
2025-11-01T01:15:17.0407120Z Setting LIB
2025-11-01T01:15:17.0416461Z Setting LIBPATH
2025-11-01T01:15:17.0419523Z Setting NETFXSDKDir
2025-11-01T01:15:17.0424088Z Setting Path
2025-11-01T01:15:17.0430038Z Setting Platform
2025-11-01T01:15:17.0433515Z Setting UCRTVersion
2025-11-01T01:15:17.0436526Z Setting UniversalCRTSdkDir
2025-11-01T01:15:17.0439474Z Setting VCIDEInstallDir
2025-11-01T01:15:17.0443450Z Setting VCINSTALLDIR
2025-11-01T01:15:17.0446235Z Setting VCPKG_ROOT
2025-11-01T01:15:17.0449266Z Setting VCToolsInstallDir
2025-11-01T01:15:17.0452059Z Setting VCToolsRedistDir
2025-11-01T01:15:17.0454935Z Setting VCToolsVersion
2025-11-01T01:15:17.0457650Z Setting VisualStudioVersion
2025-11-01T01:15:17.0460282Z Setting VS170COMNTOOLS
2025-11-01T01:15:17.0463032Z Setting VSCMD_ARG_app_plat
2025-11-01T01:15:17.0465705Z Setting VSCMD_ARG_HOST_ARCH
2025-11-01T01:15:17.0468343Z Setting VSCMD_ARG_TGT_ARCH
2025-11-01T01:15:17.0471432Z Setting VSCMD_VER
2025-11-01T01:15:17.0474779Z Setting VSINSTALLDIR
2025-11-01T01:15:17.0477712Z Setting VSSDK150INSTALL
2025-11-01T01:15:17.0480463Z Setting VSSDKINSTALL
2025-11-01T01:15:17.0483182Z Setting WindowsLibPath
2025-11-01T01:15:17.0486114Z Setting WindowsSdkBinPath
2025-11-01T01:15:17.0488875Z Setting WindowsSdkDir
2025-11-01T01:15:17.0491280Z Setting WindowsSDKLibVersion
2025-11-01T01:15:17.0494059Z Setting WindowsSdkVerBinPath
2025-11-01T01:15:17.0496464Z Setting WindowsSDKVersion
2025-11-01T01:15:17.0498860Z Setting WindowsSDK_ExecutablePath_x64
2025-11-01T01:15:17.0501295Z Setting WindowsSDK_ExecutablePath_x86
2025-11-01T01:15:17.0503739Z Setting __DOTNET_ADD_64BIT
2025-11-01T01:15:17.0506228Z Setting __DOTNET_PREFERRED_BITNESS
2025-11-01T01:15:17.0509007Z Setting __VSCMD_PREINIT_PATH
2025-11-01T01:15:17.0512650Z ##[endgroup]
2025-11-01T01:15:17.0512906Z Configured Developer Command Prompt
2025-11-01T01:15:17.0749942Z ##[group]Run # Call get-version.ps1 to derive version from git tags
2025-11-01T01:15:17.0750538Z [36;1m# Call get-version.ps1 to derive version from git tags[0m
2025-11-01T01:15:17.0751195Z [36;1m# Returns JSON with: base (X.Y.Z), semver (X.Y.Z-pre+build), tag (vX.Y.Z...)[0m
2025-11-01T01:15:17.0751698Z [36;1m# Handles repos without tags by falling back to 0.0.0-dev.{count}+g{sha}[0m
2025-11-01T01:15:17.0752137Z [36;1m# FALLBACK: If version resolution fails, use safe defaults[0m
2025-11-01T01:15:17.0752431Z [36;1mtry {[0m
2025-11-01T01:15:17.0752700Z [36;1m  $json = & scripts/get-version.ps1 -Format Json -ErrorAction Stop[0m
2025-11-01T01:15:17.0753052Z [36;1m  $info = $json | ConvertFrom-Json[0m
2025-11-01T01:15:17.0753289Z [36;1m  $base = $info.base[0m
2025-11-01T01:15:17.0753503Z [36;1m  $semver = $info.semver[0m
2025-11-01T01:15:17.0753715Z [36;1m  $tag = $info.tag[0m
2025-11-01T01:15:17.0753906Z [36;1m} catch {[0m
2025-11-01T01:15:17.0754171Z [36;1m  Write-Warning "Version resolution failed: $_"[0m
2025-11-01T01:15:17.0754510Z [36;1m  Write-Warning "Using fallback version 0.0.0-unknown"[0m
2025-11-01T01:15:17.0754801Z [36;1m  $base = "0.0.0"[0m
2025-11-01T01:15:17.0755043Z [36;1m  $semver = "0.0.0-unknown"[0m
2025-11-01T01:15:17.0755297Z [36;1m  $tag = "v0.0.0-unknown"[0m
2025-11-01T01:15:17.0755501Z [36;1m}[0m
2025-11-01T01:15:17.0755653Z [36;1m[0m
2025-11-01T01:15:17.0755851Z [36;1m# Export to GITHUB_ENV for use in subsequent steps[0m
2025-11-01T01:15:17.0756269Z [36;1m"VERSION_BASE=$base" | Out-File -FilePath $env:GITHUB_ENV -Append -Encoding utf8[0m
2025-11-01T01:15:17.0756751Z [36;1m"VERSION_SEMVER=$semver" | Out-File -FilePath $env:GITHUB_ENV -Append -Encoding utf8[0m
2025-11-01T01:15:17.0757227Z [36;1m"VERSION_TAG=$tag" | Out-File -FilePath $env:GITHUB_ENV -Append -Encoding utf8[0m
2025-11-01T01:15:17.0757609Z [36;1mWrite-Host "Resolved version: $semver (tag: $tag)"[0m
2025-11-01T01:15:17.0823204Z shell: C:\Program Files\PowerShell\7\pwsh.EXE -command ". '{0}'"
2025-11-01T01:15:17.0823545Z env:
2025-11-01T01:15:17.0824116Z   CommandPromptType: Native
2025-11-01T01:15:17.0824496Z   DevEnvDir: C:\Program Files\Microsoft Visual Studio\2022\Enterprise\Common7\IDE\
2025-11-01T01:15:17.0824984Z   ExtensionSdkDir: C:\Program Files (x86)\Microsoft SDKs\Windows Kits\10\ExtensionSDKs
2025-11-01T01:15:17.0827021Z   EXTERNAL_INCLUDE: C:\Program Files\Microsoft Visual Studio\2022\Enterprise\VC\Tools\MSVC\14.44.35207\include;C:\Program Files\Microsoft Visual Studio\2022\Enterprise\VC\Tools\MSVC\14.44.35207\ATLMFC\include;C:\Program Files\Microsoft Visual Studio\2022\Enterprise\VC\Auxiliary\VS\include;C:\Program Files (x86)\Windows Kits\10\include\10.0.26100.0\ucrt;C:\Program Files (x86)\Windows Kits\10\\include\10.0.26100.0\\um;C:\Program Files (x86)\Windows Kits\10\\include\10.0.26100.0\\shared;C:\Program Files (x86)\Windows Kits\10\\include\10.0.26100.0\\winrt;C:\Program Files (x86)\Windows Kits\10\\include\10.0.26100.0\\cppwinrt;C:\Program Files (x86)\Windows Kits\NETFXSDK\4.8\include\um
2025-11-01T01:15:17.0883536Z   Framework40Version: v4.0
2025-11-01T01:15:17.0883817Z   FrameworkDir: C:\Windows\Microsoft.NET\Framework64\
2025-11-01T01:15:17.0884148Z   FrameworkDir64: C:\Windows\Microsoft.NET\Framework64\
2025-11-01T01:15:17.0884835Z   FrameworkVersion: v4.0.30319
2025-11-01T01:15:17.0885054Z   FrameworkVersion64: v4.0.30319
2025-11-01T01:15:17.0885539Z   FSHARPINSTALLDIR: C:\Program Files\Microsoft Visual Studio\2022\Enterprise\Common7\IDE\CommonExtensions\Microsoft\FSharp\Tools
2025-11-01T01:15:17.0886068Z   HTMLHelpDir: C:\Program Files (x86)\HTML Help Workshop
2025-11-01T01:15:17.0886500Z   IFCPATH: C:\Program Files\Microsoft Visual Studio\2022\Enterprise\VC\Tools\MSVC\14.44.35207\ifc\x64
2025-11-01T01:15:17.0891002Z   INCLUDE: C:\Program Files\Microsoft Visual Studio\2022\Enterprise\VC\Tools\MSVC\14.44.35207\include;C:\Program Files\Microsoft Visual Studio\2022\Enterprise\VC\Tools\MSVC\14.44.35207\ATLMFC\include;C:\Program Files\Microsoft Visual Studio\2022\Enterprise\VC\Auxiliary\VS\include;C:\Program Files (x86)\Windows Kits\10\include\10.0.26100.0\ucrt;C:\Program Files (x86)\Windows Kits\10\\include\10.0.26100.0\\um;C:\Program Files (x86)\Windows Kits\10\\include\10.0.26100.0\\shared;C:\Program Files (x86)\Windows Kits\10\\include\10.0.26100.0\\winrt;C:\Program Files (x86)\Windows Kits\10\\include\10.0.26100.0\\cppwinrt;C:\Program Files (x86)\Windows Kits\NETFXSDK\4.8\include\um
2025-11-01T01:15:17.0893097Z   is_x64_arch: true
2025-11-01T01:15:17.0894129Z   LIB: C:\Program Files\Microsoft Visual Studio\2022\Enterprise\VC\Tools\MSVC\14.44.35207\ATLMFC\lib\x64;C:\Program Files\Microsoft Visual Studio\2022\Enterprise\VC\Tools\MSVC\14.44.35207\lib\x64;C:\Program Files (x86)\Windows Kits\NETFXSDK\4.8\lib\um\x64;C:\Program Files (x86)\Windows Kits\10\lib\10.0.26100.0\ucrt\x64;C:\Program Files (x86)\Windows Kits\10\\lib\10.0.26100.0\\um\x64
2025-11-01T01:15:17.0896339Z   LIBPATH: C:\Program Files\Microsoft Visual Studio\2022\Enterprise\VC\Tools\MSVC\14.44.35207\ATLMFC\lib\x64;C:\Program Files\Microsoft Visual Studio\2022\Enterprise\VC\Tools\MSVC\14.44.35207\lib\x64;C:\Program Files\Microsoft Visual Studio\2022\Enterprise\VC\Tools\MSVC\14.44.35207\lib\x86\store\references;C:\Program Files (x86)\Windows Kits\10\UnionMetadata\10.0.26100.0;C:\Program Files (x86)\Windows Kits\10\References\10.0.26100.0;C:\Windows\Microsoft.NET\Framework64\v4.0.30319
2025-11-01T01:15:17.0897795Z   NETFXSDKDir: C:\Program Files (x86)\Windows Kits\NETFXSDK\4.8\
2025-11-01T01:15:17.0911115Z   Path: C:\Program Files\Microsoft Visual Studio\2022\Enterprise\VC\Tools\MSVC\14.44.35207\bin\HostX64\x64;C:\Program Files\Microsoft Visual Studio\2022\Enterprise\Common7\IDE\VC\VCPackages;C:\Program Files\Microsoft Visual Studio\2022\Enterprise\Common7\IDE\CommonExtensions\Microsoft\TestWindow;C:\Program Files\Microsoft Visual Studio\2022\Enterprise\Common7\IDE\CommonExtensions\Microsoft\TeamFoundation\Team Explorer;C:\Program Files\Microsoft Visual Studio\2022\Enterprise\MSBuild\Current\bin\Roslyn;C:\Program Files (x86)\Microsoft SDKs\Windows\v10.0A\bin\NETFX 4.8 Tools\x64\;C:\Program Files (x86)\HTML Help Workshop;C:\Program Files\Microsoft Visual Studio\2022\Enterprise\Common7\IDE\CommonExtensions\Microsoft\FSharp\Tools;C:\Program Files\Microsoft Visual Studio\2022\Enterprise\Team Tools\DiagnosticsHub\Collector;C:\Program Files\Microsoft Visual Studio\2022\Enterprise\Common7\IDE\Extensions\Microsoft\CodeCoverage.Console;C:\Program Files\Microsoft Visual Studio\2022\Enterprise\VC\Tools\Llvm\x64\bin;C:\Program Files (x86)\Windows Kits\10\bin\10.0.26100.0\\x64;C:\Program Files (x86)\Windows Kits\10\bin\\x64;C:\Program Files\Microsoft Visual Studio\2022\Enterprise\\MSBuild\Current\Bin\amd64;C:\Windows\Microsoft.NET\Framework64\v4.0.30319;C:\Program Files\Microsoft Visual Studio\2022\Enterprise\Common7\IDE\;C:\Program Files\Microsoft Visual Studio\2022\Enterprise\Common7\Tools\;C:\Program Files\MongoDB\Server\7.0\bin;C:\vcpkg;C:\tools\zstd;C:\hostedtoolcache\windows\stack\3.7.1\x64;C:\cabal\bin;C:\\ghcup\bin;C:\mingw64\bin;C:\Program Files\dotnet;C:\Program Files\MySQL\MySQL Server 8.0\bin;C:\Program Files\R\R-4.5.1\bin\x64;C:\SeleniumWebDrivers\GeckoDriver;C:\SeleniumWebDrivers\EdgeDriver\;C:\SeleniumWebDrivers\ChromeDriver;C:\Program Files (x86)\sbt\bin;C:\Program Files (x86)\GitHub CLI;C:\Program Files\Git\bin;C:\Program Files (x86)\pipx_bin;C:\npm\prefix;C:\hostedtoolcache\windows\go\1.24.9\x64\bin;C:\hostedtoolcache\windows\Python\3.9.13\x64\Scripts;C:\hostedtoolcache\windows\Python\3.9.13\x64;C:\hostedtoolcache\windows\Ruby\3.3.9\x64\bin;C:\Program Files\OpenSSL\bin;C:\tools\kotlinc\bin;C:\hostedtoolcache\windows\Java_Temurin-Hotspot_jdk\17.0.16-8\x64\bin;C:\Program Files\ImageMagick-7.1.2-Q16-HDRI;C:\Program Files\Microsoft SDKs\Azure\CLI2\wbin;C:\ProgramData\kind;C:\ProgramData\Chocolatey\bin;C:\Windows\system32;C:\Windows;C:\Windows\System32\Wbem;C:\Windows\System32\WindowsPowerShell\v1.0\;C:\Windows\System32\OpenSSH\;C:\Program Files\PowerShell\7\;C:\Program Files\Microsoft\Web Platform Installer\;C:\Program Files\Microsoft SQL Server\Client SDK\ODBC\170\Tools\Binn\;C:\Program Files\Microsoft SQL Server\150\Tools\Binn\;C:\Program Files\dotnet\;C:\Program Files (x86)\Windows Kits\10\Windows Performance Toolkit\;C:\Program Files (x86)\WiX Toolset v3.14\bin;C:\Program Files\Microsoft SQL Server\130\DTS\Binn\;C:\Program Files\Microsoft SQL Server\140\DTS\Binn\;C:\Program Files\Microsoft SQL Server\150\DTS\Binn\;C:\Program Files\Microsoft SQL Server\160\DTS\Binn\;C:\Program Files\Microsoft SQL Server\170\DTS\Binn\;C:\ProgramData\chocolatey\lib\pulumi\tools\Pulumi\bin;C:\Program Files\CMake\bin;C:\Strawberry\c\bin;C:\Strawberry\perl\site\bin;C:\Strawberry\perl\bin;C:\ProgramData\chocolatey\lib\maven\apache-maven-3.9.11\bin;C:\Program Files\Microsoft Service Fabric\bin\Fabric\Fabric.Code;C:\Program Files\Microsoft SDKs\Service Fabric\Tools\ServiceFabricLocalClusterManager;C:\Program Files\nodejs\;C:\Program Files\Git\cmd;C:\Program Files\Git\mingw64\bin;C:\Program Files\Git\usr\bin;C:\Program Files\GitHub CLI\;c:\tools\php;C:\Program Files\Amazon\AWSCLIV2\;C:\Program Files\Amazon\SessionManagerPlugin\bin\;C:\Program Files\Amazon\AWSSAMCLI\bin\;C:\Program Files\Microsoft SQL Server\130\Tools\Binn\;C:\Program Files\mongosh\;C:\Program Files\LLVM\bin;C:\Program Files (x86)\LLVM\bin;C:\Users\runneradmin\.dotnet\tools;C:\Users\runneradmin\.cargo\bin;C:\Users\runneradmin\AppData\Local\Microsoft\WindowsApps;C:\Program Files (x86)\Microsoft Visual Studio\Installer;C:\Program Files\Microsoft Visual Studio\2022\Enterprise\Common7\IDE\CommonExtensions\Microsoft\CMake\CMake\bin;C:\Program Files\Microsoft Visual Studio\2022\Enterprise\Common7\IDE\CommonExtensions\Microsoft\CMake\Ninja;C:\Program Files\Microsoft Visual Studio\2022\Enterprise\Common7\IDE\VC\Linux\bin\ConnectionManagerExe;C:\Program Files\Microsoft Visual Studio\2022\Enterprise\VC\vcpkg
2025-11-01T01:15:17.0924354Z   Platform: x64
2025-11-01T01:15:17.0924534Z   UCRTVersion: 10.0.26100.0
2025-11-01T01:15:17.0924810Z   UniversalCRTSdkDir: C:\Program Files (x86)\Windows Kits\10\
2025-11-01T01:15:17.0925266Z   VCIDEInstallDir: C:\Program Files\Microsoft Visual Studio\2022\Enterprise\Common7\IDE\VC\
2025-11-01T01:15:17.0925740Z   VCINSTALLDIR: C:\Program Files\Microsoft Visual Studio\2022\Enterprise\VC\
2025-11-01T01:15:17.0926168Z   VCPKG_ROOT: C:\Program Files\Microsoft Visual Studio\2022\Enterprise\VC\vcpkg
2025-11-01T01:15:17.0926680Z   VCToolsInstallDir: C:\Program Files\Microsoft Visual Studio\2022\Enterprise\VC\Tools\MSVC\14.44.35207\
2025-11-01T01:15:17.0927256Z   VCToolsRedistDir: C:\Program Files\Microsoft Visual Studio\2022\Enterprise\VC\Redist\MSVC\14.44.35112\
2025-11-01T01:15:17.0927664Z   VCToolsVersion: 14.44.35207
2025-11-01T01:15:17.0927868Z   VisualStudioVersion: 17.0
2025-11-01T01:15:17.0928209Z   VS170COMNTOOLS: C:\Program Files\Microsoft Visual Studio\2022\Enterprise\Common7\Tools\
2025-11-01T01:15:17.0928578Z   VSCMD_ARG_app_plat: Desktop
2025-11-01T01:15:17.0928780Z   VSCMD_ARG_HOST_ARCH: x64
2025-11-01T01:15:17.0928971Z   VSCMD_ARG_TGT_ARCH: x64
2025-11-01T01:15:17.0929152Z   VSCMD_VER: 17.14.18
2025-11-01T01:15:17.0929473Z   VSINSTALLDIR: C:\Program Files\Microsoft Visual Studio\2022\Enterprise\
2025-11-01T01:15:17.0929905Z   VSSDK150INSTALL: C:\Program Files\Microsoft Visual Studio\2022\Enterprise\VSSDK
2025-11-01T01:15:17.0930350Z   VSSDKINSTALL: C:\Program Files\Microsoft Visual Studio\2022\Enterprise\VSSDK
2025-11-01T01:15:17.0930951Z   WindowsLibPath: C:\Program Files (x86)\Windows Kits\10\UnionMetadata\10.0.26100.0;C:\Program Files (x86)\Windows Kits\10\References\10.0.26100.0
2025-11-01T01:15:17.0931513Z   WindowsSdkBinPath: C:\Program Files (x86)\Windows Kits\10\bin\
2025-11-01T01:15:17.0931861Z   WindowsSdkDir: C:\Program Files (x86)\Windows Kits\10\
2025-11-01T01:15:17.0932133Z   WindowsSDKLibVersion: 10.0.26100.0\
2025-11-01T01:15:17.0932465Z   WindowsSdkVerBinPath: C:\Program Files (x86)\Windows Kits\10\bin\10.0.26100.0\
2025-11-01T01:15:17.0932918Z   WindowsSDKVersion: 10.0.26100.0\
2025-11-01T01:15:17.0933325Z   WindowsSDK_ExecutablePath_x64: C:\Program Files (x86)\Microsoft SDKs\Windows\v10.0A\bin\NETFX 4.8 Tools\x64\
2025-11-01T01:15:17.0934003Z   WindowsSDK_ExecutablePath_x86: C:\Program Files (x86)\Microsoft SDKs\Windows\v10.0A\bin\NETFX 4.8 Tools\
2025-11-01T01:15:17.0934401Z   __DOTNET_ADD_64BIT: 1
2025-11-01T01:15:17.0934593Z   __DOTNET_PREFERRED_BITNESS: 64
2025-11-01T01:15:17.0941858Z   __VSCMD_PREINIT_PATH: C:\Program Files\MongoDB\Server\7.0\bin;C:\vcpkg;C:\tools\zstd;C:\hostedtoolcache\windows\stack\3.7.1\x64;C:\cabal\bin;C:\\ghcup\bin;C:\mingw64\bin;C:\Program Files\dotnet;C:\Program Files\MySQL\MySQL Server 8.0\bin;C:\Program Files\R\R-4.5.1\bin\x64;C:\SeleniumWebDrivers\GeckoDriver;C:\SeleniumWebDrivers\EdgeDriver\;C:\SeleniumWebDrivers\ChromeDriver;C:\Program Files (x86)\sbt\bin;C:\Program Files (x86)\GitHub CLI;C:\Program Files\Git\bin;C:\Program Files (x86)\pipx_bin;C:\npm\prefix;C:\hostedtoolcache\windows\go\1.24.9\x64\bin;C:\hostedtoolcache\windows\Python\3.9.13\x64\Scripts;C:\hostedtoolcache\windows\Python\3.9.13\x64;C:\hostedtoolcache\windows\Ruby\3.3.9\x64\bin;C:\Program Files\OpenSSL\bin;C:\tools\kotlinc\bin;C:\hostedtoolcache\windows\Java_Temurin-Hotspot_jdk\17.0.16-8\x64\bin;C:\Program Files\ImageMagick-7.1.2-Q16-HDRI;C:\Program Files\Microsoft SDKs\Azure\CLI2\wbin;C:\ProgramData\kind;C:\ProgramData\Chocolatey\bin;C:\Windows\system32;C:\Windows;C:\Windows\System32\Wbem;C:\Windows\System32\WindowsPowerShell\v1.0\;C:\Windows\System32\OpenSSH\;C:\Program Files\PowerShell\7\;C:\Program Files\Microsoft\Web Platform Installer\;C:\Program Files\Microsoft SQL Server\Client SDK\ODBC\170\Tools\Binn\;C:\Program Files\Microsoft SQL Server\150\Tools\Binn\;C:\Program Files\dotnet\;C:\Program Files (x86)\Windows Kits\10\Windows Performance Toolkit\;C:\Program Files (x86)\WiX Toolset v3.14\bin;C:\Program Files\Microsoft SQL Server\130\DTS\Binn\;C:\Program Files\Microsoft SQL Server\140\DTS\Binn\;C:\Program Files\Microsoft SQL Server\150\DTS\Binn\;C:\Program Files\Microsoft SQL Server\160\DTS\Binn\;C:\Program Files\Microsoft SQL Server\170\DTS\Binn\;C:\ProgramData\chocolatey\lib\pulumi\tools\Pulumi\bin;C:\Program Files\CMake\bin;C:\Strawberry\c\bin;C:\Strawberry\perl\site\bin;C:\Strawberry\perl\bin;C:\ProgramData\chocolatey\lib\maven\apache-maven-3.9.11\bin;C:\Program Files\Microsoft Service Fabric\bin\Fabric\Fabric.Code;C:\Program Files\Microsoft SDKs\Service Fabric\Tools\ServiceFabricLocalClusterManager;C:\Program Files\nodejs\;C:\Program Files\Git\cmd;C:\Program Files\Git\mingw64\bin;C:\Program Files\Git\usr\bin;C:\Program Files\GitHub CLI\;c:\tools\php;C:\Program Files (x86)\sbt\bin;C:\Program Files\Amazon\AWSCLIV2\;C:\Program Files\Amazon\SessionManagerPlugin\bin\;C:\Program Files\Amazon\AWSSAMCLI\bin\;C:\Program Files\Microsoft SQL Server\130\Tools\Binn\;C:\Program Files\mongosh\;C:\Program Files\LLVM\bin;C:\Program Files (x86)\LLVM\bin;C:\Users\runneradmin\.dotnet\tools;C:\Users\runneradmin\.cargo\bin;C:\Users\runneradmin\AppData\Local\Microsoft\WindowsApps;C:\Program Files (x86)\Microsoft Visual Studio\Installer
2025-11-01T01:15:17.0949562Z ##[endgroup]
2025-11-01T01:15:19.0094137Z Resolved version: 1.1.16 (tag: v1.1.16)
2025-11-01T01:15:19.1871599Z ##[group]Run echo Building base version %VERSION_BASE%
2025-11-01T01:15:19.1872016Z [36;1mecho Building base version %VERSION_BASE%[0m
2025-11-01T01:15:19.1872338Z [36;1mecho Building semantic version %VERSION_SEMVER%[0m
2025-11-01T01:15:19.1898856Z shell: C:\Windows\system32\cmd.EXE /D /E:ON /V:OFF /S /C "CALL "{0}""
2025-11-01T01:15:19.1899604Z env:
2025-11-01T01:15:19.1899781Z   CommandPromptType: Native
2025-11-01T01:15:19.1900136Z   DevEnvDir: C:\Program Files\Microsoft Visual Studio\2022\Enterprise\Common7\IDE\
2025-11-01T01:15:19.1900616Z   ExtensionSdkDir: C:\Program Files (x86)\Microsoft SDKs\Windows Kits\10\ExtensionSDKs
2025-11-01T01:15:19.1902652Z   EXTERNAL_INCLUDE: C:\Program Files\Microsoft Visual Studio\2022\Enterprise\VC\Tools\MSVC\14.44.35207\include;C:\Program Files\Microsoft Visual Studio\2022\Enterprise\VC\Tools\MSVC\14.44.35207\ATLMFC\include;C:\Program Files\Microsoft Visual Studio\2022\Enterprise\VC\Auxiliary\VS\include;C:\Program Files (x86)\Windows Kits\10\include\10.0.26100.0\ucrt;C:\Program Files (x86)\Windows Kits\10\\include\10.0.26100.0\\um;C:\Program Files (x86)\Windows Kits\10\\include\10.0.26100.0\\shared;C:\Program Files (x86)\Windows Kits\10\\include\10.0.26100.0\\winrt;C:\Program Files (x86)\Windows Kits\10\\include\10.0.26100.0\\cppwinrt;C:\Program Files (x86)\Windows Kits\NETFXSDK\4.8\include\um
2025-11-01T01:15:19.1904772Z   Framework40Version: v4.0
2025-11-01T01:15:19.1905019Z   FrameworkDir: C:\Windows\Microsoft.NET\Framework64\
2025-11-01T01:15:19.1905344Z   FrameworkDir64: C:\Windows\Microsoft.NET\Framework64\
2025-11-01T01:15:19.1905621Z   FrameworkVersion: v4.0.30319
2025-11-01T01:15:19.1905831Z   FrameworkVersion64: v4.0.30319
2025-11-01T01:15:19.1906315Z   FSHARPINSTALLDIR: C:\Program Files\Microsoft Visual Studio\2022\Enterprise\Common7\IDE\CommonExtensions\Microsoft\FSharp\Tools
2025-11-01T01:15:19.1906849Z   HTMLHelpDir: C:\Program Files (x86)\HTML Help Workshop
2025-11-01T01:15:19.1907292Z   IFCPATH: C:\Program Files\Microsoft Visual Studio\2022\Enterprise\VC\Tools\MSVC\14.44.35207\ifc\x64
2025-11-01T01:15:19.1909256Z   INCLUDE: C:\Program Files\Microsoft Visual Studio\2022\Enterprise\VC\Tools\MSVC\14.44.35207\include;C:\Program Files\Microsoft Visual Studio\2022\Enterprise\VC\Tools\MSVC\14.44.35207\ATLMFC\include;C:\Program Files\Microsoft Visual Studio\2022\Enterprise\VC\Auxiliary\VS\include;C:\Program Files (x86)\Windows Kits\10\include\10.0.26100.0\ucrt;C:\Program Files (x86)\Windows Kits\10\\include\10.0.26100.0\\um;C:\Program Files (x86)\Windows Kits\10\\include\10.0.26100.0\\shared;C:\Program Files (x86)\Windows Kits\10\\include\10.0.26100.0\\winrt;C:\Program Files (x86)\Windows Kits\10\\include\10.0.26100.0\\cppwinrt;C:\Program Files (x86)\Windows Kits\NETFXSDK\4.8\include\um
2025-11-01T01:15:19.1911058Z   is_x64_arch: true
2025-11-01T01:15:19.1912061Z   LIB: C:\Program Files\Microsoft Visual Studio\2022\Enterprise\VC\Tools\MSVC\14.44.35207\ATLMFC\lib\x64;C:\Program Files\Microsoft Visual Studio\2022\Enterprise\VC\Tools\MSVC\14.44.35207\lib\x64;C:\Program Files (x86)\Windows Kits\NETFXSDK\4.8\lib\um\x64;C:\Program Files (x86)\Windows Kits\10\lib\10.0.26100.0\ucrt\x64;C:\Program Files (x86)\Windows Kits\10\\lib\10.0.26100.0\\um\x64
2025-11-01T01:15:19.1914253Z   LIBPATH: C:\Program Files\Microsoft Visual Studio\2022\Enterprise\VC\Tools\MSVC\14.44.35207\ATLMFC\lib\x64;C:\Program Files\Microsoft Visual Studio\2022\Enterprise\VC\Tools\MSVC\14.44.35207\lib\x64;C:\Program Files\Microsoft Visual Studio\2022\Enterprise\VC\Tools\MSVC\14.44.35207\lib\x86\store\references;C:\Program Files (x86)\Windows Kits\10\UnionMetadata\10.0.26100.0;C:\Program Files (x86)\Windows Kits\10\References\10.0.26100.0;C:\Windows\Microsoft.NET\Framework64\v4.0.30319
2025-11-01T01:15:19.1915674Z   NETFXSDKDir: C:\Program Files (x86)\Windows Kits\NETFXSDK\4.8\
2025-11-01T01:15:19.1930809Z   Path: C:\Program Files\Microsoft Visual Studio\2022\Enterprise\VC\Tools\MSVC\14.44.35207\bin\HostX64\x64;C:\Program Files\Microsoft Visual Studio\2022\Enterprise\Common7\IDE\VC\VCPackages;C:\Program Files\Microsoft Visual Studio\2022\Enterprise\Common7\IDE\CommonExtensions\Microsoft\TestWindow;C:\Program Files\Microsoft Visual Studio\2022\Enterprise\Common7\IDE\CommonExtensions\Microsoft\TeamFoundation\Team Explorer;C:\Program Files\Microsoft Visual Studio\2022\Enterprise\MSBuild\Current\bin\Roslyn;C:\Program Files (x86)\Microsoft SDKs\Windows\v10.0A\bin\NETFX 4.8 Tools\x64\;C:\Program Files (x86)\HTML Help Workshop;C:\Program Files\Microsoft Visual Studio\2022\Enterprise\Common7\IDE\CommonExtensions\Microsoft\FSharp\Tools;C:\Program Files\Microsoft Visual Studio\2022\Enterprise\Team Tools\DiagnosticsHub\Collector;C:\Program Files\Microsoft Visual Studio\2022\Enterprise\Common7\IDE\Extensions\Microsoft\CodeCoverage.Console;C:\Program Files\Microsoft Visual Studio\2022\Enterprise\VC\Tools\Llvm\x64\bin;C:\Program Files (x86)\Windows Kits\10\bin\10.0.26100.0\\x64;C:\Program Files (x86)\Windows Kits\10\bin\\x64;C:\Program Files\Microsoft Visual Studio\2022\Enterprise\\MSBuild\Current\Bin\amd64;C:\Windows\Microsoft.NET\Framework64\v4.0.30319;C:\Program Files\Microsoft Visual Studio\2022\Enterprise\Common7\IDE\;C:\Program Files\Microsoft Visual Studio\2022\Enterprise\Common7\Tools\;C:\Program Files\MongoDB\Server\7.0\bin;C:\vcpkg;C:\tools\zstd;C:\hostedtoolcache\windows\stack\3.7.1\x64;C:\cabal\bin;C:\\ghcup\bin;C:\mingw64\bin;C:\Program Files\dotnet;C:\Program Files\MySQL\MySQL Server 8.0\bin;C:\Program Files\R\R-4.5.1\bin\x64;C:\SeleniumWebDrivers\GeckoDriver;C:\SeleniumWebDrivers\EdgeDriver\;C:\SeleniumWebDrivers\ChromeDriver;C:\Program Files (x86)\sbt\bin;C:\Program Files (x86)\GitHub CLI;C:\Program Files\Git\bin;C:\Program Files (x86)\pipx_bin;C:\npm\prefix;C:\hostedtoolcache\windows\go\1.24.9\x64\bin;C:\hostedtoolcache\windows\Python\3.9.13\x64\Scripts;C:\hostedtoolcache\windows\Python\3.9.13\x64;C:\hostedtoolcache\windows\Ruby\3.3.9\x64\bin;C:\Program Files\OpenSSL\bin;C:\tools\kotlinc\bin;C:\hostedtoolcache\windows\Java_Temurin-Hotspot_jdk\17.0.16-8\x64\bin;C:\Program Files\ImageMagick-7.1.2-Q16-HDRI;C:\Program Files\Microsoft SDKs\Azure\CLI2\wbin;C:\ProgramData\kind;C:\ProgramData\Chocolatey\bin;C:\Windows\system32;C:\Windows;C:\Windows\System32\Wbem;C:\Windows\System32\WindowsPowerShell\v1.0\;C:\Windows\System32\OpenSSH\;C:\Program Files\PowerShell\7\;C:\Program Files\Microsoft\Web Platform Installer\;C:\Program Files\Microsoft SQL Server\Client SDK\ODBC\170\Tools\Binn\;C:\Program Files\Microsoft SQL Server\150\Tools\Binn\;C:\Program Files\dotnet\;C:\Program Files (x86)\Windows Kits\10\Windows Performance Toolkit\;C:\Program Files (x86)\WiX Toolset v3.14\bin;C:\Program Files\Microsoft SQL Server\130\DTS\Binn\;C:\Program Files\Microsoft SQL Server\140\DTS\Binn\;C:\Program Files\Microsoft SQL Server\150\DTS\Binn\;C:\Program Files\Microsoft SQL Server\160\DTS\Binn\;C:\Program Files\Microsoft SQL Server\170\DTS\Binn\;C:\ProgramData\chocolatey\lib\pulumi\tools\Pulumi\bin;C:\Program Files\CMake\bin;C:\Strawberry\c\bin;C:\Strawberry\perl\site\bin;C:\Strawberry\perl\bin;C:\ProgramData\chocolatey\lib\maven\apache-maven-3.9.11\bin;C:\Program Files\Microsoft Service Fabric\bin\Fabric\Fabric.Code;C:\Program Files\Microsoft SDKs\Service Fabric\Tools\ServiceFabricLocalClusterManager;C:\Program Files\nodejs\;C:\Program Files\Git\cmd;C:\Program Files\Git\mingw64\bin;C:\Program Files\Git\usr\bin;C:\Program Files\GitHub CLI\;c:\tools\php;C:\Program Files\Amazon\AWSCLIV2\;C:\Program Files\Amazon\SessionManagerPlugin\bin\;C:\Program Files\Amazon\AWSSAMCLI\bin\;C:\Program Files\Microsoft SQL Server\130\Tools\Binn\;C:\Program Files\mongosh\;C:\Program Files\LLVM\bin;C:\Program Files (x86)\LLVM\bin;C:\Users\runneradmin\.dotnet\tools;C:\Users\runneradmin\.cargo\bin;C:\Users\runneradmin\AppData\Local\Microsoft\WindowsApps;C:\Program Files (x86)\Microsoft Visual Studio\Installer;C:\Program Files\Microsoft Visual Studio\2022\Enterprise\Common7\IDE\CommonExtensions\Microsoft\CMake\CMake\bin;C:\Program Files\Microsoft Visual Studio\2022\Enterprise\Common7\IDE\CommonExtensions\Microsoft\CMake\Ninja;C:\Program Files\Microsoft Visual Studio\2022\Enterprise\Common7\IDE\VC\Linux\bin\ConnectionManagerExe;C:\Program Files\Microsoft Visual Studio\2022\Enterprise\VC\vcpkg
2025-11-01T01:15:19.1943823Z   Platform: x64
2025-11-01T01:15:19.1944000Z   UCRTVersion: 10.0.26100.0
2025-11-01T01:15:19.1944274Z   UniversalCRTSdkDir: C:\Program Files (x86)\Windows Kits\10\
2025-11-01T01:15:19.1944709Z   VCIDEInstallDir: C:\Program Files\Microsoft Visual Studio\2022\Enterprise\Common7\IDE\VC\
2025-11-01T01:15:19.1945188Z   VCINSTALLDIR: C:\Program Files\Microsoft Visual Studio\2022\Enterprise\VC\
2025-11-01T01:15:19.1945614Z   VCPKG_ROOT: C:\Program Files\Microsoft Visual Studio\2022\Enterprise\VC\vcpkg
2025-11-01T01:15:19.1946113Z   VCToolsInstallDir: C:\Program Files\Microsoft Visual Studio\2022\Enterprise\VC\Tools\MSVC\14.44.35207\
2025-11-01T01:15:19.1946692Z   VCToolsRedistDir: C:\Program Files\Microsoft Visual Studio\2022\Enterprise\VC\Redist\MSVC\14.44.35112\
2025-11-01T01:15:19.1947628Z   VCToolsVersion: 14.44.35207
2025-11-01T01:15:19.1947846Z   VisualStudioVersion: 17.0
2025-11-01T01:15:19.1948191Z   VS170COMNTOOLS: C:\Program Files\Microsoft Visual Studio\2022\Enterprise\Common7\Tools\
2025-11-01T01:15:19.1948556Z   VSCMD_ARG_app_plat: Desktop
2025-11-01T01:15:19.1948766Z   VSCMD_ARG_HOST_ARCH: x64
2025-11-01T01:15:19.1948957Z   VSCMD_ARG_TGT_ARCH: x64
2025-11-01T01:15:19.1949145Z   VSCMD_VER: 17.14.18
2025-11-01T01:15:19.1949420Z   VSINSTALLDIR: C:\Program Files\Microsoft Visual Studio\2022\Enterprise\
2025-11-01T01:15:19.1949868Z   VSSDK150INSTALL: C:\Program Files\Microsoft Visual Studio\2022\Enterprise\VSSDK
2025-11-01T01:15:19.1950318Z   VSSDKINSTALL: C:\Program Files\Microsoft Visual Studio\2022\Enterprise\VSSDK
2025-11-01T01:15:19.1950917Z   WindowsLibPath: C:\Program Files (x86)\Windows Kits\10\UnionMetadata\10.0.26100.0;C:\Program Files (x86)\Windows Kits\10\References\10.0.26100.0
2025-11-01T01:15:19.1951492Z   WindowsSdkBinPath: C:\Program Files (x86)\Windows Kits\10\bin\
2025-11-01T01:15:19.1951845Z   WindowsSdkDir: C:\Program Files (x86)\Windows Kits\10\
2025-11-01T01:15:19.1952132Z   WindowsSDKLibVersion: 10.0.26100.0\
2025-11-01T01:15:19.1952470Z   WindowsSdkVerBinPath: C:\Program Files (x86)\Windows Kits\10\bin\10.0.26100.0\
2025-11-01T01:15:19.1952808Z   WindowsSDKVersion: 10.0.26100.0\
2025-11-01T01:15:19.1953217Z   WindowsSDK_ExecutablePath_x64: C:\Program Files (x86)\Microsoft SDKs\Windows\v10.0A\bin\NETFX 4.8 Tools\x64\
2025-11-01T01:15:19.1953804Z   WindowsSDK_ExecutablePath_x86: C:\Program Files (x86)\Microsoft SDKs\Windows\v10.0A\bin\NETFX 4.8 Tools\
2025-11-01T01:15:19.1954205Z   __DOTNET_ADD_64BIT: 1
2025-11-01T01:15:19.1954404Z   __DOTNET_PREFERRED_BITNESS: 64
2025-11-01T01:15:19.1962154Z   __VSCMD_PREINIT_PATH: C:\Program Files\MongoDB\Server\7.0\bin;C:\vcpkg;C:\tools\zstd;C:\hostedtoolcache\windows\stack\3.7.1\x64;C:\cabal\bin;C:\\ghcup\bin;C:\mingw64\bin;C:\Program Files\dotnet;C:\Program Files\MySQL\MySQL Server 8.0\bin;C:\Program Files\R\R-4.5.1\bin\x64;C:\SeleniumWebDrivers\GeckoDriver;C:\SeleniumWebDrivers\EdgeDriver\;C:\SeleniumWebDrivers\ChromeDriver;C:\Program Files (x86)\sbt\bin;C:\Program Files (x86)\GitHub CLI;C:\Program Files\Git\bin;C:\Program Files (x86)\pipx_bin;C:\npm\prefix;C:\hostedtoolcache\windows\go\1.24.9\x64\bin;C:\hostedtoolcache\windows\Python\3.9.13\x64\Scripts;C:\hostedtoolcache\windows\Python\3.9.13\x64;C:\hostedtoolcache\windows\Ruby\3.3.9\x64\bin;C:\Program Files\OpenSSL\bin;C:\tools\kotlinc\bin;C:\hostedtoolcache\windows\Java_Temurin-Hotspot_jdk\17.0.16-8\x64\bin;C:\Program Files\ImageMagick-7.1.2-Q16-HDRI;C:\Program Files\Microsoft SDKs\Azure\CLI2\wbin;C:\ProgramData\kind;C:\ProgramData\Chocolatey\bin;C:\Windows\system32;C:\Windows;C:\Windows\System32\Wbem;C:\Windows\System32\WindowsPowerShell\v1.0\;C:\Windows\System32\OpenSSH\;C:\Program Files\PowerShell\7\;C:\Program Files\Microsoft\Web Platform Installer\;C:\Program Files\Microsoft SQL Server\Client SDK\ODBC\170\Tools\Binn\;C:\Program Files\Microsoft SQL Server\150\Tools\Binn\;C:\Program Files\dotnet\;C:\Program Files (x86)\Windows Kits\10\Windows Performance Toolkit\;C:\Program Files (x86)\WiX Toolset v3.14\bin;C:\Program Files\Microsoft SQL Server\130\DTS\Binn\;C:\Program Files\Microsoft SQL Server\140\DTS\Binn\;C:\Program Files\Microsoft SQL Server\150\DTS\Binn\;C:\Program Files\Microsoft SQL Server\160\DTS\Binn\;C:\Program Files\Microsoft SQL Server\170\DTS\Binn\;C:\ProgramData\chocolatey\lib\pulumi\tools\Pulumi\bin;C:\Program Files\CMake\bin;C:\Strawberry\c\bin;C:\Strawberry\perl\site\bin;C:\Strawberry\perl\bin;C:\ProgramData\chocolatey\lib\maven\apache-maven-3.9.11\bin;C:\Program Files\Microsoft Service Fabric\bin\Fabric\Fabric.Code;C:\Program Files\Microsoft SDKs\Service Fabric\Tools\ServiceFabricLocalClusterManager;C:\Program Files\nodejs\;C:\Program Files\Git\cmd;C:\Program Files\Git\mingw64\bin;C:\Program Files\Git\usr\bin;C:\Program Files\GitHub CLI\;c:\tools\php;C:\Program Files (x86)\sbt\bin;C:\Program Files\Amazon\AWSCLIV2\;C:\Program Files\Amazon\SessionManagerPlugin\bin\;C:\Program Files\Amazon\AWSSAMCLI\bin\;C:\Program Files\Microsoft SQL Server\130\Tools\Binn\;C:\Program Files\mongosh\;C:\Program Files\LLVM\bin;C:\Program Files (x86)\LLVM\bin;C:\Users\runneradmin\.dotnet\tools;C:\Users\runneradmin\.cargo\bin;C:\Users\runneradmin\AppData\Local\Microsoft\WindowsApps;C:\Program Files (x86)\Microsoft Visual Studio\Installer
2025-11-01T01:15:19.1969670Z   VERSION_BASE: 1.1.16
2025-11-01T01:15:19.1969849Z   VERSION_SEMVER: 1.1.16
2025-11-01T01:15:19.1970041Z   VERSION_TAG: v1.1.16
2025-11-01T01:15:19.1970222Z ##[endgroup]
2025-11-01T01:15:19.2112923Z Building base version 1.1.16
2025-11-01T01:15:19.2116052Z Building semantic version 1.1.16
2025-11-01T01:15:19.2281578Z ##[group]Run build.cmd %VERSION_SEMVER%
2025-11-01T01:15:19.2281925Z [36;1mbuild.cmd %VERSION_SEMVER%[0m
2025-11-01T01:15:19.2309184Z shell: C:\Windows\system32\cmd.EXE /D /E:ON /V:OFF /S /C "CALL "{0}""
2025-11-01T01:15:19.2309491Z env:
2025-11-01T01:15:19.2309687Z   CommandPromptType: Native
2025-11-01T01:15:19.2310028Z   DevEnvDir: C:\Program Files\Microsoft Visual Studio\2022\Enterprise\Common7\IDE\
2025-11-01T01:15:19.2310497Z   ExtensionSdkDir: C:\Program Files (x86)\Microsoft SDKs\Windows Kits\10\ExtensionSDKs
2025-11-01T01:15:19.2312503Z   EXTERNAL_INCLUDE: C:\Program Files\Microsoft Visual Studio\2022\Enterprise\VC\Tools\MSVC\14.44.35207\include;C:\Program Files\Microsoft Visual Studio\2022\Enterprise\VC\Tools\MSVC\14.44.35207\ATLMFC\include;C:\Program Files\Microsoft Visual Studio\2022\Enterprise\VC\Auxiliary\VS\include;C:\Program Files (x86)\Windows Kits\10\include\10.0.26100.0\ucrt;C:\Program Files (x86)\Windows Kits\10\\include\10.0.26100.0\\um;C:\Program Files (x86)\Windows Kits\10\\include\10.0.26100.0\\shared;C:\Program Files (x86)\Windows Kits\10\\include\10.0.26100.0\\winrt;C:\Program Files (x86)\Windows Kits\10\\include\10.0.26100.0\\cppwinrt;C:\Program Files (x86)\Windows Kits\NETFXSDK\4.8\include\um
2025-11-01T01:15:19.2314876Z   Framework40Version: v4.0
2025-11-01T01:15:19.2315138Z   FrameworkDir: C:\Windows\Microsoft.NET\Framework64\
2025-11-01T01:15:19.2315457Z   FrameworkDir64: C:\Windows\Microsoft.NET\Framework64\
2025-11-01T01:15:19.2315732Z   FrameworkVersion: v4.0.30319
2025-11-01T01:15:19.2315958Z   FrameworkVersion64: v4.0.30319
2025-11-01T01:15:19.2316433Z   FSHARPINSTALLDIR: C:\Program Files\Microsoft Visual Studio\2022\Enterprise\Common7\IDE\CommonExtensions\Microsoft\FSharp\Tools
2025-11-01T01:15:19.2316973Z   HTMLHelpDir: C:\Program Files (x86)\HTML Help Workshop
2025-11-01T01:15:19.2317407Z   IFCPATH: C:\Program Files\Microsoft Visual Studio\2022\Enterprise\VC\Tools\MSVC\14.44.35207\ifc\x64
2025-11-01T01:15:19.2319376Z   INCLUDE: C:\Program Files\Microsoft Visual Studio\2022\Enterprise\VC\Tools\MSVC\14.44.35207\include;C:\Program Files\Microsoft Visual Studio\2022\Enterprise\VC\Tools\MSVC\14.44.35207\ATLMFC\include;C:\Program Files\Microsoft Visual Studio\2022\Enterprise\VC\Auxiliary\VS\include;C:\Program Files (x86)\Windows Kits\10\include\10.0.26100.0\ucrt;C:\Program Files (x86)\Windows Kits\10\\include\10.0.26100.0\\um;C:\Program Files (x86)\Windows Kits\10\\include\10.0.26100.0\\shared;C:\Program Files (x86)\Windows Kits\10\\include\10.0.26100.0\\winrt;C:\Program Files (x86)\Windows Kits\10\\include\10.0.26100.0\\cppwinrt;C:\Program Files (x86)\Windows Kits\NETFXSDK\4.8\include\um
2025-11-01T01:15:19.2321176Z   is_x64_arch: true
2025-11-01T01:15:19.2322191Z   LIB: C:\Program Files\Microsoft Visual Studio\2022\Enterprise\VC\Tools\MSVC\14.44.35207\ATLMFC\lib\x64;C:\Program Files\Microsoft Visual Studio\2022\Enterprise\VC\Tools\MSVC\14.44.35207\lib\x64;C:\Program Files (x86)\Windows Kits\NETFXSDK\4.8\lib\um\x64;C:\Program Files (x86)\Windows Kits\10\lib\10.0.26100.0\ucrt\x64;C:\Program Files (x86)\Windows Kits\10\\lib\10.0.26100.0\\um\x64
2025-11-01T01:15:19.2324363Z   LIBPATH: C:\Program Files\Microsoft Visual Studio\2022\Enterprise\VC\Tools\MSVC\14.44.35207\ATLMFC\lib\x64;C:\Program Files\Microsoft Visual Studio\2022\Enterprise\VC\Tools\MSVC\14.44.35207\lib\x64;C:\Program Files\Microsoft Visual Studio\2022\Enterprise\VC\Tools\MSVC\14.44.35207\lib\x86\store\references;C:\Program Files (x86)\Windows Kits\10\UnionMetadata\10.0.26100.0;C:\Program Files (x86)\Windows Kits\10\References\10.0.26100.0;C:\Windows\Microsoft.NET\Framework64\v4.0.30319
2025-11-01T01:15:19.2325995Z   NETFXSDKDir: C:\Program Files (x86)\Windows Kits\NETFXSDK\4.8\
2025-11-01T01:15:19.2341181Z   Path: C:\Program Files\Microsoft Visual Studio\2022\Enterprise\VC\Tools\MSVC\14.44.35207\bin\HostX64\x64;C:\Program Files\Microsoft Visual Studio\2022\Enterprise\Common7\IDE\VC\VCPackages;C:\Program Files\Microsoft Visual Studio\2022\Enterprise\Common7\IDE\CommonExtensions\Microsoft\TestWindow;C:\Program Files\Microsoft Visual Studio\2022\Enterprise\Common7\IDE\CommonExtensions\Microsoft\TeamFoundation\Team Explorer;C:\Program Files\Microsoft Visual Studio\2022\Enterprise\MSBuild\Current\bin\Roslyn;C:\Program Files (x86)\Microsoft SDKs\Windows\v10.0A\bin\NETFX 4.8 Tools\x64\;C:\Program Files (x86)\HTML Help Workshop;C:\Program Files\Microsoft Visual Studio\2022\Enterprise\Common7\IDE\CommonExtensions\Microsoft\FSharp\Tools;C:\Program Files\Microsoft Visual Studio\2022\Enterprise\Team Tools\DiagnosticsHub\Collector;C:\Program Files\Microsoft Visual Studio\2022\Enterprise\Common7\IDE\Extensions\Microsoft\CodeCoverage.Console;C:\Program Files\Microsoft Visual Studio\2022\Enterprise\VC\Tools\Llvm\x64\bin;C:\Program Files (x86)\Windows Kits\10\bin\10.0.26100.0\\x64;C:\Program Files (x86)\Windows Kits\10\bin\\x64;C:\Program Files\Microsoft Visual Studio\2022\Enterprise\\MSBuild\Current\Bin\amd64;C:\Windows\Microsoft.NET\Framework64\v4.0.30319;C:\Program Files\Microsoft Visual Studio\2022\Enterprise\Common7\IDE\;C:\Program Files\Microsoft Visual Studio\2022\Enterprise\Common7\Tools\;C:\Program Files\MongoDB\Server\7.0\bin;C:\vcpkg;C:\tools\zstd;C:\hostedtoolcache\windows\stack\3.7.1\x64;C:\cabal\bin;C:\\ghcup\bin;C:\mingw64\bin;C:\Program Files\dotnet;C:\Program Files\MySQL\MySQL Server 8.0\bin;C:\Program Files\R\R-4.5.1\bin\x64;C:\SeleniumWebDrivers\GeckoDriver;C:\SeleniumWebDrivers\EdgeDriver\;C:\SeleniumWebDrivers\ChromeDriver;C:\Program Files (x86)\sbt\bin;C:\Program Files (x86)\GitHub CLI;C:\Program Files\Git\bin;C:\Program Files (x86)\pipx_bin;C:\npm\prefix;C:\hostedtoolcache\windows\go\1.24.9\x64\bin;C:\hostedtoolcache\windows\Python\3.9.13\x64\Scripts;C:\hostedtoolcache\windows\Python\3.9.13\x64;C:\hostedtoolcache\windows\Ruby\3.3.9\x64\bin;C:\Program Files\OpenSSL\bin;C:\tools\kotlinc\bin;C:\hostedtoolcache\windows\Java_Temurin-Hotspot_jdk\17.0.16-8\x64\bin;C:\Program Files\ImageMagick-7.1.2-Q16-HDRI;C:\Program Files\Microsoft SDKs\Azure\CLI2\wbin;C:\ProgramData\kind;C:\ProgramData\Chocolatey\bin;C:\Windows\system32;C:\Windows;C:\Windows\System32\Wbem;C:\Windows\System32\WindowsPowerShell\v1.0\;C:\Windows\System32\OpenSSH\;C:\Program Files\PowerShell\7\;C:\Program Files\Microsoft\Web Platform Installer\;C:\Program Files\Microsoft SQL Server\Client SDK\ODBC\170\Tools\Binn\;C:\Program Files\Microsoft SQL Server\150\Tools\Binn\;C:\Program Files\dotnet\;C:\Program Files (x86)\Windows Kits\10\Windows Performance Toolkit\;C:\Program Files (x86)\WiX Toolset v3.14\bin;C:\Program Files\Microsoft SQL Server\130\DTS\Binn\;C:\Program Files\Microsoft SQL Server\140\DTS\Binn\;C:\Program Files\Microsoft SQL Server\150\DTS\Binn\;C:\Program Files\Microsoft SQL Server\160\DTS\Binn\;C:\Program Files\Microsoft SQL Server\170\DTS\Binn\;C:\ProgramData\chocolatey\lib\pulumi\tools\Pulumi\bin;C:\Program Files\CMake\bin;C:\Strawberry\c\bin;C:\Strawberry\perl\site\bin;C:\Strawberry\perl\bin;C:\ProgramData\chocolatey\lib\maven\apache-maven-3.9.11\bin;C:\Program Files\Microsoft Service Fabric\bin\Fabric\Fabric.Code;C:\Program Files\Microsoft SDKs\Service Fabric\Tools\ServiceFabricLocalClusterManager;C:\Program Files\nodejs\;C:\Program Files\Git\cmd;C:\Program Files\Git\mingw64\bin;C:\Program Files\Git\usr\bin;C:\Program Files\GitHub CLI\;c:\tools\php;C:\Program Files\Amazon\AWSCLIV2\;C:\Program Files\Amazon\SessionManagerPlugin\bin\;C:\Program Files\Amazon\AWSSAMCLI\bin\;C:\Program Files\Microsoft SQL Server\130\Tools\Binn\;C:\Program Files\mongosh\;C:\Program Files\LLVM\bin;C:\Program Files (x86)\LLVM\bin;C:\Users\runneradmin\.dotnet\tools;C:\Users\runneradmin\.cargo\bin;C:\Users\runneradmin\AppData\Local\Microsoft\WindowsApps;C:\Program Files (x86)\Microsoft Visual Studio\Installer;C:\Program Files\Microsoft Visual Studio\2022\Enterprise\Common7\IDE\CommonExtensions\Microsoft\CMake\CMake\bin;C:\Program Files\Microsoft Visual Studio\2022\Enterprise\Common7\IDE\CommonExtensions\Microsoft\CMake\Ninja;C:\Program Files\Microsoft Visual Studio\2022\Enterprise\Common7\IDE\VC\Linux\bin\ConnectionManagerExe;C:\Program Files\Microsoft Visual Studio\2022\Enterprise\VC\vcpkg
2025-11-01T01:15:19.2354100Z   Platform: x64
2025-11-01T01:15:19.2354277Z   UCRTVersion: 10.0.26100.0
2025-11-01T01:15:19.2354557Z   UniversalCRTSdkDir: C:\Program Files (x86)\Windows Kits\10\
2025-11-01T01:15:19.2355186Z   VCIDEInstallDir: C:\Program Files\Microsoft Visual Studio\2022\Enterprise\Common7\IDE\VC\
2025-11-01T01:15:19.2355671Z   VCINSTALLDIR: C:\Program Files\Microsoft Visual Studio\2022\Enterprise\VC\
2025-11-01T01:15:19.2356101Z   VCPKG_ROOT: C:\Program Files\Microsoft Visual Studio\2022\Enterprise\VC\vcpkg
2025-11-01T01:15:19.2356601Z   VCToolsInstallDir: C:\Program Files\Microsoft Visual Studio\2022\Enterprise\VC\Tools\MSVC\14.44.35207\
2025-11-01T01:15:19.2357195Z   VCToolsRedistDir: C:\Program Files\Microsoft Visual Studio\2022\Enterprise\VC\Redist\MSVC\14.44.35112\
2025-11-01T01:15:19.2357603Z   VCToolsVersion: 14.44.35207
2025-11-01T01:15:19.2357823Z   VisualStudioVersion: 17.0
2025-11-01T01:15:19.2358173Z   VS170COMNTOOLS: C:\Program Files\Microsoft Visual Studio\2022\Enterprise\Common7\Tools\
2025-11-01T01:15:19.2358542Z   VSCMD_ARG_app_plat: Desktop
2025-11-01T01:15:19.2358761Z   VSCMD_ARG_HOST_ARCH: x64
2025-11-01T01:15:19.2358951Z   VSCMD_ARG_TGT_ARCH: x64
2025-11-01T01:15:19.2359134Z   VSCMD_VER: 17.14.18
2025-11-01T01:15:19.2359419Z   VSINSTALLDIR: C:\Program Files\Microsoft Visual Studio\2022\Enterprise\
2025-11-01T01:15:19.2359860Z   VSSDK150INSTALL: C:\Program Files\Microsoft Visual Studio\2022\Enterprise\VSSDK
2025-11-01T01:15:19.2360308Z   VSSDKINSTALL: C:\Program Files\Microsoft Visual Studio\2022\Enterprise\VSSDK
2025-11-01T01:15:19.2360906Z   WindowsLibPath: C:\Program Files (x86)\Windows Kits\10\UnionMetadata\10.0.26100.0;C:\Program Files (x86)\Windows Kits\10\References\10.0.26100.0
2025-11-01T01:15:19.2361475Z   WindowsSdkBinPath: C:\Program Files (x86)\Windows Kits\10\bin\
2025-11-01T01:15:19.2361823Z   WindowsSdkDir: C:\Program Files (x86)\Windows Kits\10\
2025-11-01T01:15:19.2362106Z   WindowsSDKLibVersion: 10.0.26100.0\
2025-11-01T01:15:19.2362439Z   WindowsSdkVerBinPath: C:\Program Files (x86)\Windows Kits\10\bin\10.0.26100.0\
2025-11-01T01:15:19.2362774Z   WindowsSDKVersion: 10.0.26100.0\
2025-11-01T01:15:19.2363175Z   WindowsSDK_ExecutablePath_x64: C:\Program Files (x86)\Microsoft SDKs\Windows\v10.0A\bin\NETFX 4.8 Tools\x64\
2025-11-01T01:15:19.2363763Z   WindowsSDK_ExecutablePath_x86: C:\Program Files (x86)\Microsoft SDKs\Windows\v10.0A\bin\NETFX 4.8 Tools\
2025-11-01T01:15:19.2364166Z   __DOTNET_ADD_64BIT: 1
2025-11-01T01:15:19.2364353Z   __DOTNET_PREFERRED_BITNESS: 64
2025-11-01T01:15:19.2371745Z   __VSCMD_PREINIT_PATH: C:\Program Files\MongoDB\Server\7.0\bin;C:\vcpkg;C:\tools\zstd;C:\hostedtoolcache\windows\stack\3.7.1\x64;C:\cabal\bin;C:\\ghcup\bin;C:\mingw64\bin;C:\Program Files\dotnet;C:\Program Files\MySQL\MySQL Server 8.0\bin;C:\Program Files\R\R-4.5.1\bin\x64;C:\SeleniumWebDrivers\GeckoDriver;C:\SeleniumWebDrivers\EdgeDriver\;C:\SeleniumWebDrivers\ChromeDriver;C:\Program Files (x86)\sbt\bin;C:\Program Files (x86)\GitHub CLI;C:\Program Files\Git\bin;C:\Program Files (x86)\pipx_bin;C:\npm\prefix;C:\hostedtoolcache\windows\go\1.24.9\x64\bin;C:\hostedtoolcache\windows\Python\3.9.13\x64\Scripts;C:\hostedtoolcache\windows\Python\3.9.13\x64;C:\hostedtoolcache\windows\Ruby\3.3.9\x64\bin;C:\Program Files\OpenSSL\bin;C:\tools\kotlinc\bin;C:\hostedtoolcache\windows\Java_Temurin-Hotspot_jdk\17.0.16-8\x64\bin;C:\Program Files\ImageMagick-7.1.2-Q16-HDRI;C:\Program Files\Microsoft SDKs\Azure\CLI2\wbin;C:\ProgramData\kind;C:\ProgramData\Chocolatey\bin;C:\Windows\system32;C:\Windows;C:\Windows\System32\Wbem;C:\Windows\System32\WindowsPowerShell\v1.0\;C:\Windows\System32\OpenSSH\;C:\Program Files\PowerShell\7\;C:\Program Files\Microsoft\Web Platform Installer\;C:\Program Files\Microsoft SQL Server\Client SDK\ODBC\170\Tools\Binn\;C:\Program Files\Microsoft SQL Server\150\Tools\Binn\;C:\Program Files\dotnet\;C:\Program Files (x86)\Windows Kits\10\Windows Performance Toolkit\;C:\Program Files (x86)\WiX Toolset v3.14\bin;C:\Program Files\Microsoft SQL Server\130\DTS\Binn\;C:\Program Files\Microsoft SQL Server\140\DTS\Binn\;C:\Program Files\Microsoft SQL Server\150\DTS\Binn\;C:\Program Files\Microsoft SQL Server\160\DTS\Binn\;C:\Program Files\Microsoft SQL Server\170\DTS\Binn\;C:\ProgramData\chocolatey\lib\pulumi\tools\Pulumi\bin;C:\Program Files\CMake\bin;C:\Strawberry\c\bin;C:\Strawberry\perl\site\bin;C:\Strawberry\perl\bin;C:\ProgramData\chocolatey\lib\maven\apache-maven-3.9.11\bin;C:\Program Files\Microsoft Service Fabric\bin\Fabric\Fabric.Code;C:\Program Files\Microsoft SDKs\Service Fabric\Tools\ServiceFabricLocalClusterManager;C:\Program Files\nodejs\;C:\Program Files\Git\cmd;C:\Program Files\Git\mingw64\bin;C:\Program Files\Git\usr\bin;C:\Program Files\GitHub CLI\;c:\tools\php;C:\Program Files (x86)\sbt\bin;C:\Program Files\Amazon\AWSCLIV2\;C:\Program Files\Amazon\SessionManagerPlugin\bin\;C:\Program Files\Amazon\AWSSAMCLI\bin\;C:\Program Files\Microsoft SQL Server\130\Tools\Binn\;C:\Program Files\mongosh\;C:\Program Files\LLVM\bin;C:\Program Files (x86)\LLVM\bin;C:\Users\runneradmin\.dotnet\tools;C:\Users\runneradmin\.cargo\bin;C:\Users\runneradmin\AppData\Local\Microsoft\WindowsApps;C:\Program Files (x86)\Microsoft Visual Studio\Installer
2025-11-01T01:15:19.2379552Z   VERSION_BASE: 1.1.16
2025-11-01T01:15:19.2379737Z   VERSION_SEMVER: 1.1.16
2025-11-01T01:15:19.2379922Z   VERSION_TAG: v1.1.16
2025-11-01T01:15:19.2380104Z ##[endgroup]
2025-11-01T01:15:19.2584194Z Using provided version: 
2025-11-01T01:15:19.2595885Z Building fontlift 1.1.16...
2025-11-01T01:15:26.3499960Z not was unexpected at this time.
2025-11-01T01:15:26.3530008Z ##[error]Process completed with exit code 255.
2025-11-01T01:15:26.3737972Z Post job cleanup.
2025-11-01T01:15:26.6423998Z [command]"C:\Program Files\Git\bin\git.exe" version
2025-11-01T01:15:26.6701187Z git version 2.51.1.windows.1
2025-11-01T01:15:26.6776923Z Temporarily overriding HOME='D:\a\_temp\db26cc6b-d5c3-4f0c-bdbe-1dc9089ef166' before making global git config changes
2025-11-01T01:15:26.6777791Z Adding repository directory to the temporary git global config as a safe directory
2025-11-01T01:15:26.6789912Z [command]"C:\Program Files\Git\bin\git.exe" config --global --add safe.directory D:\a\fontlift-win-cli\fontlift-win-cli
2025-11-01T01:15:26.7110473Z [command]"C:\Program Files\Git\bin\git.exe" config --local --name-only --get-regexp core\.sshCommand
2025-11-01T01:15:26.7423745Z [command]"C:\Program Files\Git\bin\git.exe" submodule foreach --recursive "sh -c \"git config --local --name-only --get-regexp 'core\.sshCommand' && git config --local --unset-all 'core.sshCommand' || :\""
2025-11-01T01:15:27.3451451Z [command]"C:\Program Files\Git\bin\git.exe" config --local --name-only --get-regexp http\.https\:\/\/github\.com\/\.extraheader
2025-11-01T01:15:27.3723062Z http.https://github.com/.extraheader
2025-11-01T01:15:27.3769308Z [command]"C:\Program Files\Git\bin\git.exe" config --local --unset-all http.https://github.com/.extraheader
2025-11-01T01:15:27.4079903Z [command]"C:\Program Files\Git\bin\git.exe" submodule foreach --recursive "sh -c \"git config --local --name-only --get-regexp 'http\.https\:\/\/github\.com\/\.extraheader' && git config --local --unset-all 'http.https://github.com/.extraheader' || :\""
2025-11-01T01:15:27.9757729Z Cleaning up orphan processes
