2025-11-01T00:24:46.3643931Z Current runner version: '2.329.0'
2025-11-01T00:24:46.3668099Z ##[group]Runner Image Provisioner
2025-11-01T00:24:46.3668892Z Hosted Compute Agent
2025-11-01T00:24:46.3669351Z Version: 20251016.436
2025-11-01T00:24:46.3669865Z Commit: 8ab8ac8bfd662a3739dab9fe09456aba92132568
2025-11-01T00:24:46.3670474Z Build Date: 2025-10-15T20:44:12Z
2025-11-01T00:24:46.3671446Z ##[endgroup]
2025-11-01T00:24:46.3671883Z ##[group]Operating System
2025-11-01T00:24:46.3672506Z Microsoft Windows Server 2025
2025-11-01T00:24:46.3672999Z 10.0.26100
2025-11-01T00:24:46.3673410Z Datacenter
2025-11-01T00:24:46.3673766Z ##[endgroup]
2025-11-01T00:24:46.3674213Z ##[group]Runner Image
2025-11-01T00:24:46.3674672Z Image: windows-2025
2025-11-01T00:24:46.3675058Z Version: 20251021.67.1
2025-11-01T00:24:46.3676002Z Included Software: https://github.com/actions/runner-images/blob/win25/20251021.67/images/windows/Windows2025-Readme.md
2025-11-01T00:24:46.3677601Z Image Release: https://github.com/actions/runner-images/releases/tag/win25%2F20251021.67
2025-11-01T00:24:46.3678479Z ##[endgroup]
2025-11-01T00:24:46.3679348Z ##[group]GITHUB_TOKEN Permissions
2025-11-01T00:24:46.3681099Z Contents: write
2025-11-01T00:24:46.3681554Z Metadata: read
2025-11-01T00:24:46.3681932Z ##[endgroup]
2025-11-01T00:24:46.3683942Z Secret source: Actions
2025-11-01T00:24:46.3684506Z Prepare workflow directory
2025-11-01T00:24:46.4030249Z Prepare all required actions
2025-11-01T00:24:46.4071489Z Getting action download info
2025-11-01T00:24:46.7434165Z Download action repository 'actions/checkout@v4' (SHA:08eba0b27e820071cde6df949e0beb9ba4906955)
2025-11-01T00:24:46.8534256Z Download action repository 'ilammy/msvc-dev-cmd@v1' (SHA:0b201ec74fa43914dc39ae48a89fd1d8cb592756)
2025-11-01T00:24:47.4745044Z Download action repository 'softprops/action-gh-release@v1' (SHA:de2c0eb89ae2a093876385947365aca7b0e5f844)
2025-11-01T00:24:48.1197819Z Complete job name: release
2025-11-01T00:24:48.2412098Z ##[group]Run actions/checkout@v4
2025-11-01T00:24:48.2413139Z with:
2025-11-01T00:24:48.2413477Z   fetch-depth: 0
2025-11-01T00:24:48.2413860Z   repository: fontlaborg/fontlift-win-cli
2025-11-01T00:24:48.2414545Z   token: ***
2025-11-01T00:24:48.2414840Z   ssh-strict: true
2025-11-01T00:24:48.2415189Z   ssh-user: git
2025-11-01T00:24:48.2415538Z   persist-credentials: true
2025-11-01T00:24:48.2415910Z   clean: true
2025-11-01T00:24:48.2416265Z   sparse-checkout-cone-mode: true
2025-11-01T00:24:48.2416628Z   fetch-tags: false
2025-11-01T00:24:48.2416973Z   show-progress: true
2025-11-01T00:24:48.2417270Z   lfs: false
2025-11-01T00:24:48.2417609Z   submodules: false
2025-11-01T00:24:48.2417928Z   set-safe-directory: true
2025-11-01T00:24:48.2418561Z ##[endgroup]
2025-11-01T00:24:48.4032722Z Syncing repository: fontlaborg/fontlift-win-cli
2025-11-01T00:24:48.4034446Z ##[group]Getting Git version info
2025-11-01T00:24:48.4035158Z Working directory is 'D:\a\fontlift-win-cli\fontlift-win-cli'
2025-11-01T00:24:48.4885100Z [command]"C:\Program Files\Git\bin\git.exe" version
2025-11-01T00:24:48.6389194Z git version 2.51.1.windows.1
2025-11-01T00:24:48.6438997Z ##[endgroup]
2025-11-01T00:24:48.6457842Z Temporarily overriding HOME='D:\a\_temp\c20f9a59-bd69-487c-9afb-b3dc6df55548' before making global git config changes
2025-11-01T00:24:48.6458726Z Adding repository directory to the temporary git global config as a safe directory
2025-11-01T00:24:48.6468824Z [command]"C:\Program Files\Git\bin\git.exe" config --global --add safe.directory D:\a\fontlift-win-cli\fontlift-win-cli
2025-11-01T00:24:48.6764260Z Deleting the contents of 'D:\a\fontlift-win-cli\fontlift-win-cli'
2025-11-01T00:24:48.6770766Z ##[group]Initializing the repository
2025-11-01T00:24:48.6780473Z [command]"C:\Program Files\Git\bin\git.exe" init D:\a\fontlift-win-cli\fontlift-win-cli
2025-11-01T00:24:48.7220177Z Initialized empty Git repository in D:/a/fontlift-win-cli/fontlift-win-cli/.git/
2025-11-01T00:24:48.7270714Z [command]"C:\Program Files\Git\bin\git.exe" remote add origin https://github.com/fontlaborg/fontlift-win-cli
2025-11-01T00:24:48.7580967Z ##[endgroup]
2025-11-01T00:24:48.7581714Z ##[group]Disabling automatic garbage collection
2025-11-01T00:24:48.7591475Z [command]"C:\Program Files\Git\bin\git.exe" config --local gc.auto 0
2025-11-01T00:24:48.7903526Z ##[endgroup]
2025-11-01T00:24:48.7904181Z ##[group]Setting up auth
2025-11-01T00:24:48.7904867Z [command]"C:\Program Files\Git\bin\git.exe" config --local --name-only --get-regexp core\.sshCommand
2025-11-01T00:24:48.8215106Z [command]"C:\Program Files\Git\bin\git.exe" submodule foreach --recursive "sh -c \"git config --local --name-only --get-regexp 'core\.sshCommand' && git config --local --unset-all 'core.sshCommand' || :\""
2025-11-01T00:24:49.6887323Z [command]"C:\Program Files\Git\bin\git.exe" config --local --name-only --get-regexp http\.https\:\/\/github\.com\/\.extraheader
2025-11-01T00:24:49.7192043Z [command]"C:\Program Files\Git\bin\git.exe" submodule foreach --recursive "sh -c \"git config --local --name-only --get-regexp 'http\.https\:\/\/github\.com\/\.extraheader' && git config --local --unset-all 'http.https://github.com/.extraheader' || :\""
2025-11-01T00:24:50.2619697Z [command]"C:\Program Files\Git\bin\git.exe" config --local http.https://github.com/.extraheader "AUTHORIZATION: basic ***"
2025-11-01T00:24:50.2930806Z ##[endgroup]
2025-11-01T00:24:50.2931681Z ##[group]Fetching the repository
2025-11-01T00:24:50.2945601Z [command]"C:\Program Files\Git\bin\git.exe" -c protocol.version=2 fetch --prune --no-recurse-submodules origin +refs/heads/*:refs/remotes/origin/* +refs/tags/*:refs/tags/*
2025-11-01T00:24:51.3507838Z From https://github.com/fontlaborg/fontlift-win-cli
2025-11-01T00:24:51.3508561Z  * [new branch]      main       -> origin/main
2025-11-01T00:24:51.3508985Z  * [new tag]         v0.1.0     -> v0.1.0
2025-11-01T00:24:51.3509300Z  * [new tag]         v1.0.0     -> v1.0.0
2025-11-01T00:24:51.3511538Z  * [new tag]         v1.1.0     -> v1.1.0
2025-11-01T00:24:51.3512037Z  * [new tag]         v1.1.1     -> v1.1.1
2025-11-01T00:24:51.3512320Z  * [new tag]         v1.1.2     -> v1.1.2
2025-11-01T00:24:51.3512639Z  * [new tag]         v1.1.3     -> v1.1.3
2025-11-01T00:24:51.3512944Z  * [new tag]         v1.1.4     -> v1.1.4
2025-11-01T00:24:51.3513235Z  * [new tag]         v1.1.5     -> v1.1.5
2025-11-01T00:24:51.3700418Z [command]"C:\Program Files\Git\bin\git.exe" tag --list v1.1.5
2025-11-01T00:24:51.3951902Z v1.1.5
2025-11-01T00:24:51.3997130Z [command]"C:\Program Files\Git\bin\git.exe" rev-parse refs/tags/v1.1.5
2025-11-01T00:24:51.4247004Z 8607779b8dfb7253103a622e7962c9a8c80177b2
2025-11-01T00:24:51.4283882Z ##[endgroup]
2025-11-01T00:24:51.4284340Z ##[group]Determining the checkout info
2025-11-01T00:24:51.4284904Z ##[endgroup]
2025-11-01T00:24:51.4295501Z [command]"C:\Program Files\Git\bin\git.exe" sparse-checkout disable
2025-11-01T00:24:51.4611390Z [command]"C:\Program Files\Git\bin\git.exe" config --local --unset-all extensions.worktreeConfig
2025-11-01T00:24:51.4897384Z ##[group]Checking out the ref
2025-11-01T00:24:51.4907609Z [command]"C:\Program Files\Git\bin\git.exe" checkout --progress --force refs/tags/v1.1.5
2025-11-01T00:24:51.5372616Z Note: switching to 'refs/tags/v1.1.5'.
2025-11-01T00:24:51.5374083Z 
2025-11-01T00:24:51.5374601Z You are in 'detached HEAD' state. You can look around, make experimental
2025-11-01T00:24:51.5375196Z changes and commit them, and you can discard any commits you make in this
2025-11-01T00:24:51.5375691Z state without impacting any branches by switching back to a branch.
2025-11-01T00:24:51.5375995Z 
2025-11-01T00:24:51.5376187Z If you want to create a new branch to retain commits you create, you may
2025-11-01T00:24:51.5376646Z do so (now or later) by using -c with the switch command. Example:
2025-11-01T00:24:51.5376939Z 
2025-11-01T00:24:51.5377063Z   git switch -c <new-branch-name>
2025-11-01T00:24:51.5377248Z 
2025-11-01T00:24:51.5377436Z Or undo this operation with:
2025-11-01T00:24:51.5377592Z 
2025-11-01T00:24:51.5378437Z   git switch -
2025-11-01T00:24:51.5378626Z 
2025-11-01T00:24:51.5378836Z Turn off this advice by setting config variable advice.detachedHead to false
2025-11-01T00:24:51.5379121Z 
2025-11-01T00:24:51.5379274Z HEAD is now at 8607779 v1.1.5
2025-11-01T00:24:51.5411459Z ##[endgroup]
2025-11-01T00:24:51.5735644Z [command]"C:\Program Files\Git\bin\git.exe" log -1 --format=%H
2025-11-01T00:24:51.6076533Z 8607779b8dfb7253103a622e7962c9a8c80177b2
2025-11-01T00:24:51.6453330Z ##[group]Run ilammy/msvc-dev-cmd@v1
2025-11-01T00:24:51.6453635Z with:
2025-11-01T00:24:51.6453802Z   arch: x64
2025-11-01T00:24:51.6453952Z ##[endgroup]
2025-11-01T00:24:52.0935057Z Found with vswhere: C:\Program Files\Microsoft Visual Studio\2022\Enterprise\VC\Auxiliary\Build\vcvarsall.bat
2025-11-01T00:24:59.2696499Z ##[group]Environment variables
2025-11-01T00:24:59.2696951Z Setting CommandPromptType
2025-11-01T00:24:59.2711052Z Setting DevEnvDir
2025-11-01T00:24:59.2715015Z Setting ExtensionSdkDir
2025-11-01T00:24:59.2718117Z Setting EXTERNAL_INCLUDE
2025-11-01T00:24:59.2726491Z Setting Framework40Version
2025-11-01T00:24:59.2729379Z Setting FrameworkDir
2025-11-01T00:24:59.2732026Z Setting FrameworkDir64
2025-11-01T00:24:59.2735686Z Setting FrameworkVersion
2025-11-01T00:24:59.2738850Z Setting FrameworkVersion64
2025-11-01T00:24:59.2742454Z Setting FSHARPINSTALLDIR
2025-11-01T00:24:59.2745744Z Setting HTMLHelpDir
2025-11-01T00:24:59.2748346Z Setting IFCPATH
2025-11-01T00:24:59.2751628Z Setting INCLUDE
2025-11-01T00:24:59.2756356Z Setting is_x64_arch
2025-11-01T00:24:59.2759470Z Setting LIB
2025-11-01T00:24:59.2762171Z Setting LIBPATH
2025-11-01T00:24:59.2772962Z Setting NETFXSDKDir
2025-11-01T00:24:59.2777249Z Setting Path
2025-11-01T00:24:59.2781510Z Setting Platform
2025-11-01T00:24:59.2784494Z Setting UCRTVersion
2025-11-01T00:24:59.2787489Z Setting UniversalCRTSdkDir
2025-11-01T00:24:59.2790577Z Setting VCIDEInstallDir
2025-11-01T00:24:59.2796304Z Setting VCINSTALLDIR
2025-11-01T00:24:59.2797753Z Setting VCPKG_ROOT
2025-11-01T00:24:59.2801282Z Setting VCToolsInstallDir
2025-11-01T00:24:59.2804517Z Setting VCToolsRedistDir
2025-11-01T00:24:59.2807432Z Setting VCToolsVersion
2025-11-01T00:24:59.2810348Z Setting VisualStudioVersion
2025-11-01T00:24:59.2813244Z Setting VS170COMNTOOLS
2025-11-01T00:24:59.2816574Z Setting VSCMD_ARG_app_plat
2025-11-01T00:24:59.2819505Z Setting VSCMD_ARG_HOST_ARCH
2025-11-01T00:24:59.2822425Z Setting VSCMD_ARG_TGT_ARCH
2025-11-01T00:24:59.2825297Z Setting VSCMD_VER
2025-11-01T00:24:59.2828656Z Setting VSINSTALLDIR
2025-11-01T00:24:59.2831512Z Setting VSSDK150INSTALL
2025-11-01T00:24:59.2834354Z Setting VSSDKINSTALL
2025-11-01T00:24:59.2837498Z Setting WindowsLibPath
2025-11-01T00:24:59.2840706Z Setting WindowsSdkBinPath
2025-11-01T00:24:59.2843672Z Setting WindowsSdkDir
2025-11-01T00:24:59.2846815Z Setting WindowsSDKLibVersion
2025-11-01T00:24:59.2848972Z Setting WindowsSdkVerBinPath
2025-11-01T00:24:59.2851062Z Setting WindowsSDKVersion
2025-11-01T00:24:59.2853037Z Setting WindowsSDK_ExecutablePath_x64
2025-11-01T00:24:59.2854908Z Setting WindowsSDK_ExecutablePath_x86
2025-11-01T00:24:59.2857150Z Setting __DOTNET_ADD_64BIT
2025-11-01T00:24:59.2859259Z Setting __DOTNET_PREFERRED_BITNESS
2025-11-01T00:24:59.2861190Z Setting __VSCMD_PREINIT_PATH
2025-11-01T00:24:59.2864743Z ##[endgroup]
2025-11-01T00:24:59.2865017Z Configured Developer Command Prompt
2025-11-01T00:24:59.3094179Z ##[group]Run $ref = $env:GITHUB_REF_NAME
2025-11-01T00:24:59.3094572Z [36;1m$ref = $env:GITHUB_REF_NAME[0m
2025-11-01T00:24:59.3095098Z [36;1mif ($ref.StartsWith('v')) {[0m
2025-11-01T00:24:59.3095385Z [36;1m  $ref = $ref.Substring(1)[0m
2025-11-01T00:24:59.3095580Z [36;1m}[0m
2025-11-01T00:24:59.3095878Z [36;1m$json = & scripts/get-version.ps1 -Version $ref -Format Json[0m
2025-11-01T00:24:59.3096177Z [36;1m$info = $json | ConvertFrom-Json[0m
2025-11-01T00:24:59.3096545Z [36;1m"VERSION_BASE=$($info.base)" | Out-File -FilePath $env:GITHUB_ENV -Append -Encoding utf8[0m
2025-11-01T00:24:59.3097327Z [36;1m"VERSION_SEMVER=$($info.semver)" | Out-File -FilePath $env:GITHUB_ENV -Append -Encoding utf8[0m
2025-11-01T00:24:59.3097838Z [36;1m"VERSION_TAG=$($info.tag)" | Out-File -FilePath $env:GITHUB_ENV -Append -Encoding utf8[0m
2025-11-01T00:24:59.3098224Z [36;1mWrite-Host "Building release for $($info.semver)"[0m
2025-11-01T00:24:59.3161012Z shell: C:\Program Files\PowerShell\7\pwsh.EXE -command ". '{0}'"
2025-11-01T00:24:59.3161328Z env:
2025-11-01T00:24:59.3161497Z   CommandPromptType: Native
2025-11-01T00:24:59.3161823Z   DevEnvDir: C:\Program Files\Microsoft Visual Studio\2022\Enterprise\Common7\IDE\
2025-11-01T00:24:59.3162274Z   ExtensionSdkDir: C:\Program Files (x86)\Microsoft SDKs\Windows Kits\10\ExtensionSDKs
2025-11-01T00:24:59.3164212Z   EXTERNAL_INCLUDE: C:\Program Files\Microsoft Visual Studio\2022\Enterprise\VC\Tools\MSVC\14.44.35207\include;C:\Program Files\Microsoft Visual Studio\2022\Enterprise\VC\Tools\MSVC\14.44.35207\ATLMFC\include;C:\Program Files\Microsoft Visual Studio\2022\Enterprise\VC\Auxiliary\VS\include;C:\Program Files (x86)\Windows Kits\10\include\10.0.26100.0\ucrt;C:\Program Files (x86)\Windows Kits\10\\include\10.0.26100.0\\um;C:\Program Files (x86)\Windows Kits\10\\include\10.0.26100.0\\shared;C:\Program Files (x86)\Windows Kits\10\\include\10.0.26100.0\\winrt;C:\Program Files (x86)\Windows Kits\10\\include\10.0.26100.0\\cppwinrt;C:\Program Files (x86)\Windows Kits\NETFXSDK\4.8\include\um
2025-11-01T00:24:59.3166017Z   Framework40Version: v4.0
2025-11-01T00:24:59.3166259Z   FrameworkDir: C:\Windows\Microsoft.NET\Framework64\
2025-11-01T00:24:59.3166553Z   FrameworkDir64: C:\Windows\Microsoft.NET\Framework64\
2025-11-01T00:24:59.3166816Z   FrameworkVersion: v4.0.30319
2025-11-01T00:24:59.3167015Z   FrameworkVersion64: v4.0.30319
2025-11-01T00:24:59.3167471Z   FSHARPINSTALLDIR: C:\Program Files\Microsoft Visual Studio\2022\Enterprise\Common7\IDE\CommonExtensions\Microsoft\FSharp\Tools
2025-11-01T00:24:59.3168010Z   HTMLHelpDir: C:\Program Files (x86)\HTML Help Workshop
2025-11-01T00:24:59.3168415Z   IFCPATH: C:\Program Files\Microsoft Visual Studio\2022\Enterprise\VC\Tools\MSVC\14.44.35207\ifc\x64
2025-11-01T00:24:59.3170305Z   INCLUDE: C:\Program Files\Microsoft Visual Studio\2022\Enterprise\VC\Tools\MSVC\14.44.35207\include;C:\Program Files\Microsoft Visual Studio\2022\Enterprise\VC\Tools\MSVC\14.44.35207\ATLMFC\include;C:\Program Files\Microsoft Visual Studio\2022\Enterprise\VC\Auxiliary\VS\include;C:\Program Files (x86)\Windows Kits\10\include\10.0.26100.0\ucrt;C:\Program Files (x86)\Windows Kits\10\\include\10.0.26100.0\\um;C:\Program Files (x86)\Windows Kits\10\\include\10.0.26100.0\\shared;C:\Program Files (x86)\Windows Kits\10\\include\10.0.26100.0\\winrt;C:\Program Files (x86)\Windows Kits\10\\include\10.0.26100.0\\cppwinrt;C:\Program Files (x86)\Windows Kits\NETFXSDK\4.8\include\um
2025-11-01T00:24:59.3172033Z   is_x64_arch: true
2025-11-01T00:24:59.3173027Z   LIB: C:\Program Files\Microsoft Visual Studio\2022\Enterprise\VC\Tools\MSVC\14.44.35207\ATLMFC\lib\x64;C:\Program Files\Microsoft Visual Studio\2022\Enterprise\VC\Tools\MSVC\14.44.35207\lib\x64;C:\Program Files (x86)\Windows Kits\NETFXSDK\4.8\lib\um\x64;C:\Program Files (x86)\Windows Kits\10\lib\10.0.26100.0\ucrt\x64;C:\Program Files (x86)\Windows Kits\10\\lib\10.0.26100.0\\um\x64
2025-11-01T00:24:59.3177422Z   LIBPATH: C:\Program Files\Microsoft Visual Studio\2022\Enterprise\VC\Tools\MSVC\14.44.35207\ATLMFC\lib\x64;C:\Program Files\Microsoft Visual Studio\2022\Enterprise\VC\Tools\MSVC\14.44.35207\lib\x64;C:\Program Files\Microsoft Visual Studio\2022\Enterprise\VC\Tools\MSVC\14.44.35207\lib\x86\store\references;C:\Program Files (x86)\Windows Kits\10\UnionMetadata\10.0.26100.0;C:\Program Files (x86)\Windows Kits\10\References\10.0.26100.0;C:\Windows\Microsoft.NET\Framework64\v4.0.30319
2025-11-01T00:24:59.3178850Z   NETFXSDKDir: C:\Program Files (x86)\Windows Kits\NETFXSDK\4.8\
2025-11-01T00:24:59.3193647Z   Path: C:\Program Files\Microsoft Visual Studio\2022\Enterprise\VC\Tools\MSVC\14.44.35207\bin\HostX64\x64;C:\Program Files\Microsoft Visual Studio\2022\Enterprise\Common7\IDE\VC\VCPackages;C:\Program Files\Microsoft Visual Studio\2022\Enterprise\Common7\IDE\CommonExtensions\Microsoft\TestWindow;C:\Program Files\Microsoft Visual Studio\2022\Enterprise\Common7\IDE\CommonExtensions\Microsoft\TeamFoundation\Team Explorer;C:\Program Files\Microsoft Visual Studio\2022\Enterprise\MSBuild\Current\bin\Roslyn;C:\Program Files (x86)\Microsoft SDKs\Windows\v10.0A\bin\NETFX 4.8 Tools\x64\;C:\Program Files (x86)\HTML Help Workshop;C:\Program Files\Microsoft Visual Studio\2022\Enterprise\Common7\IDE\CommonExtensions\Microsoft\FSharp\Tools;C:\Program Files\Microsoft Visual Studio\2022\Enterprise\Team Tools\DiagnosticsHub\Collector;C:\Program Files\Microsoft Visual Studio\2022\Enterprise\Common7\IDE\Extensions\Microsoft\CodeCoverage.Console;C:\Program Files\Microsoft Visual Studio\2022\Enterprise\VC\Tools\Llvm\x64\bin;C:\Program Files (x86)\Windows Kits\10\bin\10.0.26100.0\\x64;C:\Program Files (x86)\Windows Kits\10\bin\\x64;C:\Program Files\Microsoft Visual Studio\2022\Enterprise\\MSBuild\Current\Bin\amd64;C:\Windows\Microsoft.NET\Framework64\v4.0.30319;C:\Program Files\Microsoft Visual Studio\2022\Enterprise\Common7\IDE\;C:\Program Files\Microsoft Visual Studio\2022\Enterprise\Common7\Tools\;C:\Program Files\MongoDB\Server\7.0\bin;C:\vcpkg;C:\tools\zstd;C:\hostedtoolcache\windows\stack\3.7.1\x64;C:\cabal\bin;C:\\ghcup\bin;C:\mingw64\bin;C:\Program Files\dotnet;C:\Program Files\MySQL\MySQL Server 8.0\bin;C:\Program Files\R\R-4.5.1\bin\x64;C:\SeleniumWebDrivers\GeckoDriver;C:\SeleniumWebDrivers\EdgeDriver\;C:\SeleniumWebDrivers\ChromeDriver;C:\Program Files (x86)\sbt\bin;C:\Program Files (x86)\GitHub CLI;C:\Program Files\Git\bin;C:\Program Files (x86)\pipx_bin;C:\npm\prefix;C:\hostedtoolcache\windows\go\1.24.9\x64\bin;C:\hostedtoolcache\windows\Python\3.9.13\x64\Scripts;C:\hostedtoolcache\windows\Python\3.9.13\x64;C:\hostedtoolcache\windows\Ruby\3.3.9\x64\bin;C:\Program Files\OpenSSL\bin;C:\tools\kotlinc\bin;C:\hostedtoolcache\windows\Java_Temurin-Hotspot_jdk\17.0.16-8\x64\bin;C:\Program Files\ImageMagick-7.1.2-Q16-HDRI;C:\Program Files\Microsoft SDKs\Azure\CLI2\wbin;C:\ProgramData\kind;C:\ProgramData\Chocolatey\bin;C:\Windows\system32;C:\Windows;C:\Windows\System32\Wbem;C:\Windows\System32\WindowsPowerShell\v1.0\;C:\Windows\System32\OpenSSH\;C:\Program Files\PowerShell\7\;C:\Program Files\Microsoft\Web Platform Installer\;C:\Program Files\Microsoft SQL Server\Client SDK\ODBC\170\Tools\Binn\;C:\Program Files\Microsoft SQL Server\150\Tools\Binn\;C:\Program Files\dotnet\;C:\Program Files (x86)\Windows Kits\10\Windows Performance Toolkit\;C:\Program Files (x86)\WiX Toolset v3.14\bin;C:\Program Files\Microsoft SQL Server\130\DTS\Binn\;C:\Program Files\Microsoft SQL Server\140\DTS\Binn\;C:\Program Files\Microsoft SQL Server\150\DTS\Binn\;C:\Program Files\Microsoft SQL Server\160\DTS\Binn\;C:\Program Files\Microsoft SQL Server\170\DTS\Binn\;C:\ProgramData\chocolatey\lib\pulumi\tools\Pulumi\bin;C:\Program Files\CMake\bin;C:\Strawberry\c\bin;C:\Strawberry\perl\site\bin;C:\Strawberry\perl\bin;C:\ProgramData\chocolatey\lib\maven\apache-maven-3.9.11\bin;C:\Program Files\Microsoft Service Fabric\bin\Fabric\Fabric.Code;C:\Program Files\Microsoft SDKs\Service Fabric\Tools\ServiceFabricLocalClusterManager;C:\Program Files\nodejs\;C:\Program Files\Git\cmd;C:\Program Files\Git\mingw64\bin;C:\Program Files\Git\usr\bin;C:\Program Files\GitHub CLI\;c:\tools\php;C:\Program Files\Amazon\AWSCLIV2\;C:\Program Files\Amazon\SessionManagerPlugin\bin\;C:\Program Files\Amazon\AWSSAMCLI\bin\;C:\Program Files\Microsoft SQL Server\130\Tools\Binn\;C:\Program Files\mongosh\;C:\Program Files\LLVM\bin;C:\Program Files (x86)\LLVM\bin;C:\Users\runneradmin\.dotnet\tools;C:\Users\runneradmin\.cargo\bin;C:\Users\runneradmin\AppData\Local\Microsoft\WindowsApps;C:\Program Files (x86)\Microsoft Visual Studio\Installer;C:\Program Files\Microsoft Visual Studio\2022\Enterprise\Common7\IDE\CommonExtensions\Microsoft\CMake\CMake\bin;C:\Program Files\Microsoft Visual Studio\2022\Enterprise\Common7\IDE\CommonExtensions\Microsoft\CMake\Ninja;C:\Program Files\Microsoft Visual Studio\2022\Enterprise\Common7\IDE\VC\Linux\bin\ConnectionManagerExe;C:\Program Files\Microsoft Visual Studio\2022\Enterprise\VC\vcpkg
2025-11-01T00:24:59.3207824Z   Platform: x64
2025-11-01T00:24:59.3207982Z   UCRTVersion: 10.0.26100.0
2025-11-01T00:24:59.3208243Z   UniversalCRTSdkDir: C:\Program Files (x86)\Windows Kits\10\
2025-11-01T00:24:59.3208658Z   VCIDEInstallDir: C:\Program Files\Microsoft Visual Studio\2022\Enterprise\Common7\IDE\VC\
2025-11-01T00:24:59.3209117Z   VCINSTALLDIR: C:\Program Files\Microsoft Visual Studio\2022\Enterprise\VC\
2025-11-01T00:24:59.3209530Z   VCPKG_ROOT: C:\Program Files\Microsoft Visual Studio\2022\Enterprise\VC\vcpkg
2025-11-01T00:24:59.3210007Z   VCToolsInstallDir: C:\Program Files\Microsoft Visual Studio\2022\Enterprise\VC\Tools\MSVC\14.44.35207\
2025-11-01T00:24:59.3210577Z   VCToolsRedistDir: C:\Program Files\Microsoft Visual Studio\2022\Enterprise\VC\Redist\MSVC\14.44.35112\
2025-11-01T00:24:59.3210969Z   VCToolsVersion: 14.44.35207
2025-11-01T00:24:59.3211170Z   VisualStudioVersion: 17.0
2025-11-01T00:24:59.3211505Z   VS170COMNTOOLS: C:\Program Files\Microsoft Visual Studio\2022\Enterprise\Common7\Tools\
2025-11-01T00:24:59.3211850Z   VSCMD_ARG_app_plat: Desktop
2025-11-01T00:24:59.3212049Z   VSCMD_ARG_HOST_ARCH: x64
2025-11-01T00:24:59.3212229Z   VSCMD_ARG_TGT_ARCH: x64
2025-11-01T00:24:59.3212404Z   VSCMD_VER: 17.14.18
2025-11-01T00:24:59.3212665Z   VSINSTALLDIR: C:\Program Files\Microsoft Visual Studio\2022\Enterprise\
2025-11-01T00:24:59.3213085Z   VSSDK150INSTALL: C:\Program Files\Microsoft Visual Studio\2022\Enterprise\VSSDK
2025-11-01T00:24:59.3213502Z   VSSDKINSTALL: C:\Program Files\Microsoft Visual Studio\2022\Enterprise\VSSDK
2025-11-01T00:24:59.3214389Z   WindowsLibPath: C:\Program Files (x86)\Windows Kits\10\UnionMetadata\10.0.26100.0;C:\Program Files (x86)\Windows Kits\10\References\10.0.26100.0
2025-11-01T00:24:59.3214961Z   WindowsSdkBinPath: C:\Program Files (x86)\Windows Kits\10\bin\
2025-11-01T00:24:59.3215297Z   WindowsSdkDir: C:\Program Files (x86)\Windows Kits\10\
2025-11-01T00:24:59.3215569Z   WindowsSDKLibVersion: 10.0.26100.0\
2025-11-01T00:24:59.3215890Z   WindowsSdkVerBinPath: C:\Program Files (x86)\Windows Kits\10\bin\10.0.26100.0\
2025-11-01T00:24:59.3216221Z   WindowsSDKVersion: 10.0.26100.0\
2025-11-01T00:24:59.3216623Z   WindowsSDK_ExecutablePath_x64: C:\Program Files (x86)\Microsoft SDKs\Windows\v10.0A\bin\NETFX 4.8 Tools\x64\
2025-11-01T00:24:59.3217198Z   WindowsSDK_ExecutablePath_x86: C:\Program Files (x86)\Microsoft SDKs\Windows\v10.0A\bin\NETFX 4.8 Tools\
2025-11-01T00:24:59.3217580Z   __DOTNET_ADD_64BIT: 1
2025-11-01T00:24:59.3217769Z   __DOTNET_PREFERRED_BITNESS: 64
2025-11-01T00:24:59.3224988Z   __VSCMD_PREINIT_PATH: C:\Program Files\MongoDB\Server\7.0\bin;C:\vcpkg;C:\tools\zstd;C:\hostedtoolcache\windows\stack\3.7.1\x64;C:\cabal\bin;C:\\ghcup\bin;C:\mingw64\bin;C:\Program Files\dotnet;C:\Program Files\MySQL\MySQL Server 8.0\bin;C:\Program Files\R\R-4.5.1\bin\x64;C:\SeleniumWebDrivers\GeckoDriver;C:\SeleniumWebDrivers\EdgeDriver\;C:\SeleniumWebDrivers\ChromeDriver;C:\Program Files (x86)\sbt\bin;C:\Program Files (x86)\GitHub CLI;C:\Program Files\Git\bin;C:\Program Files (x86)\pipx_bin;C:\npm\prefix;C:\hostedtoolcache\windows\go\1.24.9\x64\bin;C:\hostedtoolcache\windows\Python\3.9.13\x64\Scripts;C:\hostedtoolcache\windows\Python\3.9.13\x64;C:\hostedtoolcache\windows\Ruby\3.3.9\x64\bin;C:\Program Files\OpenSSL\bin;C:\tools\kotlinc\bin;C:\hostedtoolcache\windows\Java_Temurin-Hotspot_jdk\17.0.16-8\x64\bin;C:\Program Files\ImageMagick-7.1.2-Q16-HDRI;C:\Program Files\Microsoft SDKs\Azure\CLI2\wbin;C:\ProgramData\kind;C:\ProgramData\Chocolatey\bin;C:\Windows\system32;C:\Windows;C:\Windows\System32\Wbem;C:\Windows\System32\WindowsPowerShell\v1.0\;C:\Windows\System32\OpenSSH\;C:\Program Files\PowerShell\7\;C:\Program Files\Microsoft\Web Platform Installer\;C:\Program Files\Microsoft SQL Server\Client SDK\ODBC\170\Tools\Binn\;C:\Program Files\Microsoft SQL Server\150\Tools\Binn\;C:\Program Files\dotnet\;C:\Program Files (x86)\Windows Kits\10\Windows Performance Toolkit\;C:\Program Files (x86)\WiX Toolset v3.14\bin;C:\Program Files\Microsoft SQL Server\130\DTS\Binn\;C:\Program Files\Microsoft SQL Server\140\DTS\Binn\;C:\Program Files\Microsoft SQL Server\150\DTS\Binn\;C:\Program Files\Microsoft SQL Server\160\DTS\Binn\;C:\Program Files\Microsoft SQL Server\170\DTS\Binn\;C:\ProgramData\chocolatey\lib\pulumi\tools\Pulumi\bin;C:\Program Files\CMake\bin;C:\Strawberry\c\bin;C:\Strawberry\perl\site\bin;C:\Strawberry\perl\bin;C:\ProgramData\chocolatey\lib\maven\apache-maven-3.9.11\bin;C:\Program Files\Microsoft Service Fabric\bin\Fabric\Fabric.Code;C:\Program Files\Microsoft SDKs\Service Fabric\Tools\ServiceFabricLocalClusterManager;C:\Program Files\nodejs\;C:\Program Files\Git\cmd;C:\Program Files\Git\mingw64\bin;C:\Program Files\Git\usr\bin;C:\Program Files\GitHub CLI\;c:\tools\php;C:\Program Files (x86)\sbt\bin;C:\Program Files\Amazon\AWSCLIV2\;C:\Program Files\Amazon\SessionManagerPlugin\bin\;C:\Program Files\Amazon\AWSSAMCLI\bin\;C:\Program Files\Microsoft SQL Server\130\Tools\Binn\;C:\Program Files\mongosh\;C:\Program Files\LLVM\bin;C:\Program Files (x86)\LLVM\bin;C:\Users\runneradmin\.dotnet\tools;C:\Users\runneradmin\.cargo\bin;C:\Users\runneradmin\AppData\Local\Microsoft\WindowsApps;C:\Program Files (x86)\Microsoft Visual Studio\Installer
2025-11-01T00:24:59.3232313Z ##[endgroup]
2025-11-01T00:25:00.0496455Z [31;1mOperationStopped: [0mD:\a\fontlift-win-cli\fontlift-win-cli\scripts\get-version.ps1:35[0m
2025-11-01T00:25:00.0497215Z [31;1m[0m[36;1mLine |[0m
2025-11-01T00:25:00.0502320Z [31;1m[0m[36;1m[36;1m  35 | [0m         [36;1mthrow [ArgumentException]::new("Version string cannot be empt[0m …[0m
2025-11-01T00:25:00.0503071Z [31;1m[0m[36;1m[36;1m[0m[36;1m[0m[36;1m     | [31;1m         ~~~~~~~~~~~~~~~~~~~~~~~~~~~~~~~~~~~~~~~~~~~~~~~~~~~~~~~~~~~~~[0m
2025-11-01T00:25:00.0503563Z [31;1m[0m[36;1m[36;1m[0m[36;1m[0m[36;1m[31;1m[31;1m[36;1m     | [31;1mVersion string cannot be empty.[0m
2025-11-01T00:25:00.0970708Z ##[error]Process completed with exit code 1.
2025-11-01T00:25:00.1179619Z Post job cleanup.
2025-11-01T00:25:00.3547469Z [command]"C:\Program Files\Git\bin\git.exe" version
2025-11-01T00:25:00.3814412Z git version 2.51.1.windows.1
2025-11-01T00:25:00.3888095Z Temporarily overriding HOME='D:\a\_temp\d93e869d-56b4-48c7-9dd6-e11d65689e05' before making global git config changes
2025-11-01T00:25:00.3888825Z Adding repository directory to the temporary git global config as a safe directory
2025-11-01T00:25:00.3900934Z [command]"C:\Program Files\Git\bin\git.exe" config --global --add safe.directory D:\a\fontlift-win-cli\fontlift-win-cli
2025-11-01T00:25:00.4221123Z [command]"C:\Program Files\Git\bin\git.exe" config --local --name-only --get-regexp core\.sshCommand
2025-11-01T00:25:00.4533546Z [command]"C:\Program Files\Git\bin\git.exe" submodule foreach --recursive "sh -c \"git config --local --name-only --get-regexp 'core\.sshCommand' && git config --local --unset-all 'core.sshCommand' || :\""
2025-11-01T00:25:01.0154588Z [command]"C:\Program Files\Git\bin\git.exe" config --local --name-only --get-regexp http\.https\:\/\/github\.com\/\.extraheader
2025-11-01T00:25:01.0422282Z http.https://github.com/.extraheader
2025-11-01T00:25:01.0472587Z [command]"C:\Program Files\Git\bin\git.exe" config --local --unset-all http.https://github.com/.extraheader
2025-11-01T00:25:01.0792922Z [command]"C:\Program Files\Git\bin\git.exe" submodule foreach --recursive "sh -c \"git config --local --name-only --get-regexp 'http\.https\:\/\/github\.com\/\.extraheader' && git config --local --unset-all 'http.https://github.com/.extraheader' || :\""
2025-11-01T00:25:01.6458176Z Cleaning up orphan processes
